******************************************************************************
                  TI ARM Linker PC v15.12.1                    
******************************************************************************
>> Linked Tue Aug 23 15:42:27 2016

OUTPUT FILE NAME:   <wlan_station.out>
ENTRY POINT SYMBOL: "_c_int00"  address: 2000fc39


MEMORY CONFIGURATION

         name            origin    length      used     unused   attr    fill
----------------------  --------  ---------  --------  --------  ----  --------
  SRAM_CODE             20004000   00014000  000102a8  00003d58  RW X
  SRAM_DATA             20018000   00018000  0000ba6d  0000c593  RW X


SEGMENT ALLOCATION MAP

run origin  load origin   length   init length attrs members
----------  ----------- ---------- ----------- ----- -------
20004000    20004000    000102b4   000102b4    r-x
  20004000    20004000    0000030c   0000030c    r-- .resetVecs
  20004310    20004310    0000d5ba   0000d5ba    r-x .text
  200118cc    200118cc    000026c6   000026c6    r-- .const
  20013f98    20013f98    0000031c   0000031c    r-- .cinit
20018000    20018000    00009a70   00000000    rw-
  20018000    20018000    00009645   00000000    rw- .bss
  20021648    20021648    00000428   00000000    rw- .data
2002e000    2002e000    00002000   00000000    rw-
  2002e000    2002e000    00002000   00000000    rw- .stack


SECTION ALLOCATION MAP

 output                                  attributes/
section   page    origin      length       input sections
--------  ----  ----------  ----------   ----------------
.init_array 
*          0    20004000    00000000     UNINITIALIZED

.resetVecs 
*          0    20004000    0000030c     
                  20004000    0000030c     app_pem4.oem4 (.resetVecs)

.text      0    20004310    0000d5ba     
                  20004310    000010fc     rtsv7M4_T_le_eabi.lib : _printfi.obj (.text)
                  2000540c    00000eec     main.obj (.text)
                  200062f8    00000590     simplelink.a : driver.obj (.text:_SlDrvMsgRead)
                  20006888    00000544     ti_rtos.a : osi_tirtos.obj (.text)
                  20006dcc    00000004     app_pem4.oem4 (.text:ti_sysbios_BIOS_RtsGateProxy_enter__E)
                  20006dd0    00000430     sysbios.aem4 : BIOS.obj (.text:ti_sysbios_family_arm_m3_Hwi_excDumpRegs__I)
                  20007200    00000394     gpio_if.obj (.text)
                  20007594    0000034c     ti.targets.arm.rtsarm.aem4 : System.oem4 (.text:xdc_runtime_System_doPrint__I)
                  200078e0    00000324     rtsv7M4_T_le_eabi.lib : trgdrv.obj (.text)
                  20007c04    00000004     app_pem4.oem4 (.text:ti_sysbios_BIOS_RtsGateProxy_leave__E)
                  20007c08    00000314     sysbios.aem4 : BIOS.obj (.text:ti_sysbios_knl_Semaphore_pend__E)
                  20007f1c    00000280     uart_if.obj (.text)
                  2000819c    00000260     simplelink.a : wlan.obj (.text:sl_WlanConnect)
                  200083fc    00000004     app_pem4.oem4 (.text:ti_sysbios_family_arm_m3_Hwi_delete)
                  20008400    00000254     sysbios.aem4 : BIOS.obj (.text:ti_sysbios_heaps_HeapMem_free__E)
                  20008654    00000004     app_pem4.oem4 (.text:ti_sysbios_family_arm_m3_TaskSupport_Module__startupDone__S)
                  20008658    00000248     sysbios.aem4 : BIOS.obj (.text:ti_sysbios_heaps_HeapMem_alloc__E)
                  200088a0    0000022c                  : BIOS.obj (.text:ti_sysbios_knl_Task_Instance_finalize__E)
                  20008acc    00000004     app_pem4.oem4 (.text:ti_sysbios_heaps_HeapMem_Module_GateProxy_enter__E)
                  20008ad0    00000200     sysbios.aem4 : BIOS.obj (.text:ti_sysbios_knl_Task_sleep__E)
                  20008cd0    000001fc     simplelink.a : driver.obj (.text:_SlDrvRxHdrRead)
                  20008ecc    00000004     app_pem4.oem4 (.text:ti_sysbios_heaps_HeapMem_Module_GateProxy_leave__E)
                  20008ed0    000001fc     sysbios.aem4 : BIOS.obj (.text:ti_sysbios_family_arm_m3_Hwi_excHandlerMax__I)
                  200090cc    000001f4     rtsv7M4_T_le_eabi.lib : ull_div_t2.obj (.text)
                  200092c0    000001d0     simplelink.a : driver.obj (.text:_SlDrvReleasePoolObj)
                  20009490    000001c8     sysbios.aem4 : BIOS.obj (.text:ti_sysbios_knl_Task_Instance_init__E)
                  20009658    000001b6     rtsv7M4_T_le_eabi.lib : fd_add_t2.obj (.text)
                  2000980e    00000002                           : i_div0.obj (.text)
                  20009810    0000019c     simplelink.a : driver.obj (.text:_SlDrvMsgWrite)
                  200099ac    00000004     app_pem4.oem4 (.text:ti_sysbios_knl_Clock_TimerProxy_getMaxTicks__E)
                  200099b0    0000019c     sysbios.aem4 : BIOS.obj (.text:ti_sysbios_knl_Task_Module_startup__E)
                  20009b4c    00000198     simplelink.a : netapp.obj (.text:sl_NetAppPingStart)
                  20009ce4    00000190                  : driver.obj (.text:_SlDrvDriverCBInit)
                  20009e74    00000190                  : driver.obj (.text:_SlDrvWaitForPoolObj)
                  2000a004    00000178     driverlib.a : prcm.obj (.text:PRCMCC3200MCUInit)
                  2000a17c    00000004     app_pem4.oem4 (.text:ti_sysbios_knl_Mailbox_delete)
                  2000a180    00000174     sysbios.aem4 : BIOS.obj (.text:ti_sysbios_family_arm_m3_Hwi_excBusFault__I)
                  2000a2f4    00000170     simplelink.a : driver.obj (.text:_SlFindAndSetActiveObj)
                  2000a464    00000004     app_pem4.oem4 (.text:ti_sysbios_knl_Queue_destruct)
                  2000a468    00000164     sysbios.aem4 : BIOS.obj (.text:ti_sysbios_family_arm_m3_Hwi_excUsageFault__I)
                  2000a5cc    00000004     app_pem4.oem4 (.text:ti_sysbios_knl_Semaphore_delete)
                  2000a5d0    00000158     sysbios.aem4 : BIOS.obj (.text:ti_sysbios_knl_Mailbox_Instance_init__E)
                  2000a728    00000150     simplelink.a : cc_pal.obj (.text:spi_Open)
                  2000a878    00000148     sysbios.aem4 : BIOS.obj (.text:ti_sysbios_family_arm_m3_Hwi_excMemFault__I)
                  2000a9c0    00000140                  : BIOS.obj (.text:ti_sysbios_knl_Semaphore_post__E)
                  2000ab00    0000013c                  : BIOS.obj (.text:ti_sysbios_heaps_HeapMem_Instance_init__E)
                  2000ac3c    00000004     app_pem4.oem4 (.text:ti_sysbios_knl_Semaphore_destruct)
                  2000ac40    00000138     sysbios.aem4 : BIOS.obj (.text:ti_sysbios_family_arm_m3_Hwi_dispatchC__I)
                  2000ad78    00000138     ti.targets.arm.rtsarm.aem4 : LoggerBuf.oem4 (.text:xdc_runtime_LoggerBuf_write8__E)
                  2000aeb0    00000136     rtsv7M4_T_le_eabi.lib : fd_div_t2.obj (.text)
                  2000afe6    00000002     app_pem4.oem4 (.text:ti_sysbios_BIOS_nullFunc__I)
                  2000afe8    00000134     sysbios.aem4 : BIOS.obj (.text:ti_sysbios_knl_Clock_workFunc__E)
                  2000b11c    0000012c     simplelink.a : netapp.obj (.text:sl_NetAppDnsGetHostByName)
                  2000b248    00000120                  : driver.obj (.text:_SlDrvMsgReadCmdCtx)
                  2000b368    0000011c     sysbios.aem4 : BIOS.obj (.text:ti_sysbios_knl_Swi_run__I)
                  2000b484    00000118     simplelink.a : driver.obj (.text:_SlDrvDriverCBDeinit)
                  2000b59c    00000118     ti.targets.arm.rtsarm.aem4 : Error.oem4 (.text:xdc_runtime_Error_policyDefault__E)
                  2000b6b4    00000104     simplelink.a : netapp.obj (.text:_SlDrvNetAppEventHandler)
                  2000b7b8    00000100     ti.targets.arm.rtsarm.aem4 : Core-mem.oem4 (.text:xdc_runtime_Core_createObject__I)
                  2000b8b8    000000fc     rtsv7M4_T_le_eabi.lib : fd_mul_t2.obj (.text)
                  2000b9b4    000000f8     ti.targets.arm.rtsarm.aem4 : Startup.oem4 (.text:xdc_runtime_Startup_startMods__I)
                  2000baac    000000f8     app_pem4.oem4 (.text:xdc_runtime_System_printfExtend__I)
                  2000bba4    000000f0     driverlib.a : udma.obj (.text:uDMAChannelTransferSet)
                  2000bc94    000000e8     simplelink.a : driver.obj (.text:_SlAsyncEventGenericHandler)
                  2000bd7c    000000e4     adam.obj (.text)
                  2000be60    000000e4     simplelink.a : device.obj (.text:sl_Stop)
                  2000bf44    000000e0                  : device.obj (.text:sl_Start)
                  2000c024    000000dc                  : driver.obj (.text:_SlDrvClassifyRxMsg)
                  2000c100    000000dc                  : cc_pal.obj (.text:spi_Read)
                  2000c1dc    000000d4                  : driver.obj (.text:_SlDrvMsgReadSpawnCtx)
                  2000c2b0    000000d4     ti.targets.arm.rtsarm.aem4 : LoggerBuf.oem4 (.text:xdc_runtime_LoggerBuf_write4__E)
                  2000c384    000000d0     rtsv7M4_T_le_eabi.lib : s_scalbn.obj (.text)
                  2000c454    00000004     app_pem4.oem4 (.text:ti_sysbios_knl_Task_delete)
                  2000c458    000000d0     sysbios.aem4 : BIOS.obj (.text:ti_sysbios_family_arm_m3_Hwi_Module_startup__E)
                  2000c528    000000d0                  : m3_Hwi_asm.obj (.text:ti_sysbios_family_arm_m3_Hwi_dispatch__I)
                  2000c5f8    000000cc     simplelink.a : netapp.obj (.text:_sl_HandleAsync_DnsGetHostByService)
                  2000c6c4    00000004     ti.targets.arm.rtsarm.aem4 : Error.oem4 (.text:xdc_runtime_Error_getSite__E)
                  2000c6c8    000000cc     sysbios.aem4 : BIOS.obj (.text:ti_sysbios_knl_Task_schedule__I)
                  2000c794    000000cc     ti.targets.arm.rtsarm.aem4 : Core-smem.oem4 (.text:xdc_runtime_Core_constructObject__I)
                  2000c860    000000c8     simplelink.a : netapp.obj (.text:sl_NetAppMDNSRegisterUnregisterService)
                  2000c928    000000c4                  : driver.obj (.text:_SlRemoveFromList)
                  2000c9ec    000000c0                  : driver.obj (.text:_SlDrvCmdOp)
                  2000caac    000000bc     rtsv7M4_T_le_eabi.lib : typeinfo_.obj (.text)
                  2000cb68    000000bc     sysbios.aem4 : BIOS.obj (.text:ti_sysbios_family_arm_m3_Hwi_excDebugMon__I)
                  2000cc24    00000004     app_pem4.oem4 (.text:xdc_runtime_LoggerBuf_Module_GateProxy_enter__E)
                  2000cc28    000000bc     sysbios.aem4 : BIOS.obj (.text:ti_sysbios_family_arm_m3_Hwi_excHardFault__I)
                  2000cce4    00000004     app_pem4.oem4 (.text:xdc_runtime_LoggerBuf_Module_GateProxy_leave__E)
                  2000cce8    000000bc     sysbios.aem4 : BIOS.obj (.text:ti_sysbios_knl_Task_startCore__E)
                  2000cda4    000000b4     simplelink.a : device.obj (.text:sl_DevGet)
                  2000ce58    000000b4     sysbios.aem4 : BIOS.obj (.text:ti_sysbios_gates_GateMutex_enter__E)
                  2000cf0c    00000004     app_pem4.oem4 (.text:xdc_runtime_System_Module_GateProxy_enter__E)
                  2000cf10    000000b4     sysbios.aem4 : BIOS.obj (.text:ti_sysbios_knl_Task_checkStacks__E)
                  2000cfc4    00000004     app_pem4.oem4 (.text:xdc_runtime_System_Module_GateProxy_leave__E)
                  2000cfc8    000000b4     sysbios.aem4 : BIOS.obj (.text:ti_sysbios_knl_Task_yield__E)
                  2000d07c    00000004     ti.targets.arm.rtsarm.aem4 : System.oem4 (.text:xdc_runtime_System_aprintf_va__F)
                  2000d080    000000ac     sysbios.aem4 : BIOS.obj (.text:ti_sysbios_knl_Swi_post__E)
                  2000d12c    000000a8     driverlib.a : interrupt.obj (.text:IntEnable)
                  2000d1d4    00000004     ti.targets.arm.rtsarm.aem4 : System.oem4 (.text:xdc_runtime_System_printf_va__F)
                  2000d1d8    000000a8     sysbios.aem4 : BIOS.obj (.text:ti_sysbios_knl_Task_blockI__E)
                  2000d280    000000a8                  : BIOS.obj (.text:ti_sysbios_knl_Task_postInit__I)
                  2000d328    000000a0     driverlib.a : spi.obj (.text:SPIConfigSetExpClk)
                  2000d3c8    000000a0     simplelink.a : driver.obj (.text:_SlDriverHandleError)
                  2000d468    000000a0     auto_init.aem4 : auto_init.oem4 (.text)
                  2000d508    000000a0     ti.targets.arm.rtsarm.aem4 : Text.oem4 (.text:xdc_runtime_Text_putMod__E)
                  2000d5a8    0000009c     rtsv7M4_T_le_eabi.lib : memcpy_t2.obj (.text)
                  2000d644    00000002     app_pem4.oem4 (.text:xdc_runtime_Startup_reset__I)
                  2000d646    00000002     --HOLE-- [fill = 0]
                  2000d648    0000009c     sysbios.aem4 : BIOS.obj (.text:ti_sysbios_knl_Semaphore_Instance_init__E)
                  2000d6e4    0000009c     ti.targets.arm.rtsarm.aem4 : LoggerBuf.oem4 (.text:xdc_runtime_LoggerBuf_setFilterLevel__E)
                  2000d780    0000009a     simplelink.a : device.obj (.text:_SlDrvDeviceEventHandler)
                  2000d81a    00000002     --HOLE-- [fill = 0]
                  2000d81c    0000009a     ti.targets.arm.rtsarm.aem4 : Text.oem4 (.text:xdc_runtime_Text_putSite__E)
                  2000d8b6    00000002     --HOLE-- [fill = 0]
                  2000d8b8    00000098     sysbios.aem4 : BIOS.obj (.text:ti_sysbios_knl_Mailbox_post__E)
                  2000d950    00000094     driverlib.a : prcm.obj (.text:PRCMPeripheralClockGet)
                  2000d9e4    00000004     --HOLE-- [fill = 0]
                  2000d9e8    00000094     sysbios.aem4 : BIOS.obj (.text:ti_sysbios_family_arm_m3_Hwi_Instance_init__E)
                  2000da7c    00000004     --HOLE-- [fill = 0]
                  2000da80    00000094                  : BIOS.obj (.text:ti_sysbios_knl_Task_exit__E)
                  2000db14    00000090     simplelink.a : netapp.obj (.text:_sl_HandleAsync_DnsGetHostByName)
                  2000dba4    00000090                  : netapp.obj (.text:_sl_HandleAsync_PingResponse)
                  2000dc34    00000004     --HOLE-- [fill = 0]
                  2000dc38    00000090     sysbios.aem4 : BIOS.obj (.text:ti_sysbios_knl_Task_unblockI__E)
                  2000dcc8    0000008c     simplelink.a : cc_pal.obj (.text:SetupDMAReceive)
                  2000dd54    0000008c                  : cc_pal.obj (.text:SetupDMASend)
                  2000dde0    0000008c                  : cc_pal.obj (.text:spi_Write)
                  2000de6c    00000004     --HOLE-- [fill = 0]
                  2000de70    0000008c     sysbios.aem4 : BIOS.obj (.text:ti_sysbios_knl_Mailbox_pend__E)
                  2000defc    00000088     driverlib.a : pin.obj (.text:PinConfigSet)
                  2000df84    00000088     rtsv7M4_T_le_eabi.lib : vsnprintf.obj (.text)
                  2000e00c    00000004     --HOLE-- [fill = 0]
                  2000e010    00000088     sysbios.aem4 : BIOS.obj (.text:ti_sysbios_family_arm_m3_Hwi_initNVIC__E)
                  2000e098    00000088                  : BIOS.obj (.text:ti_sysbios_knl_Mailbox_Module_startup__E)
                  2000e120    00000086     rtsv7M4_T_le_eabi.lib : fd_cmp_t2.obj (.text:__aeabi_cdcmple)
                  2000e1a6    00000086                           : fd_cmp_t2.obj (.text:__aeabi_cdrcmple)
                  2000e22c    00000004     --HOLE-- [fill = 0]
                  2000e230    00000084     sysbios.aem4 : BIOS.obj (.text:ti_sysbios_family_arm_m3_Hwi_postInit__I)
                  2000e2b4    00000082     driverlib.a : gpio.obj (.text:GPIOIntTypeSet)
                  2000e336    00000002     --HOLE-- [fill = 0]
                  2000e338    00000080     simplelink.a : socket.obj (.text:_sl_HandleAsync_Connect)
                  2000e3b8    00000080                  : device.obj (.text:_sl_HandleAsync_InitComplete)
                  2000e438    00000080                  : cc_pal.obj (.text:spi_Read_CPU)
                  2000e4b8    00000080                  : cc_pal.obj (.text:spi_Write_CPU)
                  2000e538    0000007c                  : netcfg.obj (.text:sl_NetCfgSet)
                  2000e5b4    0000007c                  : wlan.obj (.text:sl_WlanSet)
                  2000e630    0000007c     sysbios.aem4 : BIOS.obj (.text:ti_sysbios_family_arm_m3_TimestampProvider_get64__E)
                  2000e6ac    0000007a     rtsv7M4_T_le_eabi.lib : memset_t2.obj (.text)
                  2000e726    00000002     --HOLE-- [fill = 0]
                  2000e728    00000078     simplelink.a : wlan.obj (.text:sl_WlanPolicySet)
                  2000e7a0    00000078                  : cc_pal.obj (.text:spi_Close)
                  2000e818    00000076     driverlib.a : uart.obj (.text:UARTConfigSetExpClk)
                  2000e88e    00000002     --HOLE-- [fill = 0]
                  2000e890    00000074     ti.targets.arm.rtsarm.aem4 : LoggerBuf.oem4 (.text:xdc_runtime_LoggerBuf_getFilterLevel__E)
                  2000e904    00000004     --HOLE-- [fill = 0]
                  2000e908    00000070     sysbios.aem4 : BIOS.obj (.text:ti_sysbios_knl_Mailbox_Instance_finalize__E)
                  2000e978    0000006d     ti.targets.arm.rtsarm.aem4 : System.oem4 (.text:xdc_runtime_System_formatNum__I)
                  2000e9e5    00000003     --HOLE-- [fill = 0]
                  2000e9e8    0000006c     simplelink.a : driver.obj (.text:_SlDrvCmdSend)
                  2000ea54    0000006c                  : netapp.obj (.text:_sl_NetAppSendTokenValue)
                  2000eac0    0000006c                  : wlan.obj (.text:sl_WlanRxFilterSet)
                  2000eb2c    00000004     --HOLE-- [fill = 0]
                  2000eb30    0000006c     sysbios.aem4 : BIOS.obj (.text:ti_sysbios_knl_Swi_restoreHwi__E)
                  2000eb9c    0000006c     ti.targets.arm.rtsarm.aem4 : Error.oem4 (.text:xdc_runtime_Error_print__E)
                  2000ec08    0000006c                                : Memory.oem4 (.text:xdc_runtime_Memory_alloc__E)
                  2000ec74    0000006a     rtsv7M4_T_le_eabi.lib : copy_decompress_rle.obj (.text)
                  2000ecde    00000002     --HOLE-- [fill = 0]
                  2000ece0    00000068                           : trgmsg.obj (.text)
                  2000ed48    00000066     ti.targets.arm.rtsarm.aem4 : Core-mem.oem4 (.text:xdc_runtime_Core_deleteObject__I)
                  2000edae    00000002     --HOLE-- [fill = 0]
                  2000edb0    00000064     simplelink.a : socket.obj (.text:_sl_HandleAsync_Accept)
                  2000ee14    00000064     pinmux.obj (.text)
                  2000ee78    00000064     app_pem4.oem4 (.text:ti_sysbios_family_arm_m3_Hwi_create)
                  2000eedc    00000064     app_pem4.oem4 (.text:ti_sysbios_knl_Mailbox_create)
                  2000ef40    00000064     driverlib.a : udma.obj (.text:uDMAChannelAttributeDisable)
                  2000efa4    00000064                 : udma.obj (.text:uDMAChannelAttributeEnable)
                  2000f008    00000060     sysbios.aem4 : BIOS.obj (.text:ti_sysbios_knl_Clock_logTick__E)
                  2000f068    0000005c     rtsv7M4_T_le_eabi.lib : s_frexp.obj (.text)
                  2000f0c4    00000004     --HOLE-- [fill = 0]
                  2000f0c8    0000005c     sysbios.aem4 : BIOS.obj (.text:ti_sysbios_knl_Swi_schedule__I)
                  2000f124    0000005c     app_pem4.oem4 (.text:ti_sysbios_knl_Task_create)
                  2000f180    0000005c     app_pem4.oem4 (.text:xdc_runtime_LoggerBuf_Object__create__S)
                  2000f1dc    0000005b     ti.targets.arm.rtsarm.aem4 : Text.oem4 (.text:xdc_runtime_Text_putLab__E)
                  2000f237    00000001     --HOLE-- [fill = 0]
                  2000f238    00000058     driverlib.a : interrupt.obj (.text:IntPendClear)
                  2000f290    00000058                 : prcm.obj (.text:PRCMPeripheralReset)
                  2000f2e8    00000058     sysbios.aem4 : BIOS.obj (.text:ti_sysbios_family_arm_m3_Timer_setPeriod__E)
                  2000f340    00000056     rtsv7M4_T_le_eabi.lib : ltoa.obj (.text)
                  2000f396    00000002     --HOLE-- [fill = 0]
                  2000f398    00000054     simplelink.a : socket.obj (.text:_sl_HandleAsync_Select)
                  2000f3ec    00000054     rtsv7M4_T_le_eabi.lib : exit.obj (.text)
                  2000f440    00000054     sysbios.aem4 : BIOS.obj (.text:ti_sysbios_family_arm_m3_Timer_start__E)
                  2000f494    00000054     ti.targets.arm.rtsarm.aem4 : Assert.oem4 (.text:xdc_runtime_Assert_raise__I)
                  2000f4e8    00000050     simplelink.a : driver.obj (.text:_SlDrvRxIrqHandler)
                  2000f538    00000050                  : device.obj (.text:_sl_HandleAsync_Stop)
                  2000f588    00000050     ti.targets.arm.rtsarm.aem4 : Startup.oem4 (.text:xdc_runtime_Startup_exec__E)
                  2000f5d8    00000050                                : Text.oem4 (.text:xdc_runtime_Text_visitRope2__I)
                  2000f628    0000004c     driverlib.a : spi.obj (.text:SPIIntEnable)
                  2000f674    0000004c     simplelink.a : driver.obj (.text:_SlDrvProtectAsyncRespSetting)
                  2000f6c0    0000004c     rtsv7M4_T_le_eabi.lib : atoi.obj (.text)
                  2000f70c    0000004c                           : cpy_tbl.obj (.text)
                  2000f758    0000004c     sysbios.aem4 : m3_TaskSupport_asm.obj (.text:ti_sysbios_family_arm_m3_TaskSupport_buildTaskStack)
                  2000f7a4    00000004     --HOLE-- [fill = 0]
                  2000f7a8    0000004c                  : BIOS.obj (.text:ti_sysbios_heaps_HeapMem_getStats__E)
                  2000f7f4    00000004     --HOLE-- [fill = 0]
                  2000f7f8    0000004c                  : BIOS.obj (.text:ti_sysbios_knl_Swi_runLoop__I)
                  2000f844    00000004     --HOLE-- [fill = 0]
                  2000f848    0000004c                  : BIOS.obj (.text:ti_sysbios_knl_Task_allBlockedFunction__I)
                  2000f894    0000004c     driverlib.a : udma.obj (.text:uDMAChannelAssign)
                  2000f8e0    00000048                 : spi.obj (.text:SPIIntClear)
                  2000f928    00000048     simplelink.a : driver.obj (.text:_SlDrvBasicCmd)
                  2000f970    00000048     rtsv7M4_T_le_eabi.lib : fd_toi_t2.obj (.text)
                  2000f9b8    00000048     simplelink.a : netapp.obj (.text:sl_NetAppMDNSUnRegisterService)
                  2000fa00    00000048     sysbios.aem4 : BIOS.obj (.text:ti_sysbios_family_arm_m3_Hwi_disableInterrupt__E)
                  2000fa48    00000048                  : BIOS.obj (.text:ti_sysbios_family_arm_m3_Hwi_enableInterrupt__E)
                  2000fa90    00000048                  : BIOS.obj (.text:ti_sysbios_family_arm_m3_Hwi_excReserved__I)
                  2000fad8    00000048                  : m3_Hwi_asm_switch.obj (.text:ti_sysbios_family_arm_m3_Hwi_initStacks__E)
                  2000fb20    00000048                  : BIOS.obj (.text:ti_sysbios_family_arm_m3_Timer_initDevice__I)
                  2000fb68    00000046     ti.targets.arm.rtsarm.aem4 : Core-params.oem4 (.text:xdc_runtime_Core_assignParams__I)
                  2000fbae    00000002     --HOLE-- [fill = 0]
                  2000fbb0    00000044     driverlib.a : spi.obj (.text:SPIDmaMaskGet)
                  2000fbf4    00000044     simplelink.a : driver.obj (.text:_SlDrvHandleHttpServerEvents)
                  2000fc38    00000044     boot.aem4 : boot.oem4 (.text)
                  2000fc7c    00000044     simplelink.a : cc_pal.obj (.text:cc_SetupTransfer)
                  2000fcc0    00000044                  : wlan.obj (.text:sl_WlanProfileDel)
                  2000fd04    00000044                  : wlan.obj (.text:sl_WlanSetMode)
                  2000fd48    00000044     sysbios.aem4 : BIOS.obj (.text:ti_sysbios_family_arm_m3_Hwi_getStackInfo__E)
                  2000fd8c    00000004     --HOLE-- [fill = 0]
                  2000fd90    00000044                  : BIOS.obj (.text:ti_sysbios_knl_Mailbox_postInit__I)
                  2000fdd4    00000044     ti.targets.arm.rtsarm.aem4 : Error.oem4 (.text:xdc_runtime_Error_setX__E)
                  2000fe18    00000044                                : LoggerBuf.oem4 (.text:xdc_runtime_LoggerBuf_filterOutEvent__I)
                  2000fe5c    00000044                                : SysMin.oem4 (.text:xdc_runtime_SysMin_flush__E)
                  2000fea0    00000044                                : Text.oem4 (.text:xdc_runtime_Text_xprintf__I)
                  2000fee4    00000040     driverlib.a : pin.obj (.text:PinModeSet)
                  2000ff24    00000040     simplelink.a : driver.obj (.text:_SlDrvHandleNetAppEvents)
                  2000ff64    00000040                  : driver.obj (.text:_SlDrvHandleWlanEvents)
                  2000ffa4    00000040                  : driver.obj (.text:_SlDrvSyncObjWaitTimeout)
                  2000ffe4    00000040     rtsv7M4_T_le_eabi.lib : u_divt2.obj (.text)
                  20010024    00000004     --HOLE-- [fill = 0]
                  20010028    00000040     sysbios.aem4 : BIOS.obj (.text:ti_sysbios_family_arm_m3_Timer_Module_startup__E)
                  20010068    0000003e     app_pem4.oem4 (.text:realloc)
                  200100a6    0000003c     simplelink.a : netapp.obj (.text:CopyPingResultsToReport)
                  200100e2    00000002     --HOLE-- [fill = 0]
                  200100e4    0000003c     driverlib.a : prcm.obj (.text:PRCMPeripheralClkEnable)
                  20010120    0000003c     sysbios.aem4 : BIOS.obj (.text:ti_sysbios_family_arm_m3_Hwi_excSvCall__I)
                  2001015c    00000004     --HOLE-- [fill = 0]
                  20010160    0000003c                  : BIOS.obj (.text:ti_sysbios_heaps_HeapMem_init__I)
                  2001019c    00000004     --HOLE-- [fill = 0]
                  200101a0    0000003c                  : BIOS.obj (.text:ti_sysbios_knl_Swi_startup__E)
                  200101dc    0000003c     driverlib.a : udma.obj (.text:uDMAChannelControlSet)
                  20010218    0000003a     ti.targets.arm.rtsarm.aem4 : LoggerBuf.oem4 (.text:xdc_runtime_LoggerBuf_Instance_init__E)
                  20010252    00000002     --HOLE-- [fill = 0]
                  20010254    00000038     simplelink.a : cc_pal.obj (.text:NwpPowerOff)
                  2001028c    00000004     --HOLE-- [fill = 0]
                  20010290    00000038     sysbios.aem4 : BIOS.obj (.text:ti_sysbios_family_arm_m3_Hwi_excNoIsr__I)
                  200102c8    00000038                  : BIOS.obj (.text:ti_sysbios_knl_Task_processVitalTaskFlag__I)
                  20010300    00000038     ti.targets.arm.rtsarm.aem4 : SysMin.oem4 (.text:xdc_runtime_SysMin_putch__E)
                  20010338    00000038                                : System.oem4 (.text:xdc_runtime_System_atexit__E)
                  20010370    00000036     driverlib.a : gpio.obj (.text:GPIODirModeSet)
                  200103a6    00000002     --HOLE-- [fill = 0]
                  200103a8    00000034                 : prcm.obj (.text:PRCMPeripheralStatusGet)
                  200103dc    00000034                 : spi.obj (.text:SPIFIFOLevelSet)
                  20010410    00000034     sysbios.aem4 : BIOS.obj (.text:ti_sysbios_family_arm_m3_Hwi_Instance_finalize__E)
                  20010444    00000004     --HOLE-- [fill = 0]
                  20010448    00000034                  : BIOS.obj (.text:ti_sysbios_family_arm_m3_Hwi_excNmi__I)
                  2001047c    00000004     --HOLE-- [fill = 0]
                  20010480    00000034                  : BIOS.obj (.text:ti_sysbios_family_arm_m3_Timer_periodicStub__I)
                  200104b4    00000004     --HOLE-- [fill = 0]
                  200104b8    00000034                  : BIOS.obj (.text:ti_sysbios_hal_Hwi_checkStack)
                  200104ec    00000034     app_pem4.oem4 (.text:ti_sysbios_knl_Semaphore_create)
                  20010520    00000034     ti.targets.arm.rtsarm.aem4 : Core-label.oem4 (.text:xdc_runtime_Core_assignLabel__I)
                  20010554    00000033                                : Text.oem4 (.text:xdc_runtime_Text_printVisFxn__I)
                  20010587    00000001     --HOLE-- [fill = 0]
                  20010588    00000032     sysbios.aem4 : BIOS.obj (.text:ti_sysbios_hal_Hwi_initStack)
                  200105ba    00000006     driverlib.a : utils.obj (.text:UtilsDelay)
                  200105c0    00000032     sysbios.aem4 : BIOS.obj (.text:ti_sysbios_knl_Semaphore_pendTimeout__I)
                  200105f2    00000030     driverlib.a : pin.obj (.text:PinTypeGPIO)
                  20010622    00000002     --HOLE-- [fill = 0]
                  20010624    00000030                 : uart.obj (.text:UARTDisable)
                  20010654    00000030     app_pem4.oem4 (.text:ti_sysbios_BIOS_atExitFunc__I)
                  20010684    00000004     --HOLE-- [fill = 0]
                  20010688    00000030     sysbios.aem4 : BIOS.obj (.text:ti_sysbios_family_arm_m3_TaskSupport_start__E)
                  200106b8    00000030     app_pem4.oem4 (.text:ti_sysbios_gates_GateHwi_Object__create__S)
                  200106e8    00000030     app_pem4.oem4 (.text:ti_sysbios_gates_GateMutex_Object__create__S)
                  20010718    00000030     app_pem4.oem4 (.text:ti_sysbios_heaps_HeapMem_Object__create__S)
                  20010748    00000030     app_pem4.oem4 (.text:ti_sysbios_knl_Semaphore_construct)
                  20010778    00000030     ti.targets.arm.rtsarm.aem4 : SysMin.oem4 (.text:xdc_runtime_SysMin_abort__E)
                  200107a8    00000030                                : System.oem4 (.text:xdc_runtime_System_processAtExit__E)
                  200107d8    0000002e     app_pem4.oem4 (.text:malloc)
                  20010806    0000002e     rtsv7M4_T_le_eabi.lib : i_tofd_t2.obj (.text)
                  20010834    0000002c     simplelink.a : cc_pal.obj (.text:DmaSpiSwIntHandler)
                  20010860    0000002c     driverlib.a : prcm.obj (.text:PRCMSysResetCauseGet)
                  2001088c    0000002c     app_pem4.oem4 (.text:ti_sysbios_knl_Clock_doTick__I)
                  200108b8    0000002c     app_pem4.oem4 (.text:ti_sysbios_knl_Queue_construct)
                  200108e4    00000004     --HOLE-- [fill = 0]
                  200108e8    0000002c     sysbios.aem4 : BIOS.obj (.text:ti_sysbios_knl_Task_restore__E)
                  20010914    0000002c     ti.targets.arm.rtsarm.aem4 : Text.oem4 (.text:xdc_runtime_Text_cordText__E)
                  20010940    0000002a                                : System.oem4 (.text:xdc_runtime_System_putchar__I)
                  2001096a    00000002     --HOLE-- [fill = 0]
                  2001096c    00000028     driverlib.a : prcm.obj (.text:PRCMPeripheralClkDisable)
                  20010994    00000028     simplelink.a : driver.obj (.text:_SlDrvObjGlobalLockWaitForever)
                  200109bc    00000028                  : driver.obj (.text:_SlDrvProtectionObjLockWaitForever)
                  200109e4    00000004     --HOLE-- [fill = 0]
                  200109e8    00000028     sysbios.aem4 : BIOS.obj (.text:ti_sysbios_knl_Swi_Module_startup__E)
                  20010a10    00000028     ti.targets.arm.rtsarm.aem4 : LoggerBuf.oem4 (.text:xdc_runtime_LoggerBuf_Module_startup__E)
                  20010a38    00000026     simplelink.a : cc_pal.obj (.text:NwpRegisterInterruptHandler)
                  20010a5e    00000026     network_common.obj (.text)
                  20010a84    00000026     ti.targets.arm.rtsarm.aem4 : System.oem4 (.text:xdc_runtime_System_avprintf__E)
                  20010aaa    00000024     driverlib.a : uart.obj (.text:UARTEnable)
                  20010ace    00000002     --HOLE-- [fill = 0]
                  20010ad0    00000024     simplelink.a : driver.obj (.text:_SlDrvGlobalObjUnLock)
                  20010af4    00000024                  : driver.obj (.text:_SlDrvProtectionObjUnLock)
                  20010b18    00000024                  : driver.obj (.text:_SlDrvSyncObjWaitForever)
                  20010b3c    00000024     rtsv7M4_T_le_eabi.lib : memmov.obj (.text)
                  20010b60    00000024     app_pem4.oem4 (.text:ti_sysbios_BIOS_errorRaiseHook__I)
                  20010b84    00000024     app_pem4.oem4 (.text:ti_sysbios_BIOS_registerRTSLock__I)
                  20010ba8    00000024     app_pem4.oem4 (.text:ti_sysbios_BIOS_removeRTSLock__I)
                  20010bcc    00000024     app_pem4.oem4 (.text:ti_sysbios_BIOS_startFunc__I)
                  20010bf0    00000024     sysbios.aem4 : BIOS.obj (.text:ti_sysbios_family_arm_m3_Hwi_doTaskRestore__I)
                  20010c14    00000004     --HOLE-- [fill = 0]
                  20010c18    00000024                  : BIOS.obj (.text:ti_sysbios_family_arm_m3_Timer_startup__E)
                  20010c3c    00000024     app_pem4.oem4 (.text:ti_sysbios_gates_GateMutex_Object__delete__S)
                  20010c60    00000024     sysbios.aem4 : BIOS.obj (.text:ti_sysbios_knl_Clock_Module_startup__E)
                  20010c84    00000024     app_pem4.oem4 (.text:ti_sysbios_knl_Semaphore_Object__delete__S)
                  20010ca8    00000024     ti.targets.arm.rtsarm.aem4 : System.oem4 (.text:xdc_runtime_System_vprintf__E)
                  20010ccc    00000022     driverlib.a : spi.obj (.text:SPIReset)
                  20010cee    00000022                 : spi.obj (.text:SPIWordCountSet)
                  20010d10    00000022     app_pem4.oem4 (.text:xdc_runtime_SysMin_output__I)
                  20010d32    00000020     driverlib.a : gpio.obj (.text:GPIOPinWrite)
                  20010d52    00000002     --HOLE-- [fill = 0]
                  20010d54    00000020     simplelink.a : cc_pal.obj (.text:NwpPowerOn)
                  20010d74    00000020                  : wlan.obj (.text:sl_WlanDisconnect)
                  20010d94    00000020     app_pem4.oem4 (.text:ti_sysbios_BIOS_rtsLock__I)
                  20010db4    00000020     app_pem4.oem4 (.text:ti_sysbios_family_arm_m3_Hwi_Object__delete__S)
                  20010dd4    00000020     sysbios.aem4 : m3_Hwi_asm.obj (.text:ti_sysbios_family_arm_m3_Hwi_excHandlerAsm__I)
                  20010df4    00000004     --HOLE-- [fill = 0]
                  20010df8    00000020                  : BIOS.obj (.text:ti_sysbios_family_arm_m3_Hwi_excHandler__I)
                  20010e18    00000020                  : BIOS.obj (.text:ti_sysbios_family_arm_m3_TimestampProvider_Module_startup__E)
                  20010e38    00000020     app_pem4.oem4 (.text:ti_sysbios_gates_GateHwi_Object__delete__S)
                  20010e58    00000020     app_pem4.oem4 (.text:ti_sysbios_heaps_HeapMem_Object__delete__S)
                  20010e78    00000020     sysbios.aem4 : BIOS.obj (.text:ti_sysbios_knl_Idle_run__E)
                  20010e98    00000020     app_pem4.oem4 (.text:ti_sysbios_knl_Mailbox_Object__delete__S)
                  20010eb8    00000020     app_pem4.oem4 (.text:ti_sysbios_knl_Semaphore_Object__destruct__S)
                  20010ed8    00000020     app_pem4.oem4 (.text:ti_sysbios_knl_Task_Object__delete__S)
                  20010ef8    00000020     app_pem4.oem4 (.text:xdc_runtime_LoggerBuf_Object__delete__S)
                  20010f18    00000020     ti.targets.arm.rtsarm.aem4 : LoggerBuf.oem4 (.text:xdc_runtime_LoggerBuf_reset__E)
                  20010f38    00000020                                : Registry.oem4 (.text:xdc_runtime_Registry_findById__E)
                  20010f58    00000020                                : SysMin.oem4 (.text:xdc_runtime_SysMin_Module_startup__E)
                  20010f78    0000001e     driverlib.a : uart.obj (.text:UARTCharPut)
                  20010f96    0000001e     simplelink.a : driver.obj (.text:_SlDrvSyncObjSignal)
                  20010fb4    0000001e                  : cc_pal.obj (.text:cc_UDMAChannelSelect)
                  20010fd2    0000001e     sysbios.aem4 : m3_Hwi_asm_switch.obj (.text:ti_sysbios_family_xxx_Hwi_switchAndRunFunc)
                  20010ff0    0000001c     driverlib.a : uart.obj (.text:UARTCharGetNonBlocking)
                  2001100c    0000001c     rtsv7M4_T_le_eabi.lib : memccpy.obj (.text)
                  20011028    0000001c     sysbios.aem4 : BIOS.obj (.text:ti_sysbios_family_arm_m3_Hwi_setPriority__E)
                  20011044    00000004     --HOLE-- [fill = 0]
                  20011048    0000001c                  : BIOS.obj (.text:ti_sysbios_gates_GateMutex_Instance_init__E)
                  20011064    0000001c     app_pem4.oem4 (.text:ti_sysbios_knl_Queue_Object__destruct__S)
                  20011080    0000001c     sysbios.aem4 : BIOS.obj (.text:ti_sysbios_knl_Task_enter__I)
                  2001109c    0000001c     driverlib.a : udma.obj (.text:uDMAChannelEnable)
                  200110b8    0000001c     ti.targets.arm.rtsarm.aem4 : Error.oem4 (.text:xdc_runtime_Error_raiseX__E)
                  200110d4    0000001c                                : Memory.oem4 (.text:xdc_runtime_Memory_valloc__E)
                  200110f0    0000001c                                : SysMin.oem4 (.text:xdc_runtime_SysMin_exit__E)
                  2001110c    0000001c                                : System.oem4 (.text:xdc_runtime_System_abort__E)
                  20011128    0000001a     driverlib.a : gpio.obj (.text:GPIOIntEnable)
                  20011142    0000001a                 : pin.obj (.text:PinTypeUART)
                  2001115c    0000001a                 : spi.obj (.text:SPIDmaDisable)
                  20011176    0000001a                 : spi.obj (.text:SPIDmaEnable)
                  20011190    0000001a                 : spi.obj (.text:SPIFIFODisable)
                  200111aa    0000001a                 : spi.obj (.text:SPIFIFOEnable)
                  200111c4    0000001a     app_pem4.oem4 (.text:ti_sysbios_family_arm_m3_Hwi_Handle__label__S)
                  200111de    0000001a     sysbios.aem4 : m3_Hwi_asm.obj (.text:ti_sysbios_family_arm_m3_Hwi_pendSV__I)
                  200111f8    0000001a     app_pem4.oem4 (.text:ti_sysbios_gates_GateHwi_Handle__label__S)
                  20011212    0000001a     app_pem4.oem4 (.text:ti_sysbios_gates_GateMutex_Handle__label__S)
                  2001122c    0000001a     app_pem4.oem4 (.text:ti_sysbios_heaps_HeapMem_Handle__label__S)
                  20011246    0000001a     app_pem4.oem4 (.text:ti_sysbios_knl_Swi_Handle__label__S)
                  20011260    0000001a     app_pem4.oem4 (.text:ti_sysbios_knl_Task_Handle__label__S)
                  2001127a    00000006     rtsv7M4_T_le_eabi.lib : copy_decompress_rle.obj (.text:decompress:rle24)
                  20011280    0000001a     sysbios.aem4 : BIOS.obj (.text:ti_sysbios_knl_Task_sleepTimeout__I)
                  2001129a    0000001a     app_pem4.oem4 (.text:xdc_runtime_LoggerBuf_Handle__label__S)
                  200112b4    0000001a     app_pem4.oem4 (.text:xdc_runtime_System_aprintf__E)
                  200112ce    0000001a     app_pem4.oem4 (.text:xdc_runtime_System_printf__E)
                  200112e8    00000018     driverlib.a : gpio.obj (.text:GPIOPinRead)
                  20011300    00000018                 : spi.obj (.text:SPICSDisable)
                  20011318    00000018                 : spi.obj (.text:SPICSEnable)
                  20011330    00000018                 : spi.obj (.text:SPIDisable)
                  20011348    00000018                 : spi.obj (.text:SPIEnable)
                  20011360    00000018                 : uart.obj (.text:UARTCharsAvail)
                  20011378    00000018     simplelink.a : device.obj (.text:_sl_GetStartResponseConvert)
                  20011390    00000018     app_pem4.oem4 (.text:free)
                  200113a8    00000018     rtsv7M4_T_le_eabi.lib : args_main.obj (.text)
                  200113c0    00000018     app_pem4.oem4 (.text:ti_sysbios_BIOS_rtsUnlock__I)
                  200113d8    00000018     app_pem4.oem4 (.text:ti_sysbios_family_arm_m3_Hwi_Module__startupDone__F)
                  200113f0    00000018     app_pem4.oem4 (.text:ti_sysbios_family_arm_m3_Timer_Module__startupDone__F)
                  20011408    00000018     sysbios.aem4 : BIOS.obj (.text:ti_sysbios_gates_GateMutex_leave__E)
                  20011420    00000018     ti.targets.arm.rtsarm.aem4 : Error.oem4 (.text:xdc_runtime_Error_check__E)
                  20011438    00000018                                : System.oem4 (.text:xdc_runtime_System_exit__E)
                  20011450    00000018                                : Text.oem4 (.text:xdc_runtime_Text_ropeText__E)
                  20011468    00000016     driverlib.a : prcm.obj (.text:PRCMHIBRegRead)
                  2001147e    00000016                 : prcm.obj (.text:PRCMHIBRegWrite)
                  20011494    00000016     simplelink.a : driver.obj (.text:_SlDrvMemZero)
                  200114aa    00000016     rtsv7M4_T_le_eabi.lib : strchr.obj (.text)
                  200114c0    00000016     app_pem4.oem4 (.text:ti_sysbios_BIOS_exitFunc__I)
                  200114d6    00000014     driverlib.a : cpu.obj (.text:CPUcpsie)
                  200114ea    00000014                 : gpio.obj (.text:GPIOIntClear)
                  200114fe    00000002     --HOLE-- [fill = 0]
                  20011500    00000014     rtsv7M4_T_le_eabi.lib : _lock.obj (.text)
                  20011514    00000014                           : strcpy.obj (.text)
                  20011528    00000014                           : strlen.obj (.text)
                  2001153c    00000014     app_pem4.oem4 (.text:ti_sysbios_family_arm_m3_Hwi_Object__get__S)
                  20011550    00000014     sysbios.aem4 : BIOS.obj (.text:ti_sysbios_family_arm_m3_Hwi_switchFromBootStack__E)
                  20011564    00000014     app_pem4.oem4 (.text:ti_sysbios_heaps_HeapMem_Object__get__S)
                  20011578    00000014     app_pem4.oem4 (.text:ti_sysbios_knl_Swi_Object__get__S)
                  2001158c    00000014     app_pem4.oem4 (.text:xdc_runtime_LoggerBuf_Object__get__S)
                  200115a0    00000012     sysbios.aem4 : BIOS.obj (.text:ti_sysbios_hal_Hwi_Module_startup__E)
                  200115b2    00000006     ti.targets.arm.rtsarm.aem4 : System.oem4 (.text:xdc_runtime_System_Module_startup__E)
                  200115b8    00000012     sysbios.aem4 : BIOS.obj (.text:ti_sysbios_hal_Timer_Module_startup__E)
                  200115ca    00000012     ti.targets.arm.rtsarm.aem4 : LoggerBuf.oem4 (.text:xdc_runtime_LoggerBuf_Instance_finalize__E)
                  200115dc    00000012                                : LoggerBuf.oem4 (.text:xdc_runtime_LoggerBuf_write1__E)
                  200115ee    00000012                                : LoggerBuf.oem4 (.text:xdc_runtime_LoggerBuf_write2__E)
                  20011600    00000012     app_pem4.oem4 (.text:xdc_runtime_Startup_exec__I)
                  20011612    00000010     simplelink.a : driver.obj (.text:_SlDrvDispatchHttpServerEvents)
                  20011622    00000006     --HOLE-- [fill = 0]
                  20011628    00000010     sysbios.aem4 : BIOS.obj (.text:ti_sysbios_BIOS_setThreadType__E)
                  20011638    00000010                  : BIOS.obj (.text:ti_sysbios_BIOS_start__E)
                  20011648    00000010                  : BIOS.obj (.text:ti_sysbios_family_arm_m3_Hwi_getHandle__E)
                  20011658    00000010                  : m3_TaskSupport_asm.obj (.text:ti_sysbios_family_arm_m3_TaskSupport_glue)
                  20011668    00000010                  : m3_TaskSupport_asm.obj (.text:ti_sysbios_family_arm_m3_TaskSupport_swap__E)
                  20011678    00000010                  : BIOS.obj (.text:ti_sysbios_gates_GateMutex_Instance_finalize__E)
                  20011688    00000010     app_pem4.oem4 (.text:ti_sysbios_knl_Mailbox_Object__get__S)
                  20011698    00000010     sysbios.aem4 : BIOS.obj (.text:ti_sysbios_knl_Semaphore_Instance_finalize__E)
                  200116a8    00000010                  : BIOS.obj (.text:ti_sysbios_knl_Swi_disable__E)
                  200116b8    00000010     app_pem4.oem4 (.text:ti_sysbios_knl_Task_Object__get__S)
                  200116c8    00000010     sysbios.aem4 : BIOS.obj (.text:ti_sysbios_knl_Task_disable__E)
                  200116d8    00000010     ti.targets.arm.rtsarm.aem4 : Gate.oem4 (.text:xdc_runtime_Gate_leaveSystem__E)
                  200116e8    00000010                                : LoggerBuf.oem4 (.text:xdc_runtime_LoggerBuf_write0__E)
                  200116f8    00000010                                : Memory.oem4 (.text:xdc_runtime_Memory_free__E)
                  20011708    00000010                                : SysMin.oem4 (.text:xdc_runtime_SysMin_ready__E)
                  20011718    00000010                                : System.oem4 (.text:xdc_runtime_System_vsnprintf__E)
                  20011728    00000010     app_pem4.oem4 (.text:xdc_runtime_Text_visitRope__I)
                  20011738    0000000e     simplelink.a : driver.obj (.text:_SlDrvResetCmdExt)
                  20011746    0000000e     rtsv7M4_T_le_eabi.lib : copy_decompress_none.obj (.text:decompress:none)
                  20011754    00000004     --HOLE-- [fill = 0]
                  20011758    0000000e     sysbios.aem4 : BIOS.obj (.text:ti_sysbios_knl_Idle_loop__E)
                  20011766    00000002     --HOLE-- [fill = 0]
                  20011768    0000000e                  : BIOS.obj (.text:ti_sysbios_knl_Queue_empty__E)
                  20011776    00000002     --HOLE-- [fill = 0]
                  20011778    0000000c     simplelink.a : cc_pal.obj (.text:NwpMaskInterrupt)
                  20011784    0000000c                  : cc_pal.obj (.text:NwpUnMaskInterrupt)
                  20011790    0000000c     app_pem4.oem4 (.text:ti_sysbios_family_arm_m3_Hwi_Params__init__S)
                  2001179c    00000004     --HOLE-- [fill = 0]
                  200117a0    0000000c     sysbios.aem4 : BIOS.obj (.text:ti_sysbios_family_arm_m3_Hwi_disableFxn__E)
                  200117ac    00000004     --HOLE-- [fill = 0]
                  200117b0    0000000c                  : BIOS.obj (.text:ti_sysbios_family_arm_m3_TaskSupport_checkStack__E)
                  200117bc    00000004     --HOLE-- [fill = 0]
                  200117c0    0000000c                  : BIOS.obj (.text:ti_sysbios_family_arm_m3_TaskSupport_getStackAlignment__E)
                  200117cc    00000004     --HOLE-- [fill = 0]
                  200117d0    0000000c                  : BIOS.obj (.text:ti_sysbios_gates_GateHwi_enter__E)
                  200117dc    0000000c     app_pem4.oem4 (.text:ti_sysbios_knl_Queue_Object__get__S)
                  200117e8    0000000c     app_pem4.oem4 (.text:ti_sysbios_knl_Semaphore_Params__init__S)
                  200117f4    0000000c     app_pem4.oem4 (.text:ti_sysbios_knl_Task_Params__init__S)
                  20011800    0000000c     ti.targets.arm.rtsarm.aem4 : Error.oem4 (.text:xdc_runtime_Error_init__E)
                  2001180c    0000000c                                : Gate.oem4 (.text:xdc_runtime_Gate_enterSystem__E)
                  20011818    0000000c                                : Memory.oem4 (.text:xdc_runtime_Memory_calloc__E)
                  20011824    0000000c                                : Memory.oem4 (.text:xdc_runtime_Memory_getMaxDefaultTypeAlign__E)
                  20011830    0000000a     driverlib.a : interrupt.obj (.text:IntMasterEnable)
                  2001183a    0000000a     app_pem4.oem4 (.text:xdc_runtime_IHeap_alloc)
                  20011844    0000000a     app_pem4.oem4 (.text:xdc_runtime_IHeap_free)
                  2001184e    0000000a     ti.targets.arm.rtsarm.aem4 : LoggerBuf.oem4 (.text:xdc_runtime_LoggerBuf_disable__E)
                  20011858    0000000a                                : LoggerBuf.oem4 (.text:xdc_runtime_LoggerBuf_enable__E)
                  20011862    00000008     rtsv7M4_T_le_eabi.lib : delete.obj (.text)
                  2001186a    00000008                           : s_copysign.obj (.text)
                  20011872    00000006     --HOLE-- [fill = 0]
                  20011878    00000008     sysbios.aem4 : BIOS.obj (.text:ti_sysbios_family_arm_m3_Hwi_doSwiRestore__I)
                  20011880    00000008                  : BIOS.obj (.text:ti_sysbios_family_arm_m3_Hwi_startup__E)
                  20011888    00000006                  : BIOS.obj (.text:ti_sysbios_family_arm_m3_Hwi_restoreFxn__E)
                  2001188e    00000002     --HOLE-- [fill = 0]
                  20011890    00000006                  : BIOS.obj (.text:ti_sysbios_gates_GateHwi_leave__E)
                  20011896    00000002     --HOLE-- [fill = 0]
                  20011898    00000006                  : BIOS.obj (.text:ti_sysbios_heaps_HeapMem_isBlocking__E)
                  2001189e    00000002     --HOLE-- [fill = 0]
                  200118a0    00000006                  : BIOS.obj (.text:ti_sysbios_knl_Queue_Instance_init__E)
                  200118a6    00000002     --HOLE-- [fill = 0]
                  200118a8    00000004                  : BIOS.obj (.text:ti_sysbios_family_arm_m3_Timer_getMaxTicks__E)
                  200118ac    00000004     --HOLE-- [fill = 0]
                  200118b0    00000004                  : BIOS.obj (.text:ti_sysbios_gates_GateHwi_query__E)
                  200118b4    00000004     --HOLE-- [fill = 0]
                  200118b8    00000004                  : BIOS.obj (.text:ti_sysbios_gates_GateMutex_query__E)
                  200118bc    00000004     --HOLE-- [fill = 0]
                  200118c0    00000004                  : BIOS.obj (.text:ti_sysbios_knl_Task_startup__E)
                  200118c4    00000004     --HOLE-- [fill = 0]
                  200118c8    00000002                  : BIOS.obj (.text:ti_sysbios_gates_GateHwi_Instance_init__E)

.const     0    200118cc    000026c6     
                  200118cc    000018cb     app_pem4.oem4 (.const:xdc_runtime_Text_charTab__A)
                  20013197    00000101     rtsv7M4_T_le_eabi.lib : ctype.obj (.const:.string:_ctypes_)
                  20013298    00000100     driverlib.a : pin.obj (.const:g_ulPinToPadMap)
                  20013398    000000b8     app_pem4.oem4 (.const:xdc_runtime_Text_nodeTab__A)
                  20013450    000000a8     driverlib.a : prcm.obj (.const:PRCM_PeriphRegsList)
                  200134f8    00000048     app_pem4.oem4 (.const:.string)
                  20013540    0000003c     simplelink.a : driver.obj (.const:OpcodeTranslateTable)
                  2001357c    0000003c                  : wlan.obj (.const)
                  200135b8    0000003c     app_pem4.oem4 (.const:ti_sysbios_knl_Task_Object__PARAMS__C)
                  200135f4    0000003c     app_pem4.oem4 (.const:xdc_runtime_LoggerBuf_Module__FXNS__C)
                  20013630    00000038     simplelink.a : driver.obj (.const:_SlActionLookupTable)
                  20013668    00000038                  : driver.obj (.const)
                  200136a0    00000034     app_pem4.oem4 (.const:ti_sysbios_knl_Mailbox_Object__PARAMS__C)
                  200136d4    00000030     app_pem4.oem4 (.const:ti_sysbios_family_arm_m3_Hwi_Object__PARAMS__C)
                  20013704    00000030     app_pem4.oem4 (.const:xdc_runtime_Startup_sfxnTab__A)
                  20013734    0000002c     main.obj (.const:$P$T1$2)
                  20013760    00000028     rtsv7M4_T_le_eabi.lib : typeinfo_.obj (.const:.typeinfo:_ZTSN10__cxxabiv123__fundamental_type_infoE)
                  20013788    00000028     simplelink.a : netapp.obj (.const)
                  200137b0    00000028     app_pem4.oem4 (.const:ti_sysbios_heaps_HeapMem_Module__FXNS__C)
                  200137d8    00000025     rtsv7M4_T_le_eabi.lib : typeinfo_.obj (.const:.typeinfo:_ZTSN10__cxxabiv120__si_class_type_infoE)
                  200137fd    00000024                           : typeinfo_.obj (.const:.typeinfo:_ZTSN10__cxxabiv119__pointer_type_infoE)
                  20013821    00000002                           : typeinfo_.obj (.const:.typeinfo:_ZTSe)
                  20013823    00000001     app_pem4.oem4 (.const:xdc_runtime_Error_policy__C)
                  20013824    00000024     app_pem4.oem4 (.const:ti_sysbios_gates_GateHwi_Module__FXNS__C)
                  20013848    00000024     app_pem4.oem4 (.const:ti_sysbios_gates_GateMutex_Module__FXNS__C)
                  2001386c    00000024     app_pem4.oem4 (.const:ti_sysbios_heaps_HeapMem_Object__PARAMS__C)
                  20013890    00000024     app_pem4.oem4 (.const:ti_sysbios_knl_Semaphore_Object__PARAMS__C)
                  200138b4    00000024     app_pem4.oem4 (.const:xdc_runtime_LoggerBuf_Object__PARAMS__C)
                  200138d8    00000022     main.obj (.const:.string:$P$T0$1)
                  200138fa    00000022     rtsv7M4_T_le_eabi.lib : typeinfo_.obj (.const:.typeinfo:_ZTSN10__cxxabiv117__class_type_infoE)
                  2001391c    00000022                           : typeinfo_.obj (.const:.typeinfo:_ZTSN10__cxxabiv117__pbase_type_infoE)
                  2001393e    00000002     app_pem4.oem4 (.const:ti_sysbios_family_arm_m3_Hwi_Module__id__C)
                  20013940    00000020     main.obj (.const:$P$T4$5)
                  20013960    00000020     main.obj (.const:$P$T7$8)
                  20013980    00000020     app_pem4.oem4 (.const:ti_sysbios_family_arm_m3_Hwi_Object__DESC__C)
                  200139a0    00000020     app_pem4.oem4 (.const:ti_sysbios_gates_GateHwi_Object__DESC__C)
                  200139c0    00000020     app_pem4.oem4 (.const:ti_sysbios_gates_GateMutex_Object__DESC__C)
                  200139e0    00000020     app_pem4.oem4 (.const:ti_sysbios_heaps_HeapMem_Object__DESC__C)
                  20013a00    00000020     app_pem4.oem4 (.const:ti_sysbios_knl_Mailbox_Object__DESC__C)
                  20013a20    00000020     app_pem4.oem4 (.const:ti_sysbios_knl_Queue_Object__DESC__C)
                  20013a40    00000020     app_pem4.oem4 (.const:ti_sysbios_knl_Semaphore_Object__DESC__C)
                  20013a60    00000020     app_pem4.oem4 (.const:ti_sysbios_knl_Task_Object__DESC__C)
                  20013a80    00000020     app_pem4.oem4 (.const:xdc_runtime_LoggerBuf_Object__DESC__C)
                  20013aa0    0000001c     simplelink.a : device.obj (.const)
                  20013abc    00000018     main.obj (.const:.string:$P$T6$7)
                  20013ad4    00000018     driverlib.a : interrupt.obj (.const:g_pulEnRegs)
                  20013aec    00000018                 : interrupt.obj (.const:g_pulUnpendRegs)
                  20013b04    00000018                 : spi.obj (.const:g_ulSPIDmaMaskMap)
                  20013b1c    00000018     app_pem4.oem4 (.const:ti_sysbios_gates_GateHwi_Object__PARAMS__C)
                  20013b34    00000018     app_pem4.oem4 (.const:ti_sysbios_gates_GateMutex_Object__PARAMS__C)
                  20013b4c    00000018     app_pem4.oem4 (.const:ti_sysbios_knl_Queue_Object__PARAMS__C)
                  20013b64    00000018     app_pem4.oem4 (.const:xdc_runtime_Startup_sfxnRts__A)
                  20013b7c    00000014     main.obj (.const:$P$T2$3)
                  20013b90    00000014     main.obj (.const:$P$T5$6)
                  20013ba4    00000014     main.obj (.const:$P$T8$9)
                  20013bb8    00000013     main.obj (.const:.string:$P$T3$4)
                  20013bcb    00000001     --HOLE-- [fill = 0]
                  20013bcc    00000010     rtsv7M4_T_le_eabi.lib : typeinfo_.obj (.const:.typeinfo:_ZTIPKe)
                  20013bdc    00000010     adam.obj (.const:_ZTV4adam)
                  20013bec    00000010     rtsv7M4_T_le_eabi.lib : typeinfo_.obj (.const:_ZTVN10__cxxabiv117__class_type_infoE)
                  20013bfc    00000010                           : typeinfo_.obj (.const:_ZTVN10__cxxabiv119__pointer_type_infoE)
                  20013c0c    00000010                           : typeinfo_.obj (.const:_ZTVN10__cxxabiv120__si_class_type_infoE)
                  20013c1c    00000010                           : typeinfo_.obj (.const:_ZTVN10__cxxabiv123__fundamental_type_infoE)
                  20013c2c    0000000d                           : typeinfo_.obj (.const:.typeinfo:_ZTSSt9type_info)
                  20013c39    00000001     --HOLE-- [fill = 0]
                  20013c3a    00000002     app_pem4.oem4 (.const:ti_sysbios_family_arm_m3_Hwi_Module__loggerDefined__C)
                  20013c3c    0000000c     main.obj (.const:$P$T10$11)
                  20013c48    0000000c     main.obj (.const:.string:$P$T9$10)
                  20013c54    0000000c     rtsv7M4_T_le_eabi.lib : typeinfo_.obj (.const:.typeinfo:_ZTIN10__cxxabiv117__class_type_infoE)
                  20013c60    0000000c                           : typeinfo_.obj (.const:.typeinfo:_ZTIN10__cxxabiv117__pbase_type_infoE)
                  20013c6c    0000000c                           : typeinfo_.obj (.const:.typeinfo:_ZTIN10__cxxabiv119__pointer_type_infoE)
                  20013c78    0000000c                           : typeinfo_.obj (.const:.typeinfo:_ZTIN10__cxxabiv120__si_class_type_infoE)
                  20013c84    0000000c                           : typeinfo_.obj (.const:.typeinfo:_ZTIN10__cxxabiv123__fundamental_type_infoE)
                  20013c90    0000000c     app_pem4.oem4 (.const:xdc_runtime_Startup_firstFxns__A)
                  20013c9c    00000008     adam.obj (.const:.typeinfo:_ZTI4adam)
                  20013ca4    00000008     rtsv7M4_T_le_eabi.lib : typeinfo_.obj (.const:.typeinfo:_ZTISt9type_info)
                  20013cac    00000008                           : typeinfo_.obj (.const:.typeinfo:_ZTIe)
                  20013cb4    00000008     simplelink.a : netcfg.obj (.const)
                  20013cbc    00000008     app_pem4.oem4 (.const:ti_sysbios_family_arm_m3_Hwi_excHookFuncs__A)
                  20013cc4    00000008     app_pem4.oem4 (.const:ti_sysbios_knl_Idle_funcList__C)
                  20013ccc    00000008     app_pem4.oem4 (.const:xdc_runtime_Startup_firstFxns__C)
                  20013cd4    00000008     app_pem4.oem4 (.const:xdc_runtime_Startup_lastFxns__C)
                  20013cdc    00000006     adam.obj (.const:.typeinfo:_ZTS4adam)
                  20013ce2    00000005     main.obj (.const:.string:$P$T11$12)
                  20013ce7    00000004     rtsv7M4_T_le_eabi.lib : typeinfo_.obj (.const:.typeinfo:_ZTSPKe)
                  20013ceb    00000001     --HOLE-- [fill = 0]
                  20013cec    00000004     app_pem4.oem4 (.const:ti_sysbios_family_arm_m3_Hwi_E_NMI__C)
                  20013cf0    00000004     app_pem4.oem4 (.const:ti_sysbios_family_arm_m3_Hwi_E_alreadyDefined__C)
                  20013cf4    00000004     app_pem4.oem4 (.const:ti_sysbios_family_arm_m3_Hwi_E_busFault__C)
                  20013cf8    00000004     app_pem4.oem4 (.const:ti_sysbios_family_arm_m3_Hwi_E_debugMon__C)
                  20013cfc    00000004     app_pem4.oem4 (.const:ti_sysbios_family_arm_m3_Hwi_E_hardFault__C)
                  20013d00    00000004     app_pem4.oem4 (.const:ti_sysbios_family_arm_m3_Hwi_E_memFault__C)
                  20013d04    00000004     app_pem4.oem4 (.const:ti_sysbios_family_arm_m3_Hwi_E_noIsr__C)
                  20013d08    00000004     app_pem4.oem4 (.const:ti_sysbios_family_arm_m3_Hwi_E_reserved__C)
                  20013d0c    00000004     app_pem4.oem4 (.const:ti_sysbios_family_arm_m3_Hwi_E_svCall__C)
                  20013d10    00000004     app_pem4.oem4 (.const:ti_sysbios_family_arm_m3_Hwi_E_usageFault__C)
                  20013d14    00000004     app_pem4.oem4 (.const:ti_sysbios_family_arm_m3_Hwi_LD_end__C)
                  20013d18    00000004     app_pem4.oem4 (.const:ti_sysbios_family_arm_m3_Hwi_LM_begin__C)
                  20013d1c    00000004     app_pem4.oem4 (.const:ti_sysbios_family_arm_m3_Hwi_Module__diagsEnabled__C)
                  20013d20    00000004     app_pem4.oem4 (.const:ti_sysbios_family_arm_m3_Hwi_Module__diagsIncluded__C)
                  20013d24    00000004     app_pem4.oem4 (.const:ti_sysbios_family_arm_m3_Hwi_Module__diagsMask__C)
                  20013d28    00000004     app_pem4.oem4 (.const:ti_sysbios_family_arm_m3_Hwi_Module__loggerFxn1__C)
                  20013d2c    00000004     app_pem4.oem4 (.const:ti_sysbios_family_arm_m3_Hwi_Module__loggerFxn8__C)
                  20013d30    00000004     app_pem4.oem4 (.const:ti_sysbios_family_arm_m3_Hwi_Module__loggerObj__C)
                  20013d34    00000004     app_pem4.oem4 (.const:ti_sysbios_family_arm_m3_Hwi_NUM_INTERRUPTS__C)
                  20013d38    00000004     app_pem4.oem4 (.const:ti_sysbios_family_arm_m3_Hwi_Object__count__C)
                  20013d3c    00000004     app_pem4.oem4 (.const:ti_sysbios_family_arm_m3_Hwi_ccr__C)
                  20013d40    00000004     app_pem4.oem4 (.const:ti_sysbios_family_arm_m3_Hwi_excHandlerFunc__C)
                  20013d44    00000004     app_pem4.oem4 (.const:ti_sysbios_family_arm_m3_Hwi_excHookFuncs__C)
                  20013d48    00000004     app_pem4.oem4 (.const:ti_sysbios_family_arm_m3_Hwi_nullIsrFunc__C)
                  20013d4c    00000004     app_pem4.oem4 (.const:ti_sysbios_family_arm_m3_Hwi_priGroup__C)
                  20013d50    00000004     app_pem4.oem4 (.const:ti_sysbios_family_arm_m3_TaskSupport_stackAlignment__C)
                  20013d54    00000004     app_pem4.oem4 (.const:ti_sysbios_family_arm_m3_Timer_E_cannotSupport__C)
                  20013d58    00000004     app_pem4.oem4 (.const:ti_sysbios_family_arm_m3_Timer_startupNeeded__C)
                  20013d5c    00000004     app_pem4.oem4 (.const:ti_sysbios_gates_GateMutex_A_badContext__C)
                  20013d60    00000004     app_pem4.oem4 (.const:ti_sysbios_gates_GateMutex_Instance_State_sem__O)
                  20013d64    00000004     app_pem4.oem4 (.const:ti_sysbios_gates_GateMutex_Module__diagsEnabled__C)
                  20013d68    00000004     app_pem4.oem4 (.const:ti_sysbios_gates_GateMutex_Module__diagsIncluded__C)
                  20013d6c    00000004     app_pem4.oem4 (.const:ti_sysbios_gates_GateMutex_Module__diagsMask__C)
                  20013d70    00000004     app_pem4.oem4 (.const:ti_sysbios_hal_Hwi_E_stackOverflow__C)
                  20013d74    00000004     app_pem4.oem4 (.const:ti_sysbios_heaps_HeapMem_A_align__C)
                  20013d78    00000004     app_pem4.oem4 (.const:ti_sysbios_heaps_HeapMem_A_heapSize__C)
                  20013d7c    00000004     app_pem4.oem4 (.const:ti_sysbios_heaps_HeapMem_A_invalidFree__C)
                  20013d80    00000004     app_pem4.oem4 (.const:ti_sysbios_heaps_HeapMem_A_zeroBlock__C)
                  20013d84    00000004     app_pem4.oem4 (.const:ti_sysbios_heaps_HeapMem_E_memory__C)
                  20013d88    00000004     app_pem4.oem4 (.const:ti_sysbios_heaps_HeapMem_Module__diagsEnabled__C)
                  20013d8c    00000004     app_pem4.oem4 (.const:ti_sysbios_heaps_HeapMem_Module__diagsIncluded__C)
                  20013d90    00000004     app_pem4.oem4 (.const:ti_sysbios_heaps_HeapMem_Module__diagsMask__C)
                  20013d94    00000004     app_pem4.oem4 (.const:ti_sysbios_heaps_HeapMem_Module__gateObj__C)
                  20013d98    00000004     app_pem4.oem4 (.const:ti_sysbios_heaps_HeapMem_Object__count__C)
                  20013d9c    00000004     app_pem4.oem4 (.const:ti_sysbios_heaps_HeapMem_reqAlign__C)
                  20013da0    00000004     app_pem4.oem4 (.const:ti_sysbios_knl_Clock_LM_begin__C)
                  20013da4    00000004     app_pem4.oem4 (.const:ti_sysbios_knl_Clock_LM_tick__C)
                  20013da8    00000004     app_pem4.oem4 (.const:ti_sysbios_knl_Clock_LW_delayed__C)
                  20013dac    00000004     app_pem4.oem4 (.const:ti_sysbios_knl_Clock_Module_State_clockQ__O)
                  20013db0    00000004     app_pem4.oem4 (.const:ti_sysbios_knl_Clock_Module__diagsEnabled__C)
                  20013db4    00000004     app_pem4.oem4 (.const:ti_sysbios_knl_Clock_Module__diagsIncluded__C)
                  20013db8    00000004     app_pem4.oem4 (.const:ti_sysbios_knl_Clock_Module__diagsMask__C)
                  20013dbc    00000004     app_pem4.oem4 (.const:ti_sysbios_knl_Clock_Module__loggerFxn1__C)
                  20013dc0    00000004     app_pem4.oem4 (.const:ti_sysbios_knl_Clock_Module__loggerFxn2__C)
                  20013dc4    00000004     app_pem4.oem4 (.const:ti_sysbios_knl_Clock_Module__loggerObj__C)
                  20013dc8    00000004     app_pem4.oem4 (.const:ti_sysbios_knl_Clock_tickPeriod__C)
                  20013dcc    00000004     app_pem4.oem4 (.const:ti_sysbios_knl_Idle_funcList__A)
                  20013dd0    00000004     app_pem4.oem4 (.const:ti_sysbios_knl_Mailbox_A_invalidBufSize__C)
                  20013dd4    00000004     app_pem4.oem4 (.const:ti_sysbios_knl_Mailbox_Instance_State_dataQue__O)
                  20013dd8    00000004     app_pem4.oem4 (.const:ti_sysbios_knl_Mailbox_Instance_State_dataSem__O)
                  20013ddc    00000004     app_pem4.oem4 (.const:ti_sysbios_knl_Mailbox_Instance_State_freeQue__O)
                  20013de0    00000004     app_pem4.oem4 (.const:ti_sysbios_knl_Mailbox_Instance_State_freeSem__O)
                  20013de4    00000004     app_pem4.oem4 (.const:ti_sysbios_knl_Mailbox_Module__diagsEnabled__C)
                  20013de8    00000004     app_pem4.oem4 (.const:ti_sysbios_knl_Mailbox_Module__diagsIncluded__C)
                  20013dec    00000004     app_pem4.oem4 (.const:ti_sysbios_knl_Mailbox_Module__diagsMask__C)
                  20013df0    00000004     app_pem4.oem4 (.const:ti_sysbios_knl_Mailbox_Object__count__C)
                  20013df4    00000004     app_pem4.oem4 (.const:ti_sysbios_knl_Mailbox_maxTypeAlign__C)
                  20013df8    00000004     app_pem4.oem4 (.const:ti_sysbios_knl_Semaphore_A_badContext__C)
                  20013dfc    00000004     app_pem4.oem4 (.const:ti_sysbios_knl_Semaphore_A_noEvents__C)
                  20013e00    00000004     app_pem4.oem4 (.const:ti_sysbios_knl_Semaphore_A_overflow__C)
                  20013e04    00000004     app_pem4.oem4 (.const:ti_sysbios_knl_Semaphore_A_pendTaskDisabled__C)
                  20013e08    00000004     app_pem4.oem4 (.const:ti_sysbios_knl_Semaphore_Instance_State_pendQ__O)
                  20013e0c    00000004     app_pem4.oem4 (.const:ti_sysbios_knl_Semaphore_LM_pend__C)
                  20013e10    00000004     app_pem4.oem4 (.const:ti_sysbios_knl_Semaphore_LM_post__C)
                  20013e14    00000004     app_pem4.oem4 (.const:ti_sysbios_knl_Semaphore_Module__diagsEnabled__C)
                  20013e18    00000004     app_pem4.oem4 (.const:ti_sysbios_knl_Semaphore_Module__diagsIncluded__C)
                  20013e1c    00000004     app_pem4.oem4 (.const:ti_sysbios_knl_Semaphore_Module__diagsMask__C)
                  20013e20    00000004     app_pem4.oem4 (.const:ti_sysbios_knl_Semaphore_Module__loggerFxn2__C)
                  20013e24    00000004     app_pem4.oem4 (.const:ti_sysbios_knl_Semaphore_Module__loggerFxn4__C)
                  20013e28    00000004     app_pem4.oem4 (.const:ti_sysbios_knl_Semaphore_Module__loggerObj__C)
                  20013e2c    00000004     app_pem4.oem4 (.const:ti_sysbios_knl_Swi_LD_end__C)
                  20013e30    00000004     app_pem4.oem4 (.const:ti_sysbios_knl_Swi_LM_begin__C)
                  20013e34    00000004     app_pem4.oem4 (.const:ti_sysbios_knl_Swi_LM_post__C)
                  20013e38    00000004     app_pem4.oem4 (.const:ti_sysbios_knl_Swi_Module__diagsEnabled__C)
                  20013e3c    00000004     app_pem4.oem4 (.const:ti_sysbios_knl_Swi_Module__diagsIncluded__C)
                  20013e40    00000004     app_pem4.oem4 (.const:ti_sysbios_knl_Swi_Module__diagsMask__C)
                  20013e44    00000004     app_pem4.oem4 (.const:ti_sysbios_knl_Swi_Module__loggerFxn1__C)
                  20013e48    00000004     app_pem4.oem4 (.const:ti_sysbios_knl_Swi_Module__loggerFxn4__C)
                  20013e4c    00000004     app_pem4.oem4 (.const:ti_sysbios_knl_Swi_Module__loggerObj__C)
                  20013e50    00000004     app_pem4.oem4 (.const:ti_sysbios_knl_Swi_Object__count__C)
                  20013e54    00000004     app_pem4.oem4 (.const:ti_sysbios_knl_Task_A_badPriority__C)
                  20013e58    00000004     app_pem4.oem4 (.const:ti_sysbios_knl_Task_A_badTaskState__C)
                  20013e5c    00000004     app_pem4.oem4 (.const:ti_sysbios_knl_Task_A_badThreadType__C)
                  20013e60    00000004     app_pem4.oem4 (.const:ti_sysbios_knl_Task_A_badTimeout__C)
                  20013e64    00000004     app_pem4.oem4 (.const:ti_sysbios_knl_Task_A_noPendElem__C)
                  20013e68    00000004     app_pem4.oem4 (.const:ti_sysbios_knl_Task_A_sleepTaskDisabled__C)
                  20013e6c    00000004     app_pem4.oem4 (.const:ti_sysbios_knl_Task_E_spOutOfBounds__C)
                  20013e70    00000004     app_pem4.oem4 (.const:ti_sysbios_knl_Task_E_stackOverflow__C)
                  20013e74    00000004     app_pem4.oem4 (.const:ti_sysbios_knl_Task_LD_block__C)
                  20013e78    00000004     app_pem4.oem4 (.const:ti_sysbios_knl_Task_LD_exit__C)
                  20013e7c    00000004     app_pem4.oem4 (.const:ti_sysbios_knl_Task_LD_ready__C)
                  20013e80    00000004     app_pem4.oem4 (.const:ti_sysbios_knl_Task_LM_sleep__C)
                  20013e84    00000004     app_pem4.oem4 (.const:ti_sysbios_knl_Task_LM_switch__C)
                  20013e88    00000004     app_pem4.oem4 (.const:ti_sysbios_knl_Task_LM_yield__C)
                  20013e8c    00000004     app_pem4.oem4 (.const:ti_sysbios_knl_Task_Module_State_inactiveQ__O)
                  20013e90    00000004     app_pem4.oem4 (.const:ti_sysbios_knl_Task_Module__diagsEnabled__C)
                  20013e94    00000004     app_pem4.oem4 (.const:ti_sysbios_knl_Task_Module__diagsIncluded__C)
                  20013e98    00000004     app_pem4.oem4 (.const:ti_sysbios_knl_Task_Module__diagsMask__C)
                  20013e9c    00000004     app_pem4.oem4 (.const:ti_sysbios_knl_Task_Module__loggerFxn2__C)
                  20013ea0    00000004     app_pem4.oem4 (.const:ti_sysbios_knl_Task_Module__loggerFxn4__C)
                  20013ea4    00000004     app_pem4.oem4 (.const:ti_sysbios_knl_Task_Module__loggerObj__C)
                  20013ea8    00000004     app_pem4.oem4 (.const:ti_sysbios_knl_Task_Object__count__C)
                  20013eac    00000004     app_pem4.oem4 (.const:ti_sysbios_knl_Task_allBlockedFunc__C)
                  20013eb0    00000004     app_pem4.oem4 (.const:ti_sysbios_knl_Task_defaultStackHeap__C)
                  20013eb4    00000004     app_pem4.oem4 (.const:ti_sysbios_knl_Task_defaultStackSize__C)
                  20013eb8    00000004     app_pem4.oem4 (.const:ti_sysbios_knl_Task_numConstructedTasks__C)
                  20013ebc    00000004     app_pem4.oem4 (.const:xdc_runtime_Assert_E_assertFailed__C)
                  20013ec0    00000004     app_pem4.oem4 (.const:xdc_runtime_Core_A_initializedParams__C)
                  20013ec4    00000004     app_pem4.oem4 (.const:xdc_runtime_Core_Module__diagsEnabled__C)
                  20013ec8    00000004     app_pem4.oem4 (.const:xdc_runtime_Core_Module__diagsIncluded__C)
                  20013ecc    00000004     app_pem4.oem4 (.const:xdc_runtime_Core_Module__diagsMask__C)
                  20013ed0    00000004     app_pem4.oem4 (.const:xdc_runtime_Error_E_memory__C)
                  20013ed4    00000004     app_pem4.oem4 (.const:xdc_runtime_Error_Module__diagsEnabled__C)
                  20013ed8    00000004     app_pem4.oem4 (.const:xdc_runtime_Error_Module__diagsIncluded__C)
                  20013edc    00000004     app_pem4.oem4 (.const:xdc_runtime_Error_Module__diagsMask__C)
                  20013ee0    00000004     app_pem4.oem4 (.const:xdc_runtime_Error_Module__loggerFxn8__C)
                  20013ee4    00000004     app_pem4.oem4 (.const:xdc_runtime_Error_Module__loggerObj__C)
                  20013ee8    00000004     app_pem4.oem4 (.const:xdc_runtime_Error_policyFxn__C)
                  20013eec    00000004     app_pem4.oem4 (.const:xdc_runtime_Error_raiseHook__C)
                  20013ef0    00000004     app_pem4.oem4 (.const:xdc_runtime_IFilterLogger_Interface__BASE__C)
                  20013ef4    00000004     app_pem4.oem4 (.const:xdc_runtime_IGateProvider_Interface__BASE__C)
                  20013ef8    00000004     app_pem4.oem4 (.const:xdc_runtime_IHeap_Interface__BASE__C)
                  20013efc    00000004     app_pem4.oem4 (.const:xdc_runtime_ILogger_Interface__BASE__C)
                  20013f00    00000004     app_pem4.oem4 (.const:xdc_runtime_IModule_Interface__BASE__C)
                  20013f04    00000004     app_pem4.oem4 (.const:xdc_runtime_Log_L_error__C)
                  20013f08    00000004     app_pem4.oem4 (.const:xdc_runtime_LoggerBuf_E_badLevel__C)
                  20013f0c    00000004     app_pem4.oem4 (.const:xdc_runtime_LoggerBuf_Module__gateObj__C)
                  20013f10    00000004     app_pem4.oem4 (.const:xdc_runtime_LoggerBuf_Object__count__C)
                  20013f14    00000004     app_pem4.oem4 (.const:xdc_runtime_LoggerBuf_statusLogger__C)
                  20013f18    00000004     app_pem4.oem4 (.const:xdc_runtime_Memory_defaultHeapInstance__C)
                  20013f1c    00000004     app_pem4.oem4 (.const:xdc_runtime_Startup_execImpl__C)
                  20013f20    00000004     app_pem4.oem4 (.const:xdc_runtime_Startup_maxPasses__C)
                  20013f24    00000004     app_pem4.oem4 (.const:xdc_runtime_Startup_sfxnRts__C)
                  20013f28    00000004     app_pem4.oem4 (.const:xdc_runtime_Startup_sfxnTab__C)
                  20013f2c    00000004     app_pem4.oem4 (.const:xdc_runtime_SysMin_bufSize__C)
                  20013f30    00000004     app_pem4.oem4 (.const:xdc_runtime_SysMin_outputFunc__C)
                  20013f34    00000004     app_pem4.oem4 (.const:xdc_runtime_System_Module__gateObj__C)
                  20013f38    00000004     app_pem4.oem4 (.const:xdc_runtime_System_abortFxn__C)
                  20013f3c    00000004     app_pem4.oem4 (.const:xdc_runtime_System_exitFxn__C)
                  20013f40    00000004     app_pem4.oem4 (.const:xdc_runtime_System_extendFxn__C)
                  20013f44    00000004     app_pem4.oem4 (.const:xdc_runtime_System_maxAtexitHandlers__C)
                  20013f48    00000004     app_pem4.oem4 (.const:xdc_runtime_Text_charTab__C)
                  20013f4c    00000004     app_pem4.oem4 (.const:xdc_runtime_Text_nameEmpty__C)
                  20013f50    00000004     app_pem4.oem4 (.const:xdc_runtime_Text_nameStatic__C)
                  20013f54    00000004     app_pem4.oem4 (.const:xdc_runtime_Text_nameUnknown__C)
                  20013f58    00000004     app_pem4.oem4 (.const:xdc_runtime_Text_nodeTab__C)
                  20013f5c    00000004     app_pem4.oem4 (.const:xdc_runtime_Text_visitRopeFxn__C)
                  20013f60    00000002     app_pem4.oem4 (.const:ti_sysbios_family_arm_m3_Timer_Module__id__C)
                  20013f62    00000002     app_pem4.oem4 (.const:ti_sysbios_family_arm_m3_TimestampProvider_configTimer__C)
                  20013f64    00000002     app_pem4.oem4 (.const:ti_sysbios_gates_GateMutex_Module__id__C)
                  20013f66    00000002     app_pem4.oem4 (.const:ti_sysbios_hal_Hwi_Module__id__C)
                  20013f68    00000002     app_pem4.oem4 (.const:ti_sysbios_heaps_HeapMem_Module__id__C)
                  20013f6a    00000002     app_pem4.oem4 (.const:ti_sysbios_knl_Clock_Module__id__C)
                  20013f6c    00000002     app_pem4.oem4 (.const:ti_sysbios_knl_Clock_Module__loggerDefined__C)
                  20013f6e    00000002     app_pem4.oem4 (.const:ti_sysbios_knl_Mailbox_Module__id__C)
                  20013f70    00000002     app_pem4.oem4 (.const:ti_sysbios_knl_Semaphore_Module__id__C)
                  20013f72    00000002     app_pem4.oem4 (.const:ti_sysbios_knl_Semaphore_Module__loggerDefined__C)
                  20013f74    00000002     app_pem4.oem4 (.const:ti_sysbios_knl_Swi_Module__id__C)
                  20013f76    00000002     app_pem4.oem4 (.const:ti_sysbios_knl_Swi_Module__loggerDefined__C)
                  20013f78    00000002     app_pem4.oem4 (.const:ti_sysbios_knl_Task_Module__id__C)
                  20013f7a    00000002     app_pem4.oem4 (.const:ti_sysbios_knl_Task_Module__loggerDefined__C)
                  20013f7c    00000002     app_pem4.oem4 (.const:xdc_runtime_Core_Module__id__C)
                  20013f7e    00000002     app_pem4.oem4 (.const:xdc_runtime_Error_Module__loggerDefined__C)
                  20013f80    00000002     app_pem4.oem4 (.const:xdc_runtime_Error_maxDepth__C)
                  20013f82    00000002     app_pem4.oem4 (.const:xdc_runtime_LoggerBuf_Module__id__C)
                  20013f84    00000002     app_pem4.oem4 (.const:xdc_runtime_LoggerBuf_filterByLevel__C)
                  20013f86    00000002     app_pem4.oem4 (.const:xdc_runtime_Memory_Module__id__C)
                  20013f88    00000002     app_pem4.oem4 (.const:xdc_runtime_SysMin_flushAtExit__C)
                  20013f8a    00000002     app_pem4.oem4 (.const:xdc_runtime_Text_charCnt__C)
                  20013f8c    00000002     app_pem4.oem4 (.const:xdc_runtime_Text_isLoaded__C)
                  20013f8e    00000002     app_pem4.oem4 (.const:xdc_runtime_Text_registryModsLastId__C)
                  20013f90    00000002     app_pem4.oem4 (.const:xdc_runtime_Text_unnamedModsLastId__C)

.cinit     0    20013f98    0000031c     
                  20013f98    000002f6     (.cinit..data.load) [load image, compression = rle]
                  2001428e    00000002     --HOLE-- [fill = 0]
                  20014290    0000000b     (.cinit..bss.load) [load image, compression = rle]
                  2001429b    00000001     --HOLE-- [fill = 0]
                  2001429c    00000008     (__TI_handler_table)
                  200142a4    00000010     (__TI_cinit_table)

.bss       0    20018000    00009645     UNINITIALIZED
                  20018000    00008000     (.common:ti_sysbios_heaps_HeapMem_Instance_State_0_buf__A)
                  20020000    00000800     app_pem4.oem4 (.bss:taskStackSection)
                  20020800    00000400     (.common:xdc_runtime_LoggerBuf_Instance_State_0_entryArr__A)
                  20020c00    00000400     (.common:xdc_runtime_SysMin_Module_State_0_outbuf__A)
                  20021000    0000030c     (.common:ti_sysbios_family_arm_m3_Hwi_dispatchTable)
                  2002130c    00000178     simplelink.a : driver.obj (.bss:g_StatMem)
                  20021484    00000120     rtsv7M4_T_le_eabi.lib : trgmsg.obj (.bss:_CIOBUF_)
                  200215a4    00000050     simplelink.a : cc_pal.obj (.bss:g_ucDinDout)
                  200215f4    00000024     (.common:g_ucConnectionSSID)
[...]
20013ca4  _ZTISt9type_info                                            
20013cac  _ZTIe                                                       
20013cbc  ti_sysbios_family_arm_m3_Hwi_excHookFuncs__A                
20013cc4  ti_sysbios_knl_Idle_funcList__C                             
20013ccc  xdc_runtime_Startup_firstFxns__C                            
20013cd4  xdc_runtime_Startup_lastFxns__C                             
20013cdc  _ZTS4adam                                                   
20013ce7  _ZTSPKe                                                     
20013cec  ti_sysbios_family_arm_m3_Hwi_E_NMI__C                       
20013cf0  ti_sysbios_family_arm_m3_Hwi_E_alreadyDefined__C            
20013cf4  ti_sysbios_family_arm_m3_Hwi_E_busFault__C                  
20013cf8  ti_sysbios_family_arm_m3_Hwi_E_debugMon__C                  
20013cfc  ti_sysbios_family_arm_m3_Hwi_E_hardFault__C                 
20013d00  ti_sysbios_family_arm_m3_Hwi_E_memFault__C                  
20013d04  ti_sysbios_family_arm_m3_Hwi_E_noIsr__C                     
20013d08  ti_sysbios_family_arm_m3_Hwi_E_reserved__C                  
20013d0c  ti_sysbios_family_arm_m3_Hwi_E_svCall__C                    
20013d10  ti_sysbios_family_arm_m3_Hwi_E_usageFault__C                
20013d14  ti_sysbios_family_arm_m3_Hwi_LD_end__C                      
20013d18  ti_sysbios_family_arm_m3_Hwi_LM_begin__C                    
20013d1c  ti_sysbios_family_arm_m3_Hwi_Module__diagsEnabled__C        
20013d20  ti_sysbios_family_arm_m3_Hwi_Module__diagsIncluded__C       
20013d24  ti_sysbios_family_arm_m3_Hwi_Module__diagsMask__C           
20013d28  ti_sysbios_family_arm_m3_Hwi_Module__loggerFxn1__C          
20013d2c  ti_sysbios_family_arm_m3_Hwi_Module__loggerFxn8__C          
20013d30  ti_sysbios_family_arm_m3_Hwi_Module__loggerObj__C           
20013d34  ti_sysbios_family_arm_m3_Hwi_NUM_INTERRUPTS__C              
20013d38  ti_sysbios_family_arm_m3_Hwi_Object__count__C               
20013d3c  ti_sysbios_family_arm_m3_Hwi_ccr__C                         
20013d40  ti_sysbios_family_arm_m3_Hwi_excHandlerFunc__C              
20013d44  ti_sysbios_family_arm_m3_Hwi_excHookFuncs__C                
20013d48  ti_sysbios_family_arm_m3_Hwi_nullIsrFunc__C                 
20013d4c  ti_sysbios_family_arm_m3_Hwi_priGroup__C                    
20013d50  ti_sysbios_family_arm_m3_TaskSupport_stackAlignment__C      
20013d54  ti_sysbios_family_arm_m3_Timer_E_cannotSupport__C           
20013d58  ti_sysbios_family_arm_m3_Timer_startupNeeded__C             
20013d5c  ti_sysbios_gates_GateMutex_A_badContext__C                  
20013d60  ti_sysbios_gates_GateMutex_Instance_State_sem__O            
20013d64  ti_sysbios_gates_GateMutex_Module__diagsEnabled__C          
20013d68  ti_sysbios_gates_GateMutex_Module__diagsIncluded__C         
20013d6c  ti_sysbios_gates_GateMutex_Module__diagsMask__C             
20013d70  ti_sysbios_hal_Hwi_E_stackOverflow__C                       
20013d74  ti_sysbios_heaps_HeapMem_A_align__C                         
20013d78  ti_sysbios_heaps_HeapMem_A_heapSize__C                      
20013d7c  ti_sysbios_heaps_HeapMem_A_invalidFree__C                   
20013d80  ti_sysbios_heaps_HeapMem_A_zeroBlock__C                     
20013d84  ti_sysbios_heaps_HeapMem_E_memory__C                        
20013d88  ti_sysbios_heaps_HeapMem_Module__diagsEnabled__C            
20013d8c  ti_sysbios_heaps_HeapMem_Module__diagsIncluded__C           
20013d90  ti_sysbios_heaps_HeapMem_Module__diagsMask__C               
20013d94  ti_sysbios_heaps_HeapMem_Module__gateObj__C                 
20013d98  ti_sysbios_heaps_HeapMem_Object__count__C                   
20013d9c  ti_sysbios_heaps_HeapMem_reqAlign__C                        
20013da0  ti_sysbios_knl_Clock_LM_begin__C                            
20013da4  ti_sysbios_knl_Clock_LM_tick__C                             
20013da8  ti_sysbios_knl_Clock_LW_delayed__C                          
20013dac  ti_sysbios_knl_Clock_Module_State_clockQ__O                 
20013db0  ti_sysbios_knl_Clock_Module__diagsEnabled__C                
20013db4  ti_sysbios_knl_Clock_Module__diagsIncluded__C               
20013db8  ti_sysbios_knl_Clock_Module__diagsMask__C                   
20013dbc  ti_sysbios_knl_Clock_Module__loggerFxn1__C                  
20013dc0  ti_sysbios_knl_Clock_Module__loggerFxn2__C                  
20013dc4  ti_sysbios_knl_Clock_Module__loggerObj__C                   
20013dc8  ti_sysbios_knl_Clock_tickPeriod__C                          
20013dcc  ti_sysbios_knl_Idle_funcList__A                             
20013dd0  ti_sysbios_knl_Mailbox_A_invalidBufSize__C                  
20013dd4  ti_sysbios_knl_Mailbox_Instance_State_dataQue__O            
20013dd8  ti_sysbios_knl_Mailbox_Instance_State_dataSem__O            
20013ddc  ti_sysbios_knl_Mailbox_Instance_State_freeQue__O            
20013de0  ti_sysbios_knl_Mailbox_Instance_State_freeSem__O            
20013de4  ti_sysbios_knl_Mailbox_Module__diagsEnabled__C              
20013de8  ti_sysbios_knl_Mailbox_Module__diagsIncluded__C             
20013dec  ti_sysbios_knl_Mailbox_Module__diagsMask__C                 
20013df0  ti_sysbios_knl_Mailbox_Object__count__C                     
20013df4  ti_sysbios_knl_Mailbox_maxTypeAlign__C                      
20013df8  ti_sysbios_knl_Semaphore_A_badContext__C                    
20013dfc  ti_sysbios_knl_Semaphore_A_noEvents__C                      
20013e00  ti_sysbios_knl_Semaphore_A_overflow__C                      
20013e04  ti_sysbios_knl_Semaphore_A_pendTaskDisabled__C              
20013e08  ti_sysbios_knl_Semaphore_Instance_State_pendQ__O            
20013e0c  ti_sysbios_knl_Semaphore_LM_pend__C                         
20013e10  ti_sysbios_knl_Semaphore_LM_post__C                         
20013e14  ti_sysbios_knl_Semaphore_Module__diagsEnabled__C            
20013e18  ti_sysbios_knl_Semaphore_Module__diagsIncluded__C           
20013e1c  ti_sysbios_knl_Semaphore_Module__diagsMask__C               
20013e20  ti_sysbios_knl_Semaphore_Module__loggerFxn2__C              
20013e24  ti_sysbios_knl_Semaphore_Module__loggerFxn4__C              
20013e28  ti_sysbios_knl_Semaphore_Module__loggerObj__C               
20013e2c  ti_sysbios_knl_Swi_LD_end__C                                
20013e30  ti_sysbios_knl_Swi_LM_begin__C                              
20013e34  ti_sysbios_knl_Swi_LM_post__C                               
20013e38  ti_sysbios_knl_Swi_Module__diagsEnabled__C                  
20013e3c  ti_sysbios_knl_Swi_Module__diagsIncluded__C                 
20013e40  ti_sysbios_knl_Swi_Module__diagsMask__C                     
20013e44  ti_sysbios_knl_Swi_Module__loggerFxn1__C                    
20013e48  ti_sysbios_knl_Swi_Module__loggerFxn4__C                    
20013e4c  ti_sysbios_knl_Swi_Module__loggerObj__C                     
20013e50  ti_sysbios_knl_Swi_Object__count__C                         
20013e54  ti_sysbios_knl_Task_A_badPriority__C                        
20013e58  ti_sysbios_knl_Task_A_badTaskState__C                       
20013e5c  ti_sysbios_knl_Task_A_badThreadType__C                      
20013e60  ti_sysbios_knl_Task_A_badTimeout__C                         
20013e64  ti_sysbios_knl_Task_A_noPendElem__C                         
20013e68  ti_sysbios_knl_Task_A_sleepTaskDisabled__C                  
20013e6c  ti_sysbios_knl_Task_E_spOutOfBounds__C                      
20013e70  ti_sysbios_knl_Task_E_stackOverflow__C                      
20013e74  ti_sysbios_knl_Task_LD_block__C                             
20013e78  ti_sysbios_knl_Task_LD_exit__C                              
20013e7c  ti_sysbios_knl_Task_LD_ready__C                             
20013e80  ti_sysbios_knl_Task_LM_sleep__C                             
20013e84  ti_sysbios_knl_Task_LM_switch__C                            
20013e88  ti_sysbios_knl_Task_LM_yield__C                             
20013e8c  ti_sysbios_knl_Task_Module_State_inactiveQ__O               
20013e90  ti_sysbios_knl_Task_Module__diagsEnabled__C                 
20013e94  ti_sysbios_knl_Task_Module__diagsIncluded__C                
20013e98  ti_sysbios_knl_Task_Module__diagsMask__C                    
20013e9c  ti_sysbios_knl_Task_Module__loggerFxn2__C                   
20013ea0  ti_sysbios_knl_Task_Module__loggerFxn4__C                   
20013ea4  ti_sysbios_knl_Task_Module__loggerObj__C                    
20013ea8  ti_sysbios_knl_Task_Object__count__C                        
20013eac  ti_sysbios_knl_Task_allBlockedFunc__C                       
20013eb0  ti_sysbios_knl_Task_defaultStackHeap__C                     
20013eb4  ti_sysbios_knl_Task_defaultStackSize__C                     
20013eb8  ti_sysbios_knl_Task_numConstructedTasks__C                  
20013ebc  xdc_runtime_Assert_E_assertFailed__C                        
20013ec0  xdc_runtime_Core_A_initializedParams__C                     
20013ec4  xdc_runtime_Core_Module__diagsEnabled__C                    
20013ec8  xdc_runtime_Core_Module__diagsIncluded__C                   
20013ecc  xdc_runtime_Core_Module__diagsMask__C                       
20013ed0  xdc_runtime_Error_E_memory__C                               
20013ed4  xdc_runtime_Error_Module__diagsEnabled__C                   
20013ed8  xdc_runtime_Error_Module__diagsIncluded__C                  
20013edc  xdc_runtime_Error_Module__diagsMask__C                      
20013ee0  xdc_runtime_Error_Module__loggerFxn8__C                     
20013ee4  xdc_runtime_Error_Module__loggerObj__C                      
20013ee8  xdc_runtime_Error_policyFxn__C                              
20013eec  xdc_runtime_Error_raiseHook__C                              
20013ef0  xdc_runtime_IFilterLogger_Interface__BASE__C                
20013ef4  xdc_runtime_IGateProvider_Interface__BASE__C                
20013ef8  xdc_runtime_IHeap_Interface__BASE__C                        
20013efc  xdc_runtime_ILogger_Interface__BASE__C                      
20013f00  xdc_runtime_IModule_Interface__BASE__C                      
20013f04  xdc_runtime_Log_L_error__C                                  
20013f08  xdc_runtime_LoggerBuf_E_badLevel__C                         
20013f0c  xdc_runtime_LoggerBuf_Module__gateObj__C                    
20013f10  xdc_runtime_LoggerBuf_Object__count__C                      
20013f14  xdc_runtime_LoggerBuf_statusLogger__C                       
20013f18  xdc_runtime_Memory_defaultHeapInstance__C                   
20013f1c  xdc_runtime_Startup_execImpl__C                             
20013f20  xdc_runtime_Startup_maxPasses__C                            
20013f24  xdc_runtime_Startup_sfxnRts__C                              
20013f28  xdc_runtime_Startup_sfxnTab__C                              
20013f2c  xdc_runtime_SysMin_bufSize__C                               
20013f30  xdc_runtime_SysMin_outputFunc__C                            
20013f34  xdc_runtime_System_Module__gateObj__C                       
20013f38  xdc_runtime_System_abortFxn__C                              
20013f3c  xdc_runtime_System_exitFxn__C                               
20013f40  xdc_runtime_System_extendFxn__C                             
20013f44  xdc_runtime_System_maxAtexitHandlers__C                     
20013f48  xdc_runtime_Text_charTab__C                                 
20013f4c  xdc_runtime_Text_nameEmpty__C                               
20013f50  xdc_runtime_Text_nameStatic__C                              
20013f54  xdc_runtime_Text_nameUnknown__C                             
20013f58  xdc_runtime_Text_nodeTab__C                                 
20013f5c  xdc_runtime_Text_visitRopeFxn__C                            
20013f60  ti_sysbios_family_arm_m3_Timer_Module__id__C                
20013f62  ti_sysbios_family_arm_m3_TimestampProvider_configTimer__C   
20013f64  ti_sysbios_gates_GateMutex_Module__id__C                    
20013f66  ti_sysbios_hal_Hwi_Module__id__C                            
20013f68  ti_sysbios_heaps_HeapMem_Module__id__C                      
20013f6a  ti_sysbios_knl_Clock_Module__id__C                          
20013f6c  ti_sysbios_knl_Clock_Module__loggerDefined__C               
20013f6e  ti_sysbios_knl_Mailbox_Module__id__C                        
20013f70  ti_sysbios_knl_Semaphore_Module__id__C                      
20013f72  ti_sysbios_knl_Semaphore_Module__loggerDefined__C           
20013f74  ti_sysbios_knl_Swi_Module__id__C                            
20013f76  ti_sysbios_knl_Swi_Module__loggerDefined__C                 
20013f78  ti_sysbios_knl_Task_Module__id__C                           
20013f7a  ti_sysbios_knl_Task_Module__loggerDefined__C                
20013f7c  xdc_runtime_Core_Module__id__C                              
20013f7e  xdc_runtime_Error_Module__loggerDefined__C                  
20013f80  xdc_runtime_Error_maxDepth__C                               
20013f82  xdc_runtime_LoggerBuf_Module__id__C                         
20013f84  xdc_runtime_LoggerBuf_filterByLevel__C                      
20013f86  xdc_runtime_Memory_Module__id__C                            
20013f88  xdc_runtime_SysMin_flushAtExit__C                           
20013f8a  xdc_runtime_Text_charCnt__C                                 
20013f8c  xdc_runtime_Text_isLoaded__C                                
20013f8e  xdc_runtime_Text_registryModsLastId__C                      
20013f90  xdc_runtime_Text_unnamedModsLastId__C                       
20013f98  __TI_static_base__                                          
2001429c  __TI_Handler_Table_Base                                     
200142a4  __TI_CINIT_Base                                             
200142a4  __TI_Handler_Table_Limit                                    
200142b4  __TI_CINIT_Limit                                            
20018000  ti_sysbios_heaps_HeapMem_Instance_State_0_buf__A            
20020000  ti_sysbios_knl_Task_Instance_State_0_stack__A               
20020800  xdc_runtime_LoggerBuf_Instance_State_0_entryArr__A          
20020c00  xdc_runtime_SysMin_Module_State_0_outbuf__A                 
20021000  ti_sysbios_family_arm_m3_Hwi_dispatchTable                  
20021484  __CIOBUF_                                                   
200215a4  g_ucDinDout                                                 
200215f4  g_ucConnectionSSID                                          
20021620  g_ucConnectionBSSID                                         
2002162c  DMAMsgQ                                                     
20021630  SimpleLinkSpawnTaskHndl                                     
20021634  _ZSt16__dummy_typeinfo                                      
20021638  g_cDummy                                                    
2002163c  simpleLink_mailbox                                          
20021640  RxIrqCnt                                                    
20021641  g_bDeviceRestartIsRequired                                  
20021642  g_ucLED1Pin                                                 
20021643  g_ucLED2Pin                                                 
20021644  g_ucLED3Pin                                                 
20021648  ti_sysbios_knl_Swi_Module_State_0_readyQ__A                 
200216c8  ti_sysbios_knl_Task_Module_State_0_readyQ__A                
20021748  ti_sysbios_knl_Task_Object__table__V                        
20021794  ti_sysbios_knl_Task_Module__state__V                        
200217d8  ti_sysbios_gates_GateMutex_Object__table__V                 
20021810  ti_sysbios_family_arm_m3_Hwi_Module__state__V               
20021844  ti_sysbios_family_arm_m3_Timer_Object__table__V             
20021874  ti_sysbios_knl_Swi_Object__table__V                         
200218a4  ti_sysbios_knl_Clock_Module__state__V                       
200218d0  ti_sysbios_BIOS_Module__state__V                            
200218f4  xdc_runtime_LoggerBuf_Object__table__V                      
20021918  ti_sysbios_knl_Swi_Module__state__V                         
20021934  ti_sysbios_family_arm_m3_Hwi_Object__table__V               
2002194c  ti_sysbios_heaps_HeapMem_Object__table__V                   
20021978  xdc_runtime_System_Module_State_0_atexitHandlers__A         
2002198c  g_pCB                                                       
20021990  pPingCallBackFunc                                           
20021996  ti_sysbios_family_arm_m3_Hwi_Module_State_0_excActive__A    
20021998  __TI_cleanup_ptr                                            
2002199c  __TI_dtors_ptr                                              
200219a0  __TI_enable_exit_profile_output                             
200219a4  g_uiLED1Port                                                
200219a8  g_uiLED2Port                                                
200219ac  g_uiLED3Port                                                
200219b0  g_ulStatus                                                  
200219b4  g_ulPingPacketsRecv                                         
200219b8  g_ulGatewayIP                                               
200219bc  ti_sysbios_family_arm_m3_Timer_Module__state__V             
200219c8  xdc_runtime_SysMin_Module__state__V                         
200219d4  g_SpiFd                                                     
200219d8  g_pHostIntHdl                                               
200219dc  g_ucDMAEnabled                                              
200219de  xdc_runtime_Error_Module__state__V                          
200219e0  _lock                                                       
200219e4  _unlock                                                     
200219e8  ti_sysbios_family_arm_m3_Hwi_Module__root__V                
200219f0  ti_sysbios_gates_GateHwi_Module__root__V                    
200219f8  ti_sysbios_gates_GateMutex_Module__root__V                  
20021a00  ti_sysbios_heaps_HeapMem_Module__root__V                    
20021a08  ti_sysbios_knl_Mailbox_Module__root__V                      
20021a10  ti_sysbios_knl_Queue_Module__root__V                        
20021a18  ti_sysbios_knl_Semaphore_Module__root__V                    
20021a20  ti_sysbios_knl_Task_Module__root__V                         
20021a28  xdc_runtime_LoggerBuf_Module__root__V                       
20021a30  xdc_runtime_Registry_Module__state__V                       
20021a38  xdc_runtime_Startup_Module__state__V                        
20021a40  xdc_runtime_System_Module__state__V                         
20021a48  xdc_runtime_LoggerBuf_Module__state__V                      
20021a50  errno                                                       
20021a54  main_func_sp                                                
20021a58  ti_sysbios_family_arm_m3_Hwi_Module_State_0_excContext__A   
20021a5c  ti_sysbios_family_arm_m3_Hwi_Module_State_0_excStack__A     
20021a60  ti_sysbios_family_arm_m3_TimestampProvider_Module__state__V 
20021a64  ti_sysbios_gates_GateHwi_Object__table__V                   
20021a68  ti_sysbios_knl_Task_Module_State_0_idleTask__A              
20021a6c  xdc_runtime_Memory_Module__state__V                         
2002e000  __stack                                                     
20030000  __STACK_END                                                 
e000e000  ti_sysbios_family_arm_m3_Hwi_nvic                           
ffffffff  __TI_pprof_out_hndl                                         
ffffffff  __TI_prof_data_size                                         
ffffffff  __TI_prof_data_start                                        
ffffffff  __binit__                                                   
ffffffff  __c_args__                                                  
ffffffff  binit                                                       
UNDEFED   SHT$$INIT_ARRAY$$Base                                       
UNDEFED   SHT$$INIT_ARRAY$$Limit                                      

[931 symbols]
