******************************************************************************
                  TI ARM Linker PC v15.12.3                    
******************************************************************************
>> Linked Wed Aug 24 11:42:18 2016

OUTPUT FILE NAME:   <tcp_socket.out>
ENTRY POINT SYMBOL: "_c_int00"  address: 2000c24d


MEMORY CONFIGURATION

         name            origin    length      used     unused   attr    fill
----------------------  --------  ---------  --------  --------  ----  --------
  SRAM_CODE             20004000   00013000  00009293  00009d6d  RW X
  SRAM_DATA             20017000   00019000  00001d14  000172ec  RW X


SEGMENT ALLOCATION MAP

run origin  load origin   length   init length attrs members
----------  ----------- ---------- ----------- ----- -------
20004000    20004000    0000929c   0000929c    r-x
  20004000    20004000    00000400   00000400    r-- .intvecs
  20004400    20004400    00008816   00008816    r-x .text
  2000cc18    2000cc18    00000619   00000619    r-- .const
  2000d238    2000d238    00000064   00000064    r-- .cinit
20017000    20017000    00001518   00000000    rw-
  20017000    20017000    00000c74   00000000    rw- .bss
  20017c78    20017c78    00000800   00000000    rw- .sysmem
  20018478    20018478    000000a0   00000000    rw- .data
2002f800    2002f800    00000800   00000000    rw-
  2002f800    2002f800    00000800   00000000    rw- .stack


SECTION ALLOCATION MAP

 output                                  attributes/
section   page    origin      length       input sections
--------  ----  ----------  ----------   ----------------
.intvecs   0    20004000    00000400     
                  20004000    00000400     startup_ccs.obj (.intvecs)

.init_array 
*          0    20004000    00000000     UNINITIALIZED

.text      0    20004400    00008816     
                  20004400    0000156c     main.obj (.text)
                  2000596c    000010fc     rtsv7M4_T_le_eabi.lib : _printfi.obj (.text)
                  20006a68    00000590     simplelink.a : driver.obj (.text:_SlDrvMsgRead)
                  20006ff8    000003dc     rtsv7M4_T_le_eabi.lib : memory.obj (.text)
                  200073d4    00000280     uart_if.obj (.text)
                  20007654    00000260     simplelink.a : wlan.obj (.text:sl_WlanConnect)
                  200078b4    000001fc                  : driver.obj (.text:_SlDrvRxHdrRead)
                  20007ab0    000001f4     rtsv7M4_T_le_eabi.lib : ull_div_t2.obj (.text)
                  20007ca4    000001e4     simplelink.a : driver.obj (.text:_SlDrvDataReadOp)
                  20007e88    000001d0                  : driver.obj (.text:_SlDrvReleasePoolObj)
                  20008058    000001cc     udma_if.obj (.text)
                  20008224    000001b6     rtsv7M4_T_le_eabi.lib : fd_add_t2.obj (.text)
                  200083da    00000002     driverlib.a : interrupt.obj (.text:IntDefaultHandler)
                  200083dc    000001b4     simplelink.a : driver.obj (.text:_SlDrvDriverCBInit)
                  20008590    000001a0                  : socket.obj (.text:sl_Accept)
                  20008730    0000019c                  : driver.obj (.text:_SlDrvMsgWrite)
                  200088cc    00000190                  : driver.obj (.text:_SlDrvWaitForPoolObj)
                  20008a5c    00000178     driverlib.a : prcm.obj (.text:PRCMCC3200MCUInit)
                  20008bd4    00000170     simplelink.a : driver.obj (.text:_SlFindAndSetActiveObj)
                  20008d44    0000016c                  : socket.obj (.text:sl_Connect)
                  20008eb0    00000150                  : driver.obj (.text:_SlDrvDataWriteOp)
                  20009000    00000148                  : cc_pal.obj (.text:spi_Open)
                  20009148    00000136     rtsv7M4_T_le_eabi.lib : fd_div_t2.obj (.text)
                  2000927e    00000002                           : mpu_init.obj (.text)
                  20009280    00000128     simplelink.a : driver.obj (.text:_SlDrvMsgReadCmdCtx)
                  200093a8    00000124                  : driver.obj (.text:_SlDrvDriverCBDeinit)
                  200094cc    00000118                  : socket.obj (.text:sl_Send)
                  200095e4    00000114     rtsv7M4_T_le_eabi.lib : strtoul.obj (.text)
                  200096f8    00000104     simplelink.a : netapp.obj (.text:_SlDrvNetAppEventHandler)
                  200097fc    000000fc     rtsv7M4_T_le_eabi.lib : fd_mul_t2.obj (.text)
                  200098f8    000000f0     simplelink.a : cc_pal.obj (.text:spi_Read)
                  200099e8    000000f0     driverlib.a : udma.obj (.text:uDMAChannelTransferSet)
                  20009ad8    000000e8     simplelink.a : driver.obj (.text:_SlAsyncEventGenericHandler)
                  20009bc0    000000e4                  : device.obj (.text:sl_Stop)
                  20009ca4    000000e0                  : device.obj (.text:sl_Start)
                  20009d84    000000dc                  : driver.obj (.text:_SlDrvClassifyRxMsg)
                  20009e60    000000d4                  : driver.obj (.text:_SlDrvMsgReadSpawnCtx)
                  20009f34    000000d0     rtsv7M4_T_le_eabi.lib : s_scalbn.obj (.text)
                  2000a004    000000cc     simplelink.a : netapp.obj (.text:_sl_HandleAsync_DnsGetHostByService)
                  2000a0d0    000000c8                  : netapp.obj (.text:sl_NetAppMDNSRegisterUnregisterService)
                  2000a198    000000c4                  : driver.obj (.text:_SlRemoveFromList)
                  2000a25c    000000c0                  : driver.obj (.text:_SlDrvCmdOp)
                  2000a31c    000000b4                  : device.obj (.text:sl_DevGet)
                  2000a3d0    000000a8     driverlib.a : interrupt.obj (.text:IntDisable)
                  2000a478    000000a8                 : interrupt.obj (.text:IntEnable)
                  2000a520    000000a4     simplelink.a : driver.obj (.text:_SlDriverHandleError)
                  2000a5c4    000000a0     driverlib.a : spi.obj (.text:SPIConfigSetExpClk)
                  2000a664    0000009c     rtsv7M4_T_le_eabi.lib : memcpy_t2.obj (.text)
                  2000a700    0000009c     simplelink.a : socket.obj (.text:sl_Bind)
                  2000a79c    0000009a                  : device.obj (.text:_SlDrvDeviceEventHandler)
                  2000a836    00000002     rtsv7M4_T_le_eabi.lib : startup.obj (.text)
                  2000a838    00000098     simplelink.a : cc_pal.obj (.text:spi_Write)
                  2000a8d0    00000094     driverlib.a : prcm.obj (.text:PRCMPeripheralClockGet)
                  2000a964    00000090     simplelink.a : netapp.obj (.text:_sl_HandleAsync_DnsGetHostByName)
                  2000a9f4    00000090                  : netapp.obj (.text:_sl_HandleAsync_PingResponse)
                  2000aa84    0000008c                  : cc_pal.obj (.text:SetupDMAReceive)
                  2000ab10    0000008c                  : cc_pal.obj (.text:SetupDMASend)
                  2000ab9c    00000088     driverlib.a : pin.obj (.text:PinConfigSet)
                  2000ac24    00000088     rtsv7M4_T_le_eabi.lib : vsnprintf.obj (.text)
                  2000acac    00000088     simplelink.a : socket.obj (.text:sl_Recv)
                  2000ad34    00000086     rtsv7M4_T_le_eabi.lib : fd_cmp_t2.obj (.text:__aeabi_cdcmple)
                  2000adba    00000086                           : fd_cmp_t2.obj (.text:__aeabi_cdrcmple)
                  2000ae40    00000080     simplelink.a : socket.obj (.text:_sl_HandleAsync_Connect)
                  2000aec0    00000080                  : device.obj (.text:_sl_HandleAsync_InitComplete)
                  2000af40    00000080                  : cc_pal.obj (.text:spi_Read_CPU)
                  2000afc0    00000080                  : cc_pal.obj (.text:spi_Write_CPU)
                  2000b040    0000007c                  : netcfg.obj (.text:sl_NetCfgSet)
                  2000b0bc    0000007c                  : socket.obj (.text:sl_SetSockOpt)
                  2000b138    0000007c                  : wlan.obj (.text:sl_WlanSet)
                  2000b1b4    0000007a     rtsv7M4_T_le_eabi.lib : memset_t2.obj (.text)
                  2000b22e    00000002     --HOLE-- [fill = 0]
                  2000b230    00000078     simplelink.a : nonos.obj (.text:_SlNonOsSemGet)
                  2000b2a8    00000078                  : wlan.obj (.text:sl_WlanPolicySet)
                  2000b320    00000078                  : cc_pal.obj (.text:spi_Close)
                  2000b398    00000076     driverlib.a : uart.obj (.text:UARTConfigSetExpClk)
                  2000b40e    00000002     --HOLE-- [fill = 0]
                  2000b410    00000074     simplelink.a : nonos.obj (.text:_SlNonOsMainLoopTask)
                  2000b484    00000070     rtsv7M4_T_le_eabi.lib : autoinit.obj (.text)
                  2000b4f4    00000070     simplelink.a : socket.obj (.text:sl_Socket)
                  2000b564    0000006c                  : driver.obj (.text:_SlDrvCmdSend)
                  2000b5d0    0000006c                  : netapp.obj (.text:_sl_NetAppSendTokenValue)
                  2000b63c    0000006c                  : wlan.obj (.text:sl_WlanRxFilterSet)
                  2000b6a8    0000006a     rtsv7M4_T_le_eabi.lib : copy_decompress_rle.obj (.text)
                  2000b712    00000002     --HOLE-- [fill = 0]
                  2000b714    00000064     simplelink.a : nonos.obj (.text:_SlNonOsSpawn)
                  2000b778    00000064                  : socket.obj (.text:_sl_HandleAsync_Accept)
                  2000b7dc    00000064     driverlib.a : udma.obj (.text:uDMAChannelAttributeDisable)
                  2000b840    00000064                 : udma.obj (.text:uDMAChannelAttributeEnable)
                  2000b8a4    0000005c     rtsv7M4_T_le_eabi.lib : s_frexp.obj (.text)
                  2000b900    00000058     driverlib.a : interrupt.obj (.text:IntPendClear)
                  2000b958    00000058                 : prcm.obj (.text:PRCMPeripheralReset)
                  2000b9b0    00000056     rtsv7M4_T_le_eabi.lib : ltoa.obj (.text)
                  2000ba06    00000002     --HOLE-- [fill = 0]
                  2000ba08    00000054     driverlib.a : interrupt.obj (.text:IntPrioritySet)
                  2000ba5c    00000054     simplelink.a : driver.obj (.text:_SlDrvRxIrqHandler)
                  2000bab0    00000054                  : socket.obj (.text:_sl_HandleAsync_Select)
                  2000bb04    00000054     rtsv7M4_T_le_eabi.lib : exit.obj (.text)
                  2000bb58    00000050     simplelink.a : device.obj (.text:_sl_HandleAsync_Stop)
                  2000bba8    00000050                  : socket.obj (.text:sl_Listen)
                  2000bbf8    0000004c     driverlib.a : spi.obj (.text:SPIIntEnable)
                  2000bc44    0000004c                 : spi.obj (.text:SPIIntNumberGet)
                  2000bc90    0000004c     simplelink.a : driver.obj (.text:_SlDrvProtectAsyncRespSetting)
                  2000bcdc    0000004c                  : socket.obj (.text:_sl_BuildAddress)
                  2000bd28    0000004c     rtsv7M4_T_le_eabi.lib : atoi.obj (.text)
                  2000bd74    0000004c                           : cpy_tbl.obj (.text)
                  2000bdc0    0000004c     driverlib.a : udma.obj (.text:uDMAChannelAssign)
                  2000be0c    00000048                 : spi.obj (.text:SPIIntClear)
                  2000be54    00000048     simplelink.a : driver.obj (.text:_SlDrvBasicCmd)
                  2000be9c    00000048     rtsv7M4_T_le_eabi.lib : fd_toi_t2.obj (.text)
                  2000bee4    00000048     simplelink.a : netapp.obj (.text:sl_NetAppMDNSUnRegisterService)
                  2000bf2c    00000044     driverlib.a : spi.obj (.text:SPIDmaMaskGet)
                  2000bf70    00000044     simplelink.a : driver.obj (.text:_SlDrvHandleHttpServerEvents)
                  2000bfb4    00000044                  : driver.obj (.text:_SlDrvSyncObjWaitTimeout)
                  2000bff8    00000044                  : cc_pal.obj (.text:cc_SetupTransfer)
                  2000c03c    00000044                  : socket.obj (.text:sl_Close)
                  2000c080    00000044                  : wlan.obj (.text:sl_WlanProfileDel)
                  2000c0c4    00000044                  : wlan.obj (.text:sl_WlanSetMode)
                  2000c108    00000042                  : socket.obj (.text:sl_Htonl)
                  2000c14a    00000002     --HOLE-- [fill = 0]
                  2000c14c    00000040     driverlib.a : pin.obj (.text:PinModeSet)
                  2000c18c    00000040     simplelink.a : driver.obj (.text:_SlDrvHandleNetAppEvents)
                  2000c1cc    00000040                  : driver.obj (.text:_SlDrvHandleWlanEvents)
                  2000c20c    00000040                  : socket.obj (.text:_sl_TruncatePayloadByProtocol)
                  2000c24c    00000040     rtsv7M4_T_le_eabi.lib : boot.obj (.text)
                  2000c28c    00000040                           : strtok.obj (.text)
                  2000c2cc    0000003e     simplelink.a : cc_pal.obj (.text:NwpRegisterInterruptHandler)
                  2000c30a    0000003c                  : netapp.obj (.text:CopyPingResultsToReport)
                  2000c346    00000002     --HOLE-- [fill = 0]
                  2000c348    0000003c     driverlib.a : prcm.obj (.text:PRCMPeripheralClkEnable)
                  2000c384    0000003c     simplelink.a : socket.obj (.text:sl_Htons)
                  2000c3c0    0000003c     driverlib.a : udma.obj (.text:uDMAChannelControlSet)
                  2000c3fc    00000038     simplelink.a : cc_pal.obj (.text:NwpPowerOff)
                  2000c434    00000034     driverlib.a : prcm.obj (.text:PRCMPeripheralStatusGet)
                  2000c468    00000034                 : spi.obj (.text:SPIFIFOLevelSet)
                  2000c49c    00000030                 : uart.obj (.text:UARTDisable)
                  2000c4cc    0000002e     rtsv7M4_T_le_eabi.lib : i_tofd_t2.obj (.text)
                  2000c4fa    00000002     --HOLE-- [fill = 0]
                  2000c4fc    0000002c     driverlib.a : prcm.obj (.text:PRCMSysResetCauseGet)
                  2000c528    0000002c     simplelink.a : driver.obj (.text:_SlDrvObjGlobalLockWaitForever)
                  2000c554    0000002c                  : driver.obj (.text:_SlDrvProtectionObjLockWaitForever)
                  2000c580    0000002a     rtsv7M4_T_le_eabi.lib : strspn.obj (.text)
                  2000c5aa    00000002     --HOLE-- [fill = 0]
                  2000c5ac    00000028     driverlib.a : prcm.obj (.text:PRCMPeripheralClkDisable)
                  2000c5d4    00000028     simplelink.a : driver.obj (.text:_SlDrvGlobalObjUnLock)
                  2000c5fc    00000028                  : driver.obj (.text:_SlDrvProtectionObjUnLock)
                  2000c624    00000028                  : driver.obj (.text:_SlDrvSyncObjWaitForever)
                  2000c64c    00000026     network_common.obj (.text)
                  2000c672    00000002     --HOLE-- [fill = 0]
                  2000c674    00000024     simplelink.a : cc_pal.obj (.text:DmaSpiSwIntHandler)
                  2000c698    00000024     driverlib.a : interrupt.obj (.text:IntUnregister)
                  2000c6bc    00000024                 : uart.obj (.text:UARTEnable)
                  2000c6e0    00000024     simplelink.a : driver.obj (.text:_SlDrvObjLockWaitForever)
                  2000c704    00000024     rtsv7M4_T_le_eabi.lib : memmov.obj (.text)
                  2000c728    00000024                           : strcspn.obj (.text)
                  2000c74c    00000022     driverlib.a : spi.obj (.text:SPIReset)
                  2000c76e    00000022                 : spi.obj (.text:SPIWordCountSet)
                  2000c790    00000020                 : interrupt.obj (.text:IntRegister)
                  2000c7b0    00000020     simplelink.a : cc_pal.obj (.text:NwpPowerOn)
                  2000c7d0    00000020                  : driver.obj (.text:_SlDrvObjUnLock)
                  2000c7f0    00000020                  : driver.obj (.text:_SlDrvSyncObjSignal)
                  2000c810    00000020                  : wlan.obj (.text:sl_WlanDisconnect)
                  2000c830    0000001e     driverlib.a : uart.obj (.text:UARTCharPut)
                  2000c84e    0000001e     simplelink.a : cc_pal.obj (.text:cc_UDMAChannelSelect)
                  2000c86c    0000001c     driverlib.a : uart.obj (.text:UARTCharGetNonBlocking)
                  2000c888    0000001c     pinmux.obj (.text)
                  2000c8a4    0000001c     rtsv7M4_T_le_eabi.lib : memccpy.obj (.text)
                  2000c8c0    0000001c     driverlib.a : udma.obj (.text:uDMAChannelDisable)
                  2000c8dc    0000001c                 : udma.obj (.text:uDMAChannelEnable)
                  2000c8f8    0000001c                 : udma.obj (.text:uDMAChannelRequest)
                  2000c914    0000001a                 : pin.obj (.text:PinTypeUART)
                  2000c92e    0000001a                 : spi.obj (.text:SPIDmaDisable)
                  2000c948    0000001a                 : spi.obj (.text:SPIDmaEnable)
                  2000c962    0000001a                 : spi.obj (.text:SPIFIFODisable)
                  2000c97c    0000001a                 : spi.obj (.text:SPIFIFOEnable)
                  2000c996    0000001a                 : spi.obj (.text:SPIIntUnregister)
                  2000c9b0    00000018                 : spi.obj (.text:SPICSDisable)
                  2000c9c8    00000018                 : spi.obj (.text:SPICSEnable)
                  2000c9e0    00000018                 : spi.obj (.text:SPIDisable)
                  2000c9f8    00000018                 : spi.obj (.text:SPIEnable)
                  2000ca10    00000018                 : uart.obj (.text:UARTCharsAvail)
                  2000ca28    00000018     simplelink.a : nonos.obj (.text:_SlNonOsSemSet)
                  2000ca40    00000018                  : device.obj (.text:_sl_GetStartResponseConvert)
                  2000ca58    00000018     rtsv7M4_T_le_eabi.lib : args_main.obj (.text)
                  2000ca70    00000016     driverlib.a : prcm.obj (.text:PRCMHIBRegRead)
                  2000ca86    00000016                 : prcm.obj (.text:PRCMHIBRegWrite)
                  2000ca9c    00000016                 : uart.obj (.text:UARTCharGet)
                  2000cab2    00000016     simplelink.a : driver.obj (.text:_SlDrvMemZero)
                  2000cac8    00000016     rtsv7M4_T_le_eabi.lib : strchr.obj (.text)
                  2000cade    00000016     driverlib.a : udma.obj (.text:uDMAIntRegister)
                  2000caf4    00000014                 : cpu.obj (.text:CPUcpsie)
                  2000cb08    00000014                 : interrupt.obj (.text:IntVTableBaseSet)
                  2000cb1c    00000014     rtsv7M4_T_le_eabi.lib : _lock.obj (.text)
                  2000cb30    00000014                           : strlen.obj (.text)
                  2000cb44    00000014     driverlib.a : udma.obj (.text:uDMAControlBaseSet)
                  2000cb58    00000014                 : udma.obj (.text:uDMAIntClear)
                  2000cb6c    00000012                 : udma.obj (.text:uDMAIntUnregister)
                  2000cb7e    00000010     simplelink.a : driver.obj (.text:_SlDrvDispatchHttpServerEvents)
                  2000cb8e    0000000e                  : driver.obj (.text:_SlDrvResetCmdExt)
                  2000cb9c    0000000e     rtsv7M4_T_le_eabi.lib : copy_decompress_none.obj (.text:decompress:none)
                  2000cbaa    0000000e     startup_ccs.obj (.text)
                  2000cbb8    0000000c     simplelink.a : cc_pal.obj (.text:NwpMaskInterrupt)
                  2000cbc4    0000000c                  : cc_pal.obj (.text:NwpUnMaskInterrupt)
                  2000cbd0    0000000c     driverlib.a : udma.obj (.text:uDMADisable)
                  2000cbdc    0000000c                 : udma.obj (.text:uDMAEnable)
                  2000cbe8    0000000c                 : udma.obj (.text:uDMAIntStatus)
                  2000cbf4    0000000a                 : interrupt.obj (.text:IntMasterEnable)
                  2000cbfe    00000008     rtsv7M4_T_le_eabi.lib : s_copysign.obj (.text)
                  2000cc06    00000006     driverlib.a : utils.obj (.text:UtilsDelay)
                  2000cc0c    00000006     rtsv7M4_T_le_eabi.lib : copy_decompress_rle.obj (.text:decompress:rle24)
                  2000cc12    00000004                           : pre_init.obj (.text)

.const     0    2000cc18    00000619     
                  2000cc18    00000101     rtsv7M4_T_le_eabi.lib : ctype.obj (.const:.string:_ctypes_)
                  2000cd19    00000003     --HOLE-- [fill = 0]
                  2000cd1c    00000100     driverlib.a : pin.obj (.const:g_ulPinToPadMap)
                  2000ce1c    000000d4                 : interrupt.obj (.const:g_pulRegs)
                  2000cef0    000000a8                 : prcm.obj (.const:PRCM_PeriphRegsList)
                  2000cf98    0000003c     simplelink.a : driver.obj (.const:OpcodeTranslateTable)
                  2000cfd4    0000003c                  : wlan.obj (.const)
                  2000d010    00000038                  : driver.obj (.const:_SlActionLookupTable)
                  2000d048    00000038                  : driver.obj (.const)
                  2000d080    00000034                  : socket.obj (.const)
                  2000d0b4    0000002c     main.obj (.const:$P$T1$2)
                  2000d0e0    00000028     simplelink.a : netapp.obj (.const)
                  2000d108    00000024     driverlib.a : spi.obj (.const:g_ppulSPIIntMap)
                  2000d12c    00000022     main.obj (.const:.string:$P$T0$1)
                  2000d14e    0000001c     simplelink.a : device.obj (.const)
                  2000d16a    00000002     --HOLE-- [fill = 0]
                  2000d16c    00000018     driverlib.a : interrupt.obj (.const:g_pulDisRegs)
                  2000d184    00000018                 : interrupt.obj (.const:g_pulEnRegs)
                  2000d19c    00000018                 : interrupt.obj (.const:g_pulUnpendRegs)
                  2000d1b4    00000018                 : spi.obj (.const:g_ulSPIDmaMaskMap)
                  2000d1cc    00000014     main.obj (.const:$P$T2$3)
                  2000d1e0    00000010     simplelink.a : socket.obj (.const:.string)
                  2000d1f0    0000000d     main.obj (.const:.string:$P$T3$4)
                  2000d1fd    0000000d     main.obj (.const:.string:$P$T4$5)
                  2000d20a    00000002     --HOLE-- [fill = 0]
                  2000d20c    0000000c     main.obj (.const:$P$T6$7)
                  2000d218    0000000c     main.obj (.const:.string:$P$T5$6)
                  2000d224    00000008     simplelink.a : netcfg.obj (.const)
                  2000d22c    00000005     main.obj (.const:.string:$P$T7$8)

.cinit     0    2000d238    00000064     
                  2000d238    0000003c     (.cinit..data.load) [load image, compression = rle]
                  2000d274    00000004     --HOLE-- [fill = 0]
                  2000d278    0000000b     (.cinit..bss.load) [load image, compression = rle]
                  2000d283    00000001     --HOLE-- [fill = 0]
                  2000d284    00000008     (__TI_handler_table)
                  2000d28c    00000010     (__TI_cinit_table)

.bss       0    20017000    00000c74     UNINITIALIZED
                  20017000    00000578     (.common:g_cBsdBuf)
                  20017578    00000168     simplelink.a : driver.obj (.bss:g_StatMem)
                  200176e0    00000100     (.common:gfpAppCallbackHndl)
                  200177e0    00000008     (.common:g_ucConnectionBSSID)
                  200177e8    00000004     uart_if.obj (.bss)
                  200177ec    00000001     (.common:RxIrqCnt)
                  200177ed    00000001     (.common:g_bDeviceRestartIsRequired)
                  200177ee    00000001     (.common:g_cDummy)
                  200177ef    00000001     (.common:iDone)
                  200177f0    00000010     --HOLE--
                  20017800    00000400     (.common:gpCtlTbl)
                  20017c00    00000050     simplelink.a : cc_pal.obj (.bss:g_ucDinDout)
                  20017c50    00000024     (.common:g_ucConnectionSSID)

.sysmem    0    20017c78    00000800     UNINITIALIZED
                  20017c78    00000008     rtsv7M4_T_le_eabi.lib : memory.obj (.sysmem)
                  20017c80    000007f8     --HOLE--

.data      0    20018478    000000a0     UNINITIALIZED
                  20018478    0000003c     simplelink.a : nonos.obj (.data:g__SlNonOsCB)
                  200184b4    0000001c     main.obj (.data)
                  200184d0    0000000d     simplelink.a : driver.obj (.data)
                  200184dd    00000003     --HOLE--
                  200184e0    0000000c     rtsv7M4_T_le_eabi.lib : exit.obj (.data:$O1$$)
                  200184ec    0000000c                           : memory.obj (.data:$O1$$)
                  200184f8    00000009     simplelink.a : cc_pal.obj (.data)
                  20018501    00000003     --HOLE--
                  20018504    00000008     rtsv7M4_T_le_eabi.lib : _lock.obj (.data:$O1$$)
                  2001850c    00000004                           : errno.obj (.data)
                  20018510    00000004                           : stkdepth_vars.obj (.data)
                  20018514    00000004                           : strtok.obj (.data)

.stack     0    2002f800    00000800     UNINITIALIZED
                  2002f800    00000800     --HOLE--

MODULE SUMMARY

       Module                     code    ro data   rw data
       ------                     ----    -------   -------
    .\
       main.obj                   5484    153       1472   
       udma_if.obj                460     0         1281   
       startup_ccs.obj            14      1024      0      
       uart_if.obj                640     0         4      
       network_common.obj         38      0         0      
       pinmux.obj                 28      0         0      
    +--+--------------------------+-------+---------+---------+
       Total:                     6664    1177      2757   
                                                           
    C:/TI/CC3200SDK_1.2.0/cc3200-sdk/driverlib/ccs/Release/driverlib.a
       prcm.obj                   852     168       0      
       interrupt.obj              608     284       0      
       spi.obj                    798     60        0      
       udma.obj                   776     0         0      
       pin.obj                    226     256       0      
       uart.obj                   306     0         0      
       cpu.obj                    20      0         0      
       utils.obj                  6       0         0      
    +--+--------------------------+-------+---------+---------+
       Total:                     3592    768       0      
                                                           
    C:/TI/CC3200SDK_1.2.0/cc3200-sdk/simplelink/ccs/NON_OS/simplelink.a
       driver.obj                 7600    172       375    
       socket.obj                 2314    68        0      
       cc_pal.obj                 1684    0         90     
       netapp.obj                 1192    40        0      
       wlan.obj                   1128    60        0      
       device.obj                 1018    28        0      
       nonos.obj                  360     0         60     
       netcfg.obj                 124     8         0      
    +--+--------------------------+-------+---------+---------+
       Total:                     15420   376       525    
                                                           
    C:\TI\ccsv6\tools\compiler\arm_15.12.3.LTS\lib\rtsv7M4_T_le_eabi.lib
       _printfi.obj               4348    0         0      
       memory.obj                 988     0         12     
       ull_div_t2.obj             500     0         0      
       fd_add_t2.obj              438     0         0      
       fd_div_t2.obj              310     0         0      
       strtoul.obj                276     0         0      
       fd_cmp_t2.obj              268     0         0      
       ctype.obj                  0       257       0      
       fd_mul_t2.obj              252     0         0      
       s_scalbn.obj               208     0         0      
       memcpy_t2.obj              156     0         0      
       vsnprintf.obj              136     0         0      
       memset_t2.obj              122     0         0      
       autoinit.obj               112     0         0      
       copy_decompress_rle.obj    112     0         0      
       exit.obj                   84      0         12     
       s_frexp.obj                92      0         0      
       ltoa.obj                   86      0         0      
       atoi.obj                   76      0         0      
       cpy_tbl.obj                76      0         0      
       fd_toi_t2.obj              72      0         0      
       strtok.obj                 64      0         4      
       boot.obj                   64      0         0      
       i_tofd_t2.obj              46      0         0      
       strspn.obj                 42      0         0      
       memmov.obj                 36      0         0      
       strcspn.obj                36      0         0      
       _lock.obj                  20      0         8      
       memccpy.obj                28      0         0      
       args_main.obj              24      0         0      
       strchr.obj                 22      0         0      
       strlen.obj                 20      0         0      
       copy_decompress_none.obj   14      0         0      
       s_copysign.obj             8       0         0      
       errno.obj                  0       0         4      
       pre_init.obj               4       0         0      
       stkdepth_vars.obj          0       0         4      
       mpu_init.obj               2       0         0      
       startup.obj                2       0         0      
    +--+--------------------------+-------+---------+---------+
       Total:                     9144    257       44     
                                                           
       Heap:                      0       0         2048   
       Stack:                     0       0         2048   
       Linker Generated:          0       95        0      
    +--+--------------------------+-------+---------+---------+
       Grand Total:               34820   2673      7422   


LINKER GENERATED COPY TABLES

__TI_cinit_table @ 2000d28c records: 2, size/record: 8, table size: 16
	.data: load addr=2000d238, load size=0000003c bytes, run addr=20018478, run size=000000a0 bytes, compression=rle
	.bss: load addr=2000d278, load size=0000000b bytes, run addr=20017000, run size=00000c74 bytes, compression=rle


LINKER GENERATED HANDLER TABLE

__TI_handler_table @ 2000d284 records: 2, size/record: 4, table size: 8
	index: 0, handler: __TI_decompress_rle24
	index: 1, handler: __TI_decompress_none


GLOBAL SYMBOLS: SORTED ALPHABETICALLY BY Name 

address   name                                  
-------   ----                                  
20005245  BsdTcpClient                          
20005399  BsdTcpServer                          
2000bb05  C$$EXIT                               
2000caf5  CPUcpsie                              
20007415  ClearTerm                             
2000806f  DmaErrorIntHandler                    
2000c675  DmaSpiSwIntHandler                    
20008059  DmaSwIntHandler                       
2000741f  Error                                 
20007457  GetCmd                                
200073d5  InitTerm                              
2000a3d1  IntDisable                            
2000a479  IntEnable                             
2000cbf5  IntMasterEnable                       
2000b901  IntPendClear                          
2000ba09  IntPrioritySet                        
2000c791  IntRegister                           
2000c699  IntUnregister                         
2000cb09  IntVTableBaseSet                      
20004c53  IpAddressParser                       
200073f3  Message                               
2000cbb9  NwpMaskInterrupt                      
2000c3fd  NwpPowerOff                           
2000c7b1  NwpPowerOn                            
2000c2cd  NwpRegisterInterruptHandler           
2000cbc5  NwpUnMaskInterrupt                    
2000cf98  OpcodeTranslateTable                  
20008a5d  PRCMCC3200MCUInit                     
2000ca71  PRCMHIBRegRead                        
2000ca87  PRCMHIBRegWrite                       
2000c5ad  PRCMPeripheralClkDisable              
2000c349  PRCMPeripheralClkEnable               
2000a8d1  PRCMPeripheralClockGet                
2000b959  PRCMPeripheralReset                   
2000c435  PRCMPeripheralStatusGet               
2000c4fd  PRCMSysResetCauseGet                  
2000ab9d  PinConfigSet                          
2000c14d  PinModeSet                            
2000c889  PinMuxConfig                          
2000c915  PinTypeUART                           
20007595  Report                                
2000cbab  ResetISR                              
200177ec  RxIrqCnt                              
UNDEFED   SHT$$INIT_ARRAY$$Base                 
UNDEFED   SHT$$INIT_ARRAY$$Limit                
2000c9b1  SPICSDisable                          
2000c9c9  SPICSEnable                           
2000a5c5  SPIConfigSetExpClk                    
2000c9e1  SPIDisable                            
2000c92f  SPIDmaDisable                         
2000c949  SPIDmaEnable                          
2000c9f9  SPIEnable                             
2000c963  SPIFIFODisable                        
2000c97d  SPIFIFOEnable                         
2000c469  SPIFIFOLevelSet                       
2000be0d  SPIIntClear                           
2000bbf9  SPIIntEnable                          
2000c997  SPIIntUnregister                      
2000c74d  SPIReset                              
2000c76f  SPIWordCountSet                       
200045dd  SimpleLinkGeneralEventHandler         
200045bd  SimpleLinkHttpServerCallback          
2000450f  SimpleLinkNetAppEventHandler          
20004601  SimpleLinkSockEventHandler            
20004401  SimpleLinkWlanEventHandler            
200074fd  TrimSpace                             
2000ca9d  UARTCharGet                           
2000c86d  UARTCharGetNonBlocking                
2000c831  UARTCharPut                           
2000ca11  UARTCharsAvail                        
2000b399  UARTConfigSetExpClk                   
2000c49d  UARTDisable                           
2000c6bd  UARTEnable                            
200080e3  UDMAChannelSelect                     
200081b7  UDMADeInit                            
2000807b  UDMAInit                              
20008111  UDMASetupAutoMemTransfer              
20008145  UDMASetupPingPongTransfer             
200081cb  UDMASetupTransfer                     
2000819f  UDMAStartTransfer                     
200081ab  UDMAStopTransfer                      
20004d39  UserInput                             
2000cc07  UtilsDelay                            
2000d010  _SlActionLookupTable                  
2000a521  _SlDriverHandleError                  
2000be55  _SlDrvBasicCmd                        
2000a25d  _SlDrvCmdOp                           
2000b565  _SlDrvCmdSend                         
20007ca5  _SlDrvDataReadOp                      
20008eb1  _SlDrvDataWriteOp                     
2000a79d  _SlDrvDeviceEventHandler              
2000cb7f  _SlDrvDispatchHttpServerEvents        
200093a9  _SlDrvDriverCBDeinit                  
200083dd  _SlDrvDriverCBInit                    
2000c5d5  _SlDrvGlobalObjUnLock                 
2000bf71  _SlDrvHandleHttpServerEvents          
2000c18d  _SlDrvHandleNetAppEvents              
2000c1cd  _SlDrvHandleWlanEvents                
2000cab3  _SlDrvMemZero                         
20009e61  _SlDrvMsgReadSpawnCtx                 
200096f9  _SlDrvNetAppEventHandler              
2000c6e1  _SlDrvObjLockWaitForever              
2000c7d1  _SlDrvObjUnLock                       
2000bc91  _SlDrvProtectAsyncRespSetting         
2000c555  _SlDrvProtectionObjLockWaitForever    
2000c5fd  _SlDrvProtectionObjUnLock             
20007e89  _SlDrvReleasePoolObj                  
2000cb8f  _SlDrvResetCmdExt                     
2000ba5d  _SlDrvRxIrqHandler                    
2000c7f1  _SlDrvSyncObjSignal                   
2000c625  _SlDrvSyncObjWaitForever              
2000bfb5  _SlDrvSyncObjWaitTimeout              
200088cd  _SlDrvWaitForPoolObj                  
2000d0fc  _SlNetAppSendTokenValueCmdCtrl        
2000b411  _SlNonOsMainLoopTask                  
2000b231  _SlNonOsSemGet                        
2000ca29  _SlNonOsSemSet                        
2000b715  _SlNonOsSpawn                         
20030000  __STACK_END                           
00000800  __STACK_SIZE                          
00000800  __SYSMEM_SIZE                         
2000d28c  __TI_CINIT_Base                       
2000d29c  __TI_CINIT_Limit                      
2000d284  __TI_Handler_Table_Base               
2000d28c  __TI_Handler_Table_Limit              
2000b485  __TI_auto_init                        
200184e0  __TI_cleanup_ptr                      
2000cb9d  __TI_decompress_none                  
2000cc0d  __TI_decompress_rle24                 
200184e4  __TI_dtors_ptr                        
200184e8  __TI_enable_exit_profile_output       
ffffffff  __TI_pprof_out_hndl                   
20006763  __TI_printfi                          
ffffffff  __TI_prof_data_size                   
ffffffff  __TI_prof_data_start                  
2000d238  __TI_static_base__                    
2000ad35  __aeabi_cdcmpeq                       
2000ad35  __aeabi_cdcmple                       
2000adbb  __aeabi_cdrcmple                      
2000be9d  __aeabi_d2iz                          
2000822f  __aeabi_dadd                          
20009149  __aeabi_ddiv                          
200097fd  __aeabi_dmul                          
20008225  __aeabi_dsub                          
2000c4cd  __aeabi_i2d                           
2000b1b5  __aeabi_memclr                        
2000b1b5  __aeabi_memclr4                       
2000b1b5  __aeabi_memclr8                       
2000a665  __aeabi_memcpy                        
2000a665  __aeabi_memcpy4                       
2000a665  __aeabi_memcpy8                       
2000b1b7  __aeabi_memset                        
2000b1b7  __aeabi_memset4                       
2000b1b7  __aeabi_memset8                       
20007ab1  __aeabi_uldivmod                      
ffffffff  __binit__                             
ffffffff  __c_args__                            
2000927f  __mpu_init                            
2002f800  __stack                               
2000ca59  _args_main                            
2000c24d  _c_int00                              
2000cc18  _ctypes_                              
20018504  _lock                                 
2000cb2b  _nop                                  
2000cb23  _register_lock                        
2000cb1d  _register_unlock                      
2000b779  _sl_HandleAsync_Accept                
2000ae41  _sl_HandleAsync_Connect               
2000a965  _sl_HandleAsync_DnsGetHostByName      
2000a005  _sl_HandleAsync_DnsGetHostByService   
2000aec1  _sl_HandleAsync_InitComplete          
2000a9f5  _sl_HandleAsync_PingResponse          
2000bab1  _sl_HandleAsync_Select                
2000bb59  _sl_HandleAsync_Stop                  
2000b5d1  _sl_NetAppSendTokenValue              
20017c78  _sys_memory                           
2000a837  _system_post_cinit                    
2000cc13  _system_pre_init                      
20018508  _unlock                               
2000bb09  abort                                 
2000bd29  atoi                                  
ffffffff  binit                                 
200073a1  calloc                                
2000bd75  copy_in                               
2000cbff  copysign                              
2000cbff  copysignl                             
2001850c  errno                                 
2000bb11  exit                                  
200070ef  free                                  
2000b8a5  frexp                                 
2000b8a5  frexpl                                
200184f8  g_SpiFd                               
20018478  g__SlNonOsCB                          
200177ed  g_bDeviceRestartIsRequired            
20017000  g_cBsdBuf                             
200177ee  g_cDummy                              
200184d4  g_pCB                                 
200184fc  g_pHostIntHdl                         
20004000  g_pfnVectors                          
200177e0  g_ucConnectionBSSID                   
20017c50  g_ucConnectionSSID                    
200184c8  g_ucConnectionStatus                  
20018500  g_ucDMAEnabled                        
20017c00  g_ucDinDout                           
200184c9  g_ucSimplelinkstarted                 
200184c0  g_uiPortNum                           
200184bc  g_ulDestinationIp                     
200184b8  g_ulGatewayIP                         
200184cc  g_ulIpAddr                            
200184c4  g_ulPacketCount                       
200184b4  g_ulStatus                            
200176e0  gfpAppCallbackHndl                    
20017800  gpCtlTbl                              
200177ef  iDone                                 
20009f35  ldexp                                 
20009f35  ldexpl                                
2000b9b1  ltoa                                  
200056a5  main                                  
20018510  main_func_sp                          
20007087  malloc                                
200072bd  memalign                              
2000c8a5  memccpy                               
2000a665  memcpy                                
2000c705  memmove                               
2000b1bd  memset                                
20006ff9  minit                                 
200184d8  pPingCallBackFunc                     
200071b1  realloc                               
20009f35  scalbn                                
20009f35  scalbnl                               
20008591  sl_Accept                             
2000a701  sl_Bind                               
2000c03d  sl_Close                              
20008d45  sl_Connect                            
2000a31d  sl_DevGet                             
2000c109  sl_Htonl                              
2000c385  sl_Htons                              
2000bba9  sl_Listen                             
2000a0d1  sl_NetAppMDNSRegisterUnregisterService
2000bee5  sl_NetAppMDNSUnRegisterService        
2000b041  sl_NetCfgSet                          
2000c64d  sl_Provisioning_HttpServerEventHdl    
2000c65b  sl_Provisioning_NetAppEventHdl        
2000c667  sl_Provisioning_WlanEventHdl          
2000acad  sl_Recv                               
200094cd  sl_Send                               
2000b0bd  sl_SetSockOpt                         
2000b4f5  sl_Socket                             
20009ca5  sl_Start                              
20009bc1  sl_Stop                               
20007655  sl_WlanConnect                        
2000c811  sl_WlanDisconnect                     
2000b2a9  sl_WlanPolicySet                      
2000c081  sl_WlanProfileDel                     
2000b63d  sl_WlanRxFilterSet                    
2000b139  sl_WlanSet                            
2000c0c5  sl_WlanSetMode                        
2000b321  spi_Close                             
20009001  spi_Open                              
200098f9  spi_Read                              
2000a839  spi_Write                             
2000cac9  strchr                                
2000c729  strcspn                               
2000cb31  strlen                                
2000c581  strspn                                
2000c28d  strtok                                
200095e5  strtoul                               
2000bdc1  uDMAChannelAssign                     
2000b7dd  uDMAChannelAttributeDisable           
2000b841  uDMAChannelAttributeEnable            
2000c3c1  uDMAChannelControlSet                 
2000c8c1  uDMAChannelDisable                    
2000c8dd  uDMAChannelEnable                     
2000c8f9  uDMAChannelRequest                    
200099e9  uDMAChannelTransferSet                
2000cb45  uDMAControlBaseSet                    
2000cbd1  uDMADisable                           
2000cbdd  uDMAEnable                            
2000cb59  uDMAIntClear                          
2000cadf  uDMAIntRegister                       
2000cbe9  uDMAIntStatus                         
2000cb6d  uDMAIntUnregister                     
2000ac25  vsnprintf                             


GLOBAL SYMBOLS: SORTED BY Symbol Address 

address   name                                  
-------   ----                                  
00000800  __STACK_SIZE                          
00000800  __SYSMEM_SIZE                         
20004000  g_pfnVectors                          
20004401  SimpleLinkWlanEventHandler            
2000450f  SimpleLinkNetAppEventHandler          
200045bd  SimpleLinkHttpServerCallback          
200045dd  SimpleLinkGeneralEventHandler         
20004601  SimpleLinkSockEventHandler            
20004c53  IpAddressParser                       
20004d39  UserInput                             
20005245  BsdTcpClient                          
20005399  BsdTcpServer                          
200056a5  main                                  
20006763  __TI_printfi                          
20006ff9  minit                                 
20007087  malloc                                
200070ef  free                                  
200071b1  realloc                               
200072bd  memalign                              
200073a1  calloc                                
200073d5  InitTerm                              
200073f3  Message                               
20007415  ClearTerm                             
2000741f  Error                                 
20007457  GetCmd                                
200074fd  TrimSpace                             
20007595  Report                                
20007655  sl_WlanConnect                        
20007ab1  __aeabi_uldivmod                      
20007ca5  _SlDrvDataReadOp                      
20007e89  _SlDrvReleasePoolObj                  
20008059  DmaSwIntHandler                       
2000806f  DmaErrorIntHandler                    
2000807b  UDMAInit                              
200080e3  UDMAChannelSelect                     
20008111  UDMASetupAutoMemTransfer              
20008145  UDMASetupPingPongTransfer             
2000819f  UDMAStartTransfer                     
200081ab  UDMAStopTransfer                      
200081b7  UDMADeInit                            
200081cb  UDMASetupTransfer                     
20008225  __aeabi_dsub                          
2000822f  __aeabi_dadd                          
200083dd  _SlDrvDriverCBInit                    
20008591  sl_Accept                             
200088cd  _SlDrvWaitForPoolObj                  
20008a5d  PRCMCC3200MCUInit                     
20008d45  sl_Connect                            
20008eb1  _SlDrvDataWriteOp                     
20009001  spi_Open                              
20009149  __aeabi_ddiv                          
2000927f  __mpu_init                            
200093a9  _SlDrvDriverCBDeinit                  
200094cd  sl_Send                               
200095e5  strtoul                               
200096f9  _SlDrvNetAppEventHandler              
200097fd  __aeabi_dmul                          
200098f9  spi_Read                              
200099e9  uDMAChannelTransferSet                
20009bc1  sl_Stop                               
20009ca5  sl_Start                              
20009e61  _SlDrvMsgReadSpawnCtx                 
20009f35  ldexp                                 
20009f35  ldexpl                                
20009f35  scalbn                                
20009f35  scalbnl                               
2000a005  _sl_HandleAsync_DnsGetHostByService   
2000a0d1  sl_NetAppMDNSRegisterUnregisterService
2000a25d  _SlDrvCmdOp                           
2000a31d  sl_DevGet                             
2000a3d1  IntDisable                            
2000a479  IntEnable                             
2000a521  _SlDriverHandleError                  
2000a5c5  SPIConfigSetExpClk                    
2000a665  __aeabi_memcpy                        
2000a665  __aeabi_memcpy4                       
2000a665  __aeabi_memcpy8                       
2000a665  memcpy                                
2000a701  sl_Bind                               
2000a79d  _SlDrvDeviceEventHandler              
2000a837  _system_post_cinit                    
2000a839  spi_Write                             
2000a8d1  PRCMPeripheralClockGet                
2000a965  _sl_HandleAsync_DnsGetHostByName      
2000a9f5  _sl_HandleAsync_PingResponse          
2000ab9d  PinConfigSet                          
2000ac25  vsnprintf                             
2000acad  sl_Recv                               
2000ad35  __aeabi_cdcmpeq                       
2000ad35  __aeabi_cdcmple                       
2000adbb  __aeabi_cdrcmple                      
2000ae41  _sl_HandleAsync_Connect               
2000aec1  _sl_HandleAsync_InitComplete          
2000b041  sl_NetCfgSet                          
2000b0bd  sl_SetSockOpt                         
2000b139  sl_WlanSet                            
2000b1b5  __aeabi_memclr                        
2000b1b5  __aeabi_memclr4                       
2000b1b5  __aeabi_memclr8                       
2000b1b7  __aeabi_memset                        
2000b1b7  __aeabi_memset4                       
2000b1b7  __aeabi_memset8                       
2000b1bd  memset                                
2000b231  _SlNonOsSemGet                        
2000b2a9  sl_WlanPolicySet                      
2000b321  spi_Close                             
2000b399  UARTConfigSetExpClk                   
2000b411  _SlNonOsMainLoopTask                  
2000b485  __TI_auto_init                        
2000b4f5  sl_Socket                             
2000b565  _SlDrvCmdSend                         
2000b5d1  _sl_NetAppSendTokenValue              
2000b63d  sl_WlanRxFilterSet                    
2000b715  _SlNonOsSpawn                         
2000b779  _sl_HandleAsync_Accept                
2000b7dd  uDMAChannelAttributeDisable           
2000b841  uDMAChannelAttributeEnable            
2000b8a5  frexp                                 
2000b8a5  frexpl                                
2000b901  IntPendClear                          
2000b959  PRCMPeripheralReset                   
2000b9b1  ltoa                                  
2000ba09  IntPrioritySet                        
2000ba5d  _SlDrvRxIrqHandler                    
2000bab1  _sl_HandleAsync_Select                
2000bb05  C$$EXIT                               
2000bb09  abort                                 
2000bb11  exit                                  
2000bb59  _sl_HandleAsync_Stop                  
2000bba9  sl_Listen                             
2000bbf9  SPIIntEnable                          
2000bc91  _SlDrvProtectAsyncRespSetting         
2000bd29  atoi                                  
2000bd75  copy_in                               
2000bdc1  uDMAChannelAssign                     
2000be0d  SPIIntClear                           
2000be55  _SlDrvBasicCmd                        
2000be9d  __aeabi_d2iz                          
2000bee5  sl_NetAppMDNSUnRegisterService        
2000bf71  _SlDrvHandleHttpServerEvents          
2000bfb5  _SlDrvSyncObjWaitTimeout              
2000c03d  sl_Close                              
2000c081  sl_WlanProfileDel                     
2000c0c5  sl_WlanSetMode                        
2000c109  sl_Htonl                              
2000c14d  PinModeSet                            
2000c18d  _SlDrvHandleNetAppEvents              
2000c1cd  _SlDrvHandleWlanEvents                
2000c24d  _c_int00                              
2000c28d  strtok                                
2000c2cd  NwpRegisterInterruptHandler           
2000c349  PRCMPeripheralClkEnable               
2000c385  sl_Htons                              
2000c3c1  uDMAChannelControlSet                 
2000c3fd  NwpPowerOff                           
2000c435  PRCMPeripheralStatusGet               
2000c469  SPIFIFOLevelSet                       
2000c49d  UARTDisable                           
2000c4cd  __aeabi_i2d                           
2000c4fd  PRCMSysResetCauseGet                  
2000c555  _SlDrvProtectionObjLockWaitForever    
2000c581  strspn                                
2000c5ad  PRCMPeripheralClkDisable              
2000c5d5  _SlDrvGlobalObjUnLock                 
2000c5fd  _SlDrvProtectionObjUnLock             
2000c625  _SlDrvSyncObjWaitForever              
2000c64d  sl_Provisioning_HttpServerEventHdl    
2000c65b  sl_Provisioning_NetAppEventHdl        
2000c667  sl_Provisioning_WlanEventHdl          
2000c675  DmaSpiSwIntHandler                    
2000c699  IntUnregister                         
2000c6bd  UARTEnable                            
2000c6e1  _SlDrvObjLockWaitForever              
2000c705  memmove                               
2000c729  strcspn                               
2000c74d  SPIReset                              
2000c76f  SPIWordCountSet                       
2000c791  IntRegister                           
2000c7b1  NwpPowerOn                            
2000c7d1  _SlDrvObjUnLock                       
2000c7f1  _SlDrvSyncObjSignal                   
2000c811  sl_WlanDisconnect                     
2000c831  UARTCharPut                           
2000c86d  UARTCharGetNonBlocking                
2000c889  PinMuxConfig                          
2000c8a5  memccpy                               
2000c8c1  uDMAChannelDisable                    
2000c8dd  uDMAChannelEnable                     
2000c8f9  uDMAChannelRequest                    
2000c915  PinTypeUART                           
2000c92f  SPIDmaDisable                         
2000c949  SPIDmaEnable                          
2000c963  SPIFIFODisable                        
2000c97d  SPIFIFOEnable                         
2000c997  SPIIntUnregister                      
2000c9b1  SPICSDisable                          
2000c9c9  SPICSEnable                           
2000c9e1  SPIDisable                            
2000c9f9  SPIEnable                             
2000ca11  UARTCharsAvail                        
2000ca29  _SlNonOsSemSet                        
2000ca59  _args_main                            
2000ca71  PRCMHIBRegRead                        
2000ca87  PRCMHIBRegWrite                       
2000ca9d  UARTCharGet                           
2000cab3  _SlDrvMemZero                         
2000cac9  strchr                                
2000cadf  uDMAIntRegister                       
2000caf5  CPUcpsie                              
2000cb09  IntVTableBaseSet                      
2000cb1d  _register_unlock                      
2000cb23  _register_lock                        
2000cb2b  _nop                                  
2000cb31  strlen                                
2000cb45  uDMAControlBaseSet                    
2000cb59  uDMAIntClear                          
2000cb6d  uDMAIntUnregister                     
2000cb7f  _SlDrvDispatchHttpServerEvents        
2000cb8f  _SlDrvResetCmdExt                     
2000cb9d  __TI_decompress_none                  
2000cbab  ResetISR                              
2000cbb9  NwpMaskInterrupt                      
2000cbc5  NwpUnMaskInterrupt                    
2000cbd1  uDMADisable                           
2000cbdd  uDMAEnable                            
2000cbe9  uDMAIntStatus                         
2000cbf5  IntMasterEnable                       
2000cbff  copysign                              
2000cbff  copysignl                             
2000cc07  UtilsDelay                            
2000cc0d  __TI_decompress_rle24                 
2000cc13  _system_pre_init                      
2000cc18  _ctypes_                              
2000cf98  OpcodeTranslateTable                  
2000d010  _SlActionLookupTable                  
2000d0fc  _SlNetAppSendTokenValueCmdCtrl        
2000d238  __TI_static_base__                    
2000d284  __TI_Handler_Table_Base               
2000d28c  __TI_CINIT_Base                       
2000d28c  __TI_Handler_Table_Limit              
2000d29c  __TI_CINIT_Limit                      
20017000  g_cBsdBuf                             
200176e0  gfpAppCallbackHndl                    
200177e0  g_ucConnectionBSSID                   
200177ec  RxIrqCnt                              
200177ed  g_bDeviceRestartIsRequired            
200177ee  g_cDummy                              
200177ef  iDone                                 
20017800  gpCtlTbl                              
20017c00  g_ucDinDout                           
20017c50  g_ucConnectionSSID                    
20017c78  _sys_memory                           
20018478  g__SlNonOsCB                          
200184b4  g_ulStatus                            
200184b8  g_ulGatewayIP                         
200184bc  g_ulDestinationIp                     
200184c0  g_uiPortNum                           
200184c4  g_ulPacketCount                       
200184c8  g_ucConnectionStatus                  
200184c9  g_ucSimplelinkstarted                 
200184cc  g_ulIpAddr                            
200184d4  g_pCB                                 
200184d8  pPingCallBackFunc                     
200184e0  __TI_cleanup_ptr                      
200184e4  __TI_dtors_ptr                        
200184e8  __TI_enable_exit_profile_output       
200184f8  g_SpiFd                               
200184fc  g_pHostIntHdl                         
20018500  g_ucDMAEnabled                        
20018504  _lock                                 
20018508  _unlock                               
2001850c  errno                                 
20018510  main_func_sp                          
2002f800  __stack                               
20030000  __STACK_END                           
ffffffff  __TI_pprof_out_hndl                   
ffffffff  __TI_prof_data_size                   
ffffffff  __TI_prof_data_start                  
ffffffff  __binit__                             
ffffffff  __c_args__                            
ffffffff  binit                                 
UNDEFED   SHT$$INIT_ARRAY$$Base                 
UNDEFED   SHT$$INIT_ARRAY$$Limit                

[283 symbols]
