<?xml version="1.0"?>
<link_info>
   <banner>TI ARM Linker PC v15.12.3.LTS</banner>
   <copyright>Copyright (c) 1996-2015 Texas Instruments Incorporated</copyright>
   <link_time>0x57bcf388</link_time>
   <link_errors>0x0</link_errors>
   <output_file>freertos_demo.out</output_file>
   <entry_point>
      <name>_c_int00</name>
      <address>0x20009399</address>
   </entry_point>
   <input_file_list>
      <input_file id="fl-2">
         <path>.\</path>
         <kind>object</kind>
         <file>main.obj</file>
         <name>main.obj</name>
      </input_file>
      <input_file id="fl-3">
         <path>.\</path>
         <kind>object</kind>
         <file>pinmux.obj</file>
         <name>pinmux.obj</name>
      </input_file>
      <input_file id="fl-4">
         <path>.\</path>
         <kind>object</kind>
         <file>startup_ccs.obj</file>
         <name>startup_ccs.obj</name>
      </input_file>
      <input_file id="fl-5">
         <path>.\</path>
         <kind>object</kind>
         <file>uart_if.obj</file>
         <name>uart_if.obj</name>
      </input_file>
      <input_file id="fl-c1">
         <path>C:\TI\ccsv6\tools\compiler\arm_15.12.3.LTS\lib\</path>
         <kind>archive</kind>
         <file>rtsv7M4_T_le_eabi.lib</file>
         <name>boot.obj</name>
      </input_file>
      <input_file id="fl-c2">
         <path>C:\TI\ccsv6\tools\compiler\arm_15.12.3.LTS\lib\</path>
         <kind>archive</kind>
         <file>rtsv7M4_T_le_eabi.lib</file>
         <name>copy_decompress_none.obj</name>
      </input_file>
      <input_file id="fl-c3">
         <path>C:\TI\ccsv6\tools\compiler\arm_15.12.3.LTS\lib\</path>
         <kind>archive</kind>
         <file>rtsv7M4_T_le_eabi.lib</file>
         <name>copy_decompress_rle.obj</name>
      </input_file>
      <input_file id="fl-c4">
         <path>C:\TI\ccsv6\tools\compiler\arm_15.12.3.LTS\lib\</path>
         <kind>archive</kind>
         <file>rtsv7M4_T_le_eabi.lib</file>
         <name>copy_zero_init.obj</name>
      </input_file>
      <input_file id="fl-c5">
         <path>C:\TI\ccsv6\tools\compiler\arm_15.12.3.LTS\lib\</path>
         <kind>archive</kind>
         <file>rtsv7M4_T_le_eabi.lib</file>
         <name>exit.obj</name>
      </input_file>
      <input_file id="fl-c6">
         <path>C:\TI\ccsv6\tools\compiler\arm_15.12.3.LTS\lib\</path>
         <kind>archive</kind>
         <file>rtsv7M4_T_le_eabi.lib</file>
         <name>memcpy_t2.obj</name>
      </input_file>
      <input_file id="fl-c7">
         <path>C:\TI\ccsv6\tools\compiler\arm_15.12.3.LTS\lib\</path>
         <kind>archive</kind>
         <file>rtsv7M4_T_le_eabi.lib</file>
         <name>memmov.obj</name>
      </input_file>
      <input_file id="fl-c8">
         <path>C:\TI\ccsv6\tools\compiler\arm_15.12.3.LTS\lib\</path>
         <kind>archive</kind>
         <file>rtsv7M4_T_le_eabi.lib</file>
         <name>memory.obj</name>
      </input_file>
      <input_file id="fl-c9">
         <path>C:\TI\ccsv6\tools\compiler\arm_15.12.3.LTS\lib\</path>
         <kind>archive</kind>
         <file>rtsv7M4_T_le_eabi.lib</file>
         <name>memset_t2.obj</name>
      </input_file>
      <input_file id="fl-ca">
         <path>C:\TI\ccsv6\tools\compiler\arm_15.12.3.LTS\lib\</path>
         <kind>archive</kind>
         <file>rtsv7M4_T_le_eabi.lib</file>
         <name>mpu_init.obj</name>
      </input_file>
      <input_file id="fl-cb">
         <path>C:\TI\ccsv6\tools\compiler\arm_15.12.3.LTS\lib\</path>
         <kind>archive</kind>
         <file>rtsv7M4_T_le_eabi.lib</file>
         <name>pre_init.obj</name>
      </input_file>
      <input_file id="fl-cc">
         <path>C:\TI\ccsv6\tools\compiler\arm_15.12.3.LTS\lib\</path>
         <kind>archive</kind>
         <file>rtsv7M4_T_le_eabi.lib</file>
         <name>stkdepth_vars.obj</name>
      </input_file>
      <input_file id="fl-cd">
         <path>C:\TI\ccsv6\tools\compiler\arm_15.12.3.LTS\lib\</path>
         <kind>archive</kind>
         <file>rtsv7M4_T_le_eabi.lib</file>
         <name>strlen.obj</name>
      </input_file>
      <input_file id="fl-ce">
         <path>C:\TI\ccsv6\tools\compiler\arm_15.12.3.LTS\lib\</path>
         <kind>archive</kind>
         <file>rtsv7M4_T_le_eabi.lib</file>
         <name>vsnprintf.obj</name>
      </input_file>
      <input_file id="fl-cf">
         <path>C:\TI\ccsv6\tools\compiler\arm_15.12.3.LTS\lib\</path>
         <kind>archive</kind>
         <file>rtsv7M4_T_le_eabi.lib</file>
         <name>_lock.obj</name>
      </input_file>
      <input_file id="fl-d0">
         <path>C:\TI\ccsv6\tools\compiler\arm_15.12.3.LTS\lib\</path>
         <kind>archive</kind>
         <file>rtsv7M4_T_le_eabi.lib</file>
         <name>_printfi.obj</name>
      </input_file>
      <input_file id="fl-d1">
         <path>C:\TI\ccsv6\tools\compiler\arm_15.12.3.LTS\lib\</path>
         <kind>archive</kind>
         <file>rtsv7M4_T_le_eabi.lib</file>
         <name>args_main.obj</name>
      </input_file>
      <input_file id="fl-d2">
         <path>C:\TI\ccsv6\tools\compiler\arm_15.12.3.LTS\lib\</path>
         <kind>archive</kind>
         <file>rtsv7M4_T_le_eabi.lib</file>
         <name>atoi.obj</name>
      </input_file>
      <input_file id="fl-d3">
         <path>C:\TI\ccsv6\tools\compiler\arm_15.12.3.LTS\lib\</path>
         <kind>archive</kind>
         <file>rtsv7M4_T_le_eabi.lib</file>
         <name>autoinit.obj</name>
      </input_file>
      <input_file id="fl-d4">
         <path>C:\TI\ccsv6\tools\compiler\arm_15.12.3.LTS\lib\</path>
         <kind>archive</kind>
         <file>rtsv7M4_T_le_eabi.lib</file>
         <name>cpy_tbl.obj</name>
      </input_file>
      <input_file id="fl-d5">
         <path>C:\TI\ccsv6\tools\compiler\arm_15.12.3.LTS\lib\</path>
         <kind>archive</kind>
         <file>rtsv7M4_T_le_eabi.lib</file>
         <name>ctype.obj</name>
      </input_file>
      <input_file id="fl-d6">
         <path>C:\TI\ccsv6\tools\compiler\arm_15.12.3.LTS\lib\</path>
         <kind>archive</kind>
         <file>rtsv7M4_T_le_eabi.lib</file>
         <name>fd_add_t2.obj</name>
      </input_file>
      <input_file id="fl-d7">
         <path>C:\TI\ccsv6\tools\compiler\arm_15.12.3.LTS\lib\</path>
         <kind>archive</kind>
         <file>rtsv7M4_T_le_eabi.lib</file>
         <name>fd_cmp_t2.obj</name>
      </input_file>
      <input_file id="fl-d8">
         <path>C:\TI\ccsv6\tools\compiler\arm_15.12.3.LTS\lib\</path>
         <kind>archive</kind>
         <file>rtsv7M4_T_le_eabi.lib</file>
         <name>fd_div_t2.obj</name>
      </input_file>
      <input_file id="fl-d9">
         <path>C:\TI\ccsv6\tools\compiler\arm_15.12.3.LTS\lib\</path>
         <kind>archive</kind>
         <file>rtsv7M4_T_le_eabi.lib</file>
         <name>fd_mul_t2.obj</name>
      </input_file>
      <input_file id="fl-da">
         <path>C:\TI\ccsv6\tools\compiler\arm_15.12.3.LTS\lib\</path>
         <kind>archive</kind>
         <file>rtsv7M4_T_le_eabi.lib</file>
         <name>fd_toi_t2.obj</name>
      </input_file>
      <input_file id="fl-db">
         <path>C:\TI\ccsv6\tools\compiler\arm_15.12.3.LTS\lib\</path>
         <kind>archive</kind>
         <file>rtsv7M4_T_le_eabi.lib</file>
         <name>i_tofd_t2.obj</name>
      </input_file>
      <input_file id="fl-dc">
         <path>C:\TI\ccsv6\tools\compiler\arm_15.12.3.LTS\lib\</path>
         <kind>archive</kind>
         <file>rtsv7M4_T_le_eabi.lib</file>
         <name>ltoa.obj</name>
      </input_file>
      <input_file id="fl-dd">
         <path>C:\TI\ccsv6\tools\compiler\arm_15.12.3.LTS\lib\</path>
         <kind>archive</kind>
         <file>rtsv7M4_T_le_eabi.lib</file>
         <name>memccpy.obj</name>
      </input_file>
      <input_file id="fl-de">
         <path>C:\TI\ccsv6\tools\compiler\arm_15.12.3.LTS\lib\</path>
         <kind>archive</kind>
         <file>rtsv7M4_T_le_eabi.lib</file>
         <name>s_frexp.obj</name>
      </input_file>
      <input_file id="fl-df">
         <path>C:\TI\ccsv6\tools\compiler\arm_15.12.3.LTS\lib\</path>
         <kind>archive</kind>
         <file>rtsv7M4_T_le_eabi.lib</file>
         <name>s_scalbn.obj</name>
      </input_file>
      <input_file id="fl-e0">
         <path>C:\TI\ccsv6\tools\compiler\arm_15.12.3.LTS\lib\</path>
         <kind>archive</kind>
         <file>rtsv7M4_T_le_eabi.lib</file>
         <name>startup.obj</name>
      </input_file>
      <input_file id="fl-e1">
         <path>C:\TI\ccsv6\tools\compiler\arm_15.12.3.LTS\lib\</path>
         <kind>archive</kind>
         <file>rtsv7M4_T_le_eabi.lib</file>
         <name>strchr.obj</name>
      </input_file>
      <input_file id="fl-e2">
         <path>C:\TI\ccsv6\tools\compiler\arm_15.12.3.LTS\lib\</path>
         <kind>archive</kind>
         <file>rtsv7M4_T_le_eabi.lib</file>
         <name>ull_div_t2.obj</name>
      </input_file>
      <input_file id="fl-e3">
         <path>C:\TI\ccsv6\tools\compiler\arm_15.12.3.LTS\lib\</path>
         <kind>archive</kind>
         <file>rtsv7M4_T_le_eabi.lib</file>
         <name>errno.obj</name>
      </input_file>
      <input_file id="fl-e4">
         <path>C:\TI\ccsv6\tools\compiler\arm_15.12.3.LTS\lib\</path>
         <kind>archive</kind>
         <file>rtsv7M4_T_le_eabi.lib</file>
         <name>s_copysign.obj</name>
      </input_file>
      <input_file id="fl-e5">
         <path>C:\TI\CC3200SDK_1.2.0\cc3200-sdk\oslib\ccs\free_rtos\</path>
         <kind>archive</kind>
         <file>free_rtos.a</file>
         <name>osi_freertos.obj</name>
      </input_file>
      <input_file id="fl-e6">
         <path>C:\TI\CC3200SDK_1.2.0\cc3200-sdk\oslib\ccs\free_rtos\</path>
         <kind>archive</kind>
         <file>free_rtos.a</file>
         <name>port.obj</name>
      </input_file>
      <input_file id="fl-e7">
         <path>C:\TI\CC3200SDK_1.2.0\cc3200-sdk\oslib\ccs\free_rtos\</path>
         <kind>archive</kind>
         <file>free_rtos.a</file>
         <name>portasm.obj</name>
      </input_file>
      <input_file id="fl-e8">
         <path>C:\TI\CC3200SDK_1.2.0\cc3200-sdk\oslib\ccs\free_rtos\</path>
         <kind>archive</kind>
         <file>free_rtos.a</file>
         <name>queue.obj</name>
      </input_file>
      <input_file id="fl-e9">
         <path>C:\TI\CC3200SDK_1.2.0\cc3200-sdk\oslib\ccs\free_rtos\</path>
         <kind>archive</kind>
         <file>free_rtos.a</file>
         <name>tasks.obj</name>
      </input_file>
      <input_file id="fl-ea">
         <path>C:\TI\CC3200SDK_1.2.0\cc3200-sdk\oslib\ccs\free_rtos\</path>
         <kind>archive</kind>
         <file>free_rtos.a</file>
         <name>heap_3.obj</name>
      </input_file>
      <input_file id="fl-eb">
         <path>C:\TI\CC3200SDK_1.2.0\cc3200-sdk\oslib\ccs\free_rtos\</path>
         <kind>archive</kind>
         <file>free_rtos.a</file>
         <name>list.obj</name>
      </input_file>
      <input_file id="fl-ec">
         <path>C:\TI\CC3200SDK_1.2.0\cc3200-sdk\driverlib\ccs\Release\</path>
         <kind>archive</kind>
         <file>driverlib.a</file>
         <name>interrupt.obj</name>
      </input_file>
      <input_file id="fl-ed">
         <path>C:\TI\CC3200SDK_1.2.0\cc3200-sdk\driverlib\ccs\Release\</path>
         <kind>archive</kind>
         <file>driverlib.a</file>
         <name>pin.obj</name>
      </input_file>
      <input_file id="fl-ee">
         <path>C:\TI\CC3200SDK_1.2.0\cc3200-sdk\driverlib\ccs\Release\</path>
         <kind>archive</kind>
         <file>driverlib.a</file>
         <name>prcm.obj</name>
      </input_file>
      <input_file id="fl-ef">
         <path>C:\TI\CC3200SDK_1.2.0\cc3200-sdk\driverlib\ccs\Release\</path>
         <kind>archive</kind>
         <file>driverlib.a</file>
         <name>uart.obj</name>
      </input_file>
      <input_file id="fl-f0">
         <path>C:\TI\CC3200SDK_1.2.0\cc3200-sdk\driverlib\ccs\Release\</path>
         <kind>archive</kind>
         <file>driverlib.a</file>
         <name>utils.obj</name>
      </input_file>
      <input_file id="fl-f1">
         <path>C:\TI\CC3200SDK_1.2.0\cc3200-sdk\driverlib\ccs\Release\</path>
         <kind>archive</kind>
         <file>driverlib.a</file>
         <name>cpu.obj</name>
      </input_file>
      <input_file id="fl-f2">
         <path>C:\TI\CC3200SDK_1.2.0\cc3200-sdk\driverlib\ccs\Release\</path>
         <kind>archive</kind>
         <file>driverlib.a</file>
         <name>flash.obj</name>
      </input_file>
   </input_file_list>
   <object_component_list>
      <object_component id="oc-f">
         <name>.intvecs</name>
         <load_address>0x20004000</load_address>
         <run_address>0x20004000</run_address>
         <size>0x400</size>
         <input_file_ref idref="fl-4"/>
      </object_component>
      <object_component id="oc-8d">
         <name>.text</name>
         <load_address>0x20004400</load_address>
         <run_address>0x20004400</run_address>
         <size>0x125c</size>
         <input_file_ref idref="fl-e9"/>
      </object_component>
      <object_component id="oc-28c">
         <name>.text</name>
         <load_address>0x2000565c</load_address>
         <run_address>0x2000565c</run_address>
         <size>0x10fc</size>
         <input_file_ref idref="fl-d0"/>
      </object_component>
      <object_component id="oc-1d8">
         <name>.text</name>
         <load_address>0x20006758</load_address>
         <run_address>0x20006758</run_address>
         <size>0xb24</size>
         <input_file_ref idref="fl-e8"/>
      </object_component>
      <object_component id="oc-137">
         <name>.text</name>
         <load_address>0x2000727c</load_address>
         <run_address>0x2000727c</run_address>
         <size>0x45c</size>
         <input_file_ref idref="fl-e5"/>
      </object_component>
      <object_component id="oc-18b">
         <name>.text</name>
         <load_address>0x200076d8</load_address>
         <run_address>0x200076d8</run_address>
         <size>0x3dc</size>
         <input_file_ref idref="fl-c8"/>
      </object_component>
      <object_component id="oc-13d">
         <name>.text</name>
         <load_address>0x20007ab4</load_address>
         <run_address>0x20007ab4</run_address>
         <size>0x290</size>
         <input_file_ref idref="fl-5"/>
      </object_component>
      <object_component id="oc-d0">
         <name>.text</name>
         <load_address>0x20007d44</load_address>
         <run_address>0x20007d44</run_address>
         <size>0x1fc</size>
         <input_file_ref idref="fl-2"/>
      </object_component>
      <object_component id="oc-2d5">
         <name>.text</name>
         <load_address>0x20007f40</load_address>
         <run_address>0x20007f40</run_address>
         <size>0x1f4</size>
         <input_file_ref idref="fl-e2"/>
      </object_component>
      <object_component id="oc-2fe">
         <name>.text</name>
         <load_address>0x20008134</load_address>
         <run_address>0x20008134</run_address>
         <size>0x1b6</size>
         <input_file_ref idref="fl-d6"/>
      </object_component>
      <object_component id="oc-270">
         <name>.text:IntDefaultHandler</name>
         <load_address>0x200082ea</load_address>
         <run_address>0x200082ea</run_address>
         <size>0x2</size>
         <input_file_ref idref="fl-ec"/>
      </object_component>
      <object_component id="oc-155">
         <name>.text:PRCMCC3200MCUInit</name>
         <load_address>0x200082ec</load_address>
         <run_address>0x200082ec</run_address>
         <size>0x178</size>
         <input_file_ref idref="fl-ee"/>
      </object_component>
      <object_component id="oc-2e4">
         <name>.text</name>
         <load_address>0x20008464</load_address>
         <run_address>0x20008464</run_address>
         <size>0x136</size>
         <input_file_ref idref="fl-d8"/>
      </object_component>
      <object_component id="oc-ef">
         <name>.text</name>
         <load_address>0x2000859a</load_address>
         <run_address>0x2000859a</run_address>
         <size>0x12a</size>
         <input_file_ref idref="fl-eb"/>
      </object_component>
      <object_component id="oc-38">
         <name>.text</name>
         <load_address>0x200086c4</load_address>
         <run_address>0x200086c4</run_address>
         <size>0x110</size>
         <input_file_ref idref="fl-e6"/>
      </object_component>
      <object_component id="oc-2df">
         <name>.text</name>
         <load_address>0x200087d4</load_address>
         <run_address>0x200087d4</run_address>
         <size>0xfc</size>
         <input_file_ref idref="fl-d9"/>
      </object_component>
      <object_component id="oc-309">
         <name>.text</name>
         <load_address>0x200088d0</load_address>
         <run_address>0x200088d0</run_address>
         <size>0xd0</size>
         <input_file_ref idref="fl-df"/>
      </object_component>
      <object_component id="oc-33">
         <name>.text</name>
         <load_address>0x200089a0</load_address>
         <run_address>0x200089a0</run_address>
         <size>0xba</size>
         <input_file_ref idref="fl-e7"/>
      </object_component>
      <object_component id="oc-66">
         <name>.text</name>
         <load_address>0x20008a5a</load_address>
         <run_address>0x20008a5a</run_address>
         <size>0x2</size>
         <input_file_ref idref="fl-ca"/>
      </object_component>
      <object_component id="oc-1cc">
         <name>.text:IntDisable</name>
         <load_address>0x20008a5c</load_address>
         <run_address>0x20008a5c</run_address>
         <size>0xa8</size>
         <input_file_ref idref="fl-ec"/>
      </object_component>
      <object_component id="oc-14f">
         <name>.text:IntEnable</name>
         <load_address>0x20008b04</load_address>
         <run_address>0x20008b04</run_address>
         <size>0xa8</size>
         <input_file_ref idref="fl-ec"/>
      </object_component>
      <object_component id="oc-41">
         <name>.text</name>
         <load_address>0x20008bac</load_address>
         <run_address>0x20008bac</run_address>
         <size>0x9c</size>
         <input_file_ref idref="fl-c6"/>
      </object_component>
      <object_component id="oc-1e2">
         <name>.text:PRCMPeripheralClockGet</name>
         <load_address>0x20008c48</load_address>
         <run_address>0x20008c48</run_address>
         <size>0x94</size>
         <input_file_ref idref="fl-ee"/>
      </object_component>
      <object_component id="oc-2bc">
         <name>.text:PinConfigSet</name>
         <load_address>0x20008cdc</load_address>
         <run_address>0x20008cdc</run_address>
         <size>0x88</size>
         <input_file_ref idref="fl-ed"/>
      </object_component>
      <object_component id="oc-1f4">
         <name>.text</name>
         <load_address>0x20008d64</load_address>
         <run_address>0x20008d64</run_address>
         <size>0x88</size>
         <input_file_ref idref="fl-ce"/>
      </object_component>
      <object_component id="oc-2da">
         <name>.text:__aeabi_cdcmple</name>
         <load_address>0x20008dec</load_address>
         <run_address>0x20008dec</run_address>
         <size>0x86</size>
         <input_file_ref idref="fl-d7"/>
      </object_component>
      <object_component id="oc-2e9">
         <name>.text:__aeabi_cdrcmple</name>
         <load_address>0x20008e72</load_address>
         <run_address>0x20008e72</run_address>
         <size>0x86</size>
         <input_file_ref idref="fl-d7"/>
      </object_component>
      <object_component id="oc-5a">
         <name>.text</name>
         <load_address>0x20008ef8</load_address>
         <run_address>0x20008ef8</run_address>
         <size>0x7a</size>
         <input_file_ref idref="fl-c9"/>
      </object_component>
      <object_component id="oc-1e8">
         <name>.text:UARTConfigSetExpClk</name>
         <load_address>0x20008f72</load_address>
         <run_address>0x20008f72</run_address>
         <size>0x76</size>
         <input_file_ref idref="fl-ef"/>
      </object_component>
      <object_component id="oc-72">
         <name>.text</name>
         <load_address>0x20008fe8</load_address>
         <run_address>0x20008fe8</run_address>
         <size>0x70</size>
         <input_file_ref idref="fl-d3"/>
      </object_component>
      <object_component id="oc-4d">
         <name>.text</name>
         <load_address>0x20009058</load_address>
         <run_address>0x20009058</run_address>
         <size>0x6a</size>
         <input_file_ref idref="fl-c3"/>
      </object_component>
      <object_component id="oc-c8">
         <name>.text</name>
         <load_address>0x200090c2</load_address>
         <run_address>0x200090c2</run_address>
         <size>0x2</size>
         <input_file_ref idref="fl-e0"/>
      </object_component>
      <object_component id="oc-303">
         <name>.text</name>
         <load_address>0x200090c4</load_address>
         <run_address>0x200090c4</run_address>
         <size>0x5c</size>
         <input_file_ref idref="fl-de"/>
      </object_component>
      <object_component id="oc-245">
         <name>.text:PRCMPeripheralReset</name>
         <load_address>0x20009120</load_address>
         <run_address>0x20009120</run_address>
         <size>0x58</size>
         <input_file_ref idref="fl-ee"/>
      </object_component>
      <object_component id="oc-2f3">
         <name>.text</name>
         <load_address>0x20009178</load_address>
         <run_address>0x20009178</run_address>
         <size>0x56</size>
         <input_file_ref idref="fl-dc"/>
      </object_component>
      <object_component id="oc-1c6">
         <name>.text:IntPrioritySet</name>
         <load_address>0x200091d0</load_address>
         <run_address>0x200091d0</run_address>
         <size>0x54</size>
         <input_file_ref idref="fl-ec"/>
      </object_component>
      <object_component id="oc-7e">
         <name>.text</name>
         <load_address>0x20009224</load_address>
         <run_address>0x20009224</run_address>
         <size>0x54</size>
         <input_file_ref idref="fl-c5"/>
      </object_component>
      <object_component id="oc-31b">
         <name>.text</name>
         <load_address>0x20009278</load_address>
         <run_address>0x20009278</run_address>
         <size>0x4c</size>
         <input_file_ref idref="fl-d2"/>
      </object_component>
      <object_component id="oc-c2">
         <name>.text</name>
         <load_address>0x200092c4</load_address>
         <run_address>0x200092c4</run_address>
         <size>0x4c</size>
         <input_file_ref idref="fl-d4"/>
      </object_component>
      <object_component id="oc-2ee">
         <name>.text</name>
         <load_address>0x20009310</load_address>
         <run_address>0x20009310</run_address>
         <size>0x48</size>
         <input_file_ref idref="fl-da"/>
      </object_component>
      <object_component id="oc-2b6">
         <name>.text:PinModeSet</name>
         <load_address>0x20009358</load_address>
         <run_address>0x20009358</run_address>
         <size>0x40</size>
         <input_file_ref idref="fl-ed"/>
      </object_component>
      <object_component id="oc-24">
         <name>.text</name>
         <load_address>0x20009398</load_address>
         <run_address>0x20009398</run_address>
         <size>0x40</size>
         <input_file_ref idref="fl-c1"/>
      </object_component>
      <object_component id="oc-23f">
         <name>.text:PRCMPeripheralClkEnable</name>
         <load_address>0x200093d8</load_address>
         <run_address>0x200093d8</run_address>
         <size>0x3c</size>
         <input_file_ref idref="fl-ee"/>
      </object_component>
      <object_component id="oc-104">
         <name>.text</name>
         <load_address>0x20009414</load_address>
         <run_address>0x20009414</run_address>
         <size>0x38</size>
         <input_file_ref idref="fl-ea"/>
      </object_component>
      <object_component id="oc-27e">
         <name>.text:UARTDisable</name>
         <load_address>0x2000944c</load_address>
         <run_address>0x2000944c</run_address>
         <size>0x30</size>
         <input_file_ref idref="fl-ef"/>
      </object_component>
      <object_component id="oc-2f9">
         <name>.text</name>
         <load_address>0x2000947c</load_address>
         <run_address>0x2000947c</run_address>
         <size>0x2e</size>
         <input_file_ref idref="fl-db"/>
      </object_component>
      <object_component id="oc-22d">
         <name>.text:PRCMSysResetCauseGet</name>
         <load_address>0x200094ac</load_address>
         <run_address>0x200094ac</run_address>
         <size>0x2c</size>
         <input_file_ref idref="fl-ee"/>
      </object_component>
      <object_component id="oc-24b">
         <name>.text:PRCMPeripheralClkDisable</name>
         <load_address>0x200094d8</load_address>
         <run_address>0x200094d8</run_address>
         <size>0x28</size>
         <input_file_ref idref="fl-ee"/>
      </object_component>
      <object_component id="oc-1d2">
         <name>.text:IntUnregister</name>
         <load_address>0x20009500</load_address>
         <run_address>0x20009500</run_address>
         <size>0x24</size>
         <input_file_ref idref="fl-ec"/>
      </object_component>
      <object_component id="oc-284">
         <name>.text:UARTEnable</name>
         <load_address>0x20009524</load_address>
         <run_address>0x20009524</run_address>
         <size>0x24</size>
         <input_file_ref idref="fl-ef"/>
      </object_component>
      <object_component id="oc-20c">
         <name>.text</name>
         <load_address>0x20009548</load_address>
         <run_address>0x20009548</run_address>
         <size>0x24</size>
         <input_file_ref idref="fl-c7"/>
      </object_component>
      <object_component id="oc-1c0">
         <name>.text:IntRegister</name>
         <load_address>0x2000956c</load_address>
         <run_address>0x2000956c</run_address>
         <size>0x20</size>
         <input_file_ref idref="fl-ec"/>
      </object_component>
      <object_component id="oc-1ee">
         <name>.text:UARTCharPut</name>
         <load_address>0x2000958c</load_address>
         <run_address>0x2000958c</run_address>
         <size>0x1e</size>
         <input_file_ref idref="fl-ef"/>
      </object_component>
      <object_component id="oc-200">
         <name>.text:UARTCharGetNonBlocking</name>
         <load_address>0x200095aa</load_address>
         <run_address>0x200095aa</run_address>
         <size>0x1c</size>
         <input_file_ref idref="fl-ef"/>
      </object_component>
      <object_component id="oc-15b">
         <name>.text</name>
         <load_address>0x200095c6</load_address>
         <run_address>0x200095c6</run_address>
         <size>0x1c</size>
         <input_file_ref idref="fl-3"/>
      </object_component>
      <object_component id="oc-315">
         <name>.text</name>
         <load_address>0x200095e2</load_address>
         <run_address>0x200095e2</run_address>
         <size>0x1c</size>
         <input_file_ref idref="fl-dd"/>
      </object_component>
      <object_component id="oc-252">
         <name>.text:PinTypeUART</name>
         <load_address>0x200095fe</load_address>
         <run_address>0x200095fe</run_address>
         <size>0x1a</size>
         <input_file_ref idref="fl-ed"/>
      </object_component>
      <object_component id="oc-1fa">
         <name>.text:UARTCharsAvail</name>
         <load_address>0x20009618</load_address>
         <run_address>0x20009618</run_address>
         <size>0x18</size>
         <input_file_ref idref="fl-ef"/>
      </object_component>
      <object_component id="oc-78">
         <name>.text</name>
         <load_address>0x20009630</load_address>
         <run_address>0x20009630</run_address>
         <size>0x18</size>
         <input_file_ref idref="fl-d1"/>
      </object_component>
      <object_component id="oc-233">
         <name>.text:PRCMHIBRegRead</name>
         <load_address>0x20009648</load_address>
         <run_address>0x20009648</run_address>
         <size>0x16</size>
         <input_file_ref idref="fl-ee"/>
      </object_component>
      <object_component id="oc-239">
         <name>.text:PRCMHIBRegWrite</name>
         <load_address>0x2000965e</load_address>
         <run_address>0x2000965e</run_address>
         <size>0x16</size>
         <input_file_ref idref="fl-ee"/>
      </object_component>
      <object_component id="oc-30f">
         <name>.text</name>
         <load_address>0x20009674</load_address>
         <run_address>0x20009674</run_address>
         <size>0x16</size>
         <input_file_ref idref="fl-e1"/>
      </object_component>
      <object_component id="oc-21d">
         <name>.text:CPUcpsie</name>
         <load_address>0x2000968a</load_address>
         <run_address>0x2000968a</run_address>
         <size>0x14</size>
         <input_file_ref idref="fl-f1"/>
      </object_component>
      <object_component id="oc-143">
         <name>.text:IntVTableBaseSet</name>
         <load_address>0x200096a0</load_address>
         <run_address>0x200096a0</run_address>
         <size>0x14</size>
         <input_file_ref idref="fl-ec"/>
      </object_component>
      <object_component id="oc-173">
         <name>.text</name>
         <load_address>0x200096b4</load_address>
         <run_address>0x200096b4</run_address>
         <size>0x14</size>
         <input_file_ref idref="fl-cf"/>
      </object_component>
      <object_component id="oc-206">
         <name>.text</name>
         <load_address>0x200096c8</load_address>
         <run_address>0x200096c8</run_address>
         <size>0x14</size>
         <input_file_ref idref="fl-cd"/>
      </object_component>
      <object_component id="oc-12">
         <name>.text:decompress:none</name>
         <load_address>0x200096dc</load_address>
         <run_address>0x200096dc</run_address>
         <size>0xe</size>
         <input_file_ref idref="fl-c2"/>
      </object_component>
      <object_component id="oc-2d">
         <name>.text</name>
         <load_address>0x200096ea</load_address>
         <run_address>0x200096ea</run_address>
         <size>0xe</size>
         <input_file_ref idref="fl-4"/>
      </object_component>
      <object_component id="oc-149">
         <name>.text:IntMasterEnable</name>
         <load_address>0x200096f8</load_address>
         <run_address>0x200096f8</run_address>
         <size>0xa</size>
         <input_file_ref idref="fl-ec"/>
      </object_component>
      <object_component id="oc-352">
         <name>.text</name>
         <load_address>0x20009702</load_address>
         <run_address>0x20009702</run_address>
         <size>0x8</size>
         <input_file_ref idref="fl-e4"/>
      </object_component>
      <object_component id="oc-2ac">
         <name>.text:UtilsDelay</name>
         <load_address>0x2000970a</load_address>
         <run_address>0x2000970a</run_address>
         <size>0x6</size>
         <input_file_ref idref="fl-f0"/>
      </object_component>
      <object_component id="oc-18">
         <name>.text:decompress:rle24</name>
         <load_address>0x20009710</load_address>
         <run_address>0x20009710</run_address>
         <size>0x6</size>
         <input_file_ref idref="fl-c3"/>
      </object_component>
      <object_component id="oc-6c">
         <name>.text</name>
         <load_address>0x20009716</load_address>
         <run_address>0x20009716</run_address>
         <size>0x4</size>
         <input_file_ref idref="fl-cb"/>
      </object_component>
      <object_component id="oc-361">
         <name>.const:.string:_ctypes_</name>
         <load_address>0x2000971c</load_address>
         <run_address>0x2000971c</run_address>
         <size>0x101</size>
         <input_file_ref idref="fl-d5"/>
      </object_component>
      <object_component id="oc-33c">
         <name>.const:g_ulPinToPadMap</name>
         <load_address>0x20009820</load_address>
         <run_address>0x20009820</run_address>
         <size>0x100</size>
         <input_file_ref idref="fl-ed"/>
      </object_component>
      <object_component id="oc-268">
         <name>.const:g_pulRegs</name>
         <load_address>0x20009920</load_address>
         <run_address>0x20009920</run_address>
         <size>0xd4</size>
         <input_file_ref idref="fl-ec"/>
      </object_component>
      <object_component id="oc-2af">
         <name>.const:PRCM_PeriphRegsList</name>
         <load_address>0x200099f4</load_address>
         <run_address>0x200099f4</run_address>
         <size>0xa8</size>
         <input_file_ref idref="fl-ee"/>
      </object_component>
      <object_component id="oc-26c">
         <name>.const:g_pulDisRegs</name>
         <load_address>0x20009a9c</load_address>
         <run_address>0x20009a9c</run_address>
         <size>0x18</size>
         <input_file_ref idref="fl-ec"/>
      </object_component>
      <object_component id="oc-229">
         <name>.const:g_pulEnRegs</name>
         <load_address>0x20009ab4</load_address>
         <run_address>0x20009ab4</run_address>
         <size>0x18</size>
         <input_file_ref idref="fl-ec"/>
      </object_component>
      <object_component id="oc-3a7">
         <name>.cinit..data.load</name>
         <load_address>0x20009ad0</load_address>
         <run_address>0x20009ad0</run_address>
         <size>0x2c</size>
      </object_component>
      <object_component id="oc-3a8">
         <name>.cinit..bss.load</name>
         <load_address>0x20009b00</load_address>
         <run_address>0x20009b00</run_address>
         <size>0xb</size>
      </object_component>
      <object_component id="oc-3a5">
         <name>__TI_handler_table</name>
         <load_address>0x20009b0c</load_address>
         <run_address>0x20009b0c</run_address>
         <size>0x8</size>
      </object_component>
      <object_component id="oc-3a6">
         <name>__TI_cinit_table</name>
         <load_address>0x20009b14</load_address>
         <run_address>0x20009b14</run_address>
         <size>0x10</size>
      </object_component>
      <object_component id="oc-d8">
         <name>.data:$O1$$</name>
         <load_address>0x2001b1c0</load_address>
         <run_address>0x2001b1c0</run_address>
         <size>0xc</size>
         <input_file_ref idref="fl-c5"/>
      </object_component>
      <object_component id="oc-260">
         <name>.data:$O1$$</name>
         <load_address>0x2001b1cc</load_address>
         <run_address>0x2001b1cc</run_address>
         <size>0xc</size>
         <input_file_ref idref="fl-c8"/>
      </object_component>
      <object_component id="oc-84">
         <name>.data</name>
         <load_address>0x2001b1f4</load_address>
         <run_address>0x2001b1f4</run_address>
         <size>0x4</size>
         <input_file_ref idref="fl-cc"/>
      </object_component>
      <object_component id="oc-db">
         <name>.data:$O1$$</name>
         <load_address>0x2001b1e4</load_address>
         <run_address>0x2001b1e4</run_address>
         <size>0x8</size>
         <input_file_ref idref="fl-cf"/>
      </object_component>
      <object_component id="oc-358">
         <name>.data</name>
         <load_address>0x2001b1f0</load_address>
         <run_address>0x2001b1f0</run_address>
         <size>0x4</size>
         <input_file_ref idref="fl-e3"/>
      </object_component>
      <object_component id="oc-1de">
         <name>.data</name>
         <load_address>0x2001b1d8</load_address>
         <run_address>0x2001b1d8</run_address>
         <size>0xc</size>
         <input_file_ref idref="fl-e5"/>
      </object_component>
      <object_component id="oc-97">
         <name>.data</name>
         <load_address>0x2001b1ec</load_address>
         <run_address>0x2001b1ec</run_address>
         <size>0x4</size>
         <input_file_ref idref="fl-e6"/>
      </object_component>
      <object_component id="oc-93">
         <name>.data</name>
         <load_address>0x2001b18c</load_address>
         <run_address>0x2001b18c</run_address>
         <size>0x34</size>
         <input_file_ref idref="fl-e9"/>
      </object_component>
      <object_component id="oc-212">
         <name>.bss</name>
         <uninitialized>true</uninitialized>
         <run_address>0x2001b184</run_address>
         <size>0x4</size>
         <input_file_ref idref="fl-5"/>
      </object_component>
      <object_component id="oc-f5">
         <name>.bss:pxReadyTasksLists</name>
         <uninitialized>true</uninitialized>
         <run_address>0x2001b000</run_address>
         <size>0xc8</size>
         <input_file_ref idref="fl-e9"/>
      </object_component>
      <object_component id="oc-10a">
         <name>.bss:xDelayedTaskList1</name>
         <uninitialized>true</uninitialized>
         <run_address>0x2001b118</run_address>
         <size>0x14</size>
         <input_file_ref idref="fl-e9"/>
      </object_component>
      <object_component id="oc-10d">
         <name>.bss:xDelayedTaskList2</name>
         <uninitialized>true</uninitialized>
         <run_address>0x2001b12c</run_address>
         <size>0x14</size>
         <input_file_ref idref="fl-e9"/>
      </object_component>
      <object_component id="oc-fb">
         <name>.bss</name>
         <uninitialized>true</uninitialized>
         <run_address>0x2001b17c</run_address>
         <size>0x8</size>
         <input_file_ref idref="fl-e9"/>
      </object_component>
      <object_component id="oc-101">
         <name>.bss:xPendingReadyList</name>
         <uninitialized>true</uninitialized>
         <run_address>0x2001b140</run_address>
         <size>0x14</size>
         <input_file_ref idref="fl-e9"/>
      </object_component>
      <object_component id="oc-f8">
         <name>.bss:xTasksWaitingTermination</name>
         <uninitialized>true</uninitialized>
         <run_address>0x2001b168</run_address>
         <size>0x14</size>
         <input_file_ref idref="fl-e9"/>
      </object_component>
      <object_component id="oc-fe">
         <name>.bss:xSuspendedTaskList</name>
         <uninitialized>true</uninitialized>
         <run_address>0x2001b154</run_address>
         <size>0x14</size>
         <input_file_ref idref="fl-e9"/>
      </object_component>
      <object_component id="oc-161">
         <name>.common:MsgQ</name>
         <uninitialized>true</uninitialized>
         <run_address>0x2001b188</run_address>
         <size>0x4</size>
      </object_component>
      <object_component id="oc-277">
         <name>.common:xQueueRegistry</name>
         <uninitialized>true</uninitialized>
         <run_address>0x2001b0c8</run_address>
         <size>0x50</size>
      </object_component>
      <object_component id="oc-2a">
         <name>.sysmem</name>
         <uninitialized>true</uninitialized>
         <run_address>0x20017000</run_address>
         <size>0x8</size>
         <input_file_ref idref="fl-c8"/>
      </object_component>
      <object_component id="oc-3aa">
         <name>.sysmem</name>
         <uninitialized>true</uninitialized>
         <run_address>0x20017000</run_address>
         <size>0x0</size>
      </object_component>
      <object_component id="oc-29">
         <name>.stack</name>
         <uninitialized>true</uninitialized>
         <run_address>0x2002ff00</run_address>
         <size>0x0</size>
         <input_file_ref idref="fl-c1"/>
      </object_component>
      <object_component id="oc-3a9">
         <name>.stack</name>
         <uninitialized>true</uninitialized>
         <run_address>0x2002ff00</run_address>
         <size>0x0</size>
      </object_component>
      <object_component id="oc-162">
         <name>.debug_info</name>
         <load_address>0x0</load_address>
         <run_address>0x0</run_address>
         <size>0x3fd</size>
         <input_file_ref idref="fl-2"/>
      </object_component>
      <object_component id="oc-d1">
         <name>.debug_info</name>
         <load_address>0x3fd</load_address>
         <run_address>0x3fd</run_address>
         <size>0x6fb</size>
         <input_file_ref idref="fl-2"/>
      </object_component>
      <object_component id="oc-165">
         <name>.debug_info</name>
         <load_address>0xaf8</load_address>
         <run_address>0xaf8</run_address>
         <size>0x13f</size>
         <input_file_ref idref="fl-2"/>
      </object_component>
      <object_component id="oc-1af">
         <name>.debug_info</name>
         <load_address>0xc37</load_address>
         <run_address>0xc37</run_address>
         <size>0xc8</size>
         <input_file_ref idref="fl-2"/>
      </object_component>
      <object_component id="oc-337">
         <name>.debug_info</name>
         <load_address>0xcff</load_address>
         <run_address>0xcff</run_address>
         <size>0x62</size>
         <input_file_ref idref="fl-2"/>
      </object_component>
      <object_component id="oc-a8">
         <name>.debug_info</name>
         <load_address>0xd61</load_address>
         <run_address>0xd61</run_address>
         <size>0x84</size>
         <input_file_ref idref="fl-2"/>
      </object_component>
      <object_component id="oc-224">
         <name>.debug_info</name>
         <load_address>0xde5</load_address>
         <run_address>0xde5</run_address>
         <size>0x2c</size>
         <input_file_ref idref="fl-2"/>
      </object_component>
      <object_component id="oc-217">
         <name>.debug_info</name>
         <load_address>0xe11</load_address>
         <run_address>0xe11</run_address>
         <size>0x4e</size>
         <input_file_ref idref="fl-2"/>
      </object_component>
      <object_component id="oc-15e">
         <name>.debug_info</name>
         <load_address>0xe5f</load_address>
         <run_address>0xe5f</run_address>
         <size>0x138</size>
         <input_file_ref idref="fl-3"/>
      </object_component>
      <object_component id="oc-40">
         <name>.debug_info</name>
         <load_address>0xf97</load_address>
         <run_address>0xf97</run_address>
         <size>0x18f</size>
         <input_file_ref idref="fl-4"/>
      </object_component>
      <object_component id="oc-10">
         <name>.debug_info</name>
         <load_address>0x1126</load_address>
         <run_address>0x1126</run_address>
         <size>0xfa</size>
         <input_file_ref idref="fl-4"/>
      </object_component>
      <object_component id="oc-31">
         <name>.debug_info</name>
         <load_address>0x1220</load_address>
         <run_address>0x1220</run_address>
         <size>0x41b</size>
         <input_file_ref idref="fl-4"/>
      </object_component>
      <object_component id="oc-216">
         <name>.debug_info</name>
         <load_address>0x163b</load_address>
         <run_address>0x163b</run_address>
         <size>0x3be</size>
         <input_file_ref idref="fl-5"/>
      </object_component>
      <object_component id="oc-213">
         <name>.debug_info</name>
         <load_address>0x19f9</load_address>
         <run_address>0x19f9</run_address>
         <size>0xf1</size>
         <input_file_ref idref="fl-5"/>
      </object_component>
      <object_component id="oc-140">
         <name>.debug_info</name>
         <load_address>0x1aea</load_address>
         <run_address>0x1aea</run_address>
         <size>0x8ee</size>
         <input_file_ref idref="fl-5"/>
      </object_component>
      <object_component id="oc-193">
         <name>.debug_info</name>
         <load_address>0x23d8</load_address>
         <run_address>0x23d8</run_address>
         <size>0x110</size>
         <input_file_ref idref="fl-5"/>
      </object_component>
      <object_component id="oc-25">
         <name>.debug_info</name>
         <load_address>0x24e8</load_address>
         <run_address>0x24e8</run_address>
         <size>0x161</size>
         <input_file_ref idref="fl-c1"/>
      </object_component>
      <object_component id="oc-4c">
         <name>.debug_info</name>
         <load_address>0x2649</load_address>
         <run_address>0x2649</run_address>
         <size>0x141</size>
         <input_file_ref idref="fl-c2"/>
      </object_component>
      <object_component id="oc-13">
         <name>.debug_info</name>
         <load_address>0x278a</load_address>
         <run_address>0x278a</run_address>
         <size>0x1e0</size>
         <input_file_ref idref="fl-c2"/>
      </object_component>
      <object_component id="oc-47">
         <name>.debug_info</name>
         <load_address>0x296a</load_address>
         <run_address>0x296a</run_address>
         <size>0x46</size>
         <input_file_ref idref="fl-c2"/>
      </object_component>
      <object_component id="oc-ae">
         <name>.debug_info</name>
         <load_address>0x29b0</load_address>
         <run_address>0x29b0</run_address>
         <size>0x2c</size>
         <input_file_ref idref="fl-c2"/>
      </object_component>
      <object_component id="oc-54">
         <name>.debug_info</name>
         <load_address>0x29dc</load_address>
         <run_address>0x29dc</run_address>
         <size>0x135</size>
         <input_file_ref idref="fl-c3"/>
      </object_component>
      <object_component id="oc-4f">
         <name>.debug_info</name>
         <load_address>0x2b11</load_address>
         <run_address>0x2b11</run_address>
         <size>0x248</size>
         <input_file_ref idref="fl-c3"/>
      </object_component>
      <object_component id="oc-1b">
         <name>.debug_info</name>
         <load_address>0x2d59</load_address>
         <run_address>0x2d59</run_address>
         <size>0x1b2</size>
         <input_file_ref idref="fl-c3"/>
      </object_component>
      <object_component id="oc-55">
         <name>.debug_info</name>
         <load_address>0x2f0b</load_address>
         <run_address>0x2f0b</run_address>
         <size>0x39</size>
         <input_file_ref idref="fl-c3"/>
      </object_component>
      <object_component id="oc-b8">
         <name>.debug_info</name>
         <load_address>0x2f44</load_address>
         <run_address>0x2f44</run_address>
         <size>0x2c</size>
         <input_file_ref idref="fl-c3"/>
      </object_component>
      <object_component id="oc-df">
         <name>.debug_info</name>
         <load_address>0x2f70</load_address>
         <run_address>0x2f70</run_address>
         <size>0x235</size>
         <input_file_ref idref="fl-c5"/>
      </object_component>
      <object_component id="oc-d9">
         <name>.debug_info</name>
         <load_address>0x31a5</load_address>
         <run_address>0x31a5</run_address>
         <size>0x186</size>
         <input_file_ref idref="fl-c5"/>
      </object_component>
      <object_component id="oc-81">
         <name>.debug_info</name>
         <load_address>0x332b</load_address>
         <run_address>0x332b</run_address>
         <size>0x215</size>
         <input_file_ref idref="fl-c5"/>
      </object_component>
      <object_component id="oc-42">
         <name>.debug_info</name>
         <load_address>0x3540</load_address>
         <run_address>0x3540</run_address>
         <size>0x112</size>
         <input_file_ref idref="fl-c6"/>
      </object_component>
      <object_component id="oc-2a3">
         <name>.debug_info</name>
         <load_address>0x3652</load_address>
         <run_address>0x3652</run_address>
         <size>0x12d</size>
         <input_file_ref idref="fl-c7"/>
      </object_component>
      <object_component id="oc-20e">
         <name>.debug_info</name>
         <load_address>0x377f</load_address>
         <run_address>0x377f</run_address>
         <size>0x1ac</size>
         <input_file_ref idref="fl-c7"/>
      </object_component>
      <object_component id="oc-8a">
         <name>.debug_info</name>
         <load_address>0x392b</load_address>
         <run_address>0x392b</run_address>
         <size>0x223</size>
         <input_file_ref idref="fl-c8"/>
      </object_component>
      <object_component id="oc-2b">
         <name>.debug_info</name>
         <load_address>0x3b4e</load_address>
         <run_address>0x3b4e</run_address>
         <size>0x102</size>
         <input_file_ref idref="fl-c8"/>
      </object_component>
      <object_component id="oc-261">
         <name>.debug_info</name>
         <load_address>0x3c50</load_address>
         <run_address>0x3c50</run_address>
         <size>0x14d</size>
         <input_file_ref idref="fl-c8"/>
      </object_component>
      <object_component id="oc-18c">
         <name>.debug_info</name>
         <load_address>0x3d9d</load_address>
         <run_address>0x3d9d</run_address>
         <size>0x88c</size>
         <input_file_ref idref="fl-c8"/>
      </object_component>
      <object_component id="oc-e5">
         <name>.debug_info</name>
         <load_address>0x4629</load_address>
         <run_address>0x4629</run_address>
         <size>0x2c</size>
         <input_file_ref idref="fl-c8"/>
      </object_component>
      <object_component id="oc-ea">
         <name>.debug_info</name>
         <load_address>0x4655</load_address>
         <run_address>0x4655</run_address>
         <size>0x62</size>
         <input_file_ref idref="fl-c8"/>
      </object_component>
      <object_component id="oc-5d">
         <name>.debug_info</name>
         <load_address>0x46b7</load_address>
         <run_address>0x46b7</run_address>
         <size>0x140</size>
         <input_file_ref idref="fl-c9"/>
      </object_component>
      <object_component id="oc-6a">
         <name>.debug_info</name>
         <load_address>0x47f7</load_address>
         <run_address>0x47f7</run_address>
         <size>0x139</size>
         <input_file_ref idref="fl-ca"/>
      </object_component>
      <object_component id="oc-70">
         <name>.debug_info</name>
         <load_address>0x4930</load_address>
         <run_address>0x4930</run_address>
         <size>0x149</size>
         <input_file_ref idref="fl-cb"/>
      </object_component>
      <object_component id="oc-85">
         <name>.debug_info</name>
         <load_address>0x4a79</load_address>
         <run_address>0x4a79</run_address>
         <size>0x10a</size>
         <input_file_ref idref="fl-cc"/>
      </object_component>
      <object_component id="oc-2a1">
         <name>.debug_info</name>
         <load_address>0x4b83</load_address>
         <run_address>0x4b83</run_address>
         <size>0xeb</size>
         <input_file_ref idref="fl-cd"/>
      </object_component>
      <object_component id="oc-207">
         <name>.debug_info</name>
         <load_address>0x4c6e</load_address>
         <run_address>0x4c6e</run_address>
         <size>0x22b</size>
         <input_file_ref idref="fl-cd"/>
      </object_component>
      <object_component id="oc-293">
         <name>.debug_info</name>
         <load_address>0x4e99</load_address>
         <run_address>0x4e99</run_address>
         <size>0x1c9</size>
         <input_file_ref idref="fl-ce"/>
      </object_component>
      <object_component id="oc-1f5">
         <name>.debug_info</name>
         <load_address>0x5062</load_address>
         <run_address>0x5062</run_address>
         <size>0x35d</size>
         <input_file_ref idref="fl-ce"/>
      </object_component>
      <object_component id="oc-294">
         <name>.debug_info</name>
         <load_address>0x53bf</load_address>
         <run_address>0x53bf</run_address>
         <size>0x2c</size>
         <input_file_ref idref="fl-ce"/>
      </object_component>
      <object_component id="oc-299">
         <name>.debug_info</name>
         <load_address>0x53eb</load_address>
         <run_address>0x53eb</run_address>
         <size>0x69</size>
         <input_file_ref idref="fl-ce"/>
      </object_component>
      <object_component id="oc-17b">
         <name>.debug_info</name>
         <load_address>0x5454</load_address>
         <run_address>0x5454</run_address>
         <size>0x125</size>
         <input_file_ref idref="fl-cf"/>
      </object_component>
      <object_component id="oc-dc">
         <name>.debug_info</name>
         <load_address>0x5579</load_address>
         <run_address>0x5579</run_address>
         <size>0x114</size>
         <input_file_ref idref="fl-cf"/>
      </object_component>
      <object_component id="oc-175">
         <name>.debug_info</name>
         <load_address>0x568d</load_address>
         <run_address>0x568d</run_address>
         <size>0x220</size>
         <input_file_ref idref="fl-cf"/>
      </object_component>
      <object_component id="oc-322">
         <name>.debug_info</name>
         <load_address>0x58ad</load_address>
         <run_address>0x58ad</run_address>
         <size>0x38c</size>
         <input_file_ref idref="fl-d0"/>
      </object_component>
      <object_component id="oc-28f">
         <name>.debug_info</name>
         <load_address>0x5c39</load_address>
         <run_address>0x5c39</run_address>
         <size>0x17ef</size>
         <input_file_ref idref="fl-d0"/>
      </object_component>
      <object_component id="oc-323">
         <name>.debug_info</name>
         <load_address>0x7428</load_address>
         <run_address>0x7428</run_address>
         <size>0x86</size>
         <input_file_ref idref="fl-d0"/>
      </object_component>
      <object_component id="oc-368">
         <name>.debug_info</name>
         <load_address>0x74ae</load_address>
         <run_address>0x74ae</run_address>
         <size>0x46</size>
         <input_file_ref idref="fl-d0"/>
      </object_component>
      <object_component id="oc-328">
         <name>.debug_info</name>
         <load_address>0x74f4</load_address>
         <run_address>0x74f4</run_address>
         <size>0x39</size>
         <input_file_ref idref="fl-d0"/>
      </object_component>
      <object_component id="oc-d7">
         <name>.debug_info</name>
         <load_address>0x752d</load_address>
         <run_address>0x752d</run_address>
         <size>0x167</size>
         <input_file_ref idref="fl-d1"/>
      </object_component>
      <object_component id="oc-79">
         <name>.debug_info</name>
         <load_address>0x7694</load_address>
         <run_address>0x7694</run_address>
         <size>0x168</size>
         <input_file_ref idref="fl-d1"/>
      </object_component>
      <object_component id="oc-16c">
         <name>.debug_info</name>
         <load_address>0x77fc</load_address>
         <run_address>0x77fc</run_address>
         <size>0x5e</size>
         <input_file_ref idref="fl-d1"/>
      </object_component>
      <object_component id="oc-365">
         <name>.debug_info</name>
         <load_address>0x785a</load_address>
         <run_address>0x785a</run_address>
         <size>0x115</size>
         <input_file_ref idref="fl-d2"/>
      </object_component>
      <object_component id="oc-31e">
         <name>.debug_info</name>
         <load_address>0x796f</load_address>
         <run_address>0x796f</run_address>
         <size>0x172</size>
         <input_file_ref idref="fl-d2"/>
      </object_component>
      <object_component id="oc-cf">
         <name>.debug_info</name>
         <load_address>0x7ae1</load_address>
         <run_address>0x7ae1</run_address>
         <size>0x2ea</size>
         <input_file_ref idref="fl-d3"/>
      </object_component>
      <object_component id="oc-74">
         <name>.debug_info</name>
         <load_address>0x7dcb</load_address>
         <run_address>0x7dcb</run_address>
         <size>0x191</size>
         <input_file_ref idref="fl-d3"/>
      </object_component>
      <object_component id="oc-12d">
         <name>.debug_info</name>
         <load_address>0x7f5c</load_address>
         <run_address>0x7f5c</run_address>
         <size>0x39</size>
         <input_file_ref idref="fl-d3"/>
      </object_component>
      <object_component id="oc-132">
         <name>.debug_info</name>
         <load_address>0x7f95</load_address>
         <run_address>0x7f95</run_address>
         <size>0xcd</size>
         <input_file_ref idref="fl-d3"/>
      </object_component>
      <object_component id="oc-129">
         <name>.debug_info</name>
         <load_address>0x8062</load_address>
         <run_address>0x8062</run_address>
         <size>0x1e1</size>
         <input_file_ref idref="fl-d4"/>
      </object_component>
      <object_component id="oc-c5">
         <name>.debug_info</name>
         <load_address>0x8243</load_address>
         <run_address>0x8243</run_address>
         <size>0x184</size>
         <input_file_ref idref="fl-d4"/>
      </object_component>
      <object_component id="oc-1bb">
         <name>.debug_info</name>
         <load_address>0x83c7</load_address>
         <run_address>0x83c7</run_address>
         <size>0x2c</size>
         <input_file_ref idref="fl-d4"/>
      </object_component>
      <object_component id="oc-37f">
         <name>.debug_info</name>
         <load_address>0x83f3</load_address>
         <run_address>0x83f3</run_address>
         <size>0xef</size>
         <input_file_ref idref="fl-d5"/>
      </object_component>
      <object_component id="oc-362">
         <name>.debug_info</name>
         <load_address>0x84e2</load_address>
         <run_address>0x84e2</run_address>
         <size>0xfb</size>
         <input_file_ref idref="fl-d5"/>
      </object_component>
      <object_component id="oc-2ff">
         <name>.debug_info</name>
         <load_address>0x85dd</load_address>
         <run_address>0x85dd</run_address>
         <size>0x145</size>
         <input_file_ref idref="fl-d6"/>
      </object_component>
      <object_component id="oc-2dc">
         <name>.debug_info</name>
         <load_address>0x8722</load_address>
         <run_address>0x8722</run_address>
         <size>0x121</size>
         <input_file_ref idref="fl-d7"/>
      </object_component>
      <object_component id="oc-2eb">
         <name>.debug_info</name>
         <load_address>0x8843</load_address>
         <run_address>0x8843</run_address>
         <size>0x123</size>
         <input_file_ref idref="fl-d7"/>
      </object_component>
      <object_component id="oc-2e5">
         <name>.debug_info</name>
         <load_address>0x8966</load_address>
         <run_address>0x8966</run_address>
         <size>0x133</size>
         <input_file_ref idref="fl-d8"/>
      </object_component>
      <object_component id="oc-2e2">
         <name>.debug_info</name>
         <load_address>0x8a99</load_address>
         <run_address>0x8a99</run_address>
         <size>0x133</size>
         <input_file_ref idref="fl-d9"/>
      </object_component>
      <object_component id="oc-2ef">
         <name>.debug_info</name>
         <load_address>0x8bcc</load_address>
         <run_address>0x8bcc</run_address>
         <size>0x127</size>
         <input_file_ref idref="fl-da"/>
      </object_component>
      <object_component id="oc-2fc">
         <name>.debug_info</name>
         <load_address>0x8cf3</load_address>
         <run_address>0x8cf3</run_address>
         <size>0x125</size>
         <input_file_ref idref="fl-db"/>
      </object_component>
      <object_component id="oc-348">
         <name>.debug_info</name>
         <load_address>0x8e18</load_address>
         <run_address>0x8e18</run_address>
         <size>0x14d</size>
         <input_file_ref idref="fl-dc"/>
      </object_component>
      <object_component id="oc-2f6">
         <name>.debug_info</name>
         <load_address>0x8f65</load_address>
         <run_address>0x8f65</run_address>
         <size>0x1c3</size>
         <input_file_ref idref="fl-dc"/>
      </object_component>
      <object_component id="oc-360">
         <name>.debug_info</name>
         <load_address>0x9128</load_address>
         <run_address>0x9128</run_address>
         <size>0xf2</size>
         <input_file_ref idref="fl-dd"/>
      </object_component>
      <object_component id="oc-317">
         <name>.debug_info</name>
         <load_address>0x921a</load_address>
         <run_address>0x921a</run_address>
         <size>0x1ac</size>
         <input_file_ref idref="fl-dd"/>
      </object_component>
      <object_component id="oc-34c">
         <name>.debug_info</name>
         <load_address>0x93c6</load_address>
         <run_address>0x93c6</run_address>
         <size>0x140</size>
         <input_file_ref idref="fl-de"/>
      </object_component>
      <object_component id="oc-304">
         <name>.debug_info</name>
         <load_address>0x9506</load_address>
         <run_address>0x9506</run_address>
         <size>0x18a</size>
         <input_file_ref idref="fl-de"/>
      </object_component>
      <object_component id="oc-34d">
         <name>.debug_info</name>
         <load_address>0x9690</load_address>
         <run_address>0x9690</run_address>
         <size>0x2c</size>
         <input_file_ref idref="fl-de"/>
      </object_component>
      <object_component id="oc-35c">
         <name>.debug_info</name>
         <load_address>0x96bc</load_address>
         <run_address>0x96bc</run_address>
         <size>0x17d</size>
         <input_file_ref idref="fl-df"/>
      </object_component>
      <object_component id="oc-30b">
         <name>.debug_info</name>
         <load_address>0x9839</load_address>
         <run_address>0x9839</run_address>
         <size>0x1e7</size>
         <input_file_ref idref="fl-df"/>
      </object_component>
      <object_component id="oc-cb">
         <name>.debug_info</name>
         <load_address>0x9a20</load_address>
         <run_address>0x9a20</run_address>
         <size>0x146</size>
         <input_file_ref idref="fl-e0"/>
      </object_component>
      <object_component id="oc-35e">
         <name>.debug_info</name>
         <load_address>0x9b66</load_address>
         <run_address>0x9b66</run_address>
         <size>0xf6</size>
         <input_file_ref idref="fl-e1"/>
      </object_component>
      <object_component id="oc-310">
         <name>.debug_info</name>
         <load_address>0x9c5c</load_address>
         <run_address>0x9c5c</run_address>
         <size>0x245</size>
         <input_file_ref idref="fl-e1"/>
      </object_component>
      <object_component id="oc-2d7">
         <name>.debug_info</name>
         <load_address>0x9ea1</load_address>
         <run_address>0x9ea1</run_address>
         <size>0x17e</size>
         <input_file_ref idref="fl-e2"/>
      </object_component>
      <object_component id="oc-359">
         <name>.debug_info</name>
         <load_address>0xa01f</load_address>
         <run_address>0xa01f</run_address>
         <size>0xf4</size>
         <input_file_ref idref="fl-e3"/>
      </object_component>
      <object_component id="oc-354">
         <name>.debug_info</name>
         <load_address>0xa113</load_address>
         <run_address>0xa113</run_address>
         <size>0x155</size>
         <input_file_ref idref="fl-e4"/>
      </object_component>
      <object_component id="oc-127">
         <name>.debug_info</name>
         <load_address>0xa268</load_address>
         <run_address>0xa268</run_address>
         <size>0x6bf</size>
         <input_file_ref idref="fl-e5"/>
      </object_component>
      <object_component id="oc-1df">
         <name>.debug_info</name>
         <load_address>0xa927</load_address>
         <run_address>0xa927</run_address>
         <size>0x19a</size>
         <input_file_ref idref="fl-e5"/>
      </object_component>
      <object_component id="oc-13a">
         <name>.debug_info</name>
         <load_address>0xaac1</load_address>
         <run_address>0xaac1</run_address>
         <size>0x24dc</size>
         <input_file_ref idref="fl-e5"/>
      </object_component>
      <object_component id="oc-112">
         <name>.debug_info</name>
         <load_address>0xcf9d</load_address>
         <run_address>0xcf9d</run_address>
         <size>0x2ab</size>
         <input_file_ref idref="fl-e5"/>
      </object_component>
      <object_component id="oc-1b4">
         <name>.debug_info</name>
         <load_address>0xd248</load_address>
         <run_address>0xd248</run_address>
         <size>0x46</size>
         <input_file_ref idref="fl-e5"/>
      </object_component>
      <object_component id="oc-1aa">
         <name>.debug_info</name>
         <load_address>0xd28e</load_address>
         <run_address>0xd28e</run_address>
         <size>0x2c</size>
         <input_file_ref idref="fl-e5"/>
      </object_component>
      <object_component id="oc-9c">
         <name>.debug_info</name>
         <load_address>0xd2ba</load_address>
         <run_address>0xd2ba</run_address>
         <size>0x2c</size>
         <input_file_ref idref="fl-e5"/>
      </object_component>
      <object_component id="oc-117">
         <name>.debug_info</name>
         <load_address>0xd2e6</load_address>
         <run_address>0xd2e6</run_address>
         <size>0x18b</size>
         <input_file_ref idref="fl-e5"/>
      </object_component>
      <object_component id="oc-a1">
         <name>.debug_info</name>
         <load_address>0xd471</load_address>
         <run_address>0xd471</run_address>
         <size>0x53</size>
         <input_file_ref idref="fl-e5"/>
      </object_component>
      <object_component id="oc-122">
         <name>.debug_info</name>
         <load_address>0xd4c4</load_address>
         <run_address>0xd4c4</run_address>
         <size>0x14c</size>
         <input_file_ref idref="fl-e5"/>
      </object_component>
      <object_component id="oc-9b">
         <name>.debug_info</name>
         <load_address>0xd610</load_address>
         <run_address>0xd610</run_address>
         <size>0x23e</size>
         <input_file_ref idref="fl-e6"/>
      </object_component>
      <object_component id="oc-98">
         <name>.debug_info</name>
         <load_address>0xd84e</load_address>
         <run_address>0xd84e</run_address>
         <size>0x132</size>
         <input_file_ref idref="fl-e6"/>
      </object_component>
      <object_component id="oc-39">
         <name>.debug_info</name>
         <load_address>0xd980</load_address>
         <run_address>0xd980</run_address>
         <size>0xb68</size>
         <input_file_ref idref="fl-e6"/>
      </object_component>
      <object_component id="oc-34">
         <name>.debug_info</name>
         <load_address>0xe4e8</load_address>
         <run_address>0xe4e8</run_address>
         <size>0x1c5</size>
         <input_file_ref idref="fl-e7"/>
      </object_component>
      <object_component id="oc-278">
         <name>.debug_info</name>
         <load_address>0xe6ad</load_address>
         <run_address>0xe6ad</run_address>
         <size>0x61f</size>
         <input_file_ref idref="fl-e8"/>
      </object_component>
      <object_component id="oc-1da">
         <name>.debug_info</name>
         <load_address>0xeccc</load_address>
         <run_address>0xeccc</run_address>
         <size>0x3f01</size>
         <input_file_ref idref="fl-e8"/>
      </object_component>
      <object_component id="oc-2ce">
         <name>.debug_info</name>
         <load_address>0x12bcd</load_address>
         <run_address>0x12bcd</run_address>
         <size>0x1e1</size>
         <input_file_ref idref="fl-e8"/>
      </object_component>
      <object_component id="oc-111">
         <name>.debug_info</name>
         <load_address>0x12dae</load_address>
         <run_address>0x12dae</run_address>
         <size>0x649</size>
         <input_file_ref idref="fl-e9"/>
      </object_component>
      <object_component id="oc-94">
         <name>.debug_info</name>
         <load_address>0x133f7</load_address>
         <run_address>0x133f7</run_address>
         <size>0x34f</size>
         <input_file_ref idref="fl-e9"/>
      </object_component>
      <object_component id="oc-f6">
         <name>.debug_info</name>
         <load_address>0x13746</load_address>
         <run_address>0x13746</run_address>
         <size>0x11e</size>
         <input_file_ref idref="fl-e9"/>
      </object_component>
      <object_component id="oc-10b">
         <name>.debug_info</name>
         <load_address>0x13864</load_address>
         <run_address>0x13864</run_address>
         <size>0x11e</size>
         <input_file_ref idref="fl-e9"/>
      </object_component>
      <object_component id="oc-10e">
         <name>.debug_info</name>
         <load_address>0x13982</load_address>
         <run_address>0x13982</run_address>
         <size>0x11e</size>
         <input_file_ref idref="fl-e9"/>
      </object_component>
      <object_component id="oc-fc">
         <name>.debug_info</name>
         <load_address>0x13aa0</load_address>
         <run_address>0x13aa0</run_address>
         <size>0x160</size>
         <input_file_ref idref="fl-e9"/>
      </object_component>
      <object_component id="oc-102">
         <name>.debug_info</name>
         <load_address>0x13c00</load_address>
         <run_address>0x13c00</run_address>
         <size>0x11e</size>
         <input_file_ref idref="fl-e9"/>
      </object_component>
      <object_component id="oc-f9">
         <name>.debug_info</name>
         <load_address>0x13d1e</load_address>
         <run_address>0x13d1e</run_address>
         <size>0x12c</size>
         <input_file_ref idref="fl-e9"/>
      </object_component>
      <object_component id="oc-ff">
         <name>.debug_info</name>
         <load_address>0x13e4a</load_address>
         <run_address>0x13e4a</run_address>
         <size>0x120</size>
         <input_file_ref idref="fl-e9"/>
      </object_component>
      <object_component id="oc-91">
         <name>.debug_info</name>
         <load_address>0x13f6a</load_address>
         <run_address>0x13f6a</run_address>
         <size>0x4940</size>
         <input_file_ref idref="fl-e9"/>
      </object_component>
      <object_component id="oc-19e">
         <name>.debug_info</name>
         <load_address>0x188aa</load_address>
         <run_address>0x188aa</run_address>
         <size>0x46</size>
         <input_file_ref idref="fl-e9"/>
      </object_component>
      <object_component id="oc-1a3">
         <name>.debug_info</name>
         <load_address>0x188f0</load_address>
         <run_address>0x188f0</run_address>
         <size>0xfb</size>
         <input_file_ref idref="fl-e9"/>
      </object_component>
      <object_component id="oc-192">
         <name>.debug_info</name>
         <load_address>0x189eb</load_address>
         <run_address>0x189eb</run_address>
         <size>0x256</size>
         <input_file_ref idref="fl-ea"/>
      </object_component>
      <object_component id="oc-105">
         <name>.debug_info</name>
         <load_address>0x18c41</load_address>
         <run_address>0x18c41</run_address>
         <size>0x3d3</size>
         <input_file_ref idref="fl-ea"/>
      </object_component>
      <object_component id="oc-180">
         <name>.debug_info</name>
         <load_address>0x19014</load_address>
         <run_address>0x19014</run_address>
         <size>0x152</size>
         <input_file_ref idref="fl-eb"/>
      </object_component>
      <object_component id="oc-f0">
         <name>.debug_info</name>
         <load_address>0x19166</load_address>
         <run_address>0x19166</run_address>
         <size>0x6c5</size>
         <input_file_ref idref="fl-eb"/>
      </object_component>
      <object_component id="oc-267">
         <name>.debug_info</name>
         <load_address>0x1982b</load_address>
         <run_address>0x1982b</run_address>
         <size>0x1a7</size>
         <input_file_ref idref="fl-ec"/>
      </object_component>
      <object_component id="oc-269">
         <name>.debug_info</name>
         <load_address>0x199d2</load_address>
         <run_address>0x199d2</run_address>
         <size>0x102</size>
         <input_file_ref idref="fl-ec"/>
      </object_component>
      <object_component id="oc-22a">
         <name>.debug_info</name>
         <load_address>0x19ad4</load_address>
         <run_address>0x19ad4</run_address>
         <size>0x106</size>
         <input_file_ref idref="fl-ec"/>
      </object_component>
      <object_component id="oc-26d">
         <name>.debug_info</name>
         <load_address>0x19bda</load_address>
         <run_address>0x19bda</run_address>
         <size>0x108</size>
         <input_file_ref idref="fl-ec"/>
      </object_component>
      <object_component id="oc-271">
         <name>.debug_info</name>
         <load_address>0x19ce2</load_address>
         <run_address>0x19ce2</run_address>
         <size>0x18b</size>
         <input_file_ref idref="fl-ec"/>
      </object_component>
      <object_component id="oc-14a">
         <name>.debug_info</name>
         <load_address>0x19e6d</load_address>
         <run_address>0x19e6d</run_address>
         <size>0x1a6</size>
         <input_file_ref idref="fl-ec"/>
      </object_component>
      <object_component id="oc-144">
         <name>.debug_info</name>
         <load_address>0x1a013</load_address>
         <run_address>0x1a013</run_address>
         <size>0x1d8</size>
         <input_file_ref idref="fl-ec"/>
      </object_component>
      <object_component id="oc-1c1">
         <name>.debug_info</name>
         <load_address>0x1a1eb</load_address>
         <run_address>0x1a1eb</run_address>
         <size>0x222</size>
         <input_file_ref idref="fl-ec"/>
      </object_component>
      <object_component id="oc-1d3">
         <name>.debug_info</name>
         <load_address>0x1a40d</load_address>
         <run_address>0x1a40d</run_address>
         <size>0x1ed</size>
         <input_file_ref idref="fl-ec"/>
      </object_component>
      <object_component id="oc-1c7">
         <name>.debug_info</name>
         <load_address>0x1a5fa</load_address>
         <run_address>0x1a5fa</run_address>
         <size>0x224</size>
         <input_file_ref idref="fl-ec"/>
      </object_component>
      <object_component id="oc-151">
         <name>.debug_info</name>
         <load_address>0x1a81e</load_address>
         <run_address>0x1a81e</run_address>
         <size>0x1c9</size>
         <input_file_ref idref="fl-ec"/>
      </object_component>
      <object_component id="oc-1ce">
         <name>.debug_info</name>
         <load_address>0x1a9e7</load_address>
         <run_address>0x1a9e7</run_address>
         <size>0x1cb</size>
         <input_file_ref idref="fl-ec"/>
      </object_component>
      <object_component id="oc-36f">
         <name>.debug_info</name>
         <load_address>0x1abb2</load_address>
         <run_address>0x1abb2</run_address>
         <size>0xf4</size>
         <input_file_ref idref="fl-ed"/>
      </object_component>
      <object_component id="oc-33d">
         <name>.debug_info</name>
         <load_address>0x1aca6</load_address>
         <run_address>0x1aca6</run_address>
         <size>0x108</size>
         <input_file_ref idref="fl-ed"/>
      </object_component>
      <object_component id="oc-2b8">
         <name>.debug_info</name>
         <load_address>0x1adae</load_address>
         <run_address>0x1adae</run_address>
         <size>0x1e9</size>
         <input_file_ref idref="fl-ed"/>
      </object_component>
      <object_component id="oc-2be">
         <name>.debug_info</name>
         <load_address>0x1af97</load_address>
         <run_address>0x1af97</run_address>
         <size>0x237</size>
         <input_file_ref idref="fl-ed"/>
      </object_component>
      <object_component id="oc-254">
         <name>.debug_info</name>
         <load_address>0x1b1ce</load_address>
         <run_address>0x1b1ce</run_address>
         <size>0x1fe</size>
         <input_file_ref idref="fl-ed"/>
      </object_component>
      <object_component id="oc-2b4">
         <name>.debug_info</name>
         <load_address>0x1b3cc</load_address>
         <run_address>0x1b3cc</run_address>
         <size>0x204</size>
         <input_file_ref idref="fl-ee"/>
      </object_component>
      <object_component id="oc-2b0">
         <name>.debug_info</name>
         <load_address>0x1b5d0</load_address>
         <run_address>0x1b5d0</run_address>
         <size>0x111</size>
         <input_file_ref idref="fl-ee"/>
      </object_component>
      <object_component id="oc-22e">
         <name>.debug_info</name>
         <load_address>0x1b6e1</load_address>
         <run_address>0x1b6e1</run_address>
         <size>0x1d0</size>
         <input_file_ref idref="fl-ee"/>
      </object_component>
      <object_component id="oc-240">
         <name>.debug_info</name>
         <load_address>0x1b8b1</load_address>
         <run_address>0x1b8b1</run_address>
         <size>0x215</size>
         <input_file_ref idref="fl-ee"/>
      </object_component>
      <object_component id="oc-24c">
         <name>.debug_info</name>
         <load_address>0x1bac6</load_address>
         <run_address>0x1bac6</run_address>
         <size>0x217</size>
         <input_file_ref idref="fl-ee"/>
      </object_component>
      <object_component id="oc-1e3">
         <name>.debug_info</name>
         <load_address>0x1bcdd</load_address>
         <run_address>0x1bcdd</run_address>
         <size>0x240</size>
         <input_file_ref idref="fl-ee"/>
      </object_component>
      <object_component id="oc-246">
         <name>.debug_info</name>
         <load_address>0x1bf1d</load_address>
         <run_address>0x1bf1d</run_address>
         <size>0x1ea</size>
         <input_file_ref idref="fl-ee"/>
      </object_component>
      <object_component id="oc-156">
         <name>.debug_info</name>
         <load_address>0x1c107</load_address>
         <run_address>0x1c107</run_address>
         <size>0x2ad</size>
         <input_file_ref idref="fl-ee"/>
      </object_component>
      <object_component id="oc-234">
         <name>.debug_info</name>
         <load_address>0x1c3b4</load_address>
         <run_address>0x1c3b4</run_address>
         <size>0x1e9</size>
         <input_file_ref idref="fl-ee"/>
      </object_component>
      <object_component id="oc-23a">
         <name>.debug_info</name>
         <load_address>0x1c59d</load_address>
         <run_address>0x1c59d</run_address>
         <size>0x1fe</size>
         <input_file_ref idref="fl-ee"/>
      </object_component>
      <object_component id="oc-1ec">
         <name>.debug_info</name>
         <load_address>0x1c79b</load_address>
         <run_address>0x1c79b</run_address>
         <size>0x286</size>
         <input_file_ref idref="fl-ef"/>
      </object_component>
      <object_component id="oc-288">
         <name>.debug_info</name>
         <load_address>0x1ca21</load_address>
         <run_address>0x1ca21</run_address>
         <size>0x1a8</size>
         <input_file_ref idref="fl-ef"/>
      </object_component>
      <object_component id="oc-282">
         <name>.debug_info</name>
         <load_address>0x1cbc9</load_address>
         <run_address>0x1cbc9</run_address>
         <size>0x1aa</size>
         <input_file_ref idref="fl-ef"/>
      </object_component>
      <object_component id="oc-1fe">
         <name>.debug_info</name>
         <load_address>0x1cd73</load_address>
         <run_address>0x1cd73</run_address>
         <size>0x1b4</size>
         <input_file_ref idref="fl-ef"/>
      </object_component>
      <object_component id="oc-204">
         <name>.debug_info</name>
         <load_address>0x1cf27</load_address>
         <run_address>0x1cf27</run_address>
         <size>0x1c4</size>
         <input_file_ref idref="fl-ef"/>
      </object_component>
      <object_component id="oc-1f2">
         <name>.debug_info</name>
         <load_address>0x1d0eb</load_address>
         <run_address>0x1d0eb</run_address>
         <size>0x1d5</size>
         <input_file_ref idref="fl-ef"/>
      </object_component>
      <object_component id="oc-21e">
         <name>.debug_info</name>
         <load_address>0x1d2c0</load_address>
         <run_address>0x1d2c0</run_address>
         <size>0x178</size>
         <input_file_ref idref="fl-f1"/>
[...]
      </symbol>
      <symbol id="sm-5c9">
         <name>osi_TaskDisable</name>
         <value>0x200076a9</value>
         <object_component_ref idref="oc-137"/>
      </symbol>
      <symbol id="sm-5ca">
         <name>osi_Spawn</name>
         <value>0x20007487</value>
         <object_component_ref idref="oc-137"/>
      </symbol>
      <symbol id="sm-5cb">
         <name>mem_Free</name>
         <value>0x20007649</value>
         <object_component_ref idref="oc-137"/>
      </symbol>
      <symbol id="sm-5cc">
         <name>osi_ContextSave</name>
         <value>0x200076bd</value>
         <object_component_ref idref="oc-137"/>
      </symbol>
      <symbol id="sm-5cd">
         <name>xSimpleLinkSpawnQueue</name>
         <value>0x2001b1dc</value>
         <object_component_ref idref="oc-1de"/>
      </symbol>
      <symbol id="sm-5ce">
         <name>xSimpleLinkSpawnTaskHndl</name>
         <value>0x2001b1e0</value>
         <object_component_ref idref="oc-1de"/>
      </symbol>
      <symbol id="sm-5f6">
         <name>vPortSetupTimerInterrupt</name>
         <value>0x200087a1</value>
         <object_component_ref idref="oc-38"/>
      </symbol>
      <symbol id="sm-5f7">
         <name>vPortEndScheduler</name>
         <value>0x20008741</value>
         <object_component_ref idref="oc-38"/>
      </symbol>
      <symbol id="sm-5f8">
         <name>vPortYield</name>
         <value>0x20008743</value>
         <object_component_ref idref="oc-38"/>
      </symbol>
      <symbol id="sm-5f9">
         <name>xPortSysTickHandler</name>
         <value>0x20008785</value>
         <object_component_ref idref="oc-38"/>
      </symbol>
      <symbol id="sm-5fa">
         <name>pxPortInitialiseStack</name>
         <value>0x200086c5</value>
         <object_component_ref idref="oc-38"/>
      </symbol>
      <symbol id="sm-5fb">
         <name>vPortExitCritical</name>
         <value>0x2000876d</value>
         <object_component_ref idref="oc-38"/>
      </symbol>
      <symbol id="sm-5fc">
         <name>xPortStartScheduler</name>
         <value>0x20008715</value>
         <object_component_ref idref="oc-38"/>
      </symbol>
      <symbol id="sm-5fd">
         <name>vPortEnterCritical</name>
         <value>0x20008755</value>
         <object_component_ref idref="oc-38"/>
      </symbol>
      <symbol id="sm-60e">
         <name>portCLZ</name>
         <value>0x20008a55</value>
         <object_component_ref idref="oc-33"/>
      </symbol>
      <symbol id="sm-60f">
         <name>xPortPendSVHandler</name>
         <value>0x200089c9</value>
         <object_component_ref idref="oc-33"/>
      </symbol>
      <symbol id="sm-610">
         <name>vPortClearInterruptMask</name>
         <value>0x200089bb</value>
         <object_component_ref idref="oc-33"/>
      </symbol>
      <symbol id="sm-611">
         <name>ulPortSetInterruptMask</name>
         <value>0x200089a5</value>
         <object_component_ref idref="oc-33"/>
      </symbol>
      <symbol id="sm-612">
         <name>prvPortStartFirstTask</name>
         <value>0x20008a3d</value>
         <object_component_ref idref="oc-33"/>
      </symbol>
      <symbol id="sm-613">
         <name>vPortSVCHandler</name>
         <value>0x20008a15</value>
         <object_component_ref idref="oc-33"/>
      </symbol>
      <symbol id="sm-6be">
         <name>xQueueRegistry</name>
         <value>0x2001b0c8</value>
      </symbol>
      <symbol id="sm-6bf">
         <name>xQueuePeekFromISR</name>
         <value>0x20006e09</value>
         <object_component_ref idref="oc-1d8"/>
      </symbol>
      <symbol id="sm-6c0">
         <name>xQueueIsQueueEmptyFromISR</name>
         <value>0x2000708f</value>
         <object_component_ref idref="oc-1d8"/>
      </symbol>
      <symbol id="sm-6c1">
         <name>xQueueGenericSendFromISR</name>
         <value>0x20006bb3</value>
         <object_component_ref idref="oc-1d8"/>
      </symbol>
      <symbol id="sm-6c2">
         <name>uxQueueMessagesWaiting</name>
         <value>0x20006e4d</value>
         <object_component_ref idref="oc-1d8"/>
      </symbol>
      <symbol id="sm-6c3">
         <name>vQueueAddToRegistry</name>
         <value>0x200070f3</value>
         <object_component_ref idref="oc-1d8"/>
      </symbol>
      <symbol id="sm-6c4">
         <name>xQueueIsQueueFullFromISR</name>
         <value>0x200070d1</value>
         <object_component_ref idref="oc-1d8"/>
      </symbol>
      <symbol id="sm-6c5">
         <name>xQueueSelectFromSet</name>
         <value>0x200071f9</value>
         <object_component_ref idref="oc-1d8"/>
      </symbol>
      <symbol id="sm-6c6">
         <name>xQueueGenericCreate</name>
         <value>0x200067e9</value>
         <object_component_ref idref="oc-1d8"/>
      </symbol>
      <symbol id="sm-6c7">
         <name>xQueueSelectFromSetFromISR</name>
         <value>0x20007213</value>
         <object_component_ref idref="oc-1d8"/>
      </symbol>
      <symbol id="sm-6c8">
         <name>xQueueCreateMutex</name>
         <value>0x2000685f</value>
         <object_component_ref idref="oc-1d8"/>
      </symbol>
      <symbol id="sm-6c9">
         <name>vQueueSetQueueNumber</name>
         <value>0x20006ec7</value>
         <object_component_ref idref="oc-1d8"/>
      </symbol>
      <symbol id="sm-6ca">
         <name>xQueueGenericSend</name>
         <value>0x200068fd</value>
         <object_component_ref idref="oc-1d8"/>
      </symbol>
      <symbol id="sm-6cb">
         <name>xQueueGenericReset</name>
         <value>0x20006759</value>
         <object_component_ref idref="oc-1d8"/>
      </symbol>
      <symbol id="sm-6cc">
         <name>xQueueReceiveFromISR</name>
         <value>0x20006d91</value>
         <object_component_ref idref="oc-1d8"/>
      </symbol>
      <symbol id="sm-6cd">
         <name>uxQueueSpacesAvailable</name>
         <value>0x20006e63</value>
         <object_component_ref idref="oc-1d8"/>
      </symbol>
      <symbol id="sm-6ce">
         <name>vQueueUnregisterQueue</name>
         <value>0x20007135</value>
         <object_component_ref idref="oc-1d8"/>
      </symbol>
      <symbol id="sm-6cf">
         <name>xQueueAltGenericReceive</name>
         <value>0x20006ab5</value>
         <object_component_ref idref="oc-1d8"/>
      </symbol>
      <symbol id="sm-6d0">
         <name>uxQueueMessagesWaitingFromISR</name>
         <value>0x20006e83</value>
         <object_component_ref idref="oc-1d8"/>
      </symbol>
      <symbol id="sm-6d1">
         <name>uxQueueGetQueueNumber</name>
         <value>0x20006eb9</value>
         <object_component_ref idref="oc-1d8"/>
      </symbol>
      <symbol id="sm-6d2">
         <name>xQueueGenericReceive</name>
         <value>0x20006c4f</value>
         <object_component_ref idref="oc-1d8"/>
      </symbol>
      <symbol id="sm-6d3">
         <name>xQueueCreateCountingSemaphore</name>
         <value>0x200068dd</value>
         <object_component_ref idref="oc-1d8"/>
      </symbol>
      <symbol id="sm-6d4">
         <name>vQueueDelete</name>
         <value>0x20006e95</value>
         <object_component_ref idref="oc-1d8"/>
      </symbol>
      <symbol id="sm-6d5">
         <name>xQueueAddToSet</name>
         <value>0x20007183</value>
         <object_component_ref idref="oc-1d8"/>
      </symbol>
      <symbol id="sm-6d6">
         <name>xQueueAltGenericSend</name>
         <value>0x20006a09</value>
         <object_component_ref idref="oc-1d8"/>
      </symbol>
      <symbol id="sm-6d7">
         <name>xQueueCreateSet</name>
         <value>0x2000716f</value>
         <object_component_ref idref="oc-1d8"/>
      </symbol>
      <symbol id="sm-6d8">
         <name>xQueueRemoveFromSet</name>
         <value>0x200071b7</value>
         <object_component_ref idref="oc-1d8"/>
      </symbol>
      <symbol id="sm-6d9">
         <name>ucQueueGetQueueType</name>
         <value>0x20006ed9</value>
         <object_component_ref idref="oc-1d8"/>
      </symbol>
      <symbol id="sm-869">
         <name>vTaskDelay</name>
         <value>0x2000463b</value>
         <object_component_ref idref="oc-8d"/>
      </symbol>
      <symbol id="sm-86a">
         <name>vTaskSuspendAll</name>
         <value>0x20004a9f</value>
         <object_component_ref idref="oc-8d"/>
      </symbol>
      <symbol id="sm-86b">
         <name>vTaskPriorityInherit</name>
         <value>0x200054e1</value>
         <object_component_ref idref="oc-8d"/>
      </symbol>
      <symbol id="sm-86c">
         <name>vTaskPlaceOnEventList</name>
         <value>0x20004e55</value>
         <object_component_ref idref="oc-8d"/>
      </symbol>
      <symbol id="sm-86d">
         <name>vTaskSetTaskNumber</name>
         <value>0x200050ed</value>
         <object_component_ref idref="oc-8d"/>
      </symbol>
      <symbol id="sm-86e">
         <name>xTaskCheckForTimeOut</name>
         <value>0x20005045</value>
         <object_component_ref idref="oc-8d"/>
      </symbol>
      <symbol id="sm-86f">
         <name>xTaskRemoveFromUnorderedEventList</name>
         <value>0x20004fb1</value>
         <object_component_ref idref="oc-8d"/>
      </symbol>
      <symbol id="sm-870">
         <name>vTaskPrioritySet</name>
         <value>0x2000475d</value>
         <object_component_ref idref="oc-8d"/>
      </symbol>
      <symbol id="sm-871">
         <name>vTaskStartScheduler</name>
         <value>0x20004a43</value>
         <object_component_ref idref="oc-8d"/>
      </symbol>
      <symbol id="sm-872">
         <name>pcTaskGetTaskName</name>
         <value>0x20004bb5</value>
         <object_component_ref idref="oc-8d"/>
      </symbol>
      <symbol id="sm-873">
         <name>vTaskPriorityDisinherit</name>
         <value>0x2000559b</value>
         <object_component_ref idref="oc-8d"/>
      </symbol>
      <symbol id="sm-874">
         <name>vTaskDelayUntil</name>
         <value>0x2000459f</value>
         <object_component_ref idref="oc-8d"/>
      </symbol>
      <symbol id="sm-875">
         <name>uxTaskGetTaskNumber</name>
         <value>0x200050cd</value>
         <object_component_ref idref="oc-8d"/>
      </symbol>
      <symbol id="sm-876">
         <name>vTaskEndScheduler</name>
         <value>0x20004a8d</value>
         <object_component_ref idref="oc-8d"/>
      </symbol>
      <symbol id="sm-877">
         <name>vTaskMissedYield</name>
         <value>0x200050bf</value>
         <object_component_ref idref="oc-8d"/>
      </symbol>
      <symbol id="sm-878">
         <name>uxTaskGetNumberOfTasks</name>
         <value>0x20004ba9</value>
         <object_component_ref idref="oc-8d"/>
      </symbol>
      <symbol id="sm-879">
         <name>uxTaskPriorityGet</name>
         <value>0x20004725</value>
         <object_component_ref idref="oc-8d"/>
      </symbol>
      <symbol id="sm-87a">
         <name>xTaskResumeAll</name>
         <value>0x20004ab1</value>
         <object_component_ref idref="oc-8d"/>
      </symbol>
      <symbol id="sm-87b">
         <name>xTaskGetTickCount</name>
         <value>0x20004b7d</value>
         <object_component_ref idref="oc-8d"/>
      </symbol>
      <symbol id="sm-87c">
         <name>xTaskGenericCreate</name>
         <value>0x20004401</value>
         <object_component_ref idref="oc-8d"/>
      </symbol>
      <symbol id="sm-87d">
         <name>uxTaskGetSystemState</name>
         <value>0x20004bd9</value>
         <object_component_ref idref="oc-8d"/>
      </symbol>
      <symbol id="sm-87e">
         <name>vTaskDelete</name>
         <value>0x2000450f</value>
         <object_component_ref idref="oc-8d"/>
      </symbol>
      <symbol id="sm-87f">
         <name>pxCurrentTCB</name>
         <value>0x2001b18c</value>
         <object_component_ref idref="oc-93"/>
      </symbol>
      <symbol id="sm-880">
         <name>eTaskGetState</name>
         <value>0x20004691</value>
         <object_component_ref idref="oc-8d"/>
      </symbol>
      <symbol id="sm-881">
         <name>vTaskSuspend</name>
         <value>0x20004861</value>
         <object_component_ref idref="oc-8d"/>
      </symbol>
      <symbol id="sm-882">
         <name>xTaskGetIdleTaskHandle</name>
         <value>0x20004c97</value>
         <object_component_ref idref="oc-8d"/>
      </symbol>
      <symbol id="sm-883">
         <name>xTaskGetTickCountFromISR</name>
         <value>0x20004b91</value>
         <object_component_ref idref="oc-8d"/>
      </symbol>
      <symbol id="sm-884">
         <name>vTaskResume</name>
         <value>0x20004955</value>
         <object_component_ref idref="oc-8d"/>
      </symbol>
      <symbol id="sm-885">
         <name>vTaskSetTimeOutState</name>
         <value>0x2000501f</value>
         <object_component_ref idref="oc-8d"/>
      </symbol>
      <symbol id="sm-886">
         <name>xTaskIncrementTick</name>
         <value>0x20004cb1</value>
         <object_component_ref idref="oc-8d"/>
      </symbol>
      <symbol id="sm-887">
         <name>vTaskSwitchContext</name>
         <value>0x20004dd5</value>
         <object_component_ref idref="oc-8d"/>
      </symbol>
      <symbol id="sm-888">
         <name>uxTaskResetEventItemValue</name>
         <value>0x20005625</value>
         <object_component_ref idref="oc-8d"/>
      </symbol>
      <symbol id="sm-889">
         <name>xTaskGetSchedulerState</name>
         <value>0x200054a9</value>
         <object_component_ref idref="oc-8d"/>
      </symbol>
      <symbol id="sm-88a">
         <name>xTaskResumeFromISR</name>
         <value>0x200049c9</value>
         <object_component_ref idref="oc-8d"/>
      </symbol>
      <symbol id="sm-88b">
         <name>xTaskGetCurrentTaskHandle</name>
         <value>0x20005495</value>
         <object_component_ref idref="oc-8d"/>
      </symbol>
      <symbol id="sm-88c">
         <name>vTaskPlaceOnUnorderedEventList</name>
         <value>0x20004eb9</value>
         <object_component_ref idref="oc-8d"/>
      </symbol>
      <symbol id="sm-88d">
         <name>xTaskRemoveFromEventList</name>
         <value>0x20004f2d</value>
         <object_component_ref idref="oc-8d"/>
      </symbol>
      <symbol id="sm-89d">
         <name>pvPortMalloc</name>
         <value>0x20009415</value>
         <object_component_ref idref="oc-104"/>
      </symbol>
      <symbol id="sm-89e">
         <name>vPortFree</name>
         <value>0x20009435</value>
         <object_component_ref idref="oc-104"/>
      </symbol>
      <symbol id="sm-8b4">
         <name>uxListRemove</name>
         <value>0x2000867d</value>
         <object_component_ref idref="oc-ef"/>
      </symbol>
      <symbol id="sm-8b5">
         <name>vListInsert</name>
         <value>0x20008617</value>
         <object_component_ref idref="oc-ef"/>
      </symbol>
      <symbol id="sm-8b6">
         <name>vListInitialiseItem</name>
         <value>0x200085cb</value>
         <object_component_ref idref="oc-ef"/>
      </symbol>
      <symbol id="sm-8b7">
         <name>vListInsertEnd</name>
         <value>0x200085db</value>
         <object_component_ref idref="oc-ef"/>
      </symbol>
      <symbol id="sm-8b8">
         <name>vListInitialise</name>
         <value>0x2000859b</value>
         <object_component_ref idref="oc-ef"/>
      </symbol>
      <symbol id="sm-92f">
         <name>IntPrioritySet</name>
         <value>0x200091d1</value>
         <object_component_ref idref="oc-1c6"/>
      </symbol>
      <symbol id="sm-930">
         <name>IntVTableBaseSet</name>
         <value>0x200096a1</value>
         <object_component_ref idref="oc-143"/>
      </symbol>
      <symbol id="sm-931">
         <name>IntEnable</name>
         <value>0x20008b05</value>
         <object_component_ref idref="oc-14f"/>
      </symbol>
      <symbol id="sm-932">
         <name>IntDisable</name>
         <value>0x20008a5d</value>
         <object_component_ref idref="oc-1cc"/>
      </symbol>
      <symbol id="sm-933">
         <name>IntRegister</name>
         <value>0x2000956d</value>
         <object_component_ref idref="oc-1c0"/>
      </symbol>
      <symbol id="sm-934">
         <name>IntUnregister</name>
         <value>0x20009501</value>
         <object_component_ref idref="oc-1d2"/>
      </symbol>
      <symbol id="sm-935">
         <name>IntMasterEnable</name>
         <value>0x200096f9</value>
         <object_component_ref idref="oc-149"/>
      </symbol>
      <symbol id="sm-962">
         <name>PinTypeUART</name>
         <value>0x200095ff</value>
         <object_component_ref idref="oc-252"/>
      </symbol>
      <symbol id="sm-963">
         <name>PinConfigSet</name>
         <value>0x20008cdd</value>
         <object_component_ref idref="oc-2bc"/>
      </symbol>
      <symbol id="sm-964">
         <name>PinModeSet</name>
         <value>0x20009359</value>
         <object_component_ref idref="oc-2b6"/>
      </symbol>
      <symbol id="sm-9ea">
         <name>PRCMPeripheralReset</name>
         <value>0x20009121</value>
         <object_component_ref idref="oc-245"/>
      </symbol>
      <symbol id="sm-9eb">
         <name>PRCMPeripheralClkEnable</name>
         <value>0x200093d9</value>
         <object_component_ref idref="oc-23f"/>
      </symbol>
      <symbol id="sm-9ec">
         <name>PRCMPeripheralClockGet</name>
         <value>0x20008c49</value>
         <object_component_ref idref="oc-1e2"/>
      </symbol>
      <symbol id="sm-9ed">
         <name>PRCMCC3200MCUInit</name>
         <value>0x200082ed</value>
         <object_component_ref idref="oc-155"/>
      </symbol>
      <symbol id="sm-9ee">
         <name>PRCMHIBRegWrite</name>
         <value>0x2000965f</value>
         <object_component_ref idref="oc-239"/>
      </symbol>
      <symbol id="sm-9ef">
         <name>PRCMSysResetCauseGet</name>
         <value>0x200094ad</value>
         <object_component_ref idref="oc-22d"/>
      </symbol>
      <symbol id="sm-9f0">
         <name>PRCMPeripheralClkDisable</name>
         <value>0x200094d9</value>
         <object_component_ref idref="oc-24b"/>
      </symbol>
      <symbol id="sm-9f1">
         <name>PRCMHIBRegRead</name>
         <value>0x20009649</value>
         <object_component_ref idref="oc-233"/>
      </symbol>
      <symbol id="sm-a2d">
         <name>UARTConfigSetExpClk</name>
         <value>0x20008f73</value>
         <object_component_ref idref="oc-1e8"/>
      </symbol>
      <symbol id="sm-a2e">
         <name>UARTDisable</name>
         <value>0x2000944d</value>
         <object_component_ref idref="oc-27e"/>
      </symbol>
      <symbol id="sm-a2f">
         <name>UARTCharsAvail</name>
         <value>0x20009619</value>
         <object_component_ref idref="oc-1fa"/>
      </symbol>
      <symbol id="sm-a30">
         <name>UARTCharGetNonBlocking</name>
         <value>0x200095ab</value>
         <object_component_ref idref="oc-200"/>
      </symbol>
      <symbol id="sm-a31">
         <name>UARTCharPut</name>
         <value>0x2000958d</value>
         <object_component_ref idref="oc-1ee"/>
      </symbol>
      <symbol id="sm-a32">
         <name>UARTEnable</name>
         <value>0x20009525</value>
         <object_component_ref idref="oc-284"/>
      </symbol>
      <symbol id="sm-a36">
         <name>UtilsDelay</name>
         <value>0x2000970b</value>
         <object_component_ref idref="oc-2ac"/>
      </symbol>
      <symbol id="sm-a40">
         <name>CPUcpsie</name>
         <value>0x2000968b</value>
         <object_component_ref idref="oc-21d"/>
      </symbol>
      <symbol id="sm-a42">
         <name>__TI_static_base__</name>
         <value>0x20009ad0</value>
      </symbol>
      <symbol id="sm-a45">
         <name>SHT$$INIT_ARRAY$$Limit</name>
         <value>0x0</value>
      </symbol>
      <symbol id="sm-a46">
         <name>SHT$$INIT_ARRAY$$Base</name>
         <value>0x0</value>
      </symbol>
   </symbol_table>
   <title>Link successful</title>
</link_info>
