<?xml version="1.0"?>
<link_info>
   <banner>TI ARM Linker PC v15.12.3.LTS</banner>
   <copyright>Copyright (c) 1996-2015 Texas Instruments Incorporated</copyright>
   <link_time>0x57bdfad8</link_time>
   <link_errors>0x0</link_errors>
   <output_file>watchdog_system_demo.out</output_file>
   <entry_point>
      <name>_c_int00</name>
      <address>0x2000b375</address>
   </entry_point>
   <input_file_list>
      <input_file id="fl-2">
         <path>.\</path>
         <kind>object</kind>
         <file>main.obj</file>
         <name>main.obj</name>
      </input_file>
      <input_file id="fl-3">
         <path>.\</path>
         <kind>object</kind>
         <file>network_common.obj</file>
         <name>network_common.obj</name>
      </input_file>
      <input_file id="fl-4">
         <path>.\</path>
         <kind>object</kind>
         <file>pinmux.obj</file>
         <name>pinmux.obj</name>
      </input_file>
      <input_file id="fl-5">
         <path>.\</path>
         <kind>object</kind>
         <file>startup_ccs.obj</file>
         <name>startup_ccs.obj</name>
      </input_file>
      <input_file id="fl-6">
         <path>.\</path>
         <kind>object</kind>
         <file>uart_if.obj</file>
         <name>uart_if.obj</name>
      </input_file>
      <input_file id="fl-7">
         <path>.\</path>
         <kind>object</kind>
         <file>udma_if.obj</file>
         <name>udma_if.obj</name>
      </input_file>
      <input_file id="fl-8">
         <path>.\</path>
         <kind>object</kind>
         <file>wdt_if.obj</file>
         <name>wdt_if.obj</name>
      </input_file>
      <input_file id="fl-c4">
         <path>C:\TI\ccsv6\tools\compiler\arm_15.12.3.LTS\lib\</path>
         <kind>archive</kind>
         <file>rtsv7M4_T_le_eabi.lib</file>
         <name>boot.obj</name>
      </input_file>
      <input_file id="fl-c5">
         <path>C:\TI\ccsv6\tools\compiler\arm_15.12.3.LTS\lib\</path>
         <kind>archive</kind>
         <file>rtsv7M4_T_le_eabi.lib</file>
         <name>copy_decompress_none.obj</name>
      </input_file>
      <input_file id="fl-c6">
         <path>C:\TI\ccsv6\tools\compiler\arm_15.12.3.LTS\lib\</path>
         <kind>archive</kind>
         <file>rtsv7M4_T_le_eabi.lib</file>
         <name>copy_decompress_rle.obj</name>
      </input_file>
      <input_file id="fl-c7">
         <path>C:\TI\ccsv6\tools\compiler\arm_15.12.3.LTS\lib\</path>
         <kind>archive</kind>
         <file>rtsv7M4_T_le_eabi.lib</file>
         <name>copy_zero_init.obj</name>
      </input_file>
      <input_file id="fl-c8">
         <path>C:\TI\ccsv6\tools\compiler\arm_15.12.3.LTS\lib\</path>
         <kind>archive</kind>
         <file>rtsv7M4_T_le_eabi.lib</file>
         <name>exit.obj</name>
      </input_file>
      <input_file id="fl-c9">
         <path>C:\TI\ccsv6\tools\compiler\arm_15.12.3.LTS\lib\</path>
         <kind>archive</kind>
         <file>rtsv7M4_T_le_eabi.lib</file>
         <name>memcpy_t2.obj</name>
      </input_file>
      <input_file id="fl-ca">
         <path>C:\TI\ccsv6\tools\compiler\arm_15.12.3.LTS\lib\</path>
         <kind>archive</kind>
         <file>rtsv7M4_T_le_eabi.lib</file>
         <name>memmov.obj</name>
      </input_file>
      <input_file id="fl-cb">
         <path>C:\TI\ccsv6\tools\compiler\arm_15.12.3.LTS\lib\</path>
         <kind>archive</kind>
         <file>rtsv7M4_T_le_eabi.lib</file>
         <name>memory.obj</name>
      </input_file>
      <input_file id="fl-cc">
         <path>C:\TI\ccsv6\tools\compiler\arm_15.12.3.LTS\lib\</path>
         <kind>archive</kind>
         <file>rtsv7M4_T_le_eabi.lib</file>
         <name>memset_t2.obj</name>
      </input_file>
      <input_file id="fl-cd">
         <path>C:\TI\ccsv6\tools\compiler\arm_15.12.3.LTS\lib\</path>
         <kind>archive</kind>
         <file>rtsv7M4_T_le_eabi.lib</file>
         <name>mpu_init.obj</name>
      </input_file>
      <input_file id="fl-ce">
         <path>C:\TI\ccsv6\tools\compiler\arm_15.12.3.LTS\lib\</path>
         <kind>archive</kind>
         <file>rtsv7M4_T_le_eabi.lib</file>
         <name>pre_init.obj</name>
      </input_file>
      <input_file id="fl-cf">
         <path>C:\TI\ccsv6\tools\compiler\arm_15.12.3.LTS\lib\</path>
         <kind>archive</kind>
         <file>rtsv7M4_T_le_eabi.lib</file>
         <name>stkdepth_vars.obj</name>
      </input_file>
      <input_file id="fl-d0">
         <path>C:\TI\ccsv6\tools\compiler\arm_15.12.3.LTS\lib\</path>
         <kind>archive</kind>
         <file>rtsv7M4_T_le_eabi.lib</file>
         <name>strlen.obj</name>
      </input_file>
      <input_file id="fl-d1">
         <path>C:\TI\ccsv6\tools\compiler\arm_15.12.3.LTS\lib\</path>
         <kind>archive</kind>
         <file>rtsv7M4_T_le_eabi.lib</file>
         <name>vsnprintf.obj</name>
      </input_file>
      <input_file id="fl-d2">
         <path>C:\TI\ccsv6\tools\compiler\arm_15.12.3.LTS\lib\</path>
         <kind>archive</kind>
         <file>rtsv7M4_T_le_eabi.lib</file>
         <name>_lock.obj</name>
      </input_file>
      <input_file id="fl-d3">
         <path>C:\TI\ccsv6\tools\compiler\arm_15.12.3.LTS\lib\</path>
         <kind>archive</kind>
         <file>rtsv7M4_T_le_eabi.lib</file>
         <name>_printfi.obj</name>
      </input_file>
      <input_file id="fl-d4">
         <path>C:\TI\ccsv6\tools\compiler\arm_15.12.3.LTS\lib\</path>
         <kind>archive</kind>
         <file>rtsv7M4_T_le_eabi.lib</file>
         <name>args_main.obj</name>
      </input_file>
      <input_file id="fl-d5">
         <path>C:\TI\ccsv6\tools\compiler\arm_15.12.3.LTS\lib\</path>
         <kind>archive</kind>
         <file>rtsv7M4_T_le_eabi.lib</file>
         <name>atoi.obj</name>
      </input_file>
      <input_file id="fl-d6">
         <path>C:\TI\ccsv6\tools\compiler\arm_15.12.3.LTS\lib\</path>
         <kind>archive</kind>
         <file>rtsv7M4_T_le_eabi.lib</file>
         <name>autoinit.obj</name>
      </input_file>
      <input_file id="fl-d7">
         <path>C:\TI\ccsv6\tools\compiler\arm_15.12.3.LTS\lib\</path>
         <kind>archive</kind>
         <file>rtsv7M4_T_le_eabi.lib</file>
         <name>cpy_tbl.obj</name>
      </input_file>
      <input_file id="fl-d8">
         <path>C:\TI\ccsv6\tools\compiler\arm_15.12.3.LTS\lib\</path>
         <kind>archive</kind>
         <file>rtsv7M4_T_le_eabi.lib</file>
         <name>ctype.obj</name>
      </input_file>
      <input_file id="fl-d9">
         <path>C:\TI\ccsv6\tools\compiler\arm_15.12.3.LTS\lib\</path>
         <kind>archive</kind>
         <file>rtsv7M4_T_le_eabi.lib</file>
         <name>fd_add_t2.obj</name>
      </input_file>
      <input_file id="fl-da">
         <path>C:\TI\ccsv6\tools\compiler\arm_15.12.3.LTS\lib\</path>
         <kind>archive</kind>
         <file>rtsv7M4_T_le_eabi.lib</file>
         <name>fd_cmp_t2.obj</name>
      </input_file>
      <input_file id="fl-db">
         <path>C:\TI\ccsv6\tools\compiler\arm_15.12.3.LTS\lib\</path>
         <kind>archive</kind>
         <file>rtsv7M4_T_le_eabi.lib</file>
         <name>fd_div_t2.obj</name>
      </input_file>
      <input_file id="fl-dc">
         <path>C:\TI\ccsv6\tools\compiler\arm_15.12.3.LTS\lib\</path>
         <kind>archive</kind>
         <file>rtsv7M4_T_le_eabi.lib</file>
         <name>fd_mul_t2.obj</name>
      </input_file>
      <input_file id="fl-dd">
         <path>C:\TI\ccsv6\tools\compiler\arm_15.12.3.LTS\lib\</path>
         <kind>archive</kind>
         <file>rtsv7M4_T_le_eabi.lib</file>
         <name>fd_toi_t2.obj</name>
      </input_file>
      <input_file id="fl-de">
         <path>C:\TI\ccsv6\tools\compiler\arm_15.12.3.LTS\lib\</path>
         <kind>archive</kind>
         <file>rtsv7M4_T_le_eabi.lib</file>
         <name>i_tofd_t2.obj</name>
      </input_file>
      <input_file id="fl-df">
         <path>C:\TI\ccsv6\tools\compiler\arm_15.12.3.LTS\lib\</path>
         <kind>archive</kind>
         <file>rtsv7M4_T_le_eabi.lib</file>
         <name>ltoa.obj</name>
      </input_file>
      <input_file id="fl-e0">
         <path>C:\TI\ccsv6\tools\compiler\arm_15.12.3.LTS\lib\</path>
         <kind>archive</kind>
         <file>rtsv7M4_T_le_eabi.lib</file>
         <name>memccpy.obj</name>
      </input_file>
      <input_file id="fl-e1">
         <path>C:\TI\ccsv6\tools\compiler\arm_15.12.3.LTS\lib\</path>
         <kind>archive</kind>
         <file>rtsv7M4_T_le_eabi.lib</file>
         <name>s_frexp.obj</name>
      </input_file>
      <input_file id="fl-e2">
         <path>C:\TI\ccsv6\tools\compiler\arm_15.12.3.LTS\lib\</path>
         <kind>archive</kind>
         <file>rtsv7M4_T_le_eabi.lib</file>
         <name>s_scalbn.obj</name>
      </input_file>
      <input_file id="fl-e3">
         <path>C:\TI\ccsv6\tools\compiler\arm_15.12.3.LTS\lib\</path>
         <kind>archive</kind>
         <file>rtsv7M4_T_le_eabi.lib</file>
         <name>startup.obj</name>
      </input_file>
      <input_file id="fl-e4">
         <path>C:\TI\ccsv6\tools\compiler\arm_15.12.3.LTS\lib\</path>
         <kind>archive</kind>
         <file>rtsv7M4_T_le_eabi.lib</file>
         <name>strchr.obj</name>
      </input_file>
      <input_file id="fl-e5">
         <path>C:\TI\ccsv6\tools\compiler\arm_15.12.3.LTS\lib\</path>
         <kind>archive</kind>
         <file>rtsv7M4_T_le_eabi.lib</file>
         <name>ull_div_t2.obj</name>
      </input_file>
      <input_file id="fl-e6">
         <path>C:\TI\ccsv6\tools\compiler\arm_15.12.3.LTS\lib\</path>
         <kind>archive</kind>
         <file>rtsv7M4_T_le_eabi.lib</file>
         <name>errno.obj</name>
      </input_file>
      <input_file id="fl-e7">
         <path>C:\TI\ccsv6\tools\compiler\arm_15.12.3.LTS\lib\</path>
         <kind>archive</kind>
         <file>rtsv7M4_T_le_eabi.lib</file>
         <name>s_copysign.obj</name>
      </input_file>
      <input_file id="fl-e8">
         <path>C:\TI\CC3200SDK_1.2.0\cc3200-sdk\simplelink\ccs\NON_OS\</path>
         <kind>archive</kind>
         <file>simplelink.a</file>
         <name>device.obj</name>
      </input_file>
      <input_file id="fl-e9">
         <path>C:\TI\CC3200SDK_1.2.0\cc3200-sdk\simplelink\ccs\NON_OS\</path>
         <kind>archive</kind>
         <file>simplelink.a</file>
         <name>driver.obj</name>
      </input_file>
      <input_file id="fl-ea">
         <path>C:\TI\CC3200SDK_1.2.0\cc3200-sdk\simplelink\ccs\NON_OS\</path>
         <kind>archive</kind>
         <file>simplelink.a</file>
         <name>netapp.obj</name>
      </input_file>
      <input_file id="fl-eb">
         <path>C:\TI\CC3200SDK_1.2.0\cc3200-sdk\simplelink\ccs\NON_OS\</path>
         <kind>archive</kind>
         <file>simplelink.a</file>
         <name>netcfg.obj</name>
      </input_file>
      <input_file id="fl-ec">
         <path>C:\TI\CC3200SDK_1.2.0\cc3200-sdk\simplelink\ccs\NON_OS\</path>
         <kind>archive</kind>
         <file>simplelink.a</file>
         <name>nonos.obj</name>
      </input_file>
      <input_file id="fl-ed">
         <path>C:\TI\CC3200SDK_1.2.0\cc3200-sdk\simplelink\ccs\NON_OS\</path>
         <kind>archive</kind>
         <file>simplelink.a</file>
         <name>socket.obj</name>
      </input_file>
      <input_file id="fl-ee">
         <path>C:\TI\CC3200SDK_1.2.0\cc3200-sdk\simplelink\ccs\NON_OS\</path>
         <kind>archive</kind>
         <file>simplelink.a</file>
         <name>wlan.obj</name>
      </input_file>
      <input_file id="fl-ef">
         <path>C:\TI\CC3200SDK_1.2.0\cc3200-sdk\simplelink\ccs\NON_OS\</path>
         <kind>archive</kind>
         <file>simplelink.a</file>
         <name>cc_pal.obj</name>
      </input_file>
      <input_file id="fl-f0">
         <path>C:\TI\CC3200SDK_1.2.0\cc3200-sdk\driverlib\ccs\Release\</path>
         <kind>archive</kind>
         <file>driverlib.a</file>
         <name>interrupt.obj</name>
      </input_file>
      <input_file id="fl-f1">
         <path>C:\TI\CC3200SDK_1.2.0\cc3200-sdk\driverlib\ccs\Release\</path>
         <kind>archive</kind>
         <file>driverlib.a</file>
         <name>pin.obj</name>
      </input_file>
      <input_file id="fl-f2">
         <path>C:\TI\CC3200SDK_1.2.0\cc3200-sdk\driverlib\ccs\Release\</path>
         <kind>archive</kind>
         <file>driverlib.a</file>
         <name>prcm.obj</name>
      </input_file>
      <input_file id="fl-f3">
         <path>C:\TI\CC3200SDK_1.2.0\cc3200-sdk\driverlib\ccs\Release\</path>
         <kind>archive</kind>
         <file>driverlib.a</file>
         <name>spi.obj</name>
      </input_file>
      <input_file id="fl-f4">
         <path>C:\TI\CC3200SDK_1.2.0\cc3200-sdk\driverlib\ccs\Release\</path>
         <kind>archive</kind>
         <file>driverlib.a</file>
         <name>uart.obj</name>
      </input_file>
      <input_file id="fl-f5">
         <path>C:\TI\CC3200SDK_1.2.0\cc3200-sdk\driverlib\ccs\Release\</path>
         <kind>archive</kind>
         <file>driverlib.a</file>
         <name>udma.obj</name>
      </input_file>
      <input_file id="fl-f6">
         <path>C:\TI\CC3200SDK_1.2.0\cc3200-sdk\driverlib\ccs\Release\</path>
         <kind>archive</kind>
         <file>driverlib.a</file>
         <name>utils.obj</name>
      </input_file>
      <input_file id="fl-f7">
         <path>C:\TI\CC3200SDK_1.2.0\cc3200-sdk\driverlib\ccs\Release\</path>
         <kind>archive</kind>
         <file>driverlib.a</file>
         <name>wdt.obj</name>
      </input_file>
      <input_file id="fl-f8">
         <path>C:\TI\CC3200SDK_1.2.0\cc3200-sdk\driverlib\ccs\Release\</path>
         <kind>archive</kind>
         <file>driverlib.a</file>
         <name>cpu.obj</name>
      </input_file>
      <input_file id="fl-f9">
         <path>C:\TI\CC3200SDK_1.2.0\cc3200-sdk\driverlib\ccs\Release\</path>
         <kind>archive</kind>
         <file>driverlib.a</file>
         <name>flash.obj</name>
      </input_file>
   </input_file_list>
   <object_component_list>
      <object_component id="oc-f">
         <name>.intvecs</name>
         <load_address>0x20004000</load_address>
         <run_address>0x20004000</run_address>
         <size>0x400</size>
         <input_file_ref idref="fl-5"/>
      </object_component>
      <object_component id="oc-3e4">
         <name>.text</name>
         <load_address>0x20004400</load_address>
         <run_address>0x20004400</run_address>
         <size>0x10fc</size>
         <input_file_ref idref="fl-d3"/>
      </object_component>
      <object_component id="oc-ac">
         <name>.text</name>
         <load_address>0x200054fc</load_address>
         <run_address>0x200054fc</run_address>
         <size>0xd88</size>
         <input_file_ref idref="fl-2"/>
      </object_component>
      <object_component id="oc-628">
         <name>.text:_SlDrvMsgRead</name>
         <load_address>0x20006284</load_address>
         <run_address>0x20006284</run_address>
         <size>0x590</size>
         <input_file_ref idref="fl-e9"/>
      </object_component>
      <object_component id="oc-20f">
         <name>.text</name>
         <load_address>0x20006814</load_address>
         <run_address>0x20006814</run_address>
         <size>0x3dc</size>
         <input_file_ref idref="fl-cb"/>
      </object_component>
      <object_component id="oc-db">
         <name>.text</name>
         <load_address>0x20006bf0</load_address>
         <run_address>0x20006bf0</run_address>
         <size>0x280</size>
         <input_file_ref idref="fl-6"/>
      </object_component>
      <object_component id="oc-155">
         <name>.text:sl_WlanConnect</name>
         <load_address>0x20006e70</load_address>
         <run_address>0x20006e70</run_address>
         <size>0x260</size>
         <input_file_ref idref="fl-ee"/>
      </object_component>
      <object_component id="oc-6a0">
         <name>.text:_SlDrvRxHdrRead</name>
         <load_address>0x200070d0</load_address>
         <run_address>0x200070d0</run_address>
         <size>0x1fc</size>
         <input_file_ref idref="fl-e9"/>
      </object_component>
      <object_component id="oc-586">
         <name>.text</name>
         <load_address>0x200072cc</load_address>
         <run_address>0x200072cc</run_address>
         <size>0x1f4</size>
         <input_file_ref idref="fl-e5"/>
      </object_component>
      <object_component id="oc-266">
         <name>.text:_SlDrvReleasePoolObj</name>
         <load_address>0x200074c0</load_address>
         <run_address>0x200074c0</run_address>
         <size>0x1d0</size>
         <input_file_ref idref="fl-e9"/>
      </object_component>
      <object_component id="oc-1a2">
         <name>.text</name>
         <load_address>0x20007690</load_address>
         <run_address>0x20007690</run_address>
         <size>0x1cc</size>
         <input_file_ref idref="fl-7"/>
      </object_component>
      <object_component id="oc-5af">
         <name>.text</name>
         <load_address>0x2000785c</load_address>
         <run_address>0x2000785c</run_address>
         <size>0x1b6</size>
         <input_file_ref idref="fl-d9"/>
      </object_component>
      <object_component id="oc-616">
         <name>.text:IntDefaultHandler</name>
         <load_address>0x20007a12</load_address>
         <run_address>0x20007a12</run_address>
         <size>0x2</size>
         <input_file_ref idref="fl-f0"/>
      </object_component>
      <object_component id="oc-23c">
         <name>.text:_SlDrvDriverCBInit</name>
         <load_address>0x20007a14</load_address>
         <run_address>0x20007a14</run_address>
         <size>0x1b4</size>
         <input_file_ref idref="fl-e9"/>
      </object_component>
      <object_component id="oc-4ee">
         <name>.text:_SlDrvMsgWrite</name>
         <load_address>0x20007bc8</load_address>
         <run_address>0x20007bc8</run_address>
         <size>0x19c</size>
         <input_file_ref idref="fl-e9"/>
      </object_component>
      <object_component id="oc-472">
         <name>.text:_SlDrvWaitForPoolObj</name>
         <load_address>0x20007d64</load_address>
         <run_address>0x20007d64</run_address>
         <size>0x190</size>
         <input_file_ref idref="fl-e9"/>
      </object_component>
      <object_component id="oc-16d">
         <name>.text:PRCMCC3200MCUInit</name>
         <load_address>0x20007ef4</load_address>
         <run_address>0x20007ef4</run_address>
         <size>0x178</size>
         <input_file_ref idref="fl-f2"/>
      </object_component>
      <object_component id="oc-6b2">
         <name>.text:_SlFindAndSetActiveObj</name>
         <load_address>0x2000806c</load_address>
         <run_address>0x2000806c</run_address>
         <size>0x170</size>
         <input_file_ref idref="fl-e9"/>
      </object_component>
      <object_component id="oc-2fa">
         <name>.text:_SlDrvDataWriteOp</name>
         <load_address>0x200081dc</load_address>
         <run_address>0x200081dc</run_address>
         <size>0x150</size>
         <input_file_ref idref="fl-e9"/>
      </object_component>
      <object_component id="oc-242">
         <name>.text:spi_Open</name>
         <load_address>0x2000832c</load_address>
         <run_address>0x2000832c</run_address>
         <size>0x148</size>
         <input_file_ref idref="fl-ef"/>
      </object_component>
      <object_component id="oc-595">
         <name>.text</name>
         <load_address>0x20008474</load_address>
         <run_address>0x20008474</run_address>
         <size>0x136</size>
         <input_file_ref idref="fl-db"/>
      </object_component>
      <object_component id="oc-5b">
         <name>.text</name>
         <load_address>0x200085aa</load_address>
         <run_address>0x200085aa</run_address>
         <size>0x2</size>
         <input_file_ref idref="fl-cd"/>
      </object_component>
      <object_component id="oc-4f4">
         <name>.text:_SlDrvMsgReadCmdCtx</name>
         <load_address>0x200085ac</load_address>
         <run_address>0x200085ac</run_address>
         <size>0x128</size>
         <input_file_ref idref="fl-e9"/>
      </object_component>
      <object_component id="oc-14f">
         <name>.text:sl_SendTo</name>
         <load_address>0x200086d4</load_address>
         <run_address>0x200086d4</run_address>
         <size>0x128</size>
         <input_file_ref idref="fl-ed"/>
      </object_component>
      <object_component id="oc-2a5">
         <name>.text:_SlDrvDriverCBDeinit</name>
         <load_address>0x200087fc</load_address>
         <run_address>0x200087fc</run_address>
         <size>0x124</size>
         <input_file_ref idref="fl-e9"/>
      </object_component>
      <object_component id="oc-707">
         <name>.text:_SlDrvNetAppEventHandler</name>
         <load_address>0x20008920</load_address>
         <run_address>0x20008920</run_address>
         <size>0x104</size>
         <input_file_ref idref="fl-ea"/>
      </object_component>
      <object_component id="oc-590">
         <name>.text</name>
         <load_address>0x20008a24</load_address>
         <run_address>0x20008a24</run_address>
         <size>0xfc</size>
         <input_file_ref idref="fl-dc"/>
      </object_component>
      <object_component id="oc-6ac">
         <name>.text:spi_Read</name>
         <load_address>0x20008b20</load_address>
         <run_address>0x20008b20</run_address>
         <size>0xf0</size>
         <input_file_ref idref="fl-ef"/>
      </object_component>
      <object_component id="oc-3ba">
         <name>.text:uDMAChannelTransferSet</name>
         <load_address>0x20008c10</load_address>
         <run_address>0x20008c10</run_address>
         <size>0xf0</size>
         <input_file_ref idref="fl-f5"/>
      </object_component>
      <object_component id="oc-62e">
         <name>.text:_SlAsyncEventGenericHandler</name>
         <load_address>0x20008d00</load_address>
         <run_address>0x20008d00</run_address>
         <size>0xe8</size>
         <input_file_ref idref="fl-e9"/>
      </object_component>
      <object_component id="oc-fa">
         <name>.text:sl_Stop</name>
         <load_address>0x20008de8</load_address>
         <run_address>0x20008de8</run_address>
         <size>0xe4</size>
         <input_file_ref idref="fl-e8"/>
      </object_component>
      <object_component id="oc-e8">
         <name>.text:sl_Start</name>
         <load_address>0x20008ecc</load_address>
         <run_address>0x20008ecc</run_address>
         <size>0xe0</size>
         <input_file_ref idref="fl-e8"/>
      </object_component>
      <object_component id="oc-6a6">
         <name>.text:_SlDrvClassifyRxMsg</name>
         <load_address>0x20008fac</load_address>
         <run_address>0x20008fac</run_address>
         <size>0xdc</size>
         <input_file_ref idref="fl-e9"/>
      </object_component>
      <object_component id="oc-4d5">
         <name>.text:_SlDrvMsgReadSpawnCtx</name>
         <load_address>0x20009088</load_address>
         <run_address>0x20009088</run_address>
         <size>0xd4</size>
         <input_file_ref idref="fl-e9"/>
      </object_component>
      <object_component id="oc-5ba">
         <name>.text</name>
         <load_address>0x2000915c</load_address>
         <run_address>0x2000915c</run_address>
         <size>0xd0</size>
         <input_file_ref idref="fl-e2"/>
      </object_component>
      <object_component id="oc-74e">
         <name>.text:_sl_HandleAsync_DnsGetHostByService</name>
         <load_address>0x2000922c</load_address>
         <run_address>0x2000922c</run_address>
         <size>0xcc</size>
         <input_file_ref idref="fl-ea"/>
      </object_component>
      <object_component id="oc-2d4">
         <name>.text:sl_NetAppMDNSRegisterUnregisterService</name>
         <load_address>0x200092f8</load_address>
         <run_address>0x200092f8</run_address>
         <size>0xc8</size>
         <input_file_ref idref="fl-ea"/>
      </object_component>
      <object_component id="oc-4ad">
         <name>.text:_SlRemoveFromList</name>
         <load_address>0x200093c0</load_address>
         <run_address>0x200093c0</run_address>
         <size>0xc4</size>
         <input_file_ref idref="fl-e9"/>
      </object_component>
      <object_component id="oc-28f">
         <name>.text:_SlDrvCmdOp</name>
         <load_address>0x20009484</load_address>
         <run_address>0x20009484</run_address>
         <size>0xc0</size>
         <input_file_ref idref="fl-e9"/>
      </object_component>
      <object_component id="oc-100">
         <name>.text:sl_DevGet</name>
         <load_address>0x20009544</load_address>
         <run_address>0x20009544</run_address>
         <size>0xb4</size>
         <input_file_ref idref="fl-e8"/>
      </object_component>
      <object_component id="oc-48c">
         <name>.text:IntDisable</name>
         <load_address>0x200095f8</load_address>
         <run_address>0x200095f8</run_address>
         <size>0xa8</size>
         <input_file_ref idref="fl-f0"/>
      </object_component>
      <object_component id="oc-167">
         <name>.text:IntEnable</name>
         <load_address>0x200096a0</load_address>
         <run_address>0x200096a0</run_address>
         <size>0xa8</size>
         <input_file_ref idref="fl-f0"/>
      </object_component>
      <object_component id="oc-4a6">
         <name>.text:_SlDriverHandleError</name>
         <load_address>0x20009748</load_address>
         <run_address>0x20009748</run_address>
         <size>0xa4</size>
         <input_file_ref idref="fl-e9"/>
      </object_component>
      <object_component id="oc-427">
         <name>.text:SPIConfigSetExpClk</name>
         <load_address>0x200097ec</load_address>
         <run_address>0x200097ec</run_address>
         <size>0xa0</size>
         <input_file_ref idref="fl-f3"/>
      </object_component>
      <object_component id="oc-36">
         <name>.text</name>
         <load_address>0x2000988c</load_address>
         <run_address>0x2000988c</run_address>
         <size>0x9c</size>
         <input_file_ref idref="fl-c9"/>
      </object_component>
      <object_component id="oc-6d6">
         <name>.text:_SlDrvDeviceEventHandler</name>
         <load_address>0x20009928</load_address>
         <run_address>0x20009928</run_address>
         <size>0x9a</size>
         <input_file_ref idref="fl-e8"/>
      </object_component>
      <object_component id="oc-a4">
         <name>.text</name>
         <load_address>0x200099c2</load_address>
         <run_address>0x200099c2</run_address>
         <size>0x2</size>
         <input_file_ref idref="fl-e3"/>
      </object_component>
      <object_component id="oc-637">
         <name>.text:spi_Write</name>
         <load_address>0x200099c4</load_address>
         <run_address>0x200099c4</run_address>
         <size>0x98</size>
         <input_file_ref idref="fl-ef"/>
      </object_component>
      <object_component id="oc-1df">
         <name>.text:PRCMPeripheralClockGet</name>
         <load_address>0x20009a5c</load_address>
         <run_address>0x20009a5c</run_address>
         <size>0x94</size>
         <input_file_ref idref="fl-f2"/>
      </object_component>
      <object_component id="oc-748">
         <name>.text:_sl_HandleAsync_DnsGetHostByName</name>
         <load_address>0x20009af0</load_address>
         <run_address>0x20009af0</run_address>
         <size>0x90</size>
         <input_file_ref idref="fl-ea"/>
      </object_component>
      <object_component id="oc-70d">
         <name>.text:_sl_HandleAsync_PingResponse</name>
         <load_address>0x20009b80</load_address>
         <run_address>0x20009b80</run_address>
         <size>0x90</size>
         <input_file_ref idref="fl-ea"/>
      </object_component>
      <object_component id="oc-714">
         <name>.text:SetupDMAReceive</name>
         <load_address>0x20009c10</load_address>
         <run_address>0x20009c10</run_address>
         <size>0x8c</size>
         <input_file_ref idref="fl-ef"/>
      </object_component>
      <object_component id="oc-6bd">
         <name>.text:SetupDMASend</name>
         <load_address>0x20009c9c</load_address>
         <run_address>0x20009c9c</run_address>
         <size>0x8c</size>
         <input_file_ref idref="fl-ef"/>
      </object_component>
      <object_component id="oc-196">
         <name>.text:PRCMHibernateIntervalSet</name>
         <load_address>0x20009d28</load_address>
         <run_address>0x20009d28</run_address>
         <size>0x88</size>
         <input_file_ref idref="fl-f2"/>
      </object_component>
      <object_component id="oc-556">
         <name>.text:PinConfigSet</name>
         <load_address>0x20009db0</load_address>
         <run_address>0x20009db0</run_address>
         <size>0x88</size>
         <input_file_ref idref="fl-f1"/>
      </object_component>
      <object_component id="oc-1f1">
         <name>.text</name>
         <load_address>0x20009e38</load_address>
         <run_address>0x20009e38</run_address>
         <size>0x88</size>
         <input_file_ref idref="fl-d1"/>
      </object_component>
      <object_component id="oc-58b">
         <name>.text:__aeabi_cdcmple</name>
         <load_address>0x20009ec0</load_address>
         <run_address>0x20009ec0</run_address>
         <size>0x86</size>
         <input_file_ref idref="fl-da"/>
      </object_component>
      <object_component id="oc-59a">
         <name>.text:__aeabi_cdrcmple</name>
         <load_address>0x20009f46</load_address>
         <run_address>0x20009f46</run_address>
         <size>0x86</size>
         <input_file_ref idref="fl-da"/>
      </object_component>
      <object_component id="oc-770">
         <name>.text:_sl_HandleAsync_Connect</name>
         <load_address>0x20009fcc</load_address>
         <run_address>0x20009fcc</run_address>
         <size>0x80</size>
         <input_file_ref idref="fl-ed"/>
      </object_component>
      <object_component id="oc-731">
         <name>.text:_sl_HandleAsync_InitComplete</name>
         <load_address>0x2000a04c</load_address>
         <run_address>0x2000a04c</run_address>
         <size>0x80</size>
         <input_file_ref idref="fl-e8"/>
      </object_component>
      <object_component id="oc-71a">
         <name>.text:spi_Read_CPU</name>
         <load_address>0x2000a0cc</load_address>
         <run_address>0x2000a0cc</run_address>
         <size>0x80</size>
         <input_file_ref idref="fl-ef"/>
      </object_component>
      <object_component id="oc-6cf">
         <name>.text:spi_Write_CPU</name>
         <load_address>0x2000a14c</load_address>
         <run_address>0x2000a14c</run_address>
         <size>0x80</size>
         <input_file_ref idref="fl-ef"/>
      </object_component>
      <object_component id="oc-118">
         <name>.text:sl_NetCfgSet</name>
         <load_address>0x2000a1cc</load_address>
         <run_address>0x2000a1cc</run_address>
         <size>0x7c</size>
         <input_file_ref idref="fl-eb"/>
      </object_component>
      <object_component id="oc-11e">
         <name>.text:sl_WlanSet</name>
         <load_address>0x2000a248</load_address>
         <run_address>0x2000a248</run_address>
         <size>0x7c</size>
         <input_file_ref idref="fl-ee"/>
      </object_component>
      <object_component id="oc-4f">
         <name>.text</name>
         <load_address>0x2000a2c4</load_address>
         <run_address>0x2000a2c4</run_address>
         <size>0x7a</size>
         <input_file_ref idref="fl-cc"/>
      </object_component>
      <object_component id="oc-40a">
         <name>.text:_SlNonOsSemGet</name>
         <load_address>0x2000a340</load_address>
         <run_address>0x2000a340</run_address>
         <size>0x78</size>
         <input_file_ref idref="fl-ec"/>
      </object_component>
      <object_component id="oc-106">
         <name>.text:sl_WlanPolicySet</name>
         <load_address>0x2000a3b8</load_address>
         <run_address>0x2000a3b8</run_address>
         <size>0x78</size>
         <input_file_ref idref="fl-ee"/>
      </object_component>
      <object_component id="oc-29f">
         <name>.text:spi_Close</name>
         <load_address>0x2000a430</load_address>
         <run_address>0x2000a430</run_address>
         <size>0x78</size>
         <input_file_ref idref="fl-ef"/>
      </object_component>
      <object_component id="oc-1e5">
         <name>.text:UARTConfigSetExpClk</name>
         <load_address>0x2000a4a8</load_address>
         <run_address>0x2000a4a8</run_address>
         <size>0x76</size>
         <input_file_ref idref="fl-f4"/>
      </object_component>
      <object_component id="oc-ee">
         <name>.text:_SlNonOsMainLoopTask</name>
         <load_address>0x2000a520</load_address>
         <run_address>0x2000a520</run_address>
         <size>0x74</size>
         <input_file_ref idref="fl-ec"/>
      </object_component>
      <object_component id="oc-67">
         <name>.text</name>
         <load_address>0x2000a594</load_address>
         <run_address>0x2000a594</run_address>
         <size>0x70</size>
         <input_file_ref idref="fl-d6"/>
      </object_component>
      <object_component id="oc-149">
         <name>.text:sl_Socket</name>
         <load_address>0x2000a604</load_address>
         <run_address>0x2000a604</run_address>
         <size>0x70</size>
         <input_file_ref idref="fl-ed"/>
      </object_component>
      <object_component id="oc-78a">
         <name>.text:_SlDrvCmdSend</name>
         <load_address>0x2000a674</load_address>
         <run_address>0x2000a674</run_address>
         <size>0x6c</size>
         <input_file_ref idref="fl-e9"/>
      </object_component>
      <object_component id="oc-75a">
         <name>.text:_sl_NetAppSendTokenValue</name>
         <load_address>0x2000a6e0</load_address>
         <run_address>0x2000a6e0</run_address>
         <size>0x6c</size>
         <input_file_ref idref="fl-ea"/>
      </object_component>
      <object_component id="oc-12d">
         <name>.text:sl_WlanRxFilterSet</name>
         <load_address>0x2000a74c</load_address>
         <run_address>0x2000a74c</run_address>
         <size>0x6c</size>
         <input_file_ref idref="fl-ee"/>
      </object_component>
      <object_component id="oc-42">
         <name>.text</name>
         <load_address>0x2000a7b8</load_address>
         <run_address>0x2000a7b8</run_address>
         <size>0x6a</size>
         <input_file_ref idref="fl-c6"/>
      </object_component>
      <object_component id="oc-4cf">
         <name>.text:_SlNonOsSpawn</name>
         <load_address>0x2000a824</load_address>
         <run_address>0x2000a824</run_address>
         <size>0x64</size>
         <input_file_ref idref="fl-ec"/>
      </object_component>
      <object_component id="oc-76a">
         <name>.text:_sl_HandleAsync_Accept</name>
         <load_address>0x2000a888</load_address>
         <run_address>0x2000a888</run_address>
         <size>0x64</size>
         <input_file_ref idref="fl-ed"/>
      </object_component>
      <object_component id="oc-390">
         <name>.text:uDMAChannelAttributeDisable</name>
         <load_address>0x2000a8ec</load_address>
         <run_address>0x2000a8ec</run_address>
         <size>0x64</size>
         <input_file_ref idref="fl-f5"/>
      </object_component>
      <object_component id="oc-3b4">
         <name>.text:uDMAChannelAttributeEnable</name>
         <load_address>0x2000a950</load_address>
         <run_address>0x2000a950</run_address>
         <size>0x64</size>
         <input_file_ref idref="fl-f5"/>
      </object_component>
      <object_component id="oc-17e">
         <name>.text</name>
         <load_address>0x2000a9b4</load_address>
         <run_address>0x2000a9b4</run_address>
         <size>0x64</size>
         <input_file_ref idref="fl-8"/>
      </object_component>
      <object_component id="oc-5b4">
         <name>.text</name>
         <load_address>0x2000aa18</load_address>
         <run_address>0x2000aa18</run_address>
         <size>0x5c</size>
         <input_file_ref idref="fl-e1"/>
      </object_component>
      <object_component id="oc-498">
         <name>.text:IntPendClear</name>
         <load_address>0x2000aa74</load_address>
         <run_address>0x2000aa74</run_address>
         <size>0x58</size>
         <input_file_ref idref="fl-f0"/>
      </object_component>
      <object_component id="oc-326">
         <name>.text:PRCMPeripheralReset</name>
         <load_address>0x2000aacc</load_address>
         <run_address>0x2000aacc</run_address>
         <size>0x58</size>
         <input_file_ref idref="fl-f2"/>
      </object_component>
      <object_component id="oc-5a4">
         <name>.text</name>
         <load_address>0x2000ab24</load_address>
         <run_address>0x2000ab24</run_address>
         <size>0x56</size>
         <input_file_ref idref="fl-df"/>
      </object_component>
      <object_component id="oc-342">
         <name>.text:IntPrioritySet</name>
         <load_address>0x2000ab7c</load_address>
         <run_address>0x2000ab7c</run_address>
         <size>0x54</size>
         <input_file_ref idref="fl-f0"/>
      </object_component>
      <object_component id="oc-278">
         <name>.text:_SlDrvRxIrqHandler</name>
         <load_address>0x2000abd0</load_address>
         <run_address>0x2000abd0</run_address>
         <size>0x54</size>
         <input_file_ref idref="fl-e9"/>
      </object_component>
      <object_component id="oc-776">
         <name>.text:_sl_HandleAsync_Select</name>
         <load_address>0x2000ac24</load_address>
         <run_address>0x2000ac24</run_address>
         <size>0x54</size>
         <input_file_ref idref="fl-ed"/>
      </object_component>
      <object_component id="oc-73">
         <name>.text</name>
         <load_address>0x2000ac78</load_address>
         <run_address>0x2000ac78</run_address>
         <size>0x54</size>
         <input_file_ref idref="fl-c8"/>
      </object_component>
      <object_component id="oc-737">
         <name>.text:_sl_HandleAsync_Stop</name>
         <load_address>0x2000accc</load_address>
         <run_address>0x2000accc</run_address>
         <size>0x50</size>
         <input_file_ref idref="fl-e8"/>
      </object_component>
      <object_component id="oc-451">
         <name>.text:SPIIntEnable</name>
         <load_address>0x2000ad1c</load_address>
         <run_address>0x2000ad1c</run_address>
         <size>0x4c</size>
         <input_file_ref idref="fl-f3"/>
      </object_component>
      <object_component id="oc-642">
         <name>.text:SPIIntNumberGet</name>
         <load_address>0x2000ad68</load_address>
         <run_address>0x2000ad68</run_address>
         <size>0x4c</size>
         <input_file_ref idref="fl-f3"/>
      </object_component>
      <object_component id="oc-248">
         <name>.text:_SlDrvProtectAsyncRespSetting</name>
         <load_address>0x2000adb4</load_address>
         <run_address>0x2000adb4</run_address>
         <size>0x4c</size>
         <input_file_ref idref="fl-e9"/>
      </object_component>
      <object_component id="oc-2f4">
         <name>.text:_sl_BuildAddress</name>
         <load_address>0x2000ae00</load_address>
         <run_address>0x2000ae00</run_address>
         <size>0x4c</size>
         <input_file_ref idref="fl-ed"/>
      </object_component>
      <object_component id="oc-5cc">
         <name>.text</name>
         <load_address>0x2000ae4c</load_address>
         <run_address>0x2000ae4c</run_address>
         <size>0x4c</size>
         <input_file_ref idref="fl-d5"/>
      </object_component>
      <object_component id="oc-9e">
         <name>.text</name>
         <load_address>0x2000ae98</load_address>
         <run_address>0x2000ae98</run_address>
         <size>0x4c</size>
         <input_file_ref idref="fl-d7"/>
      </object_component>
      <object_component id="oc-38a">
         <name>.text:uDMAChannelAssign</name>
         <load_address>0x2000aee4</load_address>
         <run_address>0x2000aee4</run_address>
         <size>0x4c</size>
         <input_file_ref idref="fl-f5"/>
      </object_component>
      <object_component id="oc-190">
         <name>.text:PRCMHibernateWakeupSourceEnable</name>
         <load_address>0x2000af30</load_address>
         <run_address>0x2000af30</run_address>
         <size>0x48</size>
         <input_file_ref idref="fl-f2"/>
      </object_component>
      <object_component id="oc-600">
         <name>.text:SPIIntClear</name>
         <load_address>0x2000af78</load_address>
         <run_address>0x2000af78</run_address>
         <size>0x48</size>
         <input_file_ref idref="fl-f3"/>
      </object_component>
      <object_component id="oc-2c2">
         <name>.text:_SlDrvBasicCmd</name>
         <load_address>0x2000afc0</load_address>
         <run_address>0x2000afc0</run_address>
         <size>0x48</size>
         <input_file_ref idref="fl-e9"/>
      </object_component>
      <object_component id="oc-59f">
         <name>.text</name>
         <load_address>0x2000b008</load_address>
         <run_address>0x2000b008</run_address>
         <size>0x48</size>
         <input_file_ref idref="fl-dd"/>
      </object_component>
      <object_component id="oc-124">
         <name>.text:sl_NetAppMDNSUnRegisterService</name>
         <load_address>0x2000b050</load_address>
         <run_address>0x2000b050</run_address>
         <size>0x48</size>
         <input_file_ref idref="fl-ea"/>
      </object_component>
      <object_component id="oc-5f4">
         <name>.text:SPIDmaMaskGet</name>
         <load_address>0x2000b098</load_address>
         <run_address>0x2000b098</run_address>
         <size>0x44</size>
         <input_file_ref idref="fl-f3"/>
      </object_component>
      <object_component id="oc-783">
         <name>.text:_SlDrvHandleHttpServerEvents</name>
         <load_address>0x2000b0dc</load_address>
         <run_address>0x2000b0dc</run_address>
         <size>0x44</size>
         <input_file_ref idref="fl-e9"/>
      </object_component>
      <object_component id="oc-260">
         <name>.text:_SlDrvSyncObjWaitTimeout</name>
         <load_address>0x2000b120</load_address>
         <run_address>0x2000b120</run_address>
         <size>0x44</size>
         <input_file_ref idref="fl-e9"/>
      </object_component>
      <object_component id="oc-727">
         <name>.text:cc_SetupTransfer</name>
         <load_address>0x2000b164</load_address>
         <run_address>0x2000b164</run_address>
         <size>0x44</size>
         <input_file_ref idref="fl-ef"/>
      </object_component>
      <object_component id="oc-10c">
         <name>.text:sl_WlanProfileDel</name>
         <load_address>0x2000b1a8</load_address>
         <run_address>0x2000b1a8</run_address>
         <size>0x44</size>
         <input_file_ref idref="fl-ee"/>
      </object_component>
      <object_component id="oc-f4">
         <name>.text:sl_WlanSetMode</name>
         <load_address>0x2000b1ec</load_address>
         <run_address>0x2000b1ec</run_address>
         <size>0x44</size>
         <input_file_ref idref="fl-ee"/>
      </object_component>
      <object_component id="oc-143">
         <name>.text:sl_Htonl</name>
         <load_address>0x2000b230</load_address>
         <run_address>0x2000b230</run_address>
         <size>0x42</size>
         <input_file_ref idref="fl-ed"/>
      </object_component>
      <object_component id="oc-550">
         <name>.text:PinModeSet</name>
         <load_address>0x2000b274</load_address>
         <run_address>0x2000b274</run_address>
         <size>0x40</size>
         <input_file_ref idref="fl-f1"/>
      </object_component>
      <object_component id="oc-6e2">
         <name>.text:_SlDrvHandleNetAppEvents</name>
         <load_address>0x2000b2b4</load_address>
         <run_address>0x2000b2b4</run_address>
         <size>0x40</size>
         <input_file_ref idref="fl-e9"/>
      </object_component>
      <object_component id="oc-6dc">
         <name>.text:_SlDrvHandleWlanEvents</name>
         <load_address>0x2000b2f4</load_address>
         <run_address>0x2000b2f4</run_address>
         <size>0x40</size>
         <input_file_ref idref="fl-e9"/>
      </object_component>
      <object_component id="oc-2ee">
         <name>.text:_sl_TruncatePayloadByProtocol</name>
         <load_address>0x2000b334</load_address>
         <run_address>0x2000b334</run_address>
         <size>0x40</size>
         <input_file_ref idref="fl-ed"/>
      </object_component>
      <object_component id="oc-24">
         <name>.text</name>
         <load_address>0x2000b374</load_address>
         <run_address>0x2000b374</run_address>
         <size>0x40</size>
         <input_file_ref idref="fl-c4"/>
      </object_component>
      <object_component id="oc-254">
         <name>.text:NwpRegisterInterruptHandler</name>
         <load_address>0x2000b3b4</load_address>
         <run_address>0x2000b3b4</run_address>
         <size>0x3e</size>
         <input_file_ref idref="fl-ef"/>
      </object_component>
      <object_component id="oc-761">
         <name>.text:CopyPingResultsToReport</name>
         <load_address>0x2000b3f2</load_address>
         <run_address>0x2000b3f2</run_address>
         <size>0x3c</size>
         <input_file_ref idref="fl-ea"/>
      </object_component>
      <object_component id="oc-320">
         <name>.text:PRCMPeripheralClkEnable</name>
         <load_address>0x2000b430</load_address>
         <run_address>0x2000b430</run_address>
         <size>0x3c</size>
         <input_file_ref idref="fl-f2"/>
      </object_component>
      <object_component id="oc-13d">
         <name>.text:sl_Htons</name>
         <load_address>0x2000b46c</load_address>
         <run_address>0x2000b46c</run_address>
         <size>0x3c</size>
         <input_file_ref idref="fl-ed"/>
      </object_component>
      <object_component id="oc-3ae">
         <name>.text:uDMAChannelControlSet</name>
         <load_address>0x2000b4a8</load_address>
         <run_address>0x2000b4a8</run_address>
         <size>0x3c</size>
         <input_file_ref idref="fl-f5"/>
      </object_component>
      <object_component id="oc-24e">
         <name>.text:NwpPowerOff</name>
         <load_address>0x2000b4e4</load_address>
         <run_address>0x2000b4e4</run_address>
         <size>0x38</size>
         <input_file_ref idref="fl-ef"/>
      </object_component>
      <object_component id="oc-42d">
         <name>.text:PRCMPeripheralStatusGet</name>
         <load_address>0x2000b51c</load_address>
         <run_address>0x2000b51c</run_address>
         <size>0x34</size>
         <input_file_ref idref="fl-f2"/>
      </object_component>
      <object_component id="oc-445">
         <name>.text:SPIFIFOLevelSet</name>
         <load_address>0x2000b550</load_address>
         <run_address>0x2000b550</run_address>
         <size>0x34</size>
         <input_file_ref idref="fl-f3"/>
      </object_component>
      <object_component id="oc-3d6">
         <name>.text:UARTDisable</name>
         <load_address>0x2000b584</load_address>
         <run_address>0x2000b584</run_address>
         <size>0x30</size>
         <input_file_ref idref="fl-f4"/>
      </object_component>
      <object_component id="oc-5aa">
         <name>.text</name>
         <load_address>0x2000b5b4</load_address>
         <run_address>0x2000b5b4</run_address>
         <size>0x2e</size>
         <input_file_ref idref="fl-de"/>
      </object_component>
      <object_component id="oc-184">
         <name>.text:PRCMSysResetCauseGet</name>
         <load_address>0x2000b5e4</load_address>
         <run_address>0x2000b5e4</run_address>
         <size>0x2c</size>
         <input_file_ref idref="fl-f2"/>
      </object_component>
      <object_component id="oc-4e2">
         <name>.text:_SlDrvObjGlobalLockWaitForever</name>
         <load_address>0x2000b610</load_address>
         <run_address>0x2000b610</run_address>
         <size>0x2c</size>
         <input_file_ref idref="fl-e9"/>
      </object_component>
      <object_component id="oc-478">
         <name>.text:_SlDrvProtectionObjLockWaitForever</name>
         <load_address>0x2000b63c</load_address>
         <run_address>0x2000b63c</run_address>
         <size>0x2c</size>
         <input_file_ref idref="fl-e9"/>
      </object_component>
      <object_component id="oc-32c">
         <name>.text:PRCMPeripheralClkDisable</name>
         <load_address>0x2000b668</load_address>
         <run_address>0x2000b668</run_address>
         <size>0x28</size>
         <input_file_ref idref="fl-f2"/>
      </object_component>
      <object_component id="oc-4e8">
         <name>.text:_SlDrvGlobalObjUnLock</name>
         <load_address>0x2000b690</load_address>
         <run_address>0x2000b690</run_address>
         <size>0x28</size>
         <input_file_ref idref="fl-e9"/>
      </object_component>
      <object_component id="oc-47e">
         <name>.text:_SlDrvProtectionObjUnLock</name>
         <load_address>0x2000b6b8</load_address>
         <run_address>0x2000b6b8</run_address>
         <size>0x28</size>
         <input_file_ref idref="fl-e9"/>
      </object_component>
      <object_component id="oc-53b">
         <name>.text:_SlDrvSyncObjWaitForever</name>
         <load_address>0x2000b6e0</load_address>
         <run_address>0x2000b6e0</run_address>
         <size>0x28</size>
         <input_file_ref idref="fl-e9"/>
      </object_component>
      <object_component id="oc-4c7">
         <name>.text</name>
         <load_address>0x2000b708</load_address>
         <run_address>0x2000b708</run_address>
         <size>0x26</size>
         <input_file_ref idref="fl-3"/>
      </object_component>
      <object_component id="oc-463">
         <name>.text:DmaSpiSwIntHandler</name>
         <load_address>0x2000b730</load_address>
         <run_address>0x2000b730</run_address>
         <size>0x24</size>
         <input_file_ref idref="fl-ef"/>
      </object_component>
      <object_component id="oc-492">
         <name>.text:IntUnregister</name>
         <load_address>0x2000b754</load_address>
         <run_address>0x2000b754</run_address>
         <size>0x24</size>
         <input_file_ref idref="fl-f0"/>
      </object_component>
      <object_component id="oc-3dc">
         <name>.text:UARTEnable</name>
         <load_address>0x2000b778</load_address>
         <run_address>0x2000b778</run_address>
         <size>0x24</size>
         <input_file_ref idref="fl-f4"/>
      </object_component>
      <object_component id="oc-52f">
         <name>.text:_SlDrvObjLockWaitForever</name>
         <load_address>0x2000b79c</load_address>
         <run_address>0x2000b79c</run_address>
         <size>0x24</size>
         <input_file_ref idref="fl-e9"/>
      </object_component>
      <object_component id="oc-209">
         <name>.text</name>
         <load_address>0x2000b7c0</load_address>
         <run_address>0x2000b7c0</run_address>
         <size>0x24</size>
         <input_file_ref idref="fl-ca"/>
      </object_component>
      <object_component id="oc-421">
         <name>.text:SPIReset</name>
         <load_address>0x2000b7e4</load_address>
         <run_address>0x2000b7e4</run_address>
         <size>0x22</size>
         <input_file_ref idref="fl-f3"/>
      </object_component>
      <object_component id="oc-6c9">
         <name>.text:SPIWordCountSet</name>
         <load_address>0x2000b806</load_address>
         <run_address>0x2000b806</run_address>
         <size>0x22</size>
         <input_file_ref idref="fl-f3"/>
      </object_component>
      <object_component id="oc-44b">
         <name>.text:IntRegister</name>
         <load_address>0x2000b828</load_address>
         <run_address>0x2000b828</run_address>
         <size>0x20</size>
         <input_file_ref idref="fl-f0"/>
      </object_component>
      <object_component id="oc-25a">
         <name>.text:NwpPowerOn</name>
         <load_address>0x2000b848</load_address>
         <run_address>0x2000b848</run_address>
         <size>0x20</size>
         <input_file_ref idref="fl-ef"/>
      </object_component>
      <object_component id="oc-18a">
         <name>.text:PRCMOCRRegisterWrite</name>
         <load_address>0x2000b868</load_address>
         <run_address>0x2000b868</run_address>
         <size>0x20</size>
         <input_file_ref idref="fl-f2"/>
      </object_component>
      <object_component id="oc-535">
         <name>.text:_SlDrvObjUnLock</name>
         <load_address>0x2000b888</load_address>
         <run_address>0x2000b888</run_address>
         <size>0x20</size>
         <input_file_ref idref="fl-e9"/>
      </object_component>
      <object_component id="oc-4b3">
         <name>.text:_SlDrvSyncObjSignal</name>
         <load_address>0x2000b8a8</load_address>
         <run_address>0x2000b8a8</run_address>
         <size>0x20</size>
         <input_file_ref idref="fl-e9"/>
      </object_component>
      <object_component id="oc-112">
         <name>.text:sl_WlanDisconnect</name>
         <load_address>0x2000b8c8</load_address>
         <run_address>0x2000b8c8</run_address>
         <size>0x20</size>
         <input_file_ref idref="fl-ee"/>
      </object_component>
      <object_component id="oc-1eb">
         <name>.text:UARTCharPut</name>
         <load_address>0x2000b8e8</load_address>
         <run_address>0x2000b8e8</run_address>
         <size>0x1e</size>
         <input_file_ref idref="fl-f4"/>
      </object_component>
      <object_component id="oc-433">
         <name>.text:cc_UDMAChannelSelect</name>
         <load_address>0x2000b906</load_address>
         <run_address>0x2000b906</run_address>
         <size>0x1e</size>
         <input_file_ref idref="fl-ef"/>
      </object_component>
      <object_component id="oc-1a8">
         <name>.text:PRCMOCRRegisterRead</name>
         <load_address>0x2000b924</load_address>
         <run_address>0x2000b924</run_address>
         <size>0x1c</size>
         <input_file_ref idref="fl-f2"/>
      </object_component>
      <object_component id="oc-1fd">
         <name>.text:UARTCharGetNonBlocking</name>
         <load_address>0x2000b940</load_address>
         <run_address>0x2000b940</run_address>
         <size>0x1c</size>
         <input_file_ref idref="fl-f4"/>
      </object_component>
      <object_component id="oc-178">
         <name>.text</name>
         <load_address>0x2000b95c</load_address>
         <run_address>0x2000b95c</run_address>
         <size>0x1c</size>
         <input_file_ref idref="fl-4"/>
      </object_component>
      <object_component id="oc-5c6">
         <name>.text</name>
         <load_address>0x2000b978</load_address>
         <run_address>0x2000b978</run_address>
         <size>0x1c</size>
         <input_file_ref idref="fl-e0"/>
      </object_component>
      <object_component id="oc-39c">
         <name>.text:uDMAChannelDisable</name>
         <load_address>0x2000b994</load_address>
         <run_address>0x2000b994</run_address>
         <size>0x1c</size>
         <input_file_ref idref="fl-f5"/>
      </object_component>
      <object_component id="oc-3c0">
         <name>.text:uDMAChannelEnable</name>
         <load_address>0x2000b9b0</load_address>
         <run_address>0x2000b9b0</run_address>
         <size>0x1c</size>
         <input_file_ref idref="fl-f5"/>
      </object_component>
      <object_component id="oc-396">
         <name>.text:uDMAChannelRequest</name>
         <load_address>0x2000b9cc</load_address>
         <run_address>0x2000b9cc</run_address>
         <size>0x1c</size>
         <input_file_ref idref="fl-f5"/>
      </object_component>
      <object_component id="oc-335">
         <name>.text:PinTypeUART</name>
         <load_address>0x2000b9e8</load_address>
         <run_address>0x2000b9e8</run_address>
         <size>0x1a</size>
         <input_file_ref idref="fl-f1"/>
      </object_component>
      <object_component id="oc-50b">
         <name>.text:SPIDmaDisable</name>
         <load_address>0x2000ba02</load_address>
         <run_address>0x2000ba02</run_address>
         <size>0x1a</size>
         <input_file_ref idref="fl-f3"/>
      </object_component>
      <object_component id="oc-43f">
         <name>.text:SPIDmaEnable</name>
         <load_address>0x2000ba1c</load_address>
         <run_address>0x2000ba1c</run_address>
         <size>0x1a</size>
         <input_file_ref idref="fl-f3"/>
      </object_component>
      <object_component id="oc-505">
         <name>.text:SPIFIFODisable</name>
         <load_address>0x2000ba36</load_address>
         <run_address>0x2000ba36</run_address>
         <size>0x1a</size>
         <input_file_ref idref="fl-f3"/>
      </object_component>
      <object_component id="oc-439">
         <name>.text:SPIFIFOEnable</name>
         <load_address>0x2000ba50</load_address>
         <run_address>0x2000ba50</run_address>
         <size>0x1a</size>
         <input_file_ref idref="fl-f3"/>
      </object_component>
      <object_component id="oc-4ff">
         <name>.text:SPIIntUnregister</name>
         <load_address>0x2000ba6a</load_address>
         <run_address>0x2000ba6a</run_address>
         <size>0x1a</size>
         <input_file_ref idref="fl-f3"/>
      </object_component>
      <object_component id="oc-415">
         <name>.text:SPICSDisable</name>
         <load_address>0x2000ba84</load_address>
         <run_address>0x2000ba84</run_address>
         <size>0x18</size>
         <input_file_ref idref="fl-f3"/>
      </object_component>
      <object_component id="oc-6c3">
         <name>.text:SPICSEnable</name>
         <load_address>0x2000ba9c</load_address>
         <run_address>0x2000ba9c</run_address>
         <size>0x18</size>
         <input_file_ref idref="fl-f3"/>
      </object_component>
      <object_component id="oc-41b">
         <name>.text:SPIDisable</name>
         <load_address>0x2000bab4</load_address>
         <run_address>0x2000bab4</run_address>
         <size>0x18</size>
         <input_file_ref idref="fl-f3"/>
      </object_component>
      <object_component id="oc-457">
         <name>.text:SPIEnable</name>
         <load_address>0x2000bacc</load_address>
         <run_address>0x2000bacc</run_address>
         <size>0x18</size>
         <input_file_ref idref="fl-f3"/>
      </object_component>
      <object_component id="oc-1f7">
         <name>.text:UARTCharsAvail</name>
         <load_address>0x2000bae4</load_address>
         <run_address>0x2000bae4</run_address>
         <size>0x18</size>
         <input_file_ref idref="fl-f4"/>
      </object_component>
      <object_component id="oc-35a">
         <name>.text:WatchdogStallDisable</name>
         <load_address>0x2000bafc</load_address>
         <run_address>0x2000bafc</run_address>
         <size>0x18</size>
         <input_file_ref idref="fl-f7"/>
      </object_component>
      <object_component id="oc-33c">
         <name>.text:WatchdogUnlock</name>
         <load_address>0x2000bb14</load_address>
         <run_address>0x2000bb14</run_address>
         <size>0x18</size>
         <input_file_ref idref="fl-f7"/>
      </object_component>
      <object_component id="oc-404">
         <name>.text:_SlNonOsSemSet</name>
         <load_address>0x2000bb2c</load_address>
         <run_address>0x2000bb2c</run_address>
         <size>0x18</size>
         <input_file_ref idref="fl-ec"/>
      </object_component>
      <object_component id="oc-26c">
         <name>.text:_sl_GetStartResponseConvert</name>
         <load_address>0x2000bb44</load_address>
         <run_address>0x2000bb44</run_address>
         <size>0x18</size>
         <input_file_ref idref="fl-e8"/>
      </object_component>
      <object_component id="oc-6d">
         <name>.text</name>
         <load_address>0x2000bb5c</load_address>
         <run_address>0x2000bb5c</run_address>
         <size>0x18</size>
         <input_file_ref idref="fl-d4"/>
      </object_component>
      <object_component id="oc-314">
         <name>.text:PRCMHIBRegRead</name>
         <load_address>0x2000bb74</load_address>
         <run_address>0x2000bb74</run_address>
         <size>0x16</size>
         <input_file_ref idref="fl-f2"/>
      </object_component>
      <object_component id="oc-31a">
         <name>.text:PRCMHIBRegWrite</name>
         <load_address>0x2000bb8a</load_address>
         <run_address>0x2000bb8a</run_address>
         <size>0x16</size>
         <input_file_ref idref="fl-f2"/>
      </object_component>
      <object_component id="oc-354">
         <name>.text:WatchdogEnable</name>
         <load_address>0x2000bba0</load_address>
         <run_address>0x2000bba0</run_address>
         <size>0x16</size>
         <input_file_ref idref="fl-f7"/>
      </object_component>
      <object_component id="oc-348">
         <name>.text:WatchdogIntRegister</name>
         <load_address>0x2000bbb6</load_address>
         <run_address>0x2000bbb6</run_address>
         <size>0x16</size>
         <input_file_ref idref="fl-f7"/>
      </object_component>
      <object_component id="oc-301">
         <name>.text:_SlDrvMemZero</name>
         <load_address>0x2000bbcc</load_address>
         <run_address>0x2000bbcc</run_address>
         <size>0x16</size>
         <input_file_ref idref="fl-e9"/>
      </object_component>
      <object_component id="oc-5c0">
         <name>.text</name>
         <load_address>0x2000bbe2</load_address>
         <run_address>0x2000bbe2</run_address>
         <size>0x16</size>
         <input_file_ref idref="fl-e4"/>
      </object_component>
      <object_component id="oc-378">
         <name>.text:uDMAIntRegister</name>
         <load_address>0x2000bbf8</load_address>
         <run_address>0x2000bbf8</run_address>
         <size>0x16</size>
         <input_file_ref idref="fl-f5"/>
      </object_component>
      <object_component id="oc-309">
         <name>.text:CPUcpsie</name>
         <load_address>0x2000bc0e</load_address>
         <run_address>0x2000bc0e</run_address>
         <size>0x14</size>
         <input_file_ref idref="fl-f8"/>
      </object_component>
      <object_component id="oc-15b">
         <name>.text:IntVTableBaseSet</name>
         <load_address>0x2000bc24</load_address>
         <run_address>0x2000bc24</run_address>
         <size>0x14</size>
         <input_file_ref idref="fl-f0"/>
      </object_component>
      <object_component id="oc-19c">
         <name>.text:PRCMHibernateEnter</name>
         <load_address>0x2000bc38</load_address>
         <run_address>0x2000bc38</run_address>
         <size>0x14</size>
         <input_file_ref idref="fl-f2"/>
      </object_component>
      <object_component id="oc-1cc">
         <name>.text</name>
         <load_address>0x2000bc4c</load_address>
         <run_address>0x2000bc4c</run_address>
         <size>0x14</size>
         <input_file_ref idref="fl-d2"/>
      </object_component>
      <object_component id="oc-203">
         <name>.text</name>
         <load_address>0x2000bc60</load_address>
         <run_address>0x2000bc60</run_address>
         <size>0x14</size>
         <input_file_ref idref="fl-d0"/>
      </object_component>
      <object_component id="oc-384">
         <name>.text:uDMAControlBaseSet</name>
         <load_address>0x2000bc74</load_address>
         <run_address>0x2000bc74</run_address>
         <size>0x14</size>
         <input_file_ref idref="fl-f5"/>
      </object_component>
      <object_component id="oc-372">
         <name>.text:uDMAIntClear</name>
         <load_address>0x2000bc88</load_address>
         <run_address>0x2000bc88</run_address>
         <size>0x14</size>
         <input_file_ref idref="fl-f5"/>
      </object_component>
      <object_component id="oc-360">
         <name>.text:WatchdogIntUnregister</name>
         <load_address>0x2000bc9c</load_address>
         <run_address>0x2000bc9c</run_address>
         <size>0x12</size>
         <input_file_ref idref="fl-f7"/>
      </object_component>
      <object_component id="oc-34e">
         <name>.text:WatchdogReloadSet</name>
         <load_address>0x2000bcae</load_address>
         <run_address>0x2000bcae</run_address>
         <size>0x12</size>
         <input_file_ref idref="fl-f7"/>
      </object_component>
      <object_component id="oc-3a2">
         <name>.text:uDMAIntUnregister</name>
         <load_address>0x2000bcc0</load_address>
         <run_address>0x2000bcc0</run_address>
         <size>0x12</size>
         <input_file_ref idref="fl-f5"/>
      </object_component>
      <object_component id="oc-137">
         <name>.text:WatchdogIntClear</name>
         <load_address>0x2000bcd2</load_address>
         <run_address>0x2000bcd2</run_address>
         <size>0x10</size>
         <input_file_ref idref="fl-f7"/>
      </object_component>
      <object_component id="oc-754">
         <name>.text:_SlDrvDispatchHttpServerEvents</name>
         <load_address>0x2000bce2</load_address>
         <run_address>0x2000bce2</run_address>
         <size>0x10</size>
         <input_file_ref idref="fl-e9"/>
      </object_component>
      <object_component id="oc-2b4">
         <name>.text:_SlDrvResetCmdExt</name>
         <load_address>0x2000bcf2</load_address>
         <run_address>0x2000bcf2</run_address>
         <size>0xe</size>
         <input_file_ref idref="fl-e9"/>
      </object_component>
      <object_component id="oc-12">
         <name>.text:decompress:none</name>
         <load_address>0x2000bd00</load_address>
         <run_address>0x2000bd00</run_address>
         <size>0xe</size>
         <input_file_ref idref="fl-c5"/>
      </object_component>
      <object_component id="oc-2d">
         <name>.text</name>
         <load_address>0x2000bd0e</load_address>
         <run_address>0x2000bd0e</run_address>
         <size>0xe</size>
         <input_file_ref idref="fl-5"/>
      </object_component>
      <object_component id="oc-485">
         <name>.text:NwpMaskInterrupt</name>
         <load_address>0x2000bd1c</load_address>
         <run_address>0x2000bd1c</run_address>
         <size>0xc</size>
         <input_file_ref idref="fl-ef"/>
      </object_component>
      <object_component id="oc-49f">
         <name>.text:NwpUnMaskInterrupt</name>
         <load_address>0x2000bd28</load_address>
         <run_address>0x2000bd28</run_address>
         <size>0xc</size>
         <input_file_ref idref="fl-ef"/>
      </object_component>
      <object_component id="oc-3a8">
         <name>.text:uDMADisable</name>
         <load_address>0x2000bd34</load_address>
         <run_address>0x2000bd34</run_address>
         <size>0xc</size>
         <input_file_ref idref="fl-f5"/>
      </object_component>
      <object_component id="oc-37e">
         <name>.text:uDMAEnable</name>
         <load_address>0x2000bd40</load_address>
         <run_address>0x2000bd40</run_address>
         <size>0xc</size>
         <input_file_ref idref="fl-f5"/>
      </object_component>
      <object_component id="oc-36c">
         <name>.text:uDMAIntStatus</name>
         <load_address>0x2000bd4c</load_address>
         <run_address>0x2000bd4c</run_address>
         <size>0xc</size>
         <input_file_ref idref="fl-f5"/>
      </object_component>
      <object_component id="oc-161">
         <name>.text:IntMasterEnable</name>
         <load_address>0x2000bd58</load_address>
         <run_address>0x2000bd58</run_address>
         <size>0xa</size>
         <input_file_ref idref="fl-f0"/>
      </object_component>
      <object_component id="oc-679">
         <name>.text</name>
         <load_address>0x2000bd62</load_address>
         <run_address>0x2000bd62</run_address>
         <size>0x8</size>
         <input_file_ref idref="fl-e7"/>
      </object_component>
      <object_component id="oc-da">
         <name>.text:UtilsDelay</name>
         <load_address>0x2000bd6a</load_address>
         <run_address>0x2000bd6a</run_address>
         <size>0x6</size>
         <input_file_ref idref="fl-f6"/>
      </object_component>
      <object_component id="oc-18">
         <name>.text:decompress:rle24</name>
         <load_address>0x2000bd70</load_address>
         <run_address>0x2000bd70</run_address>
         <size>0x6</size>
         <input_file_ref idref="fl-c6"/>
      </object_component>
      <object_component id="oc-61">
         <name>.text</name>
         <load_address>0x2000bd76</load_address>
         <run_address>0x2000bd76</run_address>
         <size>0x4</size>
         <input_file_ref idref="fl-ce"/>
      </object_component>
      <object_component id="oc-688">
         <name>.const:.string:_ctypes_</name>
         <load_address>0x2000bd7c</load_address>
         <run_address>0x2000bd7c</run_address>
         <size>0x101</size>
         <input_file_ref idref="fl-d8"/>
      </object_component>
      <object_component id="oc-65d">
         <name>.const:g_ulPinToPadMap</name>
         <load_address>0x2000be80</load_address>
         <run_address>0x2000be80</run_address>
         <size>0x100</size>
         <input_file_ref idref="fl-f1"/>
      </object_component>
      <object_component id="oc-55e">
         <name>.const:g_pulRegs</name>
         <load_address>0x2000bf80</load_address>
         <run_address>0x2000bf80</run_address>
         <size>0xd4</size>
         <input_file_ref idref="fl-f0"/>
      </object_component>
      <object_component id="oc-549">
         <name>.const:PRCM_PeriphRegsList</name>
         <load_address>0x2000c054</load_address>
         <run_address>0x2000c054</run_address>
         <size>0xa8</size>
         <input_file_ref idref="fl-f2"/>
      </object_component>
      <object_component id="oc-6b9">
         <name>.const:OpcodeTranslateTable</name>
         <load_address>0x2000c0fc</load_address>
         <run_address>0x2000c0fc</run_address>
         <size>0x3c</size>
         <input_file_ref idref="fl-e9"/>
      </object_component>
      <object_component id="oc-295">
         <name>.const</name>
         <load_address>0x2000c138</load_address>
         <run_address>0x2000c138</run_address>
         <size>0x3c</size>
         <input_file_ref idref="fl-ee"/>
      </object_component>
      <object_component id="oc-721">
         <name>.const:_SlActionLookupTable</name>
         <load_address>0x2000c174</load_address>
         <run_address>0x2000c174</run_address>
         <size>0x38</size>
         <input_file_ref idref="fl-e9"/>
      </object_component>
      <object_component id="oc-63d">
         <name>.const</name>
         <load_address>0x2000c1ac</load_address>
         <run_address>0x2000c1ac</run_address>
         <size>0x38</size>
         <input_file_ref idref="fl-e9"/>
      </object_component>
      <object_component id="oc-2e5">
         <name>.const</name>
         <load_address>0x2000c1e4</load_address>
         <run_address>0x2000c1e4</run_address>
         <size>0x34</size>
         <input_file_ref idref="fl-ed"/>
      </object_component>
      <object_component id="oc-12a">
         <name>.const:$P$T1$2</name>
         <load_address>0x2000c218</load_address>
         <run_address>0x2000c218</run_address>
         <size>0x2c</size>
         <input_file_ref idref="fl-2"/>
      </object_component>
      <object_component id="oc-51b">
         <name>.const</name>
         <load_address>0x2000c244</load_address>
         <run_address>0x2000c244</run_address>
         <size>0x28</size>
         <input_file_ref idref="fl-ea"/>
      </object_component>
      <object_component id="oc-6ea">
         <name>.const:g_ppulSPIIntMap</name>
         <load_address>0x2000c26c</load_address>
         <run_address>0x2000c26c</run_address>
         <size>0x24</size>
         <input_file_ref idref="fl-f3"/>
      </object_component>
      <object_component id="oc-136">
         <name>.const:.string:$P$T0$1</name>
         <load_address>0x2000c290</load_address>
         <run_address>0x2000c290</run_address>
         <size>0x22</size>
         <input_file_ref idref="fl-2"/>
      </object_component>
      <object_component id="oc-2ab">
         <name>.const</name>
         <load_address>0x2000c2b2</load_address>
         <run_address>0x2000c2b2</run_address>
         <size>0x1c</size>
         <input_file_ref idref="fl-e8"/>
      </object_component>
      <object_component id="oc-612">
         <name>.const:g_pulDisRegs</name>
         <load_address>0x2000c2d0</load_address>
         <run_address>0x2000c2d0</run_address>
         <size>0x18</size>
         <input_file_ref idref="fl-f0"/>
      </object_component>
      <object_component id="oc-310">
         <name>.const:g_pulEnRegs</name>
         <load_address>0x2000c2e8</load_address>
         <run_address>0x2000c2e8</run_address>
         <size>0x18</size>
         <input_file_ref idref="fl-f0"/>
      </object_component>
      <object_component id="oc-61d">
         <name>.const:g_pulUnpendRegs</name>
         <load_address>0x2000c300</load_address>
         <run_address>0x2000c300</run_address>
         <size>0x18</size>
         <input_file_ref idref="fl-f0"/>
      </object_component>
      <object_component id="oc-694">
         <name>.const:g_ulSPIDmaMaskMap</name>
         <load_address>0x2000c318</load_address>
         <run_address>0x2000c318</run_address>
         <size>0x18</size>
         <input_file_ref idref="fl-f3"/>
      </object_component>
      <object_component id="oc-133">
         <name>.const:$P$T2$3</name>
         <load_address>0x2000c330</load_address>
         <run_address>0x2000c330</run_address>
         <size>0x14</size>
         <input_file_ref idref="fl-2"/>
      </object_component>
      <object_component id="oc-52a">
         <name>.const:.string</name>
         <load_address>0x2000c344</load_address>
         <run_address>0x2000c344</run_address>
         <size>0x10</size>
         <input_file_ref idref="fl-ed"/>
      </object_component>
      <object_component id="oc-174">
         <name>.const:$P$T4$5</name>
         <load_address>0x2000c354</load_address>
         <run_address>0x2000c354</run_address>
         <size>0xc</size>
         <input_file_ref idref="fl-2"/>
      </object_component>
      <object_component id="oc-177">
         <name>.const:.string:$P$T3$4</name>
         <load_address>0x2000c360</load_address>
         <run_address>0x2000c360</run_address>
         <size>0xc</size>
         <input_file_ref idref="fl-2"/>
      </object_component>
      <object_component id="oc-2c9">
         <name>.const</name>
         <load_address>0x2000c36c</load_address>
         <run_address>0x2000c36c</run_address>
         <size>0x8</size>
         <input_file_ref idref="fl-eb"/>
      </object_component>
      <object_component id="oc-7b8">
         <name>.cinit..data.load</name>
         <load_address>0x2000c378</load_address>
         <run_address>0x2000c378</run_address>
         <size>0x38</size>
      </object_component>
      <object_component id="oc-7b9">
         <name>.cinit..bss.load</name>
         <load_address>0x2000c3b0</load_address>
         <run_address>0x2000c3b0</run_address>
         <size>0xb</size>
      </object_component>
      <object_component id="oc-7b6">
         <name>__TI_handler_table</name>
         <load_address>0x2000c3bc</load_address>
         <run_address>0x2000c3bc</run_address>
         <size>0x8</size>
      </object_component>
      <object_component id="oc-7b7">
         <name>__TI_cinit_table</name>
         <load_address>0x2000c3c4</load_address>
         <run_address>0x2000c3c4</run_address>
         <size>0x10</size>
      </object_component>
      <object_component id="oc-e1">
         <name>.data</name>
         <load_address>0x200184b4</load_address>
         <run_address>0x200184b4</run_address>
         <size>0x18</size>
         <input_file_ref idref="fl-2"/>
      </object_component>
      <object_component id="oc-b4">
         <name>.data:$O1$$</name>
         <load_address>0x200184dc</load_address>
         <run_address>0x200184dc</run_address>
         <size>0xc</size>
         <input_file_ref idref="fl-c8"/>
      </object_component>
      <object_component id="oc-3fc">
         <name>.data:$O1$$</name>
         <load_address>0x200184e8</load_address>
         <run_address>0x200184e8</run_address>
         <size>0xc</size>
         <input_file_ref idref="fl-cb"/>
      </object_component>
      <object_component id="oc-79">
         <name>.data</name>
         <load_address>0x2001850c</load_address>
         <run_address>0x2001850c</run_address>
         <size>0x4</size>
         <input_file_ref idref="fl-cf"/>
      </object_component>
      <object_component id="oc-b7">
         <name>.data:$O1$$</name>
         <load_address>0x20018500</load_address>
         <run_address>0x20018500</run_address>
         <size>0x8</size>
         <input_file_ref idref="fl-d2"/>
      </object_component>
      <object_component id="oc-67f">
         <name>.data</name>
         <load_address>0x20018508</load_address>
         <run_address>0x20018508</run_address>
         <size>0x4</size>
         <input_file_ref idref="fl-e6"/>
      </object_component>
      <object_component id="oc-275">
         <name>.data</name>
         <load_address>0x200184cc</load_address>
         <run_address>0x200184cc</run_address>
         <size>0xd</size>
         <input_file_ref idref="fl-e9"/>
      </object_component>
      <object_component id="oc-28a">
         <name>.data:g__SlNonOsCB</name>
         <load_address>0x20018478</load_address>
         <run_address>0x20018478</run_address>
         <size>0x3c</size>
         <input_file_ref idref="fl-ec"/>
      </object_component>
      <object_component id="oc-45d">
         <name>.data</name>
         <load_address>0x200184f4</load_address>
         <run_address>0x200184f4</run_address>
         <size>0x9</size>
         <input_file_ref idref="fl-ef"/>
      </object_component>
      <object_component id="oc-215">
         <name>.bss</name>
         <uninitialized>true</uninitialized>
         <run_address>0x200177e8</run_address>
         <size>0x4</size>
         <input_file_ref idref="fl-6"/>
      </object_component>
      <object_component id="oc-410">
         <name>.bss:g_StatMem</name>
         <uninitialized>true</uninitialized>
         <run_address>0x20017578</run_address>
         <size>0x168</size>
         <input_file_ref idref="fl-e9"/>
      </object_component>
      <object_component id="oc-460">
         <name>.bss:g_ucDinDout</name>
         <uninitialized>true</uninitialized>
         <run_address>0x20017c00</run_address>
         <size>0x50</size>
         <input_file_ref idref="fl-ef"/>
      </object_component>
      <object_component id="oc-e4">
         <name>.common:g_ucConnectionSSID</name>
         <uninitialized>true</uninitialized>
         <run_address>0x20017c50</run_address>
         <size>0x24</size>
      </object_component>
      <object_component id="oc-e7">
         <name>.common:g_ucConnectionBSSID</name>
         <uninitialized>true</uninitialized>
         <run_address>0x200177e0</run_address>
         <size>0x8</size>
      </object_component>
      <object_component id="oc-173">
         <name>.common:g_cBsdBuf</name>
         <uninitialized>true</uninitialized>
         <run_address>0x20017000</run_address>
         <size>0x578</size>
      </object_component>
      <object_component id="oc-3c6">
         <name>.common:iDone</name>
         <uninitialized>true</uninitialized>
         <run_address>0x200177ef</run_address>
         <size>0x1</size>
      </object_component>
      <object_component id="oc-3ca">
         <name>.common:gfpAppCallbackHndl</name>
         <uninitialized>true</uninitialized>
         <run_address>0x200176e0</run_address>
         <size>0x100</size>
      </object_component>
      <object_component id="oc-3c9">
         <name>.common:gpCtlTbl</name>
         <uninitialized>true</uninitialized>
         <run_address>0x20017800</run_address>
         <size>0x400</size>
      </object_component>
      <object_component id="oc-413">
         <name>.common:RxIrqCnt</name>
[...]
         <value>0x200081dd</value>
         <object_component_ref idref="oc-2fa"/>
      </symbol>
      <symbol id="sm-989">
         <name>_SlDrvRxIrqHandler</name>
         <value>0x2000abd1</value>
         <object_component_ref idref="oc-278"/>
      </symbol>
      <symbol id="sm-98a">
         <name>_SlDrvHandleHttpServerEvents</name>
         <value>0x2000b0dd</value>
         <object_component_ref idref="oc-783"/>
      </symbol>
      <symbol id="sm-98b">
         <name>_SlDrvSyncObjWaitForever</name>
         <value>0x2000b6e1</value>
         <object_component_ref idref="oc-53b"/>
      </symbol>
      <symbol id="sm-98c">
         <name>_SlDrvCmdSend</name>
         <value>0x2000a675</value>
         <object_component_ref idref="oc-78a"/>
      </symbol>
      <symbol id="sm-98d">
         <name>_SlActionLookupTable</name>
         <value>0x2000c174</value>
         <object_component_ref idref="oc-721"/>
      </symbol>
      <symbol id="sm-a19">
         <name>sl_NetAppMDNSUnRegisterService</name>
         <value>0x2000b051</value>
         <object_component_ref idref="oc-124"/>
      </symbol>
      <symbol id="sm-a1a">
         <name>_SlNetAppSendTokenValueCmdCtrl</name>
         <value>0x2000c260</value>
         <object_component_ref idref="oc-51b"/>
      </symbol>
      <symbol id="sm-a1b">
         <name>_sl_HandleAsync_DnsGetHostByName</name>
         <value>0x20009af1</value>
         <object_component_ref idref="oc-748"/>
      </symbol>
      <symbol id="sm-a1c">
         <name>_sl_HandleAsync_PingResponse</name>
         <value>0x20009b81</value>
         <object_component_ref idref="oc-70d"/>
      </symbol>
      <symbol id="sm-a1d">
         <name>_SlDrvNetAppEventHandler</name>
         <value>0x20008921</value>
         <object_component_ref idref="oc-707"/>
      </symbol>
      <symbol id="sm-a1e">
         <name>_sl_HandleAsync_DnsGetHostByService</name>
         <value>0x2000922d</value>
         <object_component_ref idref="oc-74e"/>
      </symbol>
      <symbol id="sm-a1f">
         <name>_sl_NetAppSendTokenValue</name>
         <value>0x2000a6e1</value>
         <object_component_ref idref="oc-75a"/>
      </symbol>
      <symbol id="sm-a20">
         <name>sl_NetAppMDNSRegisterUnregisterService</name>
         <value>0x200092f9</value>
         <object_component_ref idref="oc-2d4"/>
      </symbol>
      <symbol id="sm-a41">
         <name>sl_NetCfgSet</name>
         <value>0x2000a1cd</value>
         <object_component_ref idref="oc-118"/>
      </symbol>
      <symbol id="sm-a80">
         <name>_SlNonOsSemSet</name>
         <value>0x2000bb2d</value>
         <object_component_ref idref="oc-404"/>
      </symbol>
      <symbol id="sm-a81">
         <name>_SlNonOsSpawn</name>
         <value>0x2000a825</value>
         <object_component_ref idref="oc-4cf"/>
      </symbol>
      <symbol id="sm-a82">
         <name>_SlNonOsSemGet</name>
         <value>0x2000a341</value>
         <object_component_ref idref="oc-40a"/>
      </symbol>
      <symbol id="sm-a83">
         <name>_SlNonOsMainLoopTask</name>
         <value>0x2000a521</value>
         <object_component_ref idref="oc-ee"/>
      </symbol>
      <symbol id="sm-a84">
         <name>g__SlNonOsCB</name>
         <value>0x20018478</value>
         <object_component_ref idref="oc-28a"/>
      </symbol>
      <symbol id="sm-b26">
         <name>sl_SendTo</name>
         <value>0x200086d5</value>
         <object_component_ref idref="oc-14f"/>
      </symbol>
      <symbol id="sm-b27">
         <name>_sl_HandleAsync_Connect</name>
         <value>0x20009fcd</value>
         <object_component_ref idref="oc-770"/>
      </symbol>
      <symbol id="sm-b28">
         <name>sl_Htonl</name>
         <value>0x2000b231</value>
         <object_component_ref idref="oc-143"/>
      </symbol>
      <symbol id="sm-b29">
         <name>sl_Htons</name>
         <value>0x2000b46d</value>
         <object_component_ref idref="oc-13d"/>
      </symbol>
      <symbol id="sm-b2a">
         <name>sl_Socket</name>
         <value>0x2000a605</value>
         <object_component_ref idref="oc-149"/>
      </symbol>
      <symbol id="sm-b2b">
         <name>_sl_HandleAsync_Select</name>
         <value>0x2000ac25</value>
         <object_component_ref idref="oc-776"/>
      </symbol>
      <symbol id="sm-b2c">
         <name>_sl_HandleAsync_Accept</name>
         <value>0x2000a889</value>
         <object_component_ref idref="oc-76a"/>
      </symbol>
      <symbol id="sm-bca">
         <name>sl_WlanDisconnect</name>
         <value>0x2000b8c9</value>
         <object_component_ref idref="oc-112"/>
      </symbol>
      <symbol id="sm-bcb">
         <name>sl_WlanPolicySet</name>
         <value>0x2000a3b9</value>
         <object_component_ref idref="oc-106"/>
      </symbol>
      <symbol id="sm-bcc">
         <name>sl_WlanProfileDel</name>
         <value>0x2000b1a9</value>
         <object_component_ref idref="oc-10c"/>
      </symbol>
      <symbol id="sm-bcd">
         <name>sl_WlanRxFilterSet</name>
         <value>0x2000a74d</value>
         <object_component_ref idref="oc-12d"/>
      </symbol>
      <symbol id="sm-bce">
         <name>sl_WlanConnect</name>
         <value>0x20006e71</value>
         <object_component_ref idref="oc-155"/>
      </symbol>
      <symbol id="sm-bcf">
         <name>sl_WlanSet</name>
         <value>0x2000a249</value>
         <object_component_ref idref="oc-11e"/>
      </symbol>
      <symbol id="sm-bd0">
         <name>sl_WlanSetMode</name>
         <value>0x2000b1ed</value>
         <object_component_ref idref="oc-f4"/>
      </symbol>
      <symbol id="sm-ccf">
         <name>g_cDummy</name>
         <value>0x200177ee</value>
      </symbol>
      <symbol id="sm-cd0">
         <name>NwpMaskInterrupt</name>
         <value>0x2000bd1d</value>
         <object_component_ref idref="oc-485"/>
      </symbol>
      <symbol id="sm-cd1">
         <name>NwpRegisterInterruptHandler</name>
         <value>0x2000b3b5</value>
         <object_component_ref idref="oc-254"/>
      </symbol>
      <symbol id="sm-cd2">
         <name>g_pHostIntHdl</name>
         <value>0x200184f8</value>
         <object_component_ref idref="oc-45d"/>
      </symbol>
      <symbol id="sm-cd3">
         <name>NwpUnMaskInterrupt</name>
         <value>0x2000bd29</value>
         <object_component_ref idref="oc-49f"/>
      </symbol>
      <symbol id="sm-cd4">
         <name>g_ucDinDout</name>
         <value>0x20017c00</value>
         <object_component_ref idref="oc-460"/>
      </symbol>
      <symbol id="sm-cd5">
         <name>NwpPowerOff</name>
         <value>0x2000b4e5</value>
         <object_component_ref idref="oc-24e"/>
      </symbol>
      <symbol id="sm-cd6">
         <name>spi_Read</name>
         <value>0x20008b21</value>
         <object_component_ref idref="oc-6ac"/>
      </symbol>
      <symbol id="sm-cd7">
         <name>DmaSpiSwIntHandler</name>
         <value>0x2000b731</value>
         <object_component_ref idref="oc-463"/>
      </symbol>
      <symbol id="sm-cd8">
         <name>NwpPowerOn</name>
         <value>0x2000b849</value>
         <object_component_ref idref="oc-25a"/>
      </symbol>
      <symbol id="sm-cd9">
         <name>spi_Close</name>
         <value>0x2000a431</value>
         <object_component_ref idref="oc-29f"/>
      </symbol>
      <symbol id="sm-cda">
         <name>spi_Write</name>
         <value>0x200099c5</value>
         <object_component_ref idref="oc-637"/>
      </symbol>
      <symbol id="sm-cdb">
         <name>spi_Open</name>
         <value>0x2000832d</value>
         <object_component_ref idref="oc-242"/>
      </symbol>
      <symbol id="sm-cdc">
         <name>g_ucDMAEnabled</name>
         <value>0x200184fc</value>
         <object_component_ref idref="oc-45d"/>
      </symbol>
      <symbol id="sm-cdd">
         <name>g_SpiFd</name>
         <value>0x200184f4</value>
         <object_component_ref idref="oc-45d"/>
      </symbol>
      <symbol id="sm-d69">
         <name>IntPendClear</name>
         <value>0x2000aa75</value>
         <object_component_ref idref="oc-498"/>
      </symbol>
      <symbol id="sm-d6a">
         <name>IntPrioritySet</name>
         <value>0x2000ab7d</value>
         <object_component_ref idref="oc-342"/>
      </symbol>
      <symbol id="sm-d6b">
         <name>IntVTableBaseSet</name>
         <value>0x2000bc25</value>
         <object_component_ref idref="oc-15b"/>
      </symbol>
      <symbol id="sm-d6c">
         <name>IntEnable</name>
         <value>0x200096a1</value>
         <object_component_ref idref="oc-167"/>
      </symbol>
      <symbol id="sm-d6d">
         <name>IntDisable</name>
         <value>0x200095f9</value>
         <object_component_ref idref="oc-48c"/>
      </symbol>
      <symbol id="sm-d6e">
         <name>IntRegister</name>
         <value>0x2000b829</value>
         <object_component_ref idref="oc-44b"/>
      </symbol>
      <symbol id="sm-d6f">
         <name>IntUnregister</name>
         <value>0x2000b755</value>
         <object_component_ref idref="oc-492"/>
      </symbol>
      <symbol id="sm-d70">
         <name>IntMasterEnable</name>
         <value>0x2000bd59</value>
         <object_component_ref idref="oc-161"/>
      </symbol>
      <symbol id="sm-d9d">
         <name>PinTypeUART</name>
         <value>0x2000b9e9</value>
         <object_component_ref idref="oc-335"/>
      </symbol>
      <symbol id="sm-d9e">
         <name>PinConfigSet</name>
         <value>0x20009db1</value>
         <object_component_ref idref="oc-556"/>
      </symbol>
      <symbol id="sm-d9f">
         <name>PinModeSet</name>
         <value>0x2000b275</value>
         <object_component_ref idref="oc-550"/>
      </symbol>
      <symbol id="sm-e6a">
         <name>PRCMPeripheralReset</name>
         <value>0x2000aacd</value>
         <object_component_ref idref="oc-326"/>
      </symbol>
      <symbol id="sm-e6b">
         <name>PRCMPeripheralClkEnable</name>
         <value>0x2000b431</value>
         <object_component_ref idref="oc-320"/>
      </symbol>
      <symbol id="sm-e6c">
         <name>PRCMPeripheralClockGet</name>
         <value>0x20009a5d</value>
         <object_component_ref idref="oc-1df"/>
      </symbol>
      <symbol id="sm-e6d">
         <name>PRCMHibernateEnter</name>
         <value>0x2000bc39</value>
         <object_component_ref idref="oc-19c"/>
      </symbol>
      <symbol id="sm-e6e">
         <name>PRCMHibernateIntervalSet</name>
         <value>0x20009d29</value>
         <object_component_ref idref="oc-196"/>
      </symbol>
      <symbol id="sm-e6f">
         <name>PRCMCC3200MCUInit</name>
         <value>0x20007ef5</value>
         <object_component_ref idref="oc-16d"/>
      </symbol>
      <symbol id="sm-e70">
         <name>PRCMOCRRegisterRead</name>
         <value>0x2000b925</value>
         <object_component_ref idref="oc-1a8"/>
      </symbol>
      <symbol id="sm-e71">
         <name>PRCMOCRRegisterWrite</name>
         <value>0x2000b869</value>
         <object_component_ref idref="oc-18a"/>
      </symbol>
      <symbol id="sm-e72">
         <name>PRCMHIBRegWrite</name>
         <value>0x2000bb8b</value>
         <object_component_ref idref="oc-31a"/>
      </symbol>
      <symbol id="sm-e73">
         <name>PRCMSysResetCauseGet</name>
         <value>0x2000b5e5</value>
         <object_component_ref idref="oc-184"/>
      </symbol>
      <symbol id="sm-e74">
         <name>PRCMPeripheralStatusGet</name>
         <value>0x2000b51d</value>
         <object_component_ref idref="oc-42d"/>
      </symbol>
      <symbol id="sm-e75">
         <name>PRCMHibernateWakeupSourceEnable</name>
         <value>0x2000af31</value>
         <object_component_ref idref="oc-190"/>
      </symbol>
      <symbol id="sm-e76">
         <name>PRCMPeripheralClkDisable</name>
         <value>0x2000b669</value>
         <object_component_ref idref="oc-32c"/>
      </symbol>
      <symbol id="sm-e77">
         <name>PRCMHIBRegRead</name>
         <value>0x2000bb75</value>
         <object_component_ref idref="oc-314"/>
      </symbol>
      <symbol id="sm-f32">
         <name>SPIFIFODisable</name>
         <value>0x2000ba37</value>
         <object_component_ref idref="oc-505"/>
      </symbol>
      <symbol id="sm-f33">
         <name>SPICSEnable</name>
         <value>0x2000ba9d</value>
         <object_component_ref idref="oc-6c3"/>
      </symbol>
      <symbol id="sm-f34">
         <name>SPIDisable</name>
         <value>0x2000bab5</value>
         <object_component_ref idref="oc-41b"/>
      </symbol>
      <symbol id="sm-f35">
         <name>SPIFIFOEnable</name>
         <value>0x2000ba51</value>
         <object_component_ref idref="oc-439"/>
      </symbol>
      <symbol id="sm-f36">
         <name>SPIWordCountSet</name>
         <value>0x2000b807</value>
         <object_component_ref idref="oc-6c9"/>
      </symbol>
      <symbol id="sm-f37">
         <name>SPIEnable</name>
         <value>0x2000bacd</value>
         <object_component_ref idref="oc-457"/>
      </symbol>
      <symbol id="sm-f38">
         <name>SPIDmaEnable</name>
         <value>0x2000ba1d</value>
         <object_component_ref idref="oc-43f"/>
      </symbol>
      <symbol id="sm-f39">
         <name>SPIConfigSetExpClk</name>
         <value>0x200097ed</value>
         <object_component_ref idref="oc-427"/>
      </symbol>
      <symbol id="sm-f3a">
         <name>SPIIntUnregister</name>
         <value>0x2000ba6b</value>
         <object_component_ref idref="oc-4ff"/>
      </symbol>
      <symbol id="sm-f3b">
         <name>SPIFIFOLevelSet</name>
         <value>0x2000b551</value>
         <object_component_ref idref="oc-445"/>
      </symbol>
      <symbol id="sm-f3c">
         <name>SPIDmaDisable</name>
         <value>0x2000ba03</value>
         <object_component_ref idref="oc-50b"/>
      </symbol>
      <symbol id="sm-f3d">
         <name>SPIReset</name>
         <value>0x2000b7e5</value>
         <object_component_ref idref="oc-421"/>
      </symbol>
      <symbol id="sm-f3e">
         <name>SPIIntEnable</name>
         <value>0x2000ad1d</value>
         <object_component_ref idref="oc-451"/>
      </symbol>
      <symbol id="sm-f3f">
         <name>SPIIntClear</name>
         <value>0x2000af79</value>
         <object_component_ref idref="oc-600"/>
      </symbol>
      <symbol id="sm-f40">
         <name>SPICSDisable</name>
         <value>0x2000ba85</value>
         <object_component_ref idref="oc-415"/>
      </symbol>
      <symbol id="sm-f7c">
         <name>UARTConfigSetExpClk</name>
         <value>0x2000a4a9</value>
         <object_component_ref idref="oc-1e5"/>
      </symbol>
      <symbol id="sm-f7d">
         <name>UARTDisable</name>
         <value>0x2000b585</value>
         <object_component_ref idref="oc-3d6"/>
      </symbol>
      <symbol id="sm-f7e">
         <name>UARTCharsAvail</name>
         <value>0x2000bae5</value>
         <object_component_ref idref="oc-1f7"/>
      </symbol>
      <symbol id="sm-f7f">
         <name>UARTCharGetNonBlocking</name>
         <value>0x2000b941</value>
         <object_component_ref idref="oc-1fd"/>
      </symbol>
      <symbol id="sm-f80">
         <name>UARTCharPut</name>
         <value>0x2000b8e9</value>
         <object_component_ref idref="oc-1eb"/>
      </symbol>
      <symbol id="sm-f81">
         <name>UARTEnable</name>
         <value>0x2000b779</value>
         <object_component_ref idref="oc-3dc"/>
      </symbol>
      <symbol id="sm-102e">
         <name>uDMAChannelControlSet</name>
         <value>0x2000b4a9</value>
         <object_component_ref idref="oc-3ae"/>
      </symbol>
      <symbol id="sm-102f">
         <name>uDMAIntClear</name>
         <value>0x2000bc89</value>
         <object_component_ref idref="oc-372"/>
      </symbol>
      <symbol id="sm-1030">
         <name>uDMAChannelDisable</name>
         <value>0x2000b995</value>
         <object_component_ref idref="oc-39c"/>
      </symbol>
      <symbol id="sm-1031">
         <name>uDMAIntUnregister</name>
         <value>0x2000bcc1</value>
         <object_component_ref idref="oc-3a2"/>
      </symbol>
      <symbol id="sm-1032">
         <name>uDMAChannelAttributeEnable</name>
         <value>0x2000a951</value>
         <object_component_ref idref="oc-3b4"/>
      </symbol>
      <symbol id="sm-1033">
         <name>uDMADisable</name>
         <value>0x2000bd35</value>
         <object_component_ref idref="oc-3a8"/>
      </symbol>
      <symbol id="sm-1034">
         <name>uDMAChannelTransferSet</name>
         <value>0x20008c11</value>
         <object_component_ref idref="oc-3ba"/>
      </symbol>
      <symbol id="sm-1035">
         <name>uDMAIntStatus</name>
         <value>0x2000bd4d</value>
         <object_component_ref idref="oc-36c"/>
      </symbol>
      <symbol id="sm-1036">
         <name>uDMAChannelAssign</name>
         <value>0x2000aee5</value>
         <object_component_ref idref="oc-38a"/>
      </symbol>
      <symbol id="sm-1037">
         <name>uDMAIntRegister</name>
         <value>0x2000bbf9</value>
         <object_component_ref idref="oc-378"/>
      </symbol>
      <symbol id="sm-1038">
         <name>uDMAEnable</name>
         <value>0x2000bd41</value>
         <object_component_ref idref="oc-37e"/>
      </symbol>
      <symbol id="sm-1039">
         <name>uDMAControlBaseSet</name>
         <value>0x2000bc75</value>
         <object_component_ref idref="oc-384"/>
      </symbol>
      <symbol id="sm-103a">
         <name>uDMAChannelAttributeDisable</name>
         <value>0x2000a8ed</value>
         <object_component_ref idref="oc-390"/>
      </symbol>
      <symbol id="sm-103b">
         <name>uDMAChannelEnable</name>
         <value>0x2000b9b1</value>
         <object_component_ref idref="oc-3c0"/>
      </symbol>
      <symbol id="sm-103c">
         <name>uDMAChannelRequest</name>
         <value>0x2000b9cd</value>
         <object_component_ref idref="oc-396"/>
      </symbol>
      <symbol id="sm-1040">
         <name>UtilsDelay</name>
         <value>0x2000bd6b</value>
         <object_component_ref idref="oc-da"/>
      </symbol>
      <symbol id="sm-107f">
         <name>WatchdogIntClear</name>
         <value>0x2000bcd3</value>
         <object_component_ref idref="oc-137"/>
      </symbol>
      <symbol id="sm-1080">
         <name>WatchdogUnlock</name>
         <value>0x2000bb15</value>
         <object_component_ref idref="oc-33c"/>
      </symbol>
      <symbol id="sm-1081">
         <name>WatchdogStallDisable</name>
         <value>0x2000bafd</value>
         <object_component_ref idref="oc-35a"/>
      </symbol>
      <symbol id="sm-1082">
         <name>WatchdogReloadSet</name>
         <value>0x2000bcaf</value>
         <object_component_ref idref="oc-34e"/>
      </symbol>
      <symbol id="sm-1083">
         <name>WatchdogEnable</name>
         <value>0x2000bba1</value>
         <object_component_ref idref="oc-354"/>
      </symbol>
      <symbol id="sm-1084">
         <name>WatchdogIntRegister</name>
         <value>0x2000bbb7</value>
         <object_component_ref idref="oc-348"/>
      </symbol>
      <symbol id="sm-1085">
         <name>WatchdogIntUnregister</name>
         <value>0x2000bc9d</value>
         <object_component_ref idref="oc-360"/>
      </symbol>
      <symbol id="sm-108f">
         <name>CPUcpsie</name>
         <value>0x2000bc0f</value>
         <object_component_ref idref="oc-309"/>
      </symbol>
      <symbol id="sm-1091">
         <name>__TI_static_base__</name>
         <value>0x2000c378</value>
      </symbol>
      <symbol id="sm-1094">
         <name>SHT$$INIT_ARRAY$$Limit</name>
         <value>0x0</value>
      </symbol>
      <symbol id="sm-1095">
         <name>SHT$$INIT_ARRAY$$Base</name>
         <value>0x0</value>
      </symbol>
   </symbol_table>
   <title>Link successful</title>
</link_info>
