******************************************************************************
                  TI ARM Linker PC v15.12.3                    
******************************************************************************
>> Linked Tue Aug 23 17:22:40 2016

OUTPUT FILE NAME:   <email.out>
ENTRY POINT SYMBOL: "_c_int00"  address: 20012815


MEMORY CONFIGURATION

         name            origin    length      used     unused   attr    fill
----------------------  --------  ---------  --------  --------  ----  --------
  SRAM_CODE             20004000   00016000  00013376  00002c8a  RW X
  SRAM_DATA             2001a000   00016000  0000c278  00009d88  RW X


SEGMENT ALLOCATION MAP

run origin  load origin   length   init length attrs members
----------  ----------- ---------- ----------- ----- -------
20004000    20004000    0001337c   0001337c    r-x
  20004000    20004000    0000030c   0000030c    r-- .resetVecs
  20004310    20004310    00010492   00010492    r-x .text
  200147a4    200147a4    000028b4   000028b4    r-- .const
  20017058    20017058    00000324   00000324    r-- .cinit
2001a000    2001a000    0000a278   00000000    rw-
  2001a000    2001a000    00009e2c   00000000    rw- .bss
  20023e2c    20023e2c    0000044c   00000000    rw- .data
2002e000    2002e000    00002000   00000000    rw-
  2002e000    2002e000    00002000   00000000    rw- .stack


SECTION ALLOCATION MAP

 output                                  attributes/
section   page    origin      length       input sections
--------  ----  ----------  ----------   ----------------
.init_array 
*          0    20004000    00000000     UNINITIALIZED

.resetVecs 
*          0    20004000    0000030c     
                  20004000    0000030c     app_pem4.oem4 (.resetVecs)

.text      0    20004310    00010492     
                  20004310    000012c8     network_if.obj (.text)
                  200055d8    000010fc     rtsv7M4_T_le_eabi.lib : _printfi.obj (.text)
                  200066d4    00001000     main.obj (.text)
                  200076d4    00000b9c     libEmail.a : email.obj (.text)
                  20008270    00000590     simplelink.a : driver.obj (.text:_SlDrvMsgRead)
                  20008800    00000544     ti_rtos.a : osi_tirtos.obj (.text)
                  20008d44    00000004     app_pem4.oem4 (.text:ti_sysbios_BIOS_RtsGateProxy_enter__E)
                  20008d48    00000430     sysbios.aem4 : BIOS.obj (.text:ti_sysbios_family_arm_m3_Hwi_excDumpRegs__I)
                  20009178    00000394     gpio_if.obj (.text)
                  2000950c    0000034c     ti.targets.arm.rtsarm.aem4 : System.oem4 (.text:xdc_runtime_System_doPrint__I)
                  20009858    00000324     rtsv7M4_T_le_eabi.lib : trgdrv.obj (.text)
                  20009b7c    00000004     app_pem4.oem4 (.text:ti_sysbios_BIOS_RtsGateProxy_leave__E)
                  20009b80    00000314     sysbios.aem4 : BIOS.obj (.text:ti_sysbios_knl_Semaphore_pend__E)
                  20009e94    00000280     uart_if.obj (.text)
                  2000a114    00000260     simplelink.a : wlan.obj (.text:sl_WlanConnect)
                  2000a374    00000004     app_pem4.oem4 (.text:ti_sysbios_family_arm_m3_Hwi_delete)
                  2000a378    00000254     sysbios.aem4 : BIOS.obj (.text:ti_sysbios_heaps_HeapMem_free__E)
                  2000a5cc    00000004     app_pem4.oem4 (.text:ti_sysbios_family_arm_m3_TaskSupport_Module__startupDone__S)
                  2000a5d0    00000248     sysbios.aem4 : BIOS.obj (.text:ti_sysbios_heaps_HeapMem_alloc__E)
                  2000a818    0000022c                  : BIOS.obj (.text:ti_sysbios_knl_Task_Instance_finalize__E)
                  2000aa44    00000004     app_pem4.oem4 (.text:ti_sysbios_heaps_HeapMem_Module_GateProxy_enter__E)
                  2000aa48    00000200     sysbios.aem4 : BIOS.obj (.text:ti_sysbios_knl_Task_sleep__E)
                  2000ac48    000001fc     simplelink.a : driver.obj (.text:_SlDrvRxHdrRead)
                  2000ae44    00000004     app_pem4.oem4 (.text:ti_sysbios_heaps_HeapMem_Module_GateProxy_leave__E)
                  2000ae48    000001fc     sysbios.aem4 : BIOS.obj (.text:ti_sysbios_family_arm_m3_Hwi_excHandlerMax__I)
                  2000b044    000001f4     rtsv7M4_T_le_eabi.lib : ull_div_t2.obj (.text)
                  2000b238    000001e0     simplelink.a : driver.obj (.text:_SlDrvDataReadOp)
                  2000b418    000001d0                  : driver.obj (.text:_SlDrvReleasePoolObj)
                  2000b5e8    000001c8     sysbios.aem4 : BIOS.obj (.text:ti_sysbios_knl_Task_Instance_init__E)
                  2000b7b0    000001c0     timer_if.obj (.text)
                  2000b970    000001b6     rtsv7M4_T_le_eabi.lib : fd_add_t2.obj (.text)
                  2000bb26    00000002     driverlib.a : interrupt.obj (.text:IntDefaultHandler)
                  2000bb28    0000019c     simplelink.a : driver.obj (.text:_SlDrvMsgWrite)
                  2000bcc4    00000004     app_pem4.oem4 (.text:ti_sysbios_knl_Clock_TimerProxy_getMaxTicks__E)
                  2000bcc8    0000019c     sysbios.aem4 : BIOS.obj (.text:ti_sysbios_knl_Task_Module_startup__E)
                  2000be64    00000190     simplelink.a : driver.obj (.text:_SlDrvDriverCBInit)
                  2000bff4    00000190                  : driver.obj (.text:_SlDrvWaitForPoolObj)
                  2000c184    00000178     driverlib.a : prcm.obj (.text:PRCMCC3200MCUInit)
                  2000c2fc    00000004     app_pem4.oem4 (.text:ti_sysbios_knl_Mailbox_delete)
                  2000c300    00000174     sysbios.aem4 : BIOS.obj (.text:ti_sysbios_family_arm_m3_Hwi_excBusFault__I)
                  2000c474    00000170     simplelink.a : driver.obj (.text:_SlFindAndSetActiveObj)
                  2000c5e4    0000016c                  : socket.obj (.text:sl_Connect)
                  2000c750    00000164     sysbios.aem4 : BIOS.obj (.text:ti_sysbios_family_arm_m3_Hwi_excUsageFault__I)
                  2000c8b4    00000004     app_pem4.oem4 (.text:ti_sysbios_knl_Queue_destruct)
                  2000c8b8    00000158     sysbios.aem4 : BIOS.obj (.text:ti_sysbios_knl_Mailbox_Instance_init__E)
                  2000ca10    00000150     button_if.obj (.text)
                  2000cb60    00000150     simplelink.a : cc_pal.obj (.text:spi_Open)
                  2000ccb0    0000014c                  : driver.obj (.text:_SlDrvDataWriteOp)
                  2000cdfc    00000004     app_pem4.oem4 (.text:ti_sysbios_knl_Semaphore_delete)
                  2000ce00    00000148     sysbios.aem4 : BIOS.obj (.text:ti_sysbios_family_arm_m3_Hwi_excMemFault__I)
                  2000cf48    00000140     libEmail.a : base64.obj (.text)
                  2000d088    00000140     sysbios.aem4 : BIOS.obj (.text:ti_sysbios_knl_Semaphore_post__E)
                  2000d1c8    0000013c                  : BIOS.obj (.text:ti_sysbios_heaps_HeapMem_Instance_init__E)
                  2000d304    00000004     app_pem4.oem4 (.text:ti_sysbios_knl_Semaphore_destruct)
                  2000d308    00000138     sysbios.aem4 : BIOS.obj (.text:ti_sysbios_family_arm_m3_Hwi_dispatchC__I)
                  2000d440    00000138     ti.targets.arm.rtsarm.aem4 : LoggerBuf.oem4 (.text:xdc_runtime_LoggerBuf_write8__E)
                  2000d578    00000136     rtsv7M4_T_le_eabi.lib : fd_div_t2.obj (.text)
                  2000d6ae    00000002                           : i_div0.obj (.text)
                  2000d6b0    00000134     sysbios.aem4 : BIOS.obj (.text:ti_sysbios_knl_Clock_workFunc__E)
                  2000d7e4    0000012c     simplelink.a : netapp.obj (.text:sl_NetAppDnsGetHostByName)
                  2000d910    00000120                  : driver.obj (.text:_SlDrvMsgReadCmdCtx)
                  2000da30    0000011c     sysbios.aem4 : BIOS.obj (.text:ti_sysbios_knl_Swi_run__I)
                  2000db4c    00000118     simplelink.a : driver.obj (.text:_SlDrvDriverCBDeinit)
                  2000dc64    00000118                  : socket.obj (.text:sl_Send)
                  2000dd7c    00000118     ti.targets.arm.rtsarm.aem4 : Error.oem4 (.text:xdc_runtime_Error_policyDefault__E)
                  2000de94    00000104     simplelink.a : netapp.obj (.text:_SlDrvNetAppEventHandler)
                  2000df98    00000100     ti.targets.arm.rtsarm.aem4 : Core-mem.oem4 (.text:xdc_runtime_Core_createObject__I)
                  2000e098    000000fc     rtsv7M4_T_le_eabi.lib : fd_mul_t2.obj (.text)
                  2000e194    000000f8     ti.targets.arm.rtsarm.aem4 : Startup.oem4 (.text:xdc_runtime_Startup_startMods__I)
                  2000e28c    000000f8     app_pem4.oem4 (.text:xdc_runtime_System_printfExtend__I)
                  2000e384    000000f0     driverlib.a : udma.obj (.text:uDMAChannelTransferSet)
                  2000e474    000000e8     simplelink.a : driver.obj (.text:_SlAsyncEventGenericHandler)
                  2000e55c    000000e8     smartconfig.obj (.text)
                  2000e644    000000e4     simplelink.a : device.obj (.text:sl_Stop)
                  2000e728    000000e0                  : device.obj (.text:sl_Start)
                  2000e808    000000dc                  : driver.obj (.text:_SlDrvClassifyRxMsg)
                  2000e8e4    000000dc                  : cc_pal.obj (.text:spi_Read)
                  2000e9c0    000000d4                  : driver.obj (.text:_SlDrvMsgReadSpawnCtx)
                  2000ea94    000000d4     ti.targets.arm.rtsarm.aem4 : LoggerBuf.oem4 (.text:xdc_runtime_LoggerBuf_write4__E)
                  2000eb68    000000d0     rtsv7M4_T_le_eabi.lib : s_scalbn.obj (.text)
                  2000ec38    000000d0     sysbios.aem4 : BIOS.obj (.text:ti_sysbios_family_arm_m3_Hwi_Module_startup__E)
                  2000ed08    000000d0                  : m3_Hwi_asm.obj (.text:ti_sysbios_family_arm_m3_Hwi_dispatch__I)
                  2000edd8    000000cc     simplelink.a : netapp.obj (.text:_sl_HandleAsync_DnsGetHostByService)
                  2000eea4    00000004     app_pem4.oem4 (.text:ti_sysbios_knl_Task_delete)
                  2000eea8    000000cc     sysbios.aem4 : BIOS.obj (.text:ti_sysbios_knl_Task_schedule__I)
                  2000ef74    000000cc     ti.targets.arm.rtsarm.aem4 : Core-smem.oem4 (.text:xdc_runtime_Core_constructObject__I)
                  2000f040    000000c8     simplelink.a : netapp.obj (.text:sl_NetAppMDNSRegisterUnregisterService)
                  2000f108    000000c4                  : driver.obj (.text:_SlRemoveFromList)
                  2000f1cc    000000c0                  : driver.obj (.text:_SlDrvCmdOp)
                  2000f28c    000000c0                  : netcfg.obj (.text:sl_NetCfgGet)
                  2000f34c    00000004     ti.targets.arm.rtsarm.aem4 : Error.oem4 (.text:xdc_runtime_Error_getSite__E)
                  2000f350    000000bc     sysbios.aem4 : BIOS.obj (.text:ti_sysbios_family_arm_m3_Hwi_excDebugMon__I)
                  2000f40c    00000004     app_pem4.oem4 (.text:xdc_runtime_LoggerBuf_Module_GateProxy_enter__E)
                  2000f410    000000bc     sysbios.aem4 : BIOS.obj (.text:ti_sysbios_family_arm_m3_Hwi_excHardFault__I)
                  2000f4cc    00000004     app_pem4.oem4 (.text:xdc_runtime_LoggerBuf_Module_GateProxy_leave__E)
                  2000f4d0    000000bc     sysbios.aem4 : BIOS.obj (.text:ti_sysbios_knl_Task_startCore__E)
                  2000f58c    000000b4     simplelink.a : device.obj (.text:sl_DevGet)
                  2000f640    000000b4     sysbios.aem4 : BIOS.obj (.text:ti_sysbios_gates_GateMutex_enter__E)
                  2000f6f4    00000004     app_pem4.oem4 (.text:xdc_runtime_System_Module_GateProxy_enter__E)
                  2000f6f8    000000b4     sysbios.aem4 : BIOS.obj (.text:ti_sysbios_knl_Task_checkStacks__E)
                  2000f7ac    00000004     app_pem4.oem4 (.text:xdc_runtime_System_Module_GateProxy_leave__E)
                  2000f7b0    000000b4     sysbios.aem4 : BIOS.obj (.text:ti_sysbios_knl_Task_yield__E)
                  2000f864    00000004     ti.targets.arm.rtsarm.aem4 : System.oem4 (.text:xdc_runtime_System_aprintf_va__F)
                  2000f868    000000ac     sysbios.aem4 : BIOS.obj (.text:ti_sysbios_knl_Swi_post__E)
                  2000f914    000000a8     driverlib.a : interrupt.obj (.text:IntDisable)
                  2000f9bc    000000a8                 : interrupt.obj (.text:IntEnable)
                  2000fa64    000000a8     simplelink.a : wlan.obj (.text:sl_WlanSmartConfigStart)
                  2000fb0c    00000004     ti.targets.arm.rtsarm.aem4 : System.oem4 (.text:xdc_runtime_System_printf_va__F)
                  2000fb10    000000a8     sysbios.aem4 : BIOS.obj (.text:ti_sysbios_knl_Task_blockI__E)
                  2000fbb8    000000a8                  : BIOS.obj (.text:ti_sysbios_knl_Task_postInit__I)
                  2000fc60    000000a0     driverlib.a : spi.obj (.text:SPIConfigSetExpClk)
                  2000fd00    000000a0     simplelink.a : driver.obj (.text:_SlDriverHandleError)
                  2000fda0    000000a0     auto_init.aem4 : auto_init.oem4 (.text)
                  2000fe40    000000a0     ti.targets.arm.rtsarm.aem4 : Text.oem4 (.text:xdc_runtime_Text_putMod__E)
                  2000fee0    0000009c     rtsv7M4_T_le_eabi.lib : memcpy_t2.obj (.text)
                  2000ff7c    00000002     app_pem4.oem4 (.text:ti_sysbios_BIOS_nullFunc__I)
                  2000ff7e    00000002     app_pem4.oem4 (.text:xdc_runtime_Startup_reset__I)
                  2000ff80    0000009c     sysbios.aem4 : BIOS.obj (.text:ti_sysbios_knl_Semaphore_Instance_init__E)
                  2001001c    0000009c     ti.targets.arm.rtsarm.aem4 : LoggerBuf.oem4 (.text:xdc_runtime_LoggerBuf_setFilterLevel__E)
                  200100b8    0000009a     simplelink.a : device.obj (.text:_SlDrvDeviceEventHandler)
                  20010152    00000002     --HOLE-- [fill = 0]
                  20010154    0000009a     ti.targets.arm.rtsarm.aem4 : Text.oem4 (.text:xdc_runtime_Text_putSite__E)
                  200101ee    00000002     --HOLE-- [fill = 0]
                  200101f0    00000098     pinmux.obj (.text)
                  20010288    00000098     sysbios.aem4 : BIOS.obj (.text:ti_sysbios_knl_Mailbox_post__E)
                  20010320    00000094     driverlib.a : prcm.obj (.text:PRCMPeripheralClockGet)
                  200103b4    00000004     --HOLE-- [fill = 0]
                  200103b8    00000094     sysbios.aem4 : BIOS.obj (.text:ti_sysbios_family_arm_m3_Hwi_Instance_init__E)
                  2001044c    00000004     --HOLE-- [fill = 0]
                  20010450    00000094                  : BIOS.obj (.text:ti_sysbios_knl_Task_exit__E)
                  200104e4    00000090     simplelink.a : netapp.obj (.text:_sl_HandleAsync_DnsGetHostByName)
                  20010574    00000090                  : netapp.obj (.text:_sl_HandleAsync_PingResponse)
                  20010604    00000004     --HOLE-- [fill = 0]
                  20010608    00000090     sysbios.aem4 : BIOS.obj (.text:ti_sysbios_knl_Task_unblockI__E)
                  20010698    0000008c     simplelink.a : cc_pal.obj (.text:SetupDMAReceive)
                  20010724    0000008c                  : cc_pal.obj (.text:SetupDMASend)
                  200107b0    0000008c                  : cc_pal.obj (.text:spi_Write)
                  2001083c    00000004     --HOLE-- [fill = 0]
                  20010840    0000008c     sysbios.aem4 : BIOS.obj (.text:ti_sysbios_knl_Mailbox_pend__E)
                  200108cc    00000088     driverlib.a : pin.obj (.text:PinConfigSet)
                  20010954    00000088     rtsv7M4_T_le_eabi.lib : vsnprintf.obj (.text)
                  200109dc    00000088     simplelink.a : socket.obj (.text:sl_Recv)
                  20010a64    00000004     --HOLE-- [fill = 0]
                  20010a68    00000088     sysbios.aem4 : BIOS.obj (.text:ti_sysbios_family_arm_m3_Hwi_initNVIC__E)
                  20010af0    00000088                  : BIOS.obj (.text:ti_sysbios_knl_Mailbox_Module_startup__E)
                  20010b78    00000086     rtsv7M4_T_le_eabi.lib : fd_cmp_t2.obj (.text:__aeabi_cdcmple)
                  20010bfe    00000086                           : fd_cmp_t2.obj (.text:__aeabi_cdrcmple)
                  20010c84    00000004     --HOLE-- [fill = 0]
                  20010c88    00000084     sysbios.aem4 : BIOS.obj (.text:ti_sysbios_family_arm_m3_Hwi_postInit__I)
                  20010d0c    00000082     driverlib.a : gpio.obj (.text:GPIOIntTypeSet)
                  20010d8e    00000002     --HOLE-- [fill = 0]
                  20010d90    00000080     simplelink.a : socket.obj (.text:_sl_HandleAsync_Connect)
                  20010e10    00000080                  : device.obj (.text:_sl_HandleAsync_InitComplete)
                  20010e90    00000080                  : cc_pal.obj (.text:spi_Read_CPU)
                  20010f10    00000080                  : cc_pal.obj (.text:spi_Write_CPU)
                  20010f90    0000007c                  : netcfg.obj (.text:sl_NetCfgSet)
                  2001100c    0000007c                  : socket.obj (.text:sl_SetSockOpt)
                  20011088    0000007c                  : wlan.obj (.text:sl_WlanSet)
                  20011104    00000004     --HOLE-- [fill = 0]
                  20011108    0000007c     sysbios.aem4 : BIOS.obj (.text:ti_sysbios_family_arm_m3_TimestampProvider_get64__E)
                  20011184    0000007a     rtsv7M4_T_le_eabi.lib : memset_t2.obj (.text)
                  200111fe    00000002     --HOLE-- [fill = 0]
                  20011200    00000078     simplelink.a : wlan.obj (.text:sl_WlanPolicySet)
                  20011278    00000078                  : cc_pal.obj (.text:spi_Close)
                  200112f0    00000076     driverlib.a : uart.obj (.text:UARTConfigSetExpClk)
                  20011366    00000002     --HOLE-- [fill = 0]
                  20011368    00000074     ti.targets.arm.rtsarm.aem4 : LoggerBuf.oem4 (.text:xdc_runtime_LoggerBuf_getFilterLevel__E)
                  200113dc    00000070     simplelink.a : socket.obj (.text:sl_Socket)
                  2001144c    00000004     --HOLE-- [fill = 0]
                  20011450    00000070     sysbios.aem4 : BIOS.obj (.text:ti_sysbios_knl_Mailbox_Instance_finalize__E)
                  200114c0    0000006d     ti.targets.arm.rtsarm.aem4 : System.oem4 (.text:xdc_runtime_System_formatNum__I)
                  2001152d    00000003     --HOLE-- [fill = 0]
                  20011530    0000006c     simplelink.a : driver.obj (.text:_SlDrvCmdSend)
                  2001159c    0000006c                  : netapp.obj (.text:_sl_NetAppSendTokenValue)
                  20011608    0000006c                  : wlan.obj (.text:sl_WlanRxFilterSet)
                  20011674    00000004     --HOLE-- [fill = 0]
                  20011678    0000006c     sysbios.aem4 : BIOS.obj (.text:ti_sysbios_knl_Swi_restoreHwi__E)
                  200116e4    0000006c     ti.targets.arm.rtsarm.aem4 : Error.oem4 (.text:xdc_runtime_Error_print__E)
                  20011750    0000006c                                : Memory.oem4 (.text:xdc_runtime_Memory_alloc__E)
                  200117bc    0000006a     rtsv7M4_T_le_eabi.lib : copy_decompress_rle.obj (.text)
                  20011826    00000002     --HOLE-- [fill = 0]
                  20011828    00000068     driverlib.a : timer.obj (.text:TimerIntUnregister)
                  20011890    00000068     rtsv7M4_T_le_eabi.lib : trgmsg.obj (.text)
                  200118f8    00000066     ti.targets.arm.rtsarm.aem4 : Core-mem.oem4 (.text:xdc_runtime_Core_deleteObject__I)
                  2001195e    00000002     --HOLE-- [fill = 0]
                  20011960    00000064     simplelink.a : socket.obj (.text:_sl_HandleAsync_Accept)
                  200119c4    00000064     app_pem4.oem4 (.text:ti_sysbios_family_arm_m3_Hwi_create)
                  20011a28    00000064     app_pem4.oem4 (.text:ti_sysbios_knl_Mailbox_create)
                  20011a8c    00000064     driverlib.a : udma.obj (.text:uDMAChannelAttributeDisable)
                  20011af0    00000064                 : udma.obj (.text:uDMAChannelAttributeEnable)
                  20011b54    00000004     --HOLE-- [fill = 0]
                  20011b58    00000060     sysbios.aem4 : BIOS.obj (.text:ti_sysbios_knl_Clock_logTick__E)
                  20011bb8    0000005c     rtsv7M4_T_le_eabi.lib : s_frexp.obj (.text)
                  20011c14    00000004     --HOLE-- [fill = 0]
                  20011c18    0000005c     sysbios.aem4 : BIOS.obj (.text:ti_sysbios_knl_Swi_schedule__I)
                  20011c74    0000005c     app_pem4.oem4 (.text:ti_sysbios_knl_Task_create)
                  20011cd0    0000005c     app_pem4.oem4 (.text:xdc_runtime_LoggerBuf_Object__create__S)
                  20011d2c    0000005b     ti.targets.arm.rtsarm.aem4 : Text.oem4 (.text:xdc_runtime_Text_putLab__E)
                  20011d87    00000001     --HOLE-- [fill = 0]
                  20011d88    00000058     driverlib.a : interrupt.obj (.text:IntPendClear)
                  20011de0    00000058                 : prcm.obj (.text:PRCMPeripheralReset)
                  20011e38    00000058     sysbios.aem4 : BIOS.obj (.text:ti_sysbios_family_arm_m3_Timer_setPeriod__E)
                  20011e90    00000056     rtsv7M4_T_le_eabi.lib : ltoa.obj (.text)
                  20011ee6    00000002     --HOLE-- [fill = 0]
                  20011ee8    00000054     simplelink.a : socket.obj (.text:_sl_HandleAsync_Select)
                  20011f3c    00000054     rtsv7M4_T_le_eabi.lib : exit.obj (.text)
                  20011f90    00000054     sysbios.aem4 : BIOS.obj (.text:ti_sysbios_family_arm_m3_Timer_start__E)
                  20011fe4    00000054     ti.targets.arm.rtsarm.aem4 : Assert.oem4 (.text:xdc_runtime_Assert_raise__I)
                  20012038    00000050     simplelink.a : driver.obj (.text:_SlDrvRxIrqHandler)
                  20012088    00000050                  : device.obj (.text:_sl_HandleAsync_Stop)
                  200120d8    00000050     ti.targets.arm.rtsarm.aem4 : Startup.oem4 (.text:xdc_runtime_Startup_exec__E)
                  20012128    00000050                                : Text.oem4 (.text:xdc_runtime_Text_visitRope2__I)
                  20012178    0000004c     driverlib.a : spi.obj (.text:SPIIntEnable)
                  200121c4    0000004c     simplelink.a : driver.obj (.text:_SlDrvProtectAsyncRespSetting)
                  20012210    0000004c                  : socket.obj (.text:_sl_BuildAddress)
                  2001225c    0000004c     rtsv7M4_T_le_eabi.lib : atoi.obj (.text)
                  200122a8    0000004c                           : cpy_tbl.obj (.text)
                  200122f4    0000004c     sysbios.aem4 : m3_TaskSupport_asm.obj (.text:ti_sysbios_family_arm_m3_TaskSupport_buildTaskStack)
                  20012340    0000004c                  : BIOS.obj (.text:ti_sysbios_heaps_HeapMem_getStats__E)
                  2001238c    00000004     --HOLE-- [fill = 0]
                  20012390    0000004c                  : BIOS.obj (.text:ti_sysbios_knl_Swi_runLoop__I)
                  200123dc    00000004     --HOLE-- [fill = 0]
                  200123e0    0000004c                  : BIOS.obj (.text:ti_sysbios_knl_Task_allBlockedFunction__I)
                  2001242c    0000004c     driverlib.a : udma.obj (.text:uDMAChannelAssign)
                  20012478    00000048                 : spi.obj (.text:SPIIntClear)
                  200124c0    00000048     simplelink.a : driver.obj (.text:_SlDrvBasicCmd)
                  20012508    00000048     rtsv7M4_T_le_eabi.lib : fd_toi_t2.obj (.text)
                  20012550    00000048     simplelink.a : netapp.obj (.text:sl_NetAppMDNSUnRegisterService)
                  20012598    00000048     sysbios.aem4 : BIOS.obj (.text:ti_sysbios_family_arm_m3_Hwi_disableInterrupt__E)
                  200125e0    00000048                  : BIOS.obj (.text:ti_sysbios_family_arm_m3_Hwi_enableInterrupt__E)
                  20012628    00000048                  : BIOS.obj (.text:ti_sysbios_family_arm_m3_Hwi_excReserved__I)
                  20012670    00000048                  : m3_Hwi_asm_switch.obj (.text:ti_sysbios_family_arm_m3_Hwi_initStacks__E)
                  200126b8    00000048                  : BIOS.obj (.text:ti_sysbios_family_arm_m3_Timer_initDevice__I)
                  20012700    00000046     ti.targets.arm.rtsarm.aem4 : Core-params.oem4 (.text:xdc_runtime_Core_assignParams__I)
                  20012746    00000002     --HOLE-- [fill = 0]
                  20012748    00000044     driverlib.a : spi.obj (.text:SPIDmaMaskGet)
                  2001278c    00000044                 : timer.obj (.text:TimerConfigure)
                  200127d0    00000044     simplelink.a : driver.obj (.text:_SlDrvHandleHttpServerEvents)
                  20012814    00000044     boot.aem4 : boot.oem4 (.text)
                  20012858    00000044     simplelink.a : cc_pal.obj (.text:cc_SetupTransfer)
                  2001289c    00000044                  : socket.obj (.text:sl_Close)
                  200128e0    00000044                  : wlan.obj (.text:sl_WlanProfileDel)
                  20012924    00000044                  : wlan.obj (.text:sl_WlanSetMode)
                  20012968    00000044     sysbios.aem4 : BIOS.obj (.text:ti_sysbios_family_arm_m3_Hwi_getStackInfo__E)
                  200129ac    00000004     --HOLE-- [fill = 0]
                  200129b0    00000044                  : BIOS.obj (.text:ti_sysbios_knl_Mailbox_postInit__I)
                  200129f4    00000044     ti.targets.arm.rtsarm.aem4 : Error.oem4 (.text:xdc_runtime_Error_setX__E)
                  20012a38    00000044                                : LoggerBuf.oem4 (.text:xdc_runtime_LoggerBuf_filterOutEvent__I)
                  20012a7c    00000044                                : SysMin.oem4 (.text:xdc_runtime_SysMin_flush__E)
                  20012ac0    00000044                                : Text.oem4 (.text:xdc_runtime_Text_xprintf__I)
                  20012b04    00000042     simplelink.a : socket.obj (.text:sl_Htonl)
                  20012b46    00000002     --HOLE-- [fill = 0]
                  20012b48    00000040     driverlib.a : pin.obj (.text:PinModeSet)
                  20012b88    00000040     simplelink.a : driver.obj (.text:_SlDrvHandleNetAppEvents)
                  20012bc8    00000040                  : driver.obj (.text:_SlDrvHandleWlanEvents)
                  20012c08    00000040                  : driver.obj (.text:_SlDrvSyncObjWaitTimeout)
                  20012c48    00000040                  : socket.obj (.text:_sl_TruncatePayloadByProtocol)
                  20012c88    00000040     rtsv7M4_T_le_eabi.lib : u_divt2.obj (.text)
                  20012cc8    00000040     sysbios.aem4 : BIOS.obj (.text:ti_sysbios_family_arm_m3_Timer_Module_startup__E)
                  20012d08    0000003e     app_pem4.oem4 (.text:realloc)
                  20012d46    0000003c     simplelink.a : netapp.obj (.text:CopyPingResultsToReport)
                  20012d82    00000002     --HOLE-- [fill = 0]
                  20012d84    0000003c     driverlib.a : prcm.obj (.text:PRCMPeripheralClkEnable)
                  20012dc0    0000003c     simplelink.a : socket.obj (.text:sl_Htons)
                  20012dfc    00000004     --HOLE-- [fill = 0]
                  20012e00    0000003c     sysbios.aem4 : BIOS.obj (.text:ti_sysbios_family_arm_m3_Hwi_excSvCall__I)
                  20012e3c    00000004     --HOLE-- [fill = 0]
                  20012e40    0000003c                  : BIOS.obj (.text:ti_sysbios_heaps_HeapMem_init__I)
                  20012e7c    00000004     --HOLE-- [fill = 0]
                  20012e80    0000003c                  : BIOS.obj (.text:ti_sysbios_knl_Swi_startup__E)
                  20012ebc    0000003c     driverlib.a : udma.obj (.text:uDMAChannelControlSet)
                  20012ef8    0000003a     ti.targets.arm.rtsarm.aem4 : LoggerBuf.oem4 (.text:xdc_runtime_LoggerBuf_Instance_init__E)
                  20012f32    00000002     --HOLE-- [fill = 0]
                  20012f34    00000038     simplelink.a : cc_pal.obj (.text:NwpPowerOff)
                  20012f6c    00000004     --HOLE-- [fill = 0]
                  20012f70    00000038     sysbios.aem4 : BIOS.obj (.text:ti_sysbios_family_arm_m3_Hwi_excNoIsr__I)
                  20012fa8    00000038                  : BIOS.obj (.text:ti_sysbios_knl_Task_processVitalTaskFlag__I)
                  20012fe0    00000038     ti.targets.arm.rtsarm.aem4 : SysMin.oem4 (.text:xdc_runtime_SysMin_putch__E)
                  20013018    00000038                                : System.oem4 (.text:xdc_runtime_System_atexit__E)
                  20013050    00000036     driverlib.a : gpio.obj (.text:GPIODirModeSet)
                  20013086    00000002     --HOLE-- [fill = 0]
                  20013088    00000034                 : prcm.obj (.text:PRCMPeripheralStatusGet)
                  200130bc    00000034                 : spi.obj (.text:SPIFIFOLevelSet)
                  200130f0    00000034     sysbios.aem4 : BIOS.obj (.text:ti_sysbios_family_arm_m3_Hwi_Instance_finalize__E)
                  20013124    00000004     --HOLE-- [fill = 0]
                  20013128    00000034                  : BIOS.obj (.text:ti_sysbios_family_arm_m3_Hwi_excNmi__I)
                  2001315c    00000004     --HOLE-- [fill = 0]
                  20013160    00000034                  : BIOS.obj (.text:ti_sysbios_family_arm_m3_Timer_periodicStub__I)
                  20013194    00000004     --HOLE-- [fill = 0]
                  20013198    00000034                  : BIOS.obj (.text:ti_sysbios_hal_Hwi_checkStack)
                  200131cc    00000034     app_pem4.oem4 (.text:ti_sysbios_knl_Semaphore_create)
                  20013200    00000034     ti.targets.arm.rtsarm.aem4 : Core-label.oem4 (.text:xdc_runtime_Core_assignLabel__I)
                  20013234    00000033                                : Text.oem4 (.text:xdc_runtime_Text_printVisFxn__I)
                  20013267    00000001     --HOLE-- [fill = 0]
                  20013268    00000032     sysbios.aem4 : BIOS.obj (.text:ti_sysbios_hal_Hwi_initStack)
                  2001329a    00000006     driverlib.a : utils.obj (.text:UtilsDelay)
                  200132a0    00000032     sysbios.aem4 : BIOS.obj (.text:ti_sysbios_knl_Semaphore_pendTimeout__I)
                  200132d2    00000030     driverlib.a : pin.obj (.text:PinTypeGPIO)
                  20013302    00000002     --HOLE-- [fill = 0]
                  20013304    00000030                 : uart.obj (.text:UARTDisable)
                  20013334    00000030     rtsv7M4_T_le_eabi.lib : strncpy.obj (.text)
                  20013364    00000030     app_pem4.oem4 (.text:ti_sysbios_BIOS_atExitFunc__I)
                  20013394    00000004     --HOLE-- [fill = 0]
                  20013398    00000030     sysbios.aem4 : BIOS.obj (.text:ti_sysbios_family_arm_m3_TaskSupport_start__E)
                  200133c8    00000030     app_pem4.oem4 (.text:ti_sysbios_gates_GateHwi_Object__create__S)
                  200133f8    00000030     app_pem4.oem4 (.text:ti_sysbios_gates_GateMutex_Object__create__S)
                  20013428    00000030     app_pem4.oem4 (.text:ti_sysbios_heaps_HeapMem_Object__create__S)
                  20013458    00000030     app_pem4.oem4 (.text:ti_sysbios_knl_Semaphore_construct)
                  20013488    00000030     ti.targets.arm.rtsarm.aem4 : SysMin.oem4 (.text:xdc_runtime_SysMin_abort__E)
                  200134b8    00000030                                : System.oem4 (.text:xdc_runtime_System_processAtExit__E)
                  200134e8    0000002e     app_pem4.oem4 (.text:malloc)
                  20013516    0000002e     rtsv7M4_T_le_eabi.lib : i_tofd_t2.obj (.text)
                  20013544    0000002c     simplelink.a : cc_pal.obj (.text:DmaSpiSwIntHandler)
                  20013570    0000002c     driverlib.a : prcm.obj (.text:PRCMSysResetCauseGet)
                  2001359c    0000002c     app_pem4.oem4 (.text:ti_sysbios_knl_Clock_doTick__I)
                  200135c8    0000002c     app_pem4.oem4 (.text:ti_sysbios_knl_Queue_construct)
                  200135f4    00000004     --HOLE-- [fill = 0]
                  200135f8    0000002c     sysbios.aem4 : BIOS.obj (.text:ti_sysbios_knl_Task_restore__E)
                  20013624    0000002c     ti.targets.arm.rtsarm.aem4 : Text.oem4 (.text:xdc_runtime_Text_cordText__E)
                  20013650    0000002a     driverlib.a : timer.obj (.text:TimerLoadSet)
                  2001367a    0000002a                 : timer.obj (.text:TimerPrescaleSet)
                  200136a4    0000002a     ti.targets.arm.rtsarm.aem4 : System.oem4 (.text:xdc_runtime_System_putchar__I)
                  200136ce    00000002     --HOLE-- [fill = 0]
                  200136d0    00000028     driverlib.a : prcm.obj (.text:PRCMPeripheralClkDisable)
                  200136f8    00000028     simplelink.a : driver.obj (.text:_SlDrvObjGlobalLockWaitForever)
                  20013720    00000028                  : driver.obj (.text:_SlDrvProtectionObjLockWaitForever)
                  20013748    00000028     sysbios.aem4 : BIOS.obj (.text:ti_sysbios_knl_Swi_Module_startup__E)
                  20013770    00000028     ti.targets.arm.rtsarm.aem4 : LoggerBuf.oem4 (.text:xdc_runtime_LoggerBuf_Module_startup__E)
                  20013798    00000026     simplelink.a : cc_pal.obj (.text:NwpRegisterInterruptHandler)
                  200137be    00000026     network_common.obj (.text)
                  200137e4    00000026     ti.targets.arm.rtsarm.aem4 : System.oem4 (.text:xdc_runtime_System_avprintf__E)
                  2001380a    00000002     --HOLE-- [fill = 0]
                  2001380c    00000024     driverlib.a : interrupt.obj (.text:IntUnregister)
                  20013830    00000024                 : uart.obj (.text:UARTEnable)
                  20013854    00000024     simplelink.a : driver.obj (.text:_SlDrvGlobalObjUnLock)
                  20013878    00000024                  : driver.obj (.text:_SlDrvProtectionObjUnLock)
                  2001389c    00000024                  : driver.obj (.text:_SlDrvSyncObjWaitForever)
                  200138c0    00000024     rtsv7M4_T_le_eabi.lib : memmov.obj (.text)
                  200138e4    00000024     app_pem4.oem4 (.text:ti_sysbios_BIOS_errorRaiseHook__I)
                  20013908    00000024     app_pem4.oem4 (.text:ti_sysbios_BIOS_registerRTSLock__I)
                  2001392c    00000024     app_pem4.oem4 (.text:ti_sysbios_BIOS_removeRTSLock__I)
                  20013950    00000024     app_pem4.oem4 (.text:ti_sysbios_BIOS_startFunc__I)
                  20013974    00000004     --HOLE-- [fill = 0]
                  20013978    00000024     sysbios.aem4 : BIOS.obj (.text:ti_sysbios_family_arm_m3_Hwi_doTaskRestore__I)
                  2001399c    00000004     --HOLE-- [fill = 0]
                  200139a0    00000024                  : BIOS.obj (.text:ti_sysbios_family_arm_m3_Timer_startup__E)
                  200139c4    00000024     app_pem4.oem4 (.text:ti_sysbios_gates_GateMutex_Object__delete__S)
                  200139e8    00000024     sysbios.aem4 : BIOS.obj (.text:ti_sysbios_knl_Clock_Module_startup__E)
                  20013a0c    00000024     app_pem4.oem4 (.text:ti_sysbios_knl_Semaphore_Object__delete__S)
                  20013a30    00000024     ti.targets.arm.rtsarm.aem4 : System.oem4 (.text:xdc_runtime_System_vprintf__E)
                  20013a54    00000022     driverlib.a : gpio.obj (.text:GPIOIntStatus)
                  20013a76    00000022                 : spi.obj (.text:SPIReset)
                  20013a98    00000022                 : spi.obj (.text:SPIWordCountSet)
                  20013aba    00000022     simplelink.a : driver.obj (.text:_SlDrvObjLockWaitForever)
                  20013adc    00000022     app_pem4.oem4 (.text:xdc_runtime_SysMin_output__I)
                  20013afe    00000020     driverlib.a : gpio.obj (.text:GPIOPinWrite)
                  20013b1e    00000002     --HOLE-- [fill = 0]
                  20013b20    00000020     simplelink.a : cc_pal.obj (.text:NwpPowerOn)
                  20013b40    00000020                  : wlan.obj (.text:sl_WlanDisconnect)
                  20013b60    00000020                  : wlan.obj (.text:sl_WlanSmartConfigStop)
                  20013b80    00000020     app_pem4.oem4 (.text:ti_sysbios_BIOS_rtsLock__I)
                  20013ba0    00000020     app_pem4.oem4 (.text:ti_sysbios_family_arm_m3_Hwi_Object__delete__S)
                  20013bc0    00000020     sysbios.aem4 : m3_Hwi_asm.obj (.text:ti_sysbios_family_arm_m3_Hwi_excHandlerAsm__I)
                  20013be0    00000020                  : BIOS.obj (.text:ti_sysbios_family_arm_m3_Hwi_excHandler__I)
                  20013c00    00000020                  : BIOS.obj (.text:ti_sysbios_family_arm_m3_TimestampProvider_Module_startup__E)
                  20013c20    00000020     app_pem4.oem4 (.text:ti_sysbios_gates_GateHwi_Object__delete__S)
                  20013c40    00000020     app_pem4.oem4 (.text:ti_sysbios_heaps_HeapMem_Object__delete__S)
                  20013c60    00000020     sysbios.aem4 : BIOS.obj (.text:ti_sysbios_knl_Idle_run__E)
                  20013c80    00000020     app_pem4.oem4 (.text:ti_sysbios_knl_Mailbox_Object__delete__S)
                  20013ca0    00000020     app_pem4.oem4 (.text:ti_sysbios_knl_Semaphore_Object__destruct__S)
                  20013cc0    00000020     app_pem4.oem4 (.text:ti_sysbios_knl_Task_Object__delete__S)
                  20013ce0    00000020     app_pem4.oem4 (.text:xdc_runtime_LoggerBuf_Object__delete__S)
                  20013d00    00000020     ti.targets.arm.rtsarm.aem4 : LoggerBuf.oem4 (.text:xdc_runtime_LoggerBuf_reset__E)
                  20013d20    00000020                                : Registry.oem4 (.text:xdc_runtime_Registry_findById__E)
                  20013d40    00000020                                : SysMin.oem4 (.text:xdc_runtime_SysMin_Module_startup__E)
                  20013d60    0000001e     driverlib.a : timer.obj (.text:TimerDisable)
                  20013d7e    0000001e                 : timer.obj (.text:TimerEnable)
                  20013d9c    0000001e                 : timer.obj (.text:TimerIntStatus)
                  20013dba    0000001e                 : uart.obj (.text:UARTCharPut)
                  20013dd8    0000001e     simplelink.a : driver.obj (.text:_SlDrvObjUnLock)
                  20013df6    0000001e                  : driver.obj (.text:_SlDrvSyncObjSignal)
                  20013e14    0000001e                  : cc_pal.obj (.text:cc_UDMAChannelSelect)
                  20013e32    0000001e     sysbios.aem4 : m3_Hwi_asm_switch.obj (.text:ti_sysbios_family_xxx_Hwi_switchAndRunFunc)
                  20013e50    0000001c     driverlib.a : timer.obj (.text:TimerValueGet)
                  20013e6c    0000001c                 : uart.obj (.text:UARTCharGetNonBlocking)
                  20013e88    0000001c     rtsv7M4_T_le_eabi.lib : memccpy.obj (.text)
                  20013ea4    00000004     --HOLE-- [fill = 0]
                  20013ea8    0000001c     sysbios.aem4 : BIOS.obj (.text:ti_sysbios_family_arm_m3_Hwi_setPriority__E)
                  20013ec4    00000004     --HOLE-- [fill = 0]
                  20013ec8    0000001c                  : BIOS.obj (.text:ti_sysbios_gates_GateMutex_Instance_init__E)
                  20013ee4    0000001c     app_pem4.oem4 (.text:ti_sysbios_knl_Queue_Object__destruct__S)
                  20013f00    0000001c     sysbios.aem4 : BIOS.obj (.text:ti_sysbios_knl_Task_enter__I)
                  20013f1c    0000001c     driverlib.a : udma.obj (.text:uDMAChannelEnable)
                  20013f38    0000001c     ti.targets.arm.rtsarm.aem4 : Error.oem4 (.text:xdc_runtime_Error_raiseX__E)
                  20013f54    0000001c                                : Memory.oem4 (.text:xdc_runtime_Memory_valloc__E)
                  20013f70    0000001c                                : SysMin.oem4 (.text:xdc_runtime_SysMin_exit__E)
                  20013f8c    0000001c                                : System.oem4 (.text:xdc_runtime_System_abort__E)
                  20013fa8    0000001a     driverlib.a : gpio.obj (.text:GPIOIntDisable)
                  20013fc2    0000001a                 : gpio.obj (.text:GPIOIntEnable)
                  20013fdc    0000001a                 : pin.obj (.text:PinTypeUART)
                  20013ff6    0000001a                 : spi.obj (.text:SPIDmaDisable)
                  20014010    0000001a                 : spi.obj (.text:SPIDmaEnable)
                  2001402a    0000001a                 : spi.obj (.text:SPIFIFODisable)
                  20014044    0000001a                 : spi.obj (.text:SPIFIFOEnable)
                  2001405e    0000001a     app_pem4.oem4 (.text:ti_sysbios_family_arm_m3_Hwi_Handle__label__S)
                  20014078    0000001a     sysbios.aem4 : m3_Hwi_asm.obj (.text:ti_sysbios_family_arm_m3_Hwi_pendSV__I)
                  20014092    0000001a     app_pem4.oem4 (.text:ti_sysbios_gates_GateHwi_Handle__label__S)
                  200140ac    0000001a     app_pem4.oem4 (.text:ti_sysbios_gates_GateMutex_Handle__label__S)
                  200140c6    0000001a     app_pem4.oem4 (.text:ti_sysbios_heaps_HeapMem_Handle__label__S)
                  200140e0    0000001a     app_pem4.oem4 (.text:ti_sysbios_knl_Swi_Handle__label__S)
                  200140fa    0000001a     app_pem4.oem4 (.text:ti_sysbios_knl_Task_Handle__label__S)
                  20014114    00000004     --HOLE-- [fill = 0]
                  20014118    0000001a     sysbios.aem4 : BIOS.obj (.text:ti_sysbios_knl_Task_sleepTimeout__I)
                  20014132    0000001a     app_pem4.oem4 (.text:xdc_runtime_LoggerBuf_Handle__label__S)
                  2001414c    0000001a     app_pem4.oem4 (.text:xdc_runtime_System_aprintf__E)
                  20014166    0000001a     app_pem4.oem4 (.text:xdc_runtime_System_printf__E)
                  20014180    00000018     driverlib.a : gpio.obj (.text:GPIOPinRead)
                  20014198    00000018                 : spi.obj (.text:SPICSDisable)
                  200141b0    00000018                 : spi.obj (.text:SPICSEnable)
                  200141c8    00000018                 : spi.obj (.text:SPIDisable)
                  200141e0    00000018                 : spi.obj (.text:SPIEnable)
                  200141f8    00000018                 : timer.obj (.text:TimerIntDisable)
                  20014210    00000018                 : timer.obj (.text:TimerIntEnable)
                  20014228    00000018                 : uart.obj (.text:UARTCharsAvail)
                  20014240    00000018     simplelink.a : device.obj (.text:_sl_GetStartResponseConvert)
                  20014258    00000018     app_pem4.oem4 (.text:free)
                  20014270    00000018     rtsv7M4_T_le_eabi.lib : args_main.obj (.text)
                  20014288    00000018     app_pem4.oem4 (.text:ti_sysbios_BIOS_rtsUnlock__I)
                  200142a0    00000018     app_pem4.oem4 (.text:ti_sysbios_family_arm_m3_Hwi_Module__startupDone__F)
                  200142b8    00000018     app_pem4.oem4 (.text:ti_sysbios_family_arm_m3_Timer_Module__startupDone__F)
                  200142d0    00000018     sysbios.aem4 : BIOS.obj (.text:ti_sysbios_gates_GateMutex_leave__E)
                  200142e8    00000018     ti.targets.arm.rtsarm.aem4 : Error.oem4 (.text:xdc_runtime_Error_check__E)
                  20014300    00000018                                : System.oem4 (.text:xdc_runtime_System_exit__E)
                  20014318    00000018                                : Text.oem4 (.text:xdc_runtime_Text_ropeText__E)
                  20014330    00000016     driverlib.a : prcm.obj (.text:PRCMHIBRegRead)
                  20014346    00000016                 : prcm.obj (.text:PRCMHIBRegWrite)
                  2001435c    00000016     simplelink.a : driver.obj (.text:_SlDrvMemZero)
                  20014372    00000016     rtsv7M4_T_le_eabi.lib : strchr.obj (.text)
                  20014388    00000016     app_pem4.oem4 (.text:ti_sysbios_BIOS_exitFunc__I)
                  2001439e    00000014     driverlib.a : cpu.obj (.text:CPUcpsie)
                  200143b2    00000014                 : gpio.obj (.text:GPIOIntClear)
                  200143c6    00000002     --HOLE-- [fill = 0]
                  200143c8    00000014     rtsv7M4_T_le_eabi.lib : _lock.obj (.text)
                  200143dc    00000014                           : strcpy.obj (.text)
                  200143f0    00000014                           : strlen.obj (.text)
                  20014404    00000014     app_pem4.oem4 (.text:ti_sysbios_family_arm_m3_Hwi_Object__get__S)
                  20014418    00000014     sysbios.aem4 : BIOS.obj (.text:ti_sysbios_family_arm_m3_Hwi_switchFromBootStack__E)
                  2001442c    00000014     app_pem4.oem4 (.text:ti_sysbios_heaps_HeapMem_Object__get__S)
                  20014440    00000014     app_pem4.oem4 (.text:ti_sysbios_knl_Swi_Object__get__S)
                  20014454    00000014     app_pem4.oem4 (.text:xdc_runtime_LoggerBuf_Object__get__S)
                  20014468    00000012     driverlib.a : timer.obj (.text:TimerIntClear)
                  2001447a    00000006     rtsv7M4_T_le_eabi.lib : copy_decompress_rle.obj (.text:decompress:rle24)
                  20014480    00000012     sysbios.aem4 : BIOS.obj (.text:ti_sysbios_hal_Hwi_Module_startup__E)
                  20014492    00000006     ti.targets.arm.rtsarm.aem4 : System.oem4 (.text:xdc_runtime_System_Module_startup__E)
                  20014498    00000012     sysbios.aem4 : BIOS.obj (.text:ti_sysbios_hal_Timer_Module_startup__E)
                  200144aa    00000012     ti.targets.arm.rtsarm.aem4 : LoggerBuf.oem4 (.text:xdc_runtime_LoggerBuf_Instance_finalize__E)
                  200144bc    00000012                                : LoggerBuf.oem4 (.text:xdc_runtime_LoggerBuf_write1__E)
                  200144ce    00000012                                : LoggerBuf.oem4 (.text:xdc_runtime_LoggerBuf_write2__E)
                  200144e0    00000012     app_pem4.oem4 (.text:xdc_runtime_Startup_exec__I)
                  200144f2    00000010     simplelink.a : driver.obj (.text:_SlDrvDispatchHttpServerEvents)
                  20014502    00000006     --HOLE-- [fill = 0]
                  20014508    00000010     sysbios.aem4 : BIOS.obj (.text:ti_sysbios_BIOS_setThreadType__E)
                  20014518    00000010                  : BIOS.obj (.text:ti_sysbios_BIOS_start__E)
                  20014528    00000010                  : BIOS.obj (.text:ti_sysbios_family_arm_m3_Hwi_getHandle__E)
                  20014538    00000010                  : m3_TaskSupport_asm.obj (.text:ti_sysbios_family_arm_m3_TaskSupport_glue)
                  20014548    00000010                  : m3_TaskSupport_asm.obj (.text:ti_sysbios_family_arm_m3_TaskSupport_swap__E)
                  20014558    00000010                  : BIOS.obj (.text:ti_sysbios_gates_GateMutex_Instance_finalize__E)
                  20014568    00000010     app_pem4.oem4 (.text:ti_sysbios_knl_Mailbox_Object__get__S)
                  20014578    00000010     sysbios.aem4 : BIOS.obj (.text:ti_sysbios_knl_Semaphore_Instance_finalize__E)
                  20014588    00000010                  : BIOS.obj (.text:ti_sysbios_knl_Swi_disable__E)
                  20014598    00000010     app_pem4.oem4 (.text:ti_sysbios_knl_Task_Object__get__S)
                  200145a8    00000010     sysbios.aem4 : BIOS.obj (.text:ti_sysbios_knl_Task_disable__E)
                  200145b8    00000010     ti.targets.arm.rtsarm.aem4 : Gate.oem4 (.text:xdc_runtime_Gate_leaveSystem__E)
                  200145c8    00000010                                : LoggerBuf.oem4 (.text:xdc_runtime_LoggerBuf_write0__E)
                  200145d8    00000010                                : Memory.oem4 (.text:xdc_runtime_Memory_free__E)
                  200145e8    00000010                                : SysMin.oem4 (.text:xdc_runtime_SysMin_ready__E)
                  200145f8    00000010                                : System.oem4 (.text:xdc_runtime_System_vsnprintf__E)
                  20014608    00000010     app_pem4.oem4 (.text:xdc_runtime_Text_visitRope__I)
                  20014618    0000000e     simplelink.a : driver.obj (.text:_SlDrvResetCmdExt)
                  20014626    0000000e     rtsv7M4_T_le_eabi.lib : copy_decompress_none.obj (.text:decompress:none)
                  20014634    00000004     --HOLE-- [fill = 0]
                  20014638    0000000e     sysbios.aem4 : BIOS.obj (.text:ti_sysbios_knl_Idle_loop__E)
                  20014646    00000002     --HOLE-- [fill = 0]
                  20014648    0000000e                  : BIOS.obj (.text:ti_sysbios_knl_Queue_empty__E)
                  20014656    00000002     --HOLE-- [fill = 0]
                  20014658    0000000c     simplelink.a : cc_pal.obj (.text:NwpMaskInterrupt)
                  20014664    0000000c                  : cc_pal.obj (.text:NwpUnMaskInterrupt)
                  20014670    0000000c     app_pem4.oem4 (.text:ti_sysbios_family_arm_m3_Hwi_Params__init__S)
                  2001467c    00000004     --HOLE-- [fill = 0]
                  20014680    0000000c     sysbios.aem4 : BIOS.obj (.text:ti_sysbios_family_arm_m3_Hwi_disableFxn__E)
                  2001468c    00000004     --HOLE-- [fill = 0]
                  20014690    0000000c                  : BIOS.obj (.text:ti_sysbios_family_arm_m3_TaskSupport_checkStack__E)
                  2001469c    00000004     --HOLE-- [fill = 0]
                  200146a0    0000000c                  : BIOS.obj (.text:ti_sysbios_family_arm_m3_TaskSupport_getStackAlignment__E)
                  200146ac    00000004     --HOLE-- [fill = 0]
                  200146b0    0000000c                  : BIOS.obj (.text:ti_sysbios_gates_GateHwi_enter__E)
                  200146bc    0000000c     app_pem4.oem4 (.text:ti_sysbios_knl_Queue_Object__get__S)
                  200146c8    0000000c     app_pem4.oem4 (.text:ti_sysbios_knl_Semaphore_Params__init__S)
                  200146d4    0000000c     app_pem4.oem4 (.text:ti_sysbios_knl_Task_Params__init__S)
                  200146e0    0000000c     ti.targets.arm.rtsarm.aem4 : Error.oem4 (.text:xdc_runtime_Error_init__E)
                  200146ec    0000000c                                : Gate.oem4 (.text:xdc_runtime_Gate_enterSystem__E)
                  200146f8    0000000c                                : Memory.oem4 (.text:xdc_runtime_Memory_calloc__E)
                  20014704    0000000c                                : Memory.oem4 (.text:xdc_runtime_Memory_getMaxDefaultTypeAlign__E)
                  20014710    0000000a     driverlib.a : interrupt.obj (.text:IntMasterEnable)
                  2001471a    0000000a     app_pem4.oem4 (.text:xdc_runtime_IHeap_alloc)
                  20014724    0000000a     app_pem4.oem4 (.text:xdc_runtime_IHeap_free)
                  2001472e    0000000a     ti.targets.arm.rtsarm.aem4 : LoggerBuf.oem4 (.text:xdc_runtime_LoggerBuf_disable__E)
                  20014738    0000000a                                : LoggerBuf.oem4 (.text:xdc_runtime_LoggerBuf_enable__E)
                  20014742    00000008     rtsv7M4_T_le_eabi.lib : s_copysign.obj (.text)
                  2001474a    00000006     --HOLE-- [fill = 0]
                  20014750    00000008     sysbios.aem4 : BIOS.obj (.text:ti_sysbios_family_arm_m3_Hwi_doSwiRestore__I)
                  20014758    00000008                  : BIOS.obj (.text:ti_sysbios_family_arm_m3_Hwi_startup__E)
                  20014760    00000006                  : BIOS.obj (.text:ti_sysbios_family_arm_m3_Hwi_restoreFxn__E)
                  20014766    00000002     --HOLE-- [fill = 0]
                  20014768    00000006                  : BIOS.obj (.text:ti_sysbios_gates_GateHwi_leave__E)
                  2001476e    00000002     --HOLE-- [fill = 0]
                  20014770    00000006                  : BIOS.obj (.text:ti_sysbios_heaps_HeapMem_isBlocking__E)
                  20014776    00000002     --HOLE-- [fill = 0]
                  20014778    00000006                  : BIOS.obj (.text:ti_sysbios_knl_Queue_Instance_init__E)
                  2001477e    00000002     --HOLE-- [fill = 0]
                  20014780    00000004                  : BIOS.obj (.text:ti_sysbios_family_arm_m3_Timer_getMaxTicks__E)
                  20014784    00000004     --HOLE-- [fill = 0]
                  20014788    00000004                  : BIOS.obj (.text:ti_sysbios_gates_GateHwi_query__E)
                  2001478c    00000004     --HOLE-- [fill = 0]
                  20014790    00000004                  : BIOS.obj (.text:ti_sysbios_gates_GateMutex_query__E)
                  20014794    00000004     --HOLE-- [fill = 0]
                  20014798    00000004                  : BIOS.obj (.text:ti_sysbios_knl_Task_startup__E)
                  2001479c    00000004     --HOLE-- [fill = 0]
                  200147a0    00000002                  : BIOS.obj (.text:ti_sysbios_gates_GateHwi_Instance_init__E)

.const     0    200147a4    000028b4     
                  200147a4    000018cb     app_pem4.oem4 (.const:xdc_runtime_Text_charTab__A)
                  2001606f    00000101     rtsv7M4_T_le_eabi.lib : ctype.obj (.const:.string:_ctypes_)
                  20016170    00000100     driverlib.a : pin.obj (.const:g_ulPinToPadMap)
                  20016270    000000b8     app_pem4.oem4 (.const:xdc_runtime_Text_nodeTab__A)
                  20016328    000000a8     driverlib.a : prcm.obj (.const:PRCM_PeriphRegsList)
                  200163d0    0000005f     libEmail.a : email.obj (.const:.string)
                  2001642f    0000004d     main.obj (.const:.string:pucUARTErrorSocketCreateString)
                  2001647c    00000048     app_pem4.oem4 (.const:.string)
                  200164c4    00000040     libEmail.a : base64.obj (.const:.string:g_ccB64Tbl)
                  20016504    00000040     main.obj (.const:.string:pucUARTIntroString3)
                  20016544    0000003c     simplelink.a : driver.obj (.const:OpcodeTranslateTable)
                  20016580    0000003c                  : wlan.obj (.const)
                  200165bc    0000003c     app_pem4.oem4 (.const:ti_sysbios_knl_Task_Object__PARAMS__C)
                  200165f8    0000003c     app_pem4.oem4 (.const:xdc_runtime_LoggerBuf_Module__FXNS__C)
                  20016634    00000038     simplelink.a : driver.obj (.const:_SlActionLookupTable)
                  2001666c    00000038                  : driver.obj (.const)
                  200166a4    00000034                  : socket.obj (.const)
                  200166d8    00000034     app_pem4.oem4 (.const:ti_sysbios_knl_Mailbox_Object__PARAMS__C)
                  2001670c    00000031     main.obj (.const:.string:pucUARTParamString1)
                  2001673d    00000001     app_pem4.oem4 (.const:xdc_runtime_Error_policy__C)
                  2001673e    00000002     app_pem4.oem4 (.const:ti_sysbios_family_arm_m3_Hwi_Module__id__C)
                  20016740    00000030     app_pem4.oem4 (.const:ti_sysbios_family_arm_m3_Hwi_Object__PARAMS__C)
                  20016770    00000030     app_pem4.oem4 (.const:xdc_runtime_Startup_sfxnTab__A)
                  200167a0    0000002f     main.obj (.const:.string:pucUARTSmartConfigString)
                  200167cf    00000001     --HOLE-- [fill = 0]
                  200167d0    0000002c     network_if.obj (.const:$P$T1$2)
                  200167fc    00000028     main.obj (.const:.string:pucUARTParamString3)
                  20016824    00000028     simplelink.a : netapp.obj (.const)
                  2001684c    00000028     app_pem4.oem4 (.const:ti_sysbios_heaps_HeapMem_Module__FXNS__C)
                  20016874    00000027     main.obj (.const:.string:pucUARTIntroString6)
                  2001689b    00000001     --HOLE-- [fill = 0]
                  2001689c    00000024     app_pem4.oem4 (.const:ti_sysbios_gates_GateHwi_Module__FXNS__C)
                  200168c0    00000024     app_pem4.oem4 (.const:ti_sysbios_gates_GateMutex_Module__FXNS__C)
                  200168e4    00000024     app_pem4.oem4 (.const:ti_sysbios_heaps_HeapMem_Object__PARAMS__C)
                  20016908    00000024     app_pem4.oem4 (.const:ti_sysbios_knl_Semaphore_Object__PARAMS__C)
                  2001692c    00000024     app_pem4.oem4 (.const:xdc_runtime_LoggerBuf_Object__PARAMS__C)
                  20016950    00000022     network_if.obj (.const:.string:$P$T0$1)
                  20016972    00000021     main.obj (.const:.string:pucUARTIntroString4)
                  20016993    00000021     main.obj (.const:.string:pucUARTParamString2)
                  200169b4    00000020     main.obj (.const:.string:pucUARTIntroString1)
                  200169d4    00000020     app_pem4.oem4 (.const:ti_sysbios_family_arm_m3_Hwi_Object__DESC__C)
                  200169f4    00000020     app_pem4.oem4 (.const:ti_sysbios_gates_GateHwi_Object__DESC__C)
                  20016a14    00000020     app_pem4.oem4 (.const:ti_sysbios_gates_GateMutex_Object__DESC__C)
                  20016a34    00000020     app_pem4.oem4 (.const:ti_sysbios_heaps_HeapMem_Object__DESC__C)
                  20016a54    00000020     app_pem4.oem4 (.const:ti_sysbios_knl_Mailbox_Object__DESC__C)
                  20016a74    00000020     app_pem4.oem4 (.const:ti_sysbios_knl_Queue_Object__DESC__C)
                  20016a94    00000020     app_pem4.oem4 (.const:ti_sysbios_knl_Semaphore_Object__DESC__C)
                  20016ab4    00000020     app_pem4.oem4 (.const:ti_sysbios_knl_Task_Object__DESC__C)
                  20016ad4    00000020     app_pem4.oem4 (.const:xdc_runtime_LoggerBuf_Object__DESC__C)
                  20016af4    0000001c     main.obj (.const:.string:pucUARTErrorSocketOptionString)
                  20016b10    0000001c     simplelink.a : device.obj (.const)
                  20016b2c    00000018     driverlib.a : interrupt.obj (.const:g_pulDisRegs)
                  20016b44    00000018                 : interrupt.obj (.const:g_pulEnRegs)
                  20016b5c    00000018                 : interrupt.obj (.const:g_pulUnpendRegs)
                  20016b74    00000018                 : spi.obj (.const:g_ulSPIDmaMaskMap)
                  20016b8c    00000018     app_pem4.oem4 (.const:ti_sysbios_gates_GateHwi_Object__PARAMS__C)
                  20016ba4    00000018     app_pem4.oem4 (.const:ti_sysbios_gates_GateMutex_Object__PARAMS__C)
                  20016bbc    00000018     app_pem4.oem4 (.const:ti_sysbios_knl_Queue_Object__PARAMS__C)
                  20016bd4    00000018     app_pem4.oem4 (.const:xdc_runtime_Startup_sfxnRts__A)
                  20016bec    00000017     network_if.obj (.const:.string:$P$T5$6)
                  20016c03    00000016     network_if.obj (.const:.string:$P$T3$4)
                  20016c19    00000015     main.obj (.const:.string:$P$T0$1)
                  20016c2e    00000015     network_if.obj (.const:.string:$P$T4$5)
                  20016c43    00000015     network_if.obj (.const:.string:$P$T7$8)
                  20016c58    00000014     network_if.obj (.const:$P$T2$3)
                  20016c6c    00000014     main.obj (.const:.string:pucUARTMenuString3)
                  20016c80    00000013     smartconfig.obj (.const:.string:$P$T0$1)
                  20016c93    00000013     main.obj (.const:.string:$P$T1$2)
                  20016ca6    00000013     main.obj (.const:.string:putUARTErrorInputString)
                  20016cb9    00000012     main.obj (.const:.string:pucUARTIntroString)
                  20016ccb    00000001     --HOLE-- [fill = 0]
                  20016ccc    00000010     network_if.obj (.const:$P$T6$7)
                  20016cdc    00000010     smartconfig.obj (.const:.string:$P$T1$2)
                  20016cec    00000010     main.obj (.const:.string:$P$T2$3)
                  20016cfc    00000010     main.obj (.const:.string:putUARTFinishString)
                  20016d0c    00000010     simplelink.a : socket.obj (.const:.string)
                  20016d1c    0000000f     main.obj (.const:.string:pucUARTIntroString5)
                  20016d2b    0000000f     main.obj (.const:.string:pucUARTMenuString4)
                  20016d3a    0000000f     main.obj (.const:.string:pucUARTParamString)
                  20016d49    00000001     --HOLE-- [fill = 0]
                  20016d4a    00000002     app_pem4.oem4 (.const:ti_sysbios_family_arm_m3_Hwi_Module__loggerDefined__C)
                  20016d4c    0000000c     app_pem4.oem4 (.const:xdc_runtime_Startup_firstFxns__A)
                  20016d58    0000000b     network_if.obj (.const:.string:pcDigits)
                  20016d63    0000000a     main.obj (.const:.string:pucUARTErrorString)
                  20016d6d    00000001     --HOLE-- [fill = 0]
                  20016d6e    00000008     simplelink.a : netcfg.obj (.const)
                  20016d76    00000002     app_pem4.oem4 (.const:ti_sysbios_family_arm_m3_Timer_Module__id__C)
                  20016d78    00000008     app_pem4.oem4 (.const:ti_sysbios_family_arm_m3_Hwi_excHookFuncs__A)
                  20016d80    00000008     app_pem4.oem4 (.const:ti_sysbios_knl_Idle_funcList__C)
                  20016d88    00000008     app_pem4.oem4 (.const:xdc_runtime_Startup_firstFxns__C)
                  20016d90    00000008     app_pem4.oem4 (.const:xdc_runtime_Startup_lastFxns__C)
                  20016d98    00000007     main.obj (.const:.string:pucUARTOKString)
                  20016d9f    00000005     main.obj (.const:.string:$P$T3$4)
                  20016da4    00000005     main.obj (.const:.string:pucUARTMenuString1)
                  20016da9    00000005     main.obj (.const:.string:pucUARTMenuString5)
                  20016dae    00000005     main.obj (.const:.string:pucUARTMenuString6)
                  20016db3    00000001     --HOLE-- [fill = 0]
                  20016db4    00000004     app_pem4.oem4 (.const:ti_sysbios_family_arm_m3_Hwi_E_NMI__C)
                  20016db8    00000004     app_pem4.oem4 (.const:ti_sysbios_family_arm_m3_Hwi_E_alreadyDefined__C)
                  20016dbc    00000004     app_pem4.oem4 (.const:ti_sysbios_family_arm_m3_Hwi_E_busFault__C)
                  20016dc0    00000004     app_pem4.oem4 (.const:ti_sysbios_family_arm_m3_Hwi_E_debugMon__C)
                  20016dc4    00000004     app_pem4.oem4 (.const:ti_sysbios_family_arm_m3_Hwi_E_hardFault__C)
                  20016dc8    00000004     app_pem4.oem4 (.const:ti_sysbios_family_arm_m3_Hwi_E_memFault__C)
                  20016dcc    00000004     app_pem4.oem4 (.const:ti_sysbios_family_arm_m3_Hwi_E_noIsr__C)
                  20016dd0    00000004     app_pem4.oem4 (.const:ti_sysbios_family_arm_m3_Hwi_E_reserved__C)
                  20016dd4    00000004     app_pem4.oem4 (.const:ti_sysbios_family_arm_m3_Hwi_E_svCall__C)
                  20016dd8    00000004     app_pem4.oem4 (.const:ti_sysbios_family_arm_m3_Hwi_E_usageFault__C)
                  20016ddc    00000004     app_pem4.oem4 (.const:ti_sysbios_family_arm_m3_Hwi_LD_end__C)
                  20016de0    00000004     app_pem4.oem4 (.const:ti_sysbios_family_arm_m3_Hwi_LM_begin__C)
                  20016de4    00000004     app_pem4.oem4 (.const:ti_sysbios_family_arm_m3_Hwi_Module__diagsEnabled__C)
                  20016de8    00000004     app_pem4.oem4 (.const:ti_sysbios_family_arm_m3_Hwi_Module__diagsIncluded__C)
                  20016dec    00000004     app_pem4.oem4 (.const:ti_sysbios_family_arm_m3_Hwi_Module__diagsMask__C)
                  20016df0    00000004     app_pem4.oem4 (.const:ti_sysbios_family_arm_m3_Hwi_Module__loggerFxn1__C)
                  20016df4    00000004     app_pem4.oem4 (.const:ti_sysbios_family_arm_m3_Hwi_Module__loggerFxn8__C)
                  20016df8    00000004     app_pem4.oem4 (.const:ti_sysbios_family_arm_m3_Hwi_Module__loggerObj__C)
                  20016dfc    00000004     app_pem4.oem4 (.const:ti_sysbios_family_arm_m3_Hwi_NUM_INTERRUPTS__C)
                  20016e00    00000004     app_pem4.oem4 (.const:ti_sysbios_family_arm_m3_Hwi_Object__count__C)
                  20016e04    00000004     app_pem4.oem4 (.const:ti_sysbios_family_arm_m3_Hwi_ccr__C)
                  20016e08    00000004     app_pem4.oem4 (.const:ti_sysbios_family_arm_m3_Hwi_excHandlerFunc__C)
                  20016e0c    00000004     app_pem4.oem4 (.const:ti_sysbios_family_arm_m3_Hwi_excHookFuncs__C)
                  20016e10    00000004     app_pem4.oem4 (.const:ti_sysbios_family_arm_m3_Hwi_nullIsrFunc__C)
                  20016e14    00000004     app_pem4.oem4 (.const:ti_sysbios_family_arm_m3_Hwi_priGroup__C)
                  20016e18    00000004     app_pem4.oem4 (.const:ti_sysbios_family_arm_m3_TaskSupport_stackAlignment__C)
                  20016e1c    00000004     app_pem4.oem4 (.const:ti_sysbios_family_arm_m3_Timer_E_cannotSupport__C)
                  20016e20    00000004     app_pem4.oem4 (.const:ti_sysbios_family_arm_m3_Timer_startupNeeded__C)
                  20016e24    00000004     app_pem4.oem4 (.const:ti_sysbios_gates_GateMutex_A_badContext__C)
                  20016e28    00000004     app_pem4.oem4 (.const:ti_sysbios_gates_GateMutex_Instance_State_sem__O)
                  20016e2c    00000004     app_pem4.oem4 (.const:ti_sysbios_gates_GateMutex_Module__diagsEnabled__C)
                  20016e30    00000004     app_pem4.oem4 (.const:ti_sysbios_gates_GateMutex_Module__diagsIncluded__C)
                  20016e34    00000004     app_pem4.oem4 (.const:ti_sysbios_gates_GateMutex_Module__diagsMask__C)
                  20016e38    00000004     app_pem4.oem4 (.const:ti_sysbios_hal_Hwi_E_stackOverflow__C)
                  20016e3c    00000004     app_pem4.oem4 (.const:ti_sysbios_heaps_HeapMem_A_align__C)
                  20016e40    00000004     app_pem4.oem4 (.const:ti_sysbios_heaps_HeapMem_A_heapSize__C)
                  20016e44    00000004     app_pem4.oem4 (.const:ti_sysbios_heaps_HeapMem_A_invalidFree__C)
                  20016e48    00000004     app_pem4.oem4 (.const:ti_sysbios_heaps_HeapMem_A_zeroBlock__C)
                  20016e4c    00000004     app_pem4.oem4 (.const:ti_sysbios_heaps_HeapMem_E_memory__C)
                  20016e50    00000004     app_pem4.oem4 (.const:ti_sysbios_heaps_HeapMem_Module__diagsEnabled__C)
                  20016e54    00000004     app_pem4.oem4 (.const:ti_sysbios_heaps_HeapMem_Module__diagsIncluded__C)
                  20016e58    00000004     app_pem4.oem4 (.const:ti_sysbios_heaps_HeapMem_Module__diagsMask__C)
                  20016e5c    00000004     app_pem4.oem4 (.const:ti_sysbios_heaps_HeapMem_Module__gateObj__C)
                  20016e60    00000004     app_pem4.oem4 (.const:ti_sysbios_heaps_HeapMem_Object__count__C)
                  20016e64    00000004     app_pem4.oem4 (.const:ti_sysbios_heaps_HeapMem_reqAlign__C)
                  20016e68    00000004     app_pem4.oem4 (.const:ti_sysbios_knl_Clock_LM_begin__C)
                  20016e6c    00000004     app_pem4.oem4 (.const:ti_sysbios_knl_Clock_LM_tick__C)
                  20016e70    00000004     app_pem4.oem4 (.const:ti_sysbios_knl_Clock_LW_delayed__C)
                  20016e74    00000004     app_pem4.oem4 (.const:ti_sysbios_knl_Clock_Module_State_clockQ__O)
                  20016e78    00000004     app_pem4.oem4 (.const:ti_sysbios_knl_Clock_Module__diagsEnabled__C)
                  20016e7c    00000004     app_pem4.oem4 (.const:ti_sysbios_knl_Clock_Module__diagsIncluded__C)
                  20016e80    00000004     app_pem4.oem4 (.const:ti_sysbios_knl_Clock_Module__diagsMask__C)
                  20016e84    00000004     app_pem4.oem4 (.const:ti_sysbios_knl_Clock_Module__loggerFxn1__C)
                  20016e88    00000004     app_pem4.oem4 (.const:ti_sysbios_knl_Clock_Module__loggerFxn2__C)
                  20016e8c    00000004     app_pem4.oem4 (.const:ti_sysbios_knl_Clock_Module__loggerObj__C)
                  20016e90    00000004     app_pem4.oem4 (.const:ti_sysbios_knl_Clock_tickPeriod__C)
                  20016e94    00000004     app_pem4.oem4 (.const:ti_sysbios_knl_Idle_funcList__A)
                  20016e98    00000004     app_pem4.oem4 (.const:ti_sysbios_knl_Mailbox_A_invalidBufSize__C)
                  20016e9c    00000004     app_pem4.oem4 (.const:ti_sysbios_knl_Mailbox_Instance_State_dataQue__O)
                  20016ea0    00000004     app_pem4.oem4 (.const:ti_sysbios_knl_Mailbox_Instance_State_dataSem__O)
                  20016ea4    00000004     app_pem4.oem4 (.const:ti_sysbios_knl_Mailbox_Instance_State_freeQue__O)
                  20016ea8    00000004     app_pem4.oem4 (.const:ti_sysbios_knl_Mailbox_Instance_State_freeSem__O)
                  20016eac    00000004     app_pem4.oem4 (.const:ti_sysbios_knl_Mailbox_Module__diagsEnabled__C)
                  20016eb0    00000004     app_pem4.oem4 (.const:ti_sysbios_knl_Mailbox_Module__diagsIncluded__C)
                  20016eb4    00000004     app_pem4.oem4 (.const:ti_sysbios_knl_Mailbox_Module__diagsMask__C)
                  20016eb8    00000004     app_pem4.oem4 (.const:ti_sysbios_knl_Mailbox_Object__count__C)
                  20016ebc    00000004     app_pem4.oem4 (.const:ti_sysbios_knl_Mailbox_maxTypeAlign__C)
                  20016ec0    00000004     app_pem4.oem4 (.const:ti_sysbios_knl_Semaphore_A_badContext__C)
                  20016ec4    00000004     app_pem4.oem4 (.const:ti_sysbios_knl_Semaphore_A_noEvents__C)
                  20016ec8    00000004     app_pem4.oem4 (.const:ti_sysbios_knl_Semaphore_A_overflow__C)
                  20016ecc    00000004     app_pem4.oem4 (.const:ti_sysbios_knl_Semaphore_A_pendTaskDisabled__C)
                  20016ed0    00000004     app_pem4.oem4 (.const:ti_sysbios_knl_Semaphore_Instance_State_pendQ__O)
                  20016ed4    00000004     app_pem4.oem4 (.const:ti_sysbios_knl_Semaphore_LM_pend__C)
                  20016ed8    00000004     app_pem4.oem4 (.const:ti_sysbios_knl_Semaphore_LM_post__C)
                  20016edc    00000004     app_pem4.oem4 (.const:ti_sysbios_knl_Semaphore_Module__diagsEnabled__C)
                  20016ee0    00000004     app_pem4.oem4 (.const:ti_sysbios_knl_Semaphore_Module__diagsIncluded__C)
                  20016ee4    00000004     app_pem4.oem4 (.const:ti_sysbios_knl_Semaphore_Module__diagsMask__C)
                  20016ee8    00000004     app_pem4.oem4 (.const:ti_sysbios_knl_Semaphore_Module__loggerFxn2__C)
                  20016eec    00000004     app_pem4.oem4 (.const:ti_sysbios_knl_Semaphore_Module__loggerFxn4__C)
                  20016ef0    00000004     app_pem4.oem4 (.const:ti_sysbios_knl_Semaphore_Module__loggerObj__C)
                  20016ef4    00000004     app_pem4.oem4 (.const:ti_sysbios_knl_Swi_LD_end__C)
                  20016ef8    00000004     app_pem4.oem4 (.const:ti_sysbios_knl_Swi_LM_begin__C)
                  20016efc    00000004     app_pem4.oem4 (.const:ti_sysbios_knl_Swi_LM_post__C)
                  20016f00    00000004     app_pem4.oem4 (.const:ti_sysbios_knl_Swi_Module__diagsEnabled__C)
                  20016f04    00000004     app_pem4.oem4 (.const:ti_sysbios_knl_Swi_Module__diagsIncluded__C)
                  20016f08    00000004     app_pem4.oem4 (.const:ti_sysbios_knl_Swi_Module__diagsMask__C)
                  20016f0c    00000004     app_pem4.oem4 (.const:ti_sysbios_knl_Swi_Module__loggerFxn1__C)
                  20016f10    00000004     app_pem4.oem4 (.const:ti_sysbios_knl_Swi_Module__loggerFxn4__C)
                  20016f14    00000004     app_pem4.oem4 (.const:ti_sysbios_knl_Swi_Module__loggerObj__C)
                  20016f18    00000004     app_pem4.oem4 (.const:ti_sysbios_knl_Swi_Object__count__C)
                  20016f1c    00000004     app_pem4.oem4 (.const:ti_sysbios_knl_Task_A_badPriority__C)
                  20016f20    00000004     app_pem4.oem4 (.const:ti_sysbios_knl_Task_A_badTaskState__C)
                  20016f24    00000004     app_pem4.oem4 (.const:ti_sysbios_knl_Task_A_badThreadType__C)
                  20016f28    00000004     app_pem4.oem4 (.const:ti_sysbios_knl_Task_A_badTimeout__C)
                  20016f2c    00000004     app_pem4.oem4 (.const:ti_sysbios_knl_Task_A_noPendElem__C)
                  20016f30    00000004     app_pem4.oem4 (.const:ti_sysbios_knl_Task_A_sleepTaskDisabled__C)
                  20016f34    00000004     app_pem4.oem4 (.const:ti_sysbios_knl_Task_E_spOutOfBounds__C)
                  20016f38    00000004     app_pem4.oem4 (.const:ti_sysbios_knl_Task_E_stackOverflow__C)
                  20016f3c    00000004     app_pem4.oem4 (.const:ti_sysbios_knl_Task_LD_block__C)
                  20016f40    00000004     app_pem4.oem4 (.const:ti_sysbios_knl_Task_LD_exit__C)
                  20016f44    00000004     app_pem4.oem4 (.const:ti_sysbios_knl_Task_LD_ready__C)
                  20016f48    00000004     app_pem4.oem4 (.const:ti_sysbios_knl_Task_LM_sleep__C)
                  20016f4c    00000004     app_pem4.oem4 (.const:ti_sysbios_knl_Task_LM_switch__C)
                  20016f50    00000004     app_pem4.oem4 (.const:ti_sysbios_knl_Task_LM_yield__C)
                  20016f54    00000004     app_pem4.oem4 (.const:ti_sysbios_knl_Task_Module_State_inactiveQ__O)
                  20016f58    00000004     app_pem4.oem4 (.const:ti_sysbios_knl_Task_Module__diagsEnabled__C)
                  20016f5c    00000004     app_pem4.oem4 (.const:ti_sysbios_knl_Task_Module__diagsIncluded__C)
                  20016f60    00000004     app_pem4.oem4 (.const:ti_sysbios_knl_Task_Module__diagsMask__C)
                  20016f64    00000004     app_pem4.oem4 (.const:ti_sysbios_knl_Task_Module__loggerFxn2__C)
                  20016f68    00000004     app_pem4.oem4 (.const:ti_sysbios_knl_Task_Module__loggerFxn4__C)
                  20016f6c    00000004     app_pem4.oem4 (.const:ti_sysbios_knl_Task_Module__loggerObj__C)
                  20016f70    00000004     app_pem4.oem4 (.const:ti_sysbios_knl_Task_Object__count__C)
                  20016f74    00000004     app_pem4.oem4 (.const:ti_sysbios_knl_Task_allBlockedFunc__C)
                  20016f78    00000004     app_pem4.oem4 (.const:ti_sysbios_knl_Task_defaultStackHeap__C)
                  20016f7c    00000004     app_pem4.oem4 (.const:ti_sysbios_knl_Task_defaultStackSize__C)
                  20016f80    00000004     app_pem4.oem4 (.const:ti_sysbios_knl_Task_numConstructedTasks__C)
                  20016f84    00000004     app_pem4.oem4 (.const:xdc_runtime_Assert_E_assertFailed__C)
                  20016f88    00000004     app_pem4.oem4 (.const:xdc_runtime_Core_A_initializedParams__C)
                  20016f8c    00000004     app_pem4.oem4 (.const:xdc_runtime_Core_Module__diagsEnabled__C)
                  20016f90    00000004     app_pem4.oem4 (.const:xdc_runtime_Core_Module__diagsIncluded__C)
                  20016f94    00000004     app_pem4.oem4 (.const:xdc_runtime_Core_Module__diagsMask__C)
                  20016f98    00000004     app_pem4.oem4 (.const:xdc_runtime_Error_E_memory__C)
                  20016f9c    00000004     app_pem4.oem4 (.const:xdc_runtime_Error_Module__diagsEnabled__C)
                  20016fa0    00000004     app_pem4.oem4 (.const:xdc_runtime_Error_Module__diagsIncluded__C)
                  20016fa4    00000004     app_pem4.oem4 (.const:xdc_runtime_Error_Module__diagsMask__C)
                  20016fa8    00000004     app_pem4.oem4 (.const:xdc_runtime_Error_Module__loggerFxn8__C)
                  20016fac    00000004     app_pem4.oem4 (.const:xdc_runtime_Error_Module__loggerObj__C)
                  20016fb0    00000004     app_pem4.oem4 (.const:xdc_runtime_Error_policyFxn__C)
                  20016fb4    00000004     app_pem4.oem4 (.const:xdc_runtime_Error_raiseHook__C)
                  20016fb8    00000004     app_pem4.oem4 (.const:xdc_runtime_IFilterLogger_Interface__BASE__C)
                  20016fbc    00000004     app_pem4.oem4 (.const:xdc_runtime_IGateProvider_Interface__BASE__C)
                  20016fc0    00000004     app_pem4.oem4 (.const:xdc_runtime_IHeap_Interface__BASE__C)
                  20016fc4    00000004     app_pem4.oem4 (.const:xdc_runtime_ILogger_Interface__BASE__C)
                  20016fc8    00000004     app_pem4.oem4 (.const:xdc_runtime_IModule_Interface__BASE__C)
                  20016fcc    00000004     app_pem4.oem4 (.const:xdc_runtime_Log_L_error__C)
                  20016fd0    00000004     app_pem4.oem4 (.const:xdc_runtime_LoggerBuf_E_badLevel__C)
                  20016fd4    00000004     app_pem4.oem4 (.const:xdc_runtime_LoggerBuf_Module__gateObj__C)
                  20016fd8    00000004     app_pem4.oem4 (.const:xdc_runtime_LoggerBuf_Object__count__C)
                  20016fdc    00000004     app_pem4.oem4 (.const:xdc_runtime_LoggerBuf_statusLogger__C)
                  20016fe0    00000004     app_pem4.oem4 (.const:xdc_runtime_Memory_defaultHeapInstance__C)
                  20016fe4    00000004     app_pem4.oem4 (.const:xdc_runtime_Startup_execImpl__C)
                  20016fe8    00000004     app_pem4.oem4 (.const:xdc_runtime_Startup_maxPasses__C)
                  20016fec    00000004     app_pem4.oem4 (.const:xdc_runtime_Startup_sfxnRts__C)
                  20016ff0    00000004     app_pem4.oem4 (.const:xdc_runtime_Startup_sfxnTab__C)
                  20016ff4    00000004     app_pem4.oem4 (.const:xdc_runtime_SysMin_bufSize__C)
                  20016ff8    00000004     app_pem4.oem4 (.const:xdc_runtime_SysMin_outputFunc__C)
                  20016ffc    00000004     app_pem4.oem4 (.const:xdc_runtime_System_Module__gateObj__C)
                  20017000    00000004     app_pem4.oem4 (.const:xdc_runtime_System_abortFxn__C)
                  20017004    00000004     app_pem4.oem4 (.const:xdc_runtime_System_exitFxn__C)
                  20017008    00000004     app_pem4.oem4 (.const:xdc_runtime_System_extendFxn__C)
                  2001700c    00000004     app_pem4.oem4 (.const:xdc_runtime_System_maxAtexitHandlers__C)
                  20017010    00000004     app_pem4.oem4 (.const:xdc_runtime_Text_charTab__C)
                  20017014    00000004     app_pem4.oem4 (.const:xdc_runtime_Text_nameEmpty__C)
                  20017018    00000004     app_pem4.oem4 (.const:xdc_runtime_Text_nameStatic__C)
                  2001701c    00000004     app_pem4.oem4 (.const:xdc_runtime_Text_nameUnknown__C)
                  20017020    00000004     app_pem4.oem4 (.const:xdc_runtime_Text_nodeTab__C)
                  20017024    00000004     app_pem4.oem4 (.const:xdc_runtime_Text_visitRopeFxn__C)
                  20017028    00000002     app_pem4.oem4 (.const:ti_sysbios_family_arm_m3_TimestampProvider_configTimer__C)
                  2001702a    00000002     app_pem4.oem4 (.const:ti_sysbios_gates_GateMutex_Module__id__C)
                  2001702c    00000002     app_pem4.oem4 (.const:ti_sysbios_hal_Hwi_Module__id__C)
                  2001702e    00000002     app_pem4.oem4 (.const:ti_sysbios_heaps_HeapMem_Module__id__C)
[...]
20016e14  ti_sysbios_family_arm_m3_Hwi_priGroup__C                    
20016e18  ti_sysbios_family_arm_m3_TaskSupport_stackAlignment__C      
20016e1c  ti_sysbios_family_arm_m3_Timer_E_cannotSupport__C           
20016e20  ti_sysbios_family_arm_m3_Timer_startupNeeded__C             
20016e24  ti_sysbios_gates_GateMutex_A_badContext__C                  
20016e28  ti_sysbios_gates_GateMutex_Instance_State_sem__O            
20016e2c  ti_sysbios_gates_GateMutex_Module__diagsEnabled__C          
20016e30  ti_sysbios_gates_GateMutex_Module__diagsIncluded__C         
20016e34  ti_sysbios_gates_GateMutex_Module__diagsMask__C             
20016e38  ti_sysbios_hal_Hwi_E_stackOverflow__C                       
20016e3c  ti_sysbios_heaps_HeapMem_A_align__C                         
20016e40  ti_sysbios_heaps_HeapMem_A_heapSize__C                      
20016e44  ti_sysbios_heaps_HeapMem_A_invalidFree__C                   
20016e48  ti_sysbios_heaps_HeapMem_A_zeroBlock__C                     
20016e4c  ti_sysbios_heaps_HeapMem_E_memory__C                        
20016e50  ti_sysbios_heaps_HeapMem_Module__diagsEnabled__C            
20016e54  ti_sysbios_heaps_HeapMem_Module__diagsIncluded__C           
20016e58  ti_sysbios_heaps_HeapMem_Module__diagsMask__C               
20016e5c  ti_sysbios_heaps_HeapMem_Module__gateObj__C                 
20016e60  ti_sysbios_heaps_HeapMem_Object__count__C                   
20016e64  ti_sysbios_heaps_HeapMem_reqAlign__C                        
20016e68  ti_sysbios_knl_Clock_LM_begin__C                            
20016e6c  ti_sysbios_knl_Clock_LM_tick__C                             
20016e70  ti_sysbios_knl_Clock_LW_delayed__C                          
20016e74  ti_sysbios_knl_Clock_Module_State_clockQ__O                 
20016e78  ti_sysbios_knl_Clock_Module__diagsEnabled__C                
20016e7c  ti_sysbios_knl_Clock_Module__diagsIncluded__C               
20016e80  ti_sysbios_knl_Clock_Module__diagsMask__C                   
20016e84  ti_sysbios_knl_Clock_Module__loggerFxn1__C                  
20016e88  ti_sysbios_knl_Clock_Module__loggerFxn2__C                  
20016e8c  ti_sysbios_knl_Clock_Module__loggerObj__C                   
20016e90  ti_sysbios_knl_Clock_tickPeriod__C                          
20016e94  ti_sysbios_knl_Idle_funcList__A                             
20016e98  ti_sysbios_knl_Mailbox_A_invalidBufSize__C                  
20016e9c  ti_sysbios_knl_Mailbox_Instance_State_dataQue__O            
20016ea0  ti_sysbios_knl_Mailbox_Instance_State_dataSem__O            
20016ea4  ti_sysbios_knl_Mailbox_Instance_State_freeQue__O            
20016ea8  ti_sysbios_knl_Mailbox_Instance_State_freeSem__O            
20016eac  ti_sysbios_knl_Mailbox_Module__diagsEnabled__C              
20016eb0  ti_sysbios_knl_Mailbox_Module__diagsIncluded__C             
20016eb4  ti_sysbios_knl_Mailbox_Module__diagsMask__C                 
20016eb8  ti_sysbios_knl_Mailbox_Object__count__C                     
20016ebc  ti_sysbios_knl_Mailbox_maxTypeAlign__C                      
20016ec0  ti_sysbios_knl_Semaphore_A_badContext__C                    
20016ec4  ti_sysbios_knl_Semaphore_A_noEvents__C                      
20016ec8  ti_sysbios_knl_Semaphore_A_overflow__C                      
20016ecc  ti_sysbios_knl_Semaphore_A_pendTaskDisabled__C              
20016ed0  ti_sysbios_knl_Semaphore_Instance_State_pendQ__O            
20016ed4  ti_sysbios_knl_Semaphore_LM_pend__C                         
20016ed8  ti_sysbios_knl_Semaphore_LM_post__C                         
20016edc  ti_sysbios_knl_Semaphore_Module__diagsEnabled__C            
20016ee0  ti_sysbios_knl_Semaphore_Module__diagsIncluded__C           
20016ee4  ti_sysbios_knl_Semaphore_Module__diagsMask__C               
20016ee8  ti_sysbios_knl_Semaphore_Module__loggerFxn2__C              
20016eec  ti_sysbios_knl_Semaphore_Module__loggerFxn4__C              
20016ef0  ti_sysbios_knl_Semaphore_Module__loggerObj__C               
20016ef4  ti_sysbios_knl_Swi_LD_end__C                                
20016ef8  ti_sysbios_knl_Swi_LM_begin__C                              
20016efc  ti_sysbios_knl_Swi_LM_post__C                               
20016f00  ti_sysbios_knl_Swi_Module__diagsEnabled__C                  
20016f04  ti_sysbios_knl_Swi_Module__diagsIncluded__C                 
20016f08  ti_sysbios_knl_Swi_Module__diagsMask__C                     
20016f0c  ti_sysbios_knl_Swi_Module__loggerFxn1__C                    
20016f10  ti_sysbios_knl_Swi_Module__loggerFxn4__C                    
20016f14  ti_sysbios_knl_Swi_Module__loggerObj__C                     
20016f18  ti_sysbios_knl_Swi_Object__count__C                         
20016f1c  ti_sysbios_knl_Task_A_badPriority__C                        
20016f20  ti_sysbios_knl_Task_A_badTaskState__C                       
20016f24  ti_sysbios_knl_Task_A_badThreadType__C                      
20016f28  ti_sysbios_knl_Task_A_badTimeout__C                         
20016f2c  ti_sysbios_knl_Task_A_noPendElem__C                         
20016f30  ti_sysbios_knl_Task_A_sleepTaskDisabled__C                  
20016f34  ti_sysbios_knl_Task_E_spOutOfBounds__C                      
20016f38  ti_sysbios_knl_Task_E_stackOverflow__C                      
20016f3c  ti_sysbios_knl_Task_LD_block__C                             
20016f40  ti_sysbios_knl_Task_LD_exit__C                              
20016f44  ti_sysbios_knl_Task_LD_ready__C                             
20016f48  ti_sysbios_knl_Task_LM_sleep__C                             
20016f4c  ti_sysbios_knl_Task_LM_switch__C                            
20016f50  ti_sysbios_knl_Task_LM_yield__C                             
20016f54  ti_sysbios_knl_Task_Module_State_inactiveQ__O               
20016f58  ti_sysbios_knl_Task_Module__diagsEnabled__C                 
20016f5c  ti_sysbios_knl_Task_Module__diagsIncluded__C                
20016f60  ti_sysbios_knl_Task_Module__diagsMask__C                    
20016f64  ti_sysbios_knl_Task_Module__loggerFxn2__C                   
20016f68  ti_sysbios_knl_Task_Module__loggerFxn4__C                   
20016f6c  ti_sysbios_knl_Task_Module__loggerObj__C                    
20016f70  ti_sysbios_knl_Task_Object__count__C                        
20016f74  ti_sysbios_knl_Task_allBlockedFunc__C                       
20016f78  ti_sysbios_knl_Task_defaultStackHeap__C                     
20016f7c  ti_sysbios_knl_Task_defaultStackSize__C                     
20016f80  ti_sysbios_knl_Task_numConstructedTasks__C                  
20016f84  xdc_runtime_Assert_E_assertFailed__C                        
20016f88  xdc_runtime_Core_A_initializedParams__C                     
20016f8c  xdc_runtime_Core_Module__diagsEnabled__C                    
20016f90  xdc_runtime_Core_Module__diagsIncluded__C                   
20016f94  xdc_runtime_Core_Module__diagsMask__C                       
20016f98  xdc_runtime_Error_E_memory__C                               
20016f9c  xdc_runtime_Error_Module__diagsEnabled__C                   
20016fa0  xdc_runtime_Error_Module__diagsIncluded__C                  
20016fa4  xdc_runtime_Error_Module__diagsMask__C                      
20016fa8  xdc_runtime_Error_Module__loggerFxn8__C                     
20016fac  xdc_runtime_Error_Module__loggerObj__C                      
20016fb0  xdc_runtime_Error_policyFxn__C                              
20016fb4  xdc_runtime_Error_raiseHook__C                              
20016fb8  xdc_runtime_IFilterLogger_Interface__BASE__C                
20016fbc  xdc_runtime_IGateProvider_Interface__BASE__C                
20016fc0  xdc_runtime_IHeap_Interface__BASE__C                        
20016fc4  xdc_runtime_ILogger_Interface__BASE__C                      
20016fc8  xdc_runtime_IModule_Interface__BASE__C                      
20016fcc  xdc_runtime_Log_L_error__C                                  
20016fd0  xdc_runtime_LoggerBuf_E_badLevel__C                         
20016fd4  xdc_runtime_LoggerBuf_Module__gateObj__C                    
20016fd8  xdc_runtime_LoggerBuf_Object__count__C                      
20016fdc  xdc_runtime_LoggerBuf_statusLogger__C                       
20016fe0  xdc_runtime_Memory_defaultHeapInstance__C                   
20016fe4  xdc_runtime_Startup_execImpl__C                             
20016fe8  xdc_runtime_Startup_maxPasses__C                            
20016fec  xdc_runtime_Startup_sfxnRts__C                              
20016ff0  xdc_runtime_Startup_sfxnTab__C                              
20016ff4  xdc_runtime_SysMin_bufSize__C                               
20016ff8  xdc_runtime_SysMin_outputFunc__C                            
20016ffc  xdc_runtime_System_Module__gateObj__C                       
20017000  xdc_runtime_System_abortFxn__C                              
20017004  xdc_runtime_System_exitFxn__C                               
20017008  xdc_runtime_System_extendFxn__C                             
2001700c  xdc_runtime_System_maxAtexitHandlers__C                     
20017010  xdc_runtime_Text_charTab__C                                 
20017014  xdc_runtime_Text_nameEmpty__C                               
20017018  xdc_runtime_Text_nameStatic__C                              
2001701c  xdc_runtime_Text_nameUnknown__C                             
20017020  xdc_runtime_Text_nodeTab__C                                 
20017024  xdc_runtime_Text_visitRopeFxn__C                            
20017028  ti_sysbios_family_arm_m3_TimestampProvider_configTimer__C   
2001702a  ti_sysbios_gates_GateMutex_Module__id__C                    
2001702c  ti_sysbios_hal_Hwi_Module__id__C                            
2001702e  ti_sysbios_heaps_HeapMem_Module__id__C                      
20017030  ti_sysbios_knl_Clock_Module__id__C                          
20017032  ti_sysbios_knl_Clock_Module__loggerDefined__C               
20017034  ti_sysbios_knl_Mailbox_Module__id__C                        
20017036  ti_sysbios_knl_Semaphore_Module__id__C                      
20017038  ti_sysbios_knl_Semaphore_Module__loggerDefined__C           
2001703a  ti_sysbios_knl_Swi_Module__id__C                            
2001703c  ti_sysbios_knl_Swi_Module__loggerDefined__C                 
2001703e  ti_sysbios_knl_Task_Module__id__C                           
20017040  ti_sysbios_knl_Task_Module__loggerDefined__C                
20017042  xdc_runtime_Core_Module__id__C                              
20017044  xdc_runtime_Error_Module__loggerDefined__C                  
20017046  xdc_runtime_Error_maxDepth__C                               
20017048  xdc_runtime_LoggerBuf_Module__id__C                         
2001704a  xdc_runtime_LoggerBuf_filterByLevel__C                      
2001704c  xdc_runtime_Memory_Module__id__C                            
2001704e  xdc_runtime_SysMin_flushAtExit__C                           
20017050  xdc_runtime_Text_charCnt__C                                 
20017052  xdc_runtime_Text_isLoaded__C                                
20017054  xdc_runtime_Text_registryModsLastId__C                      
20017056  xdc_runtime_Text_unnamedModsLastId__C                       
20017058  __TI_static_base__                                          
20017364  __TI_Handler_Table_Base                                     
2001736c  __TI_CINIT_Base                                             
2001736c  __TI_Handler_Table_Limit                                    
2001737c  __TI_CINIT_Limit                                            
2001a000  ti_sysbios_heaps_HeapMem_Instance_State_0_buf__A            
20022000  ti_sysbios_knl_Task_Instance_State_0_stack__A               
20022800  xdc_runtime_LoggerBuf_Instance_State_0_entryArr__A          
20022c00  xdc_runtime_SysMin_Module_State_0_outbuf__A                 
20023000  ti_sysbios_family_arm_m3_Hwi_dispatchTable                  
20023484  __CIOBUF_                                                   
200235a4  g_cDestinationEmailRfc                                      
200236a4  g_cUsernameRfc                                              
200237a4  g_sDestination                                              
200238a3  g_sEmail                                                    
200239a2  ucUARTBuffer                                                
20023a6a  g_cBasekey1                                                 
20023aea  g_cBasekey2                                                 
20023b6a  g_cBuf                                                      
20023bce  g_cCmdBuf                                                   
20023c32  g_usConnectIndex                                            
20023c34  g_ucDinDout                                                 
20023c84  g_cMessage                                                  
20023cc4  pcEmailmessage                                              
20023d04  g_sSubject                                                  
20023d41  RxIrqCnt                                                    
20023d42  g_usTimerInts                                               
20023d44  g_sEmailOpt                                                 
20023d68  g_ucConnectionSSID                                          
20023d8c  g_sSourcePass                                               
20023dab  pcEmailsubject                                              
20023dc7  pcEmailto                                                   
20023deb  g_ucConnectionBSSID                                         
20023df3  g_bDeviceRestartIsRequired                                  
20023df8  DMAMsgQ                                                     
20023dfc  SimpleLinkSpawnTaskHndl                                     
20023e00  g_PBQueue                                                   
20023e04  g_PushButtonTask                                            
20023e08  g_S2InterruptHdl                                            
20023e0c  g_S3InterruptHdl                                            
20023e10  g_cDummy                                                    
20023e14  pcOfemailmessage                                            
20023e18  pcOfemailsubject                                            
20023e1c  pcOfemailto                                                 
20023e20  simpleLink_mailbox                                          
20023e24  uiUartCmd                                                   
20023e28  g_cConnectStatus                                            
20023e29  g_ucLED1Pin                                                 
20023e2a  g_ucLED2Pin                                                 
20023e2b  g_ucLED3Pin                                                 
20023e2c  ti_sysbios_knl_Swi_Module_State_0_readyQ__A                 
20023eac  ti_sysbios_knl_Task_Module_State_0_readyQ__A                
20023f2c  ti_sysbios_knl_Task_Object__table__V                        
20023f78  ti_sysbios_knl_Task_Module__state__V                        
20023fbc  ti_sysbios_gates_GateMutex_Object__table__V                 
20023ff4  ti_sysbios_family_arm_m3_Hwi_Module__state__V               
20024028  ti_sysbios_family_arm_m3_Timer_Object__table__V             
20024058  ti_sysbios_knl_Swi_Object__table__V                         
20024088  ti_sysbios_knl_Clock_Module__state__V                       
200240b4  ti_sysbios_BIOS_Module__state__V                            
200240d8  xdc_runtime_LoggerBuf_Object__table__V                      
200240fc  ti_sysbios_knl_Swi_Module__state__V                         
20024118  ti_sysbios_family_arm_m3_Hwi_Object__table__V               
20024130  ti_sysbios_heaps_HeapMem_Object__table__V                   
2002415c  g_uiSmtpStatus                                              
20024160  g_iConnectStatus                                            
20024164  g_lSmtpSocket                                               
20024168  g_uiEmailSetStatus                                          
2002416c  g_uiEmailErrorInfo                                          
2002416e  ti_sysbios_family_arm_m3_Hwi_Module_State_0_excActive__A    
20024170  xdc_runtime_System_Module_State_0_atexitHandlers__A         
20024184  g_pCB                                                       
20024188  pPingCallBackFunc                                           
2002418e  xdc_runtime_Error_Module__state__V                          
20024190  __TI_cleanup_ptr                                            
20024194  __TI_dtors_ptr                                              
20024198  __TI_enable_exit_profile_output                             
2002419c  SecurityParams                                              
200241a8  g_uiLED1Port                                                
200241ac  g_uiLED2Port                                                
200241b0  g_uiLED3Port                                                
200241b4  g_ulStatus                                                  
200241b8  g_ulStaIp                                                   
200241bc  g_ulGatewayIP                                               
200241c0  ti_sysbios_family_arm_m3_Timer_Module__state__V             
200241cc  xdc_runtime_SysMin_Module__state__V                         
200241d8  g_SpiFd                                                     
200241dc  g_pHostIntHdl                                               
200241e0  g_ucDMAEnabled                                              
200241e4  _lock                                                       
200241e8  _unlock                                                     
200241ec  ti_sysbios_family_arm_m3_Hwi_Module__root__V                
200241f4  ti_sysbios_gates_GateHwi_Module__root__V                    
200241fc  ti_sysbios_gates_GateMutex_Module__root__V                  
20024204  ti_sysbios_heaps_HeapMem_Module__root__V                    
2002420c  ti_sysbios_knl_Mailbox_Module__root__V                      
20024214  ti_sysbios_knl_Queue_Module__root__V                        
2002421c  ti_sysbios_knl_Semaphore_Module__root__V                    
20024224  ti_sysbios_knl_Task_Module__root__V                         
2002422c  xdc_runtime_LoggerBuf_Module__root__V                       
20024234  xdc_runtime_Registry_Module__state__V                       
2002423c  xdc_runtime_Startup_Module__state__V                        
20024244  xdc_runtime_System_Module__state__V                         
2002424c  xdc_runtime_LoggerBuf_Module__state__V                      
20024254  g_uiPBCount                                                 
20024258  errno                                                       
2002425c  main_func_sp                                                
20024260  ti_sysbios_family_arm_m3_Hwi_Module_State_0_excContext__A   
20024264  ti_sysbios_family_arm_m3_Hwi_Module_State_0_excStack__A     
20024268  ti_sysbios_family_arm_m3_TimestampProvider_Module__state__V 
2002426c  ti_sysbios_gates_GateHwi_Object__table__V                   
20024270  ti_sysbios_knl_Task_Module_State_0_idleTask__A              
20024274  xdc_runtime_Memory_Module__state__V                         
2002e000  __stack                                                     
20030000  __STACK_END                                                 
e000e000  ti_sysbios_family_arm_m3_Hwi_nvic                           
ffffffff  __TI_pprof_out_hndl                                         
ffffffff  __TI_prof_data_size                                         
ffffffff  __TI_prof_data_start                                        
ffffffff  __binit__                                                   
ffffffff  __c_args__                                                  
ffffffff  binit                                                       
UNDEFED   SHT$$INIT_ARRAY$$Base                                       
UNDEFED   SHT$$INIT_ARRAY$$Limit                                      

[1014 symbols]
