******************************************************************************
                  TI ARM Linker PC v15.12.3                    
******************************************************************************
>> Linked Wed Aug 24 13:25:54 2016

OUTPUT FILE NAME:   <watchdog.out>
ENTRY POINT SYMBOL: "_c_int00"  address: 20005049


MEMORY CONFIGURATION

         name            origin    length      used     unused   attr    fill
----------------------  --------  ---------  --------  --------  ----  --------
  SRAM_CODE             20004000   00013000  000016c6  0001193a  RW X
  SRAM_DATA             20017000   00019000  00001040  00017fc0  RW X


SEGMENT ALLOCATION MAP

run origin  load origin   length   init length attrs members
----------  ----------- ---------- ----------- ----- -------
20004000    20004000    000016cc   000016cc    r-x
  20004000    20004000    00000400   00000400    r-- .intvecs
  20004400    20004400    00000fc6   00000fc6    r-x .text
  200053c8    200053c8    000002ac   000002ac    r-- .const
  20005678    20005678    00000054   00000054    r-- .cinit
20017000    20017000    00000843   00000000    rw-
  20017000    20017000    00000800   00000000    rw- .sysmem
  20017800    20017800    00000039   00000000    rw- .data
  2001783c    2001783c    00000007   00000000    rw- .bss
2002f800    2002f800    00000800   00000000    rw-
  2002f800    2002f800    00000800   00000000    rw- .stack


SECTION ALLOCATION MAP

 output                                  attributes/
section   page    origin      length       input sections
--------  ----  ----------  ----------   ----------------
.intvecs   0    20004000    00000400     
                  20004000    00000400     startup_ccs.obj (.intvecs)

.init_array 
*          0    20004000    00000000     UNINITIALIZED

.text      0    20004400    00000fc6     
                  20004400    0000039c     gpio_if.obj (.text)
                  2000479c    00000178     driverlib.a : prcm.obj (.text:PRCMCC3200MCUInit)
                  20004914    000000b0     main.obj (.text)
                  200049c4    000000a8     driverlib.a : interrupt.obj (.text:IntDisable)
                  20004a6c    000000a8                 : interrupt.obj (.text:IntEnable)
                  20004b14    0000009c     rtsv7M4_T_le_eabi.lib : memcpy_t2.obj (.text)
                  20004bb0    00000088     driverlib.a : pin.obj (.text:PinConfigSet)
                  20004c38    00000082                 : gpio.obj (.text:GPIOIntTypeSet)
                  20004cba    0000007a     rtsv7M4_T_le_eabi.lib : memset_t2.obj (.text)
                  20004d34    00000070                           : autoinit.obj (.text)
                  20004da4    0000006a                           : copy_decompress_rle.obj (.text)
                  20004e0e    00000064     wdt_if.obj (.text)
                  20004e72    00000002     driverlib.a : interrupt.obj (.text:IntDefaultHandler)
                  20004e74    00000058                 : prcm.obj (.text:PRCMPeripheralReset)
                  20004ecc    00000054                 : interrupt.obj (.text:IntPrioritySet)
                  20004f20    00000054     rtsv7M4_T_le_eabi.lib : exit.obj (.text)
                  20004f74    0000004c                           : cpy_tbl.obj (.text)
                  20004fc0    00000048     driverlib.a : gpio.obj (.text:GPIOGetIntNumber)
                  20005008    00000040                 : pin.obj (.text:PinModeSet)
                  20005048    00000040     rtsv7M4_T_le_eabi.lib : boot.obj (.text)
                  20005088    0000003c     driverlib.a : prcm.obj (.text:PRCMPeripheralClkEnable)
                  200050c4    00000036                 : gpio.obj (.text:GPIODirModeSet)
                  200050fa    00000030                 : pin.obj (.text:PinTypeGPIO)
                  2000512a    00000002     rtsv7M4_T_le_eabi.lib : mpu_init.obj (.text)
                  2000512c    0000002c     driverlib.a : prcm.obj (.text:PRCMSysResetCauseGet)
                  20005158    00000028                 : prcm.obj (.text:PRCMPeripheralClkDisable)
                  20005180    00000024                 : interrupt.obj (.text:IntUnregister)
                  200051a4    00000024     pinmux.obj (.text)
                  200051c8    00000020     driverlib.a : gpio.obj (.text:GPIOPinWrite)
                  200051e8    00000020                 : interrupt.obj (.text:IntRegister)
                  20005208    0000001e                 : gpio.obj (.text:GPIOIntRegister)
                  20005226    0000001a                 : gpio.obj (.text:GPIOIntEnable)
                  20005240    00000018                 : gpio.obj (.text:GPIOPinRead)
                  20005258    00000018                 : wdt.obj (.text:WatchdogStallDisable)
                  20005270    00000018                 : wdt.obj (.text:WatchdogUnlock)
                  20005288    00000018     rtsv7M4_T_le_eabi.lib : args_main.obj (.text)
                  200052a0    00000016     driverlib.a : prcm.obj (.text:PRCMHIBRegRead)
                  200052b6    00000016                 : prcm.obj (.text:PRCMHIBRegWrite)
                  200052cc    00000016                 : wdt.obj (.text:WatchdogEnable)
                  200052e2    00000016                 : wdt.obj (.text:WatchdogIntRegister)
                  200052f8    00000014                 : cpu.obj (.text:CPUcpsie)
                  2000530c    00000014                 : gpio.obj (.text:GPIOIntClear)
                  20005320    00000014                 : interrupt.obj (.text:IntVTableBaseSet)
                  20005334    00000014     rtsv7M4_T_le_eabi.lib : _lock.obj (.text)
                  20005348    00000012     driverlib.a : wdt.obj (.text:WatchdogIntUnregister)
                  2000535a    00000012                 : wdt.obj (.text:WatchdogReloadSet)
                  2000536c    00000012                 : wdt.obj (.text:WatchdogRunning)
                  2000537e    00000010                 : wdt.obj (.text:WatchdogIntClear)
                  2000538e    0000000e     rtsv7M4_T_le_eabi.lib : copy_decompress_none.obj (.text:decompress:none)
                  2000539c    0000000e     startup_ccs.obj (.text)
                  200053aa    0000000a     driverlib.a : interrupt.obj (.text:IntMasterEnable)
                  200053b4    00000006                 : utils.obj (.text:UtilsDelay)
                  200053ba    00000006     rtsv7M4_T_le_eabi.lib : copy_decompress_rle.obj (.text:decompress:rle24)
                  200053c0    00000004                           : pre_init.obj (.text)
                  200053c4    00000002                           : startup.obj (.text)

.const     0    200053c8    000002ac     
                  200053c8    00000100     driverlib.a : pin.obj (.const:g_ulPinToPadMap)
                  200054c8    000000d4                 : interrupt.obj (.const:g_pulRegs)
                  2000559c    000000a8                 : prcm.obj (.const:PRCM_PeriphRegsList)
                  20005644    00000018                 : interrupt.obj (.const:g_pulDisRegs)
                  2000565c    00000018                 : interrupt.obj (.const:g_pulEnRegs)

.cinit     0    20005678    00000054     
                  20005678    0000002d     (.cinit..data.load) [load image, compression = rle]
                  200056a5    00000003     --HOLE-- [fill = 0]
                  200056a8    00000009     (.cinit..bss.load) [load image, compression = rle]
                  200056b1    00000003     --HOLE-- [fill = 0]
                  200056b4    00000008     (__TI_handler_table)
                  200056bc    00000010     (__TI_cinit_table)

.sysmem    0    20017000    00000800     UNINITIALIZED
                  20017000    00000008     rtsv7M4_T_le_eabi.lib : memory.obj (.sysmem)
                  20017008    000007f8     --HOLE--

.data      0    20017800    00000039     UNINITIALIZED
                  20017800    00000014     gpio_if.obj (.data:ulReg)
                  20017814    0000000c     rtsv7M4_T_le_eabi.lib : exit.obj (.data:$O1$$)
                  20017820    0000000c     gpio_if.obj (.data)
                  2001782c    00000008     rtsv7M4_T_le_eabi.lib : _lock.obj (.data:$O1$$)
                  20017834    00000004                           : stkdepth_vars.obj (.data)
                  20017838    00000001     main.obj (.data)

.bss       0    2001783c    00000007     UNINITIALIZED
                  2001783c    00000004     (.common:g_ulWatchdogCycles)
                  20017840    00000001     (.common:g_ucLED1Pin)
                  20017841    00000001     (.common:g_ucLED2Pin)
                  20017842    00000001     (.common:g_ucLED3Pin)

.stack     0    2002f800    00000800     UNINITIALIZED
                  2002f800    00000800     --HOLE--

MODULE SUMMARY

       Module                     code   ro data   rw data
       ------                     ----   -------   -------
    .\
       startup_ccs.obj            14     1024      0      
       gpio_if.obj                924    0         35     
       main.obj                   176    0         5      
       wdt_if.obj                 100    0         0      
       pinmux.obj                 36     0         0      
    +--+--------------------------+------+---------+---------+
       Total:                     1250   1024      40     
                                                          
    C:/TI/CC3200SDK_1.2.0/cc3200-sdk/driverlib/ccs/Release/driverlib.a
       prcm.obj                   652    168       0      
       interrupt.obj              520    260       0      
       pin.obj                    248    256       0      
       gpio.obj                   388    0         0      
       wdt.obj                    162    0         0      
       cpu.obj                    20     0         0      
       utils.obj                  6      0         0      
    +--+--------------------------+------+---------+---------+
       Total:                     1996   684       0      
                                                          
    C:\TI\ccsv6\tools\compiler\arm_15.12.3.LTS\lib\rtsv7M4_T_le_eabi.lib
       memcpy_t2.obj              156    0         0      
       memset_t2.obj              122    0         0      
       autoinit.obj               112    0         0      
       copy_decompress_rle.obj    112    0         0      
       exit.obj                   84     0         12     
       cpy_tbl.obj                76     0         0      
       boot.obj                   64     0         0      
       _lock.obj                  20     0         8      
       args_main.obj              24     0         0      
       copy_decompress_none.obj   14     0         0      
       pre_init.obj               4      0         0      
       stkdepth_vars.obj          0      0         4      
       mpu_init.obj               2      0         0      
       startup.obj                2      0         0      
    +--+--------------------------+------+---------+---------+
       Total:                     792    0         24     
                                                          
       Heap:                      0      0         2048   
       Stack:                     0      0         2048   
       Linker Generated:          0      78        0      
    +--+--------------------------+------+---------+---------+
       Grand Total:               4038   1786      4160   


LINKER GENERATED COPY TABLES

__TI_cinit_table @ 200056bc records: 2, size/record: 8, table size: 16
	.data: load addr=20005678, load size=0000002d bytes, run addr=20017800, run size=00000039 bytes, compression=rle
	.bss: load addr=200056a8, load size=00000009 bytes, run addr=2001783c, run size=00000007 bytes, compression=rle


LINKER GENERATED HANDLER TABLE

__TI_handler_table @ 200056b4 records: 2, size/record: 4, table size: 8
	index: 0, handler: __TI_decompress_rle24
	index: 1, handler: __TI_decompress_none


GLOBAL SYMBOLS: SORTED ALPHABETICALLY BY Name 

address   name                           
-------   ----                           
20004f21  C$$EXIT                        
200052f9  CPUcpsie                       
200050c5  GPIODirModeSet                 
2000530d  GPIOIntClear                   
20005227  GPIOIntEnable                  
20005209  GPIOIntRegister                
20004c39  GPIOIntTypeSet                 
20005241  GPIOPinRead                    
200051c9  GPIOPinWrite                   
200046c1  GPIO_IF_ConfigureNIntEnable    
2000474d  GPIO_IF_Get                    
2000467b  GPIO_IF_GetPortNPin            
2000443d  GPIO_IF_LedConfigure           
2000452f  GPIO_IF_LedOff                 
2000447b  GPIO_IF_LedOn                  
200045e3  GPIO_IF_LedStatus              
2000464d  GPIO_IF_LedToggle              
20004709  GPIO_IF_Set                    
200049c5  IntDisable                     
20004a6d  IntEnable                      
200053ab  IntMasterEnable                
20004ecd  IntPrioritySet                 
200051e9  IntRegister                    
20005181  IntUnregister                  
20005321  IntVTableBaseSet               
2000479d  PRCMCC3200MCUInit              
200052a1  PRCMHIBRegRead                 
200052b7  PRCMHIBRegWrite                
20005159  PRCMPeripheralClkDisable       
20005089  PRCMPeripheralClkEnable        
20004e75  PRCMPeripheralReset            
2000512d  PRCMSysResetCauseGet           
20004bb1  PinConfigSet                   
20005009  PinModeSet                     
200051a5  PinMuxConfig                   
200050fb  PinTypeGPIO                    
2000539d  ResetISR                       
UNDEFED   SHT$$INIT_ARRAY$$Base          
UNDEFED   SHT$$INIT_ARRAY$$Limit         
200053b5  UtilsDelay                     
20004e4f  WDT_IF_DeInit                  
20004e0f  WDT_IF_Init                    
200052cd  WatchdogEnable                 
2000537f  WatchdogIntClear               
20004915  WatchdogIntHandler             
200052e3  WatchdogIntRegister            
20005349  WatchdogIntUnregister          
2000535b  WatchdogReloadSet              
2000536d  WatchdogRunning                
20005259  WatchdogStallDisable           
20005271  WatchdogUnlock                 
20030000  __STACK_END                    
00000800  __STACK_SIZE                   
00000800  __SYSMEM_SIZE                  
200056bc  __TI_CINIT_Base                
200056cc  __TI_CINIT_Limit               
200056b4  __TI_Handler_Table_Base        
200056bc  __TI_Handler_Table_Limit       
20004d35  __TI_auto_init                 
20017814  __TI_cleanup_ptr               
2000538f  __TI_decompress_none           
200053bb  __TI_decompress_rle24          
20017818  __TI_dtors_ptr                 
2001781c  __TI_enable_exit_profile_output
ffffffff  __TI_pprof_out_hndl            
ffffffff  __TI_prof_data_size            
ffffffff  __TI_prof_data_start           
20005678  __TI_static_base__             
20004cbb  __aeabi_memclr                 
20004cbb  __aeabi_memclr4                
20004cbb  __aeabi_memclr8                
20004b15  __aeabi_memcpy                 
20004b15  __aeabi_memcpy4                
20004b15  __aeabi_memcpy8                
20004cbd  __aeabi_memset                 
20004cbd  __aeabi_memset4                
20004cbd  __aeabi_memset8                
ffffffff  __binit__                      
ffffffff  __c_args__                     
2000512b  __mpu_init                     
2002f800  __stack                        
20005289  _args_main                     
20005049  _c_int00                       
2001782c  _lock                          
20005343  _nop                           
2000533b  _register_lock                 
20005335  _register_unlock               
20017000  _sys_memory                    
200053c5  _system_post_cinit             
200053c1  _system_pre_init               
20017830  _unlock                        
20004f25  abort                          
ffffffff  binit                          
20004f75  copy_in                        
20004f2d  exit                           
20017838  g_bFeedWatchdog                
20004000  g_pfnVectors                   
20017840  g_ucLED1Pin                    
20017841  g_ucLED2Pin                    
20017842  g_ucLED3Pin                    
20017820  g_uiLED1Port                   
20017824  g_uiLED2Port                   
20017828  g_uiLED3Port                   
2001783c  g_ulWatchdogCycles             
2000496f  main                           
20017834  main_func_sp                   
20004b15  memcpy                         
20004cc3  memset                         


GLOBAL SYMBOLS: SORTED BY Symbol Address 

address   name                           
-------   ----                           
00000800  __STACK_SIZE                   
00000800  __SYSMEM_SIZE                  
20004000  g_pfnVectors                   
2000443d  GPIO_IF_LedConfigure           
2000447b  GPIO_IF_LedOn                  
2000452f  GPIO_IF_LedOff                 
200045e3  GPIO_IF_LedStatus              
2000464d  GPIO_IF_LedToggle              
2000467b  GPIO_IF_GetPortNPin            
200046c1  GPIO_IF_ConfigureNIntEnable    
20004709  GPIO_IF_Set                    
2000474d  GPIO_IF_Get                    
2000479d  PRCMCC3200MCUInit              
20004915  WatchdogIntHandler             
2000496f  main                           
200049c5  IntDisable                     
20004a6d  IntEnable                      
20004b15  __aeabi_memcpy                 
20004b15  __aeabi_memcpy4                
20004b15  __aeabi_memcpy8                
20004b15  memcpy                         
20004bb1  PinConfigSet                   
20004c39  GPIOIntTypeSet                 
20004cbb  __aeabi_memclr                 
20004cbb  __aeabi_memclr4                
20004cbb  __aeabi_memclr8                
20004cbd  __aeabi_memset                 
20004cbd  __aeabi_memset4                
20004cbd  __aeabi_memset8                
20004cc3  memset                         
20004d35  __TI_auto_init                 
20004e0f  WDT_IF_Init                    
20004e4f  WDT_IF_DeInit                  
20004e75  PRCMPeripheralReset            
20004ecd  IntPrioritySet                 
20004f21  C$$EXIT                        
20004f25  abort                          
20004f2d  exit                           
20004f75  copy_in                        
20005009  PinModeSet                     
20005049  _c_int00                       
20005089  PRCMPeripheralClkEnable        
200050c5  GPIODirModeSet                 
200050fb  PinTypeGPIO                    
2000512b  __mpu_init                     
2000512d  PRCMSysResetCauseGet           
20005159  PRCMPeripheralClkDisable       
20005181  IntUnregister                  
200051a5  PinMuxConfig                   
200051c9  GPIOPinWrite                   
200051e9  IntRegister                    
20005209  GPIOIntRegister                
20005227  GPIOIntEnable                  
20005241  GPIOPinRead                    
20005259  WatchdogStallDisable           
20005271  WatchdogUnlock                 
20005289  _args_main                     
200052a1  PRCMHIBRegRead                 
200052b7  PRCMHIBRegWrite                
200052cd  WatchdogEnable                 
200052e3  WatchdogIntRegister            
200052f9  CPUcpsie                       
2000530d  GPIOIntClear                   
20005321  IntVTableBaseSet               
20005335  _register_unlock               
2000533b  _register_lock                 
20005343  _nop                           
20005349  WatchdogIntUnregister          
2000535b  WatchdogReloadSet              
2000536d  WatchdogRunning                
2000537f  WatchdogIntClear               
2000538f  __TI_decompress_none           
2000539d  ResetISR                       
200053ab  IntMasterEnable                
200053b5  UtilsDelay                     
200053bb  __TI_decompress_rle24          
200053c1  _system_pre_init               
200053c5  _system_post_cinit             
20005678  __TI_static_base__             
200056b4  __TI_Handler_Table_Base        
200056bc  __TI_CINIT_Base                
200056bc  __TI_Handler_Table_Limit       
200056cc  __TI_CINIT_Limit               
20017000  _sys_memory                    
20017814  __TI_cleanup_ptr               
20017818  __TI_dtors_ptr                 
2001781c  __TI_enable_exit_profile_output
20017820  g_uiLED1Port                   
20017824  g_uiLED2Port                   
20017828  g_uiLED3Port                   
2001782c  _lock                          
20017830  _unlock                        
20017834  main_func_sp                   
20017838  g_bFeedWatchdog                
2001783c  g_ulWatchdogCycles             
20017840  g_ucLED1Pin                    
20017841  g_ucLED2Pin                    
20017842  g_ucLED3Pin                    
2002f800  __stack                        
20030000  __STACK_END                    
ffffffff  __TI_pprof_out_hndl            
ffffffff  __TI_prof_data_size            
ffffffff  __TI_prof_data_start           
ffffffff  __binit__                      
ffffffff  __c_args__                     
ffffffff  binit                          
UNDEFED   SHT$$INIT_ARRAY$$Base          
UNDEFED   SHT$$INIT_ARRAY$$Limit         

[108 symbols]
