******************************************************************************
                  TI ARM Linker PC v15.12.3                    
******************************************************************************
>> Linked Tue Aug 23 17:37:43 2016

OUTPUT FILE NAME:   <http_client_demo.out>
ENTRY POINT SYMBOL: "_c_int00"  address: 2000d969


MEMORY CONFIGURATION

         name            origin    length      used     unused   attr    fill
----------------------  --------  ---------  --------  --------  ----  --------
  SRAM_CODE             20004000   00013000  0000a942  000086be  RW X
  SRAM_DATA             20017000   00019000  0000188b  00017775  RW X


SEGMENT ALLOCATION MAP

run origin  load origin   length   init length attrs members
----------  ----------- ---------- ----------- ----- -------
20004000    20004000    0000a944   0000a944    r-x
  20004000    20004000    00000400   00000400    r-- .intvecs
  20004400    20004400    00009e32   00009e32    r-x .text
  2000e234    2000e234    000006bc   000006bc    r-- .const
  2000e8f0    2000e8f0    00000054   00000054    r-- .cinit
20017000    20017000    0000108c   00000000    rw-
  20017000    20017000    00000800   00000000    rw- .sysmem
  20017800    20017800    000007a7   00000000    rw- .bss
  20017fa8    20017fa8    000000e4   00000000    rw- .data
2002f800    2002f800    00000800   00000000    rw-
  2002f800    2002f800    00000800   00000000    rw- .stack


SECTION ALLOCATION MAP

 output                                  attributes/
section   page    origin      length       input sections
--------  ----  ----------  ----------   ----------------
.intvecs   0    20004000    00000400     
                  20004000    00000400     startup_ccs.obj (.intvecs)

.init_array 
*          0    20004000    00000000     UNINITIALIZED

.text      0    20004400    00009e32     
                  20004400    000016b4     main.obj (.text)
                  20005ab4    000010fc     rtsv7M4_T_le_eabi.lib : _printfi.obj (.text)
                  20006bb0    00000fc4     webclient.a : httpcli.obj (.text)
                  20007b74    000005f0     json.a : jsmn.obj (.text)
                  20008164    00000590     simplelink.a : driver.obj (.text:_SlDrvMsgRead)
                  200086f4    000003dc     rtsv7M4_T_le_eabi.lib : memory.obj (.text)
                  20008ad0    000002ea     webclient.a : ssock.obj (.text)
                  20008dba    00000002     driverlib.a : interrupt.obj (.text:IntDefaultHandler)
                  20008dbc    00000280     uart_if.obj (.text)
                  2000903c    00000260     simplelink.a : wlan.obj (.text:sl_WlanConnect)
                  2000929c    000001fc                  : driver.obj (.text:_SlDrvRxHdrRead)
                  20009498    000001f4     rtsv7M4_T_le_eabi.lib : ull_div_t2.obj (.text)
                  2000968c    000001e4     simplelink.a : driver.obj (.text:_SlDrvDataReadOp)
                  20009870    000001d0                  : driver.obj (.text:_SlDrvReleasePoolObj)
                  20009a40    000001b6     rtsv7M4_T_le_eabi.lib : fd_add_t2.obj (.text)
                  20009bf6    00000002                           : mpu_init.obj (.text)
                  20009bf8    000001b4     simplelink.a : driver.obj (.text:_SlDrvDriverCBInit)
                  20009dac    0000019c                  : driver.obj (.text:_SlDrvMsgWrite)
                  20009f48    00000190                  : driver.obj (.text:_SlDrvWaitForPoolObj)
                  2000a0d8    00000178     driverlib.a : prcm.obj (.text:PRCMCC3200MCUInit)
                  2000a250    00000170     simplelink.a : driver.obj (.text:_SlFindAndSetActiveObj)
                  2000a3c0    0000016c                  : socket.obj (.text:sl_Connect)
                  2000a52c    00000150                  : driver.obj (.text:_SlDrvDataWriteOp)
                  2000a67c    00000148                  : cc_pal.obj (.text:spi_Open)
                  2000a7c4    00000136     rtsv7M4_T_le_eabi.lib : fd_div_t2.obj (.text)
                  2000a8fa    00000002                           : startup.obj (.text)
                  2000a8fc    0000012c     simplelink.a : netapp.obj (.text:sl_NetAppDnsGetHostByName)
                  2000aa28    00000128                  : driver.obj (.text:_SlDrvMsgReadCmdCtx)
                  2000ab50    00000124                  : driver.obj (.text:_SlDrvDriverCBDeinit)
                  2000ac74    00000118                  : socket.obj (.text:sl_Send)
                  2000ad8c    00000114     rtsv7M4_T_le_eabi.lib : strtoul.obj (.text)
                  2000aea0    00000104     simplelink.a : netapp.obj (.text:_SlDrvNetAppEventHandler)
                  2000afa4    000000fc     rtsv7M4_T_le_eabi.lib : fd_mul_t2.obj (.text)
                  2000b0a0    000000f0     simplelink.a : cc_pal.obj (.text:spi_Read)
                  2000b190    000000f0     driverlib.a : udma.obj (.text:uDMAChannelTransferSet)
                  2000b280    000000e8     simplelink.a : driver.obj (.text:_SlAsyncEventGenericHandler)
                  2000b368    000000e4                  : device.obj (.text:sl_Stop)
                  2000b44c    000000e0                  : device.obj (.text:sl_Start)
                  2000b52c    000000dc                  : driver.obj (.text:_SlDrvClassifyRxMsg)
                  2000b608    000000d4                  : driver.obj (.text:_SlDrvMsgReadSpawnCtx)
                  2000b6dc    000000d0     rtsv7M4_T_le_eabi.lib : s_scalbn.obj (.text)
                  2000b7ac    000000cc     simplelink.a : netapp.obj (.text:_sl_HandleAsync_DnsGetHostByService)
                  2000b878    000000c8                  : netapp.obj (.text:sl_NetAppMDNSRegisterUnregisterService)
                  2000b940    000000c4                  : driver.obj (.text:_SlRemoveFromList)
                  2000ba04    000000c0                  : driver.obj (.text:_SlDrvCmdOp)
                  2000bac4    000000b4                  : device.obj (.text:sl_DevGet)
                  2000bb78    000000a8     driverlib.a : interrupt.obj (.text:IntDisable)
                  2000bc20    000000a8                 : interrupt.obj (.text:IntEnable)
                  2000bcc8    000000a4     simplelink.a : driver.obj (.text:_SlDriverHandleError)
                  2000bd6c    000000a0     driverlib.a : spi.obj (.text:SPIConfigSetExpClk)
                  2000be0c    0000009c     rtsv7M4_T_le_eabi.lib : memcpy_t2.obj (.text)
                  2000bea8    0000009a     simplelink.a : device.obj (.text:_SlDrvDeviceEventHandler)
                  2000bf42    00000002     --HOLE-- [fill = 0]
                  2000bf44    00000098                  : cc_pal.obj (.text:spi_Write)
                  2000bfdc    00000094     driverlib.a : prcm.obj (.text:PRCMPeripheralClockGet)
                  2000c070    00000090     simplelink.a : netapp.obj (.text:_sl_HandleAsync_DnsGetHostByName)
                  2000c100    00000090                  : netapp.obj (.text:_sl_HandleAsync_PingResponse)
                  2000c190    0000008c                  : cc_pal.obj (.text:SetupDMAReceive)
                  2000c21c    0000008c                  : cc_pal.obj (.text:SetupDMASend)
                  2000c2a8    00000088     driverlib.a : pin.obj (.text:PinConfigSet)
                  2000c330    00000088     rtsv7M4_T_le_eabi.lib : vsnprintf.obj (.text)
                  2000c3b8    00000088     simplelink.a : socket.obj (.text:sl_Recv)
                  2000c440    00000086     rtsv7M4_T_le_eabi.lib : fd_cmp_t2.obj (.text:__aeabi_cdcmple)
                  2000c4c6    00000086                           : fd_cmp_t2.obj (.text:__aeabi_cdrcmple)
                  2000c54c    00000080     simplelink.a : socket.obj (.text:_sl_HandleAsync_Connect)
                  2000c5cc    00000080                  : device.obj (.text:_sl_HandleAsync_InitComplete)
                  2000c64c    00000080                  : cc_pal.obj (.text:spi_Read_CPU)
                  2000c6cc    00000080                  : cc_pal.obj (.text:spi_Write_CPU)
                  2000c74c    0000007c                  : netcfg.obj (.text:sl_NetCfgSet)
                  2000c7c8    0000007c                  : socket.obj (.text:sl_SetSockOpt)
                  2000c844    0000007c                  : wlan.obj (.text:sl_WlanSet)
                  2000c8c0    0000007a     rtsv7M4_T_le_eabi.lib : memset_t2.obj (.text)
                  2000c93a    00000002     --HOLE-- [fill = 0]
                  2000c93c    00000078     simplelink.a : nonos.obj (.text:_SlNonOsSemGet)
                  2000c9b4    00000078                  : wlan.obj (.text:sl_WlanPolicySet)
                  2000ca2c    00000078                  : cc_pal.obj (.text:spi_Close)
                  2000caa4    00000076     driverlib.a : uart.obj (.text:UARTConfigSetExpClk)
                  2000cb1a    00000002     --HOLE-- [fill = 0]
                  2000cb1c    00000074     simplelink.a : nonos.obj (.text:_SlNonOsMainLoopTask)
                  2000cb90    00000070     rtsv7M4_T_le_eabi.lib : autoinit.obj (.text)
                  2000cc00    00000070     simplelink.a : socket.obj (.text:sl_Socket)
                  2000cc70    0000006c                  : driver.obj (.text:_SlDrvCmdSend)
                  2000ccdc    0000006c                  : netapp.obj (.text:_sl_NetAppSendTokenValue)
                  2000cd48    0000006c                  : wlan.obj (.text:sl_WlanRxFilterSet)
                  2000cdb4    0000006a     rtsv7M4_T_le_eabi.lib : copy_decompress_rle.obj (.text)
                  2000ce1e    00000002     --HOLE-- [fill = 0]
                  2000ce20    00000064     simplelink.a : nonos.obj (.text:_SlNonOsSpawn)
                  2000ce84    00000064                  : socket.obj (.text:_sl_HandleAsync_Accept)
                  2000cee8    00000064     driverlib.a : udma.obj (.text:uDMAChannelAttributeDisable)
                  2000cf4c    00000064                 : udma.obj (.text:uDMAChannelAttributeEnable)
                  2000cfb0    00000060     rtsv7M4_T_le_eabi.lib : sprintf.obj (.text)
                  2000d010    0000005c                           : s_frexp.obj (.text)
                  2000d06c    00000058     driverlib.a : interrupt.obj (.text:IntPendClear)
                  2000d0c4    00000058                 : prcm.obj (.text:PRCMPeripheralReset)
                  2000d11c    00000056     rtsv7M4_T_le_eabi.lib : ltoa.obj (.text)
                  2000d172    00000002     --HOLE-- [fill = 0]
                  2000d174    00000054     driverlib.a : interrupt.obj (.text:IntPrioritySet)
                  2000d1c8    00000054     simplelink.a : driver.obj (.text:_SlDrvRxIrqHandler)
                  2000d21c    00000054                  : socket.obj (.text:_sl_HandleAsync_Select)
                  2000d270    00000054     rtsv7M4_T_le_eabi.lib : exit.obj (.text)
                  2000d2c4    00000050     simplelink.a : device.obj (.text:_sl_HandleAsync_Stop)
                  2000d314    0000004c     driverlib.a : spi.obj (.text:SPIIntEnable)
                  2000d360    0000004c                 : spi.obj (.text:SPIIntNumberGet)
                  2000d3ac    0000004c     simplelink.a : driver.obj (.text:_SlDrvProtectAsyncRespSetting)
                  2000d3f8    0000004c                  : socket.obj (.text:_sl_BuildAddress)
                  2000d444    0000004c     rtsv7M4_T_le_eabi.lib : atoi.obj (.text)
                  2000d490    0000004c                           : cpy_tbl.obj (.text)
                  2000d4dc    0000004c     driverlib.a : udma.obj (.text:uDMAChannelAssign)
                  2000d528    00000048                 : spi.obj (.text:SPIIntClear)
                  2000d570    00000048     simplelink.a : driver.obj (.text:_SlDrvBasicCmd)
                  2000d5b8    00000048     rtsv7M4_T_le_eabi.lib : fd_toi_t2.obj (.text)
                  2000d600    00000048     simplelink.a : netapp.obj (.text:sl_NetAppMDNSUnRegisterService)
                  2000d648    00000044     driverlib.a : spi.obj (.text:SPIDmaMaskGet)
                  2000d68c    00000044     simplelink.a : driver.obj (.text:_SlDrvHandleHttpServerEvents)
                  2000d6d0    00000044                  : driver.obj (.text:_SlDrvSyncObjWaitTimeout)
                  2000d714    00000044                  : cc_pal.obj (.text:cc_SetupTransfer)
                  2000d758    00000044                  : socket.obj (.text:sl_Close)
                  2000d79c    00000044                  : wlan.obj (.text:sl_WlanProfileDel)
                  2000d7e0    00000044                  : wlan.obj (.text:sl_WlanSetMode)
                  2000d824    00000042                  : socket.obj (.text:sl_Htonl)
                  2000d866    00000002     --HOLE-- [fill = 0]
                  2000d868    00000040     driverlib.a : pin.obj (.text:PinModeSet)
                  2000d8a8    00000040     simplelink.a : driver.obj (.text:_SlDrvHandleNetAppEvents)
                  2000d8e8    00000040                  : driver.obj (.text:_SlDrvHandleWlanEvents)
                  2000d928    00000040                  : socket.obj (.text:_sl_TruncatePayloadByProtocol)
                  2000d968    00000040     rtsv7M4_T_le_eabi.lib : boot.obj (.text)
                  2000d9a8    0000003e     simplelink.a : cc_pal.obj (.text:NwpRegisterInterruptHandler)
                  2000d9e6    0000003c                  : netapp.obj (.text:CopyPingResultsToReport)
                  2000da22    00000002     --HOLE-- [fill = 0]
                  2000da24    0000003c     driverlib.a : prcm.obj (.text:PRCMPeripheralClkEnable)
                  2000da60    0000003c     simplelink.a : socket.obj (.text:sl_Htons)
                  2000da9c    0000003c     driverlib.a : udma.obj (.text:uDMAChannelControlSet)
                  2000dad8    00000038     simplelink.a : cc_pal.obj (.text:NwpPowerOff)
                  2000db10    00000034     driverlib.a : prcm.obj (.text:PRCMPeripheralStatusGet)
                  2000db44    00000034                 : spi.obj (.text:SPIFIFOLevelSet)
                  2000db78    00000030                 : uart.obj (.text:UARTDisable)
                  2000dba8    0000002e     rtsv7M4_T_le_eabi.lib : i_tofd_t2.obj (.text)
                  2000dbd6    00000002     --HOLE-- [fill = 0]
                  2000dbd8    0000002c     driverlib.a : prcm.obj (.text:PRCMSysResetCauseGet)
                  2000dc04    0000002c     simplelink.a : driver.obj (.text:_SlDrvObjGlobalLockWaitForever)
                  2000dc30    0000002c                  : driver.obj (.text:_SlDrvProtectionObjLockWaitForever)
                  2000dc5c    00000028     driverlib.a : prcm.obj (.text:PRCMPeripheralClkDisable)
                  2000dc84    00000028     simplelink.a : driver.obj (.text:_SlDrvGlobalObjUnLock)
                  2000dcac    00000028                  : driver.obj (.text:_SlDrvProtectionObjUnLock)
                  2000dcd4    00000028                  : driver.obj (.text:_SlDrvSyncObjWaitForever)
                  2000dcfc    00000026     network_common.obj (.text)
                  2000dd22    00000026     rtsv7M4_T_le_eabi.lib : strncmp.obj (.text)
                  2000dd48    00000024     simplelink.a : cc_pal.obj (.text:DmaSpiSwIntHandler)
                  2000dd6c    00000024     driverlib.a : interrupt.obj (.text:IntUnregister)
                  2000dd90    00000024                 : uart.obj (.text:UARTEnable)
                  2000ddb4    00000024     simplelink.a : driver.obj (.text:_SlDrvObjLockWaitForever)
                  2000ddd8    00000024     rtsv7M4_T_le_eabi.lib : memmov.obj (.text)
                  2000ddfc    00000022     driverlib.a : spi.obj (.text:SPIReset)
                  2000de1e    00000022                 : spi.obj (.text:SPIWordCountSet)
                  2000de40    00000020                 : interrupt.obj (.text:IntRegister)
                  2000de60    00000020     simplelink.a : cc_pal.obj (.text:NwpPowerOn)
                  2000de80    00000020                  : driver.obj (.text:_SlDrvObjUnLock)
                  2000dea0    00000020                  : driver.obj (.text:_SlDrvSyncObjSignal)
                  2000dec0    00000020                  : wlan.obj (.text:sl_WlanDisconnect)
                  2000dee0    0000001e     driverlib.a : uart.obj (.text:UARTCharPut)
                  2000defe    0000001e     simplelink.a : cc_pal.obj (.text:cc_UDMAChannelSelect)
                  2000df1c    0000001c     driverlib.a : uart.obj (.text:UARTCharGetNonBlocking)
                  2000df38    0000001c     pinmux.obj (.text)
                  2000df54    0000001c     rtsv7M4_T_le_eabi.lib : memccpy.obj (.text)
                  2000df70    0000001c     driverlib.a : udma.obj (.text:uDMAChannelEnable)
                  2000df8c    0000001a                 : pin.obj (.text:PinTypeUART)
                  2000dfa6    0000001a                 : spi.obj (.text:SPIDmaDisable)
                  2000dfc0    0000001a                 : spi.obj (.text:SPIDmaEnable)
                  2000dfda    0000001a                 : spi.obj (.text:SPIFIFODisable)
                  2000dff4    0000001a                 : spi.obj (.text:SPIFIFOEnable)
                  2000e00e    0000001a                 : spi.obj (.text:SPIIntUnregister)
                  2000e028    00000018                 : spi.obj (.text:SPICSDisable)
                  2000e040    00000018                 : spi.obj (.text:SPICSEnable)
                  2000e058    00000018                 : spi.obj (.text:SPIDisable)
                  2000e070    00000018                 : spi.obj (.text:SPIEnable)
                  2000e088    00000018                 : uart.obj (.text:UARTCharsAvail)
                  2000e0a0    00000018     simplelink.a : nonos.obj (.text:_SlNonOsSemSet)
                  2000e0b8    00000018                  : device.obj (.text:_sl_GetStartResponseConvert)
                  2000e0d0    00000018     rtsv7M4_T_le_eabi.lib : args_main.obj (.text)
                  2000e0e8    00000018                           : strcmp.obj (.text)
                  2000e100    00000016     driverlib.a : prcm.obj (.text:PRCMHIBRegRead)
                  2000e116    00000016                 : prcm.obj (.text:PRCMHIBRegWrite)
                  2000e12c    00000016     simplelink.a : driver.obj (.text:_SlDrvMemZero)
                  2000e142    00000016     rtsv7M4_T_le_eabi.lib : strchr.obj (.text)
                  2000e158    00000014     driverlib.a : cpu.obj (.text:CPUcpsie)
                  2000e16c    00000014                 : interrupt.obj (.text:IntVTableBaseSet)
                  2000e180    00000014     rtsv7M4_T_le_eabi.lib : _lock.obj (.text)
                  2000e194    00000014                           : strcpy.obj (.text)
                  2000e1a8    00000014                           : strlen.obj (.text)
                  2000e1bc    00000010     simplelink.a : driver.obj (.text:_SlDrvDispatchHttpServerEvents)
                  2000e1cc    0000000e                  : driver.obj (.text:_SlDrvResetCmdExt)
                  2000e1da    0000000e     rtsv7M4_T_le_eabi.lib : copy_decompress_none.obj (.text:decompress:none)
                  2000e1e8    0000000e     startup_ccs.obj (.text)
                  2000e1f6    00000002     --HOLE-- [fill = 0]
                  2000e1f8    0000000c     simplelink.a : cc_pal.obj (.text:NwpMaskInterrupt)
                  2000e204    0000000c                  : cc_pal.obj (.text:NwpUnMaskInterrupt)
                  2000e210    0000000a     driverlib.a : interrupt.obj (.text:IntMasterEnable)
                  2000e21a    00000008     rtsv7M4_T_le_eabi.lib : s_copysign.obj (.text)
                  2000e222    00000006     driverlib.a : utils.obj (.text:UtilsDelay)
                  2000e228    00000006     rtsv7M4_T_le_eabi.lib : copy_decompress_rle.obj (.text:decompress:rle24)
                  2000e22e    00000004                           : pre_init.obj (.text)

.const     0    2000e234    000006bc     
                  2000e234    00000101     rtsv7M4_T_le_eabi.lib : ctype.obj (.const:.string:_ctypes_)
                  2000e335    00000003     --HOLE-- [fill = 0]
                  2000e338    00000100     driverlib.a : pin.obj (.const:g_ulPinToPadMap)
                  2000e438    000000d4                 : interrupt.obj (.const:g_pulRegs)
                  2000e50c    000000a8                 : prcm.obj (.const:PRCM_PeriphRegsList)
                  2000e5b4    0000003c     simplelink.a : driver.obj (.const:OpcodeTranslateTable)
                  2000e5f0    0000003c                  : wlan.obj (.const)
                  2000e62c    00000038                  : driver.obj (.const:_SlActionLookupTable)
                  2000e664    00000038                  : driver.obj (.const)
                  2000e69c    00000034                  : socket.obj (.const)
                  2000e6d0    0000002c     main.obj (.const:$P$T1$2)
                  2000e6fc    00000028     simplelink.a : netapp.obj (.const)
                  2000e724    00000024     driverlib.a : spi.obj (.const:g_ppulSPIIntMap)
                  2000e748    00000022     main.obj (.const:.string:$P$T0$1)
                  2000e76a    00000002     --HOLE-- [fill = 0]
                  2000e76c    00000020     main.obj (.const:$P$T6$7)
                  2000e78c    00000020     main.obj (.const:$P$T8$9)
                  2000e7ac    00000020     main.obj (.const:$P$T9$10)
                  2000e7cc    0000001c     simplelink.a : device.obj (.const)
                  2000e7e8    00000018     main.obj (.const:$P$T7$8)
                  2000e800    00000018     driverlib.a : interrupt.obj (.const:g_pulDisRegs)
                  2000e818    00000018                 : interrupt.obj (.const:g_pulEnRegs)
                  2000e830    00000018                 : interrupt.obj (.const:g_pulUnpendRegs)
                  2000e848    00000018                 : spi.obj (.const:g_ulSPIDmaMaskMap)
                  2000e860    00000014     main.obj (.const:$P$T2$3)
                  2000e874    00000014     main.obj (.const:.string:$P$T11$12)
                  2000e888    00000012     main.obj (.const:.string:$P$T5$6)
                  2000e89a    00000010     simplelink.a : socket.obj (.const:.string)
                  2000e8aa    00000002     --HOLE-- [fill = 0]
                  2000e8ac    00000010     webclient.a : httpcli.obj (.const)
                  2000e8bc    0000000c     main.obj (.const:$P$T4$5)
                  2000e8c8    0000000c     main.obj (.const:.string:$P$T10$11)
                  2000e8d4    0000000c     main.obj (.const:.string:$P$T3$4)
                  2000e8e0    00000008     webclient.a : httpcli.obj (.const:.string)
                  2000e8e8    00000008     simplelink.a : netcfg.obj (.const)

.cinit     0    2000e8f0    00000054     
                  2000e8f0    0000002a     (.cinit..data.load) [load image, compression = rle]
                  2000e91a    00000006     --HOLE-- [fill = 0]
                  2000e920    0000000b     (.cinit..bss.load) [load image, compression = rle]
                  2000e92b    00000001     --HOLE-- [fill = 0]
                  2000e92c    00000008     (__TI_handler_table)
                  2000e934    00000010     (__TI_cinit_table)

.sysmem    0    20017000    00000800     UNINITIALIZED
                  20017000    00000008     rtsv7M4_T_le_eabi.lib : memory.obj (.sysmem)
                  20017008    000007f8     --HOLE--

.bss       0    20017800    000007a7     UNINITIALIZED
                  20017800    000005b8     (.common:g_buff)
                  20017db8    00000168     simplelink.a : driver.obj (.bss:g_StatMem)
                  20017f20    00000050                  : cc_pal.obj (.bss:g_ucDinDout)
                  20017f70    00000024     (.common:g_ucConnectionSSID)
                  20017f94    00000008     (.common:g_ucConnectionBSSID)
                  20017f9c    00000004     uart_if.obj (.bss)
                  20017fa0    00000004     (.common:g_ulDestinationIP)
                  20017fa4    00000001     (.common:RxIrqCnt)
                  20017fa5    00000001     (.common:g_bDeviceRestartIsRequired)
                  20017fa6    00000001     (.common:g_cDummy)

.data      0    20017fa8    000000e4     UNINITIALIZED
                  20017fa8    00000048     webclient.a : httpcli.obj (.data:tlsParams)
                  20017ff0    0000003c     simplelink.a : nonos.obj (.data:g__SlNonOsCB)
                  2001802c    00000010     webclient.a : httpcli.obj (.data)
                  2001803c    0000000d     simplelink.a : driver.obj (.data)
                  20018049    00000003     --HOLE--
                  2001804c    0000000c     rtsv7M4_T_le_eabi.lib : exit.obj (.data:$O1$$)
                  20018058    0000000c                           : memory.obj (.data:$O1$$)
                  20018064    0000000c     main.obj (.data)
                  20018070    00000009     simplelink.a : cc_pal.obj (.data)
                  20018079    00000003     --HOLE--
                  2001807c    00000008     rtsv7M4_T_le_eabi.lib : _lock.obj (.data:$O1$$)
                  20018084    00000004                           : errno.obj (.data)
                  20018088    00000004                           : stkdepth_vars.obj (.data)

.stack     0    2002f800    00000800     UNINITIALIZED
                  2002f800    00000800     --HOLE--

MODULE SUMMARY

       Module                     code    ro data   rw data
       ------                     ----    -------   -------
    .\
       main.obj                   5812    292       1524   
       startup_ccs.obj            14      1024      0      
       uart_if.obj                640     0         4      
       network_common.obj         38      0         0      
       pinmux.obj                 28      0         0      
    +--+--------------------------+-------+---------+---------+
       Total:                     6532    1316      1528   
                                                           
    C:/TI/CC3200SDK_1.2.0/cc3200-sdk/driverlib/ccs/Release/driverlib.a
       prcm.obj                   852     168       0      
       interrupt.obj              608     284       0      
       spi.obj                    798     60        0      
       udma.obj                   604     0         0      
       pin.obj                    226     256       0      
       uart.obj                   284     0         0      
       cpu.obj                    20      0         0      
       utils.obj                  6       0         0      
    +--+--------------------------+-------+---------+---------+
       Total:                     3398    768       0      
                                                           
    C:/TI/CC3200SDK_1.2.0/cc3200-sdk/netapps/http/client/ccs/HTTPClientMinLib/webclient.a
       httpcli.obj                4036    24        88     
       ssock.obj                  746     0         0      
    +--+--------------------------+-------+---------+---------+
       Total:                     4782    24        88     
                                                           
    C:/TI/CC3200SDK_1.2.0/cc3200-sdk/netapps/json/ccs/Release/json.a
       jsmn.obj                   1520    0         0      
    +--+--------------------------+-------+---------+---------+
       Total:                     1520    0         0      
                                                           
    C:/TI/CC3200SDK_1.2.0/cc3200-sdk/simplelink/ccs/NON_OS/simplelink.a
       driver.obj                 7600    172       375    
       cc_pal.obj                 1684    0         90     
       socket.obj                 1662    68        0      
       netapp.obj                 1492    40        0      
       wlan.obj                   1128    60        0      
       device.obj                 1018    28        0      
       nonos.obj                  360     0         60     
       netcfg.obj                 124     8         0      
    +--+--------------------------+-------+---------+---------+
       Total:                     15068   376       525    
                                                           
    C:\TI\ccsv6\tools\compiler\arm_15.12.3.LTS\lib\rtsv7M4_T_le_eabi.lib
       _printfi.obj               4348    0         0      
       memory.obj                 988     0         12     
       ull_div_t2.obj             500     0         0      
       fd_add_t2.obj              438     0         0      
       fd_div_t2.obj              310     0         0      
       strtoul.obj                276     0         0      
       fd_cmp_t2.obj              268     0         0      
       ctype.obj                  0       257       0      
       fd_mul_t2.obj              252     0         0      
       s_scalbn.obj               208     0         0      
       memcpy_t2.obj              156     0         0      
       vsnprintf.obj              136     0         0      
       memset_t2.obj              122     0         0      
       autoinit.obj               112     0         0      
       copy_decompress_rle.obj    112     0         0      
       exit.obj                   84      0         12     
       sprintf.obj                96      0         0      
       s_frexp.obj                92      0         0      
       ltoa.obj                   86      0         0      
       atoi.obj                   76      0         0      
       cpy_tbl.obj                76      0         0      
       fd_toi_t2.obj              72      0         0      
       boot.obj                   64      0         0      
       i_tofd_t2.obj              46      0         0      
       strncmp.obj                38      0         0      
       memmov.obj                 36      0         0      
       _lock.obj                  20      0         8      
       memccpy.obj                28      0         0      
       args_main.obj              24      0         0      
       strcmp.obj                 24      0         0      
       strchr.obj                 22      0         0      
       strcpy.obj                 20      0         0      
       strlen.obj                 20      0         0      
       copy_decompress_none.obj   14      0         0      
       s_copysign.obj             8       0         0      
       errno.obj                  0       0         4      
       pre_init.obj               4       0         0      
       stkdepth_vars.obj          0       0         4      
       mpu_init.obj               2       0         0      
       startup.obj                2       0         0      
    +--+--------------------------+-------+---------+---------+
       Total:                     9180    257       40     
                                                           
       Heap:                      0       0         2048   
       Stack:                     0       0         2048   
       Linker Generated:          0       77        0      
    +--+--------------------------+-------+---------+---------+
       Grand Total:               40480   2818      6277   


LINKER GENERATED COPY TABLES

__TI_cinit_table @ 2000e934 records: 2, size/record: 8, table size: 16
	.data: load addr=2000e8f0, load size=0000002a bytes, run addr=20017fa8, run size=000000e4 bytes, compression=rle
	.bss: load addr=2000e920, load size=0000000b bytes, run addr=20017800, run size=000007a7 bytes, compression=rle


LINKER GENERATED HANDLER TABLE

__TI_handler_table @ 2000e92c records: 2, size/record: 4, table size: 8
	index: 0, handler: __TI_decompress_rle24
	index: 1, handler: __TI_decompress_none


GLOBAL SYMBOLS: SORTED ALPHABETICALLY BY Name 

address   name                                  
-------   ----                                  
2000d271  C$$EXIT                               
2000e159  CPUcpsie                              
20008dfd  ClearTerm                             
2000dd49  DmaSpiSwIntHandler                    
20008e07  Error                                 
20008e3f  GetCmd                                
200074db  HTTPCli_connect                       
200075fd  HTTPCli_construct                     
20007645  HTTPCli_create                        
2000765d  HTTPCli_delete                        
20007693  HTTPCli_destruct                      
200076db  HTTPCli_disconnect                    
20007911  HTTPCli_getResponseField              
200078db  HTTPCli_getResponseStatus             
200073cd  HTTPCli_initSockAddr                  
20007b21  HTTPCli_readRawResponseBody           
20007a95  HTTPCli_readResponseBody              
2000784b  HTTPCli_sendField                     
2000777d  HTTPCli_sendRequest                   
200078a3  HTTPCli_sendRequestBody               
20007b61  HTTPCli_setProxy                      
20007711  HTTPCli_setRequestFields              
20007737  HTTPCli_setResponseFields             
2000775d  HTTPCli_setSecureParams               
20008dbd  InitTerm                              
2000bb79  IntDisable                            
2000bc21  IntEnable                             
2000e211  IntMasterEnable                       
2000d06d  IntPendClear                          
2000d175  IntPrioritySet                        
2000de41  IntRegister                           
2000dd6d  IntUnregister                         
2000e16d  IntVTableBaseSet                      
20008ddb  Message                               
2000e1f9  NwpMaskInterrupt                      
2000dad9  NwpPowerOff                           
2000de61  NwpPowerOn                            
2000d9a9  NwpRegisterInterruptHandler           
2000e205  NwpUnMaskInterrupt                    
2000e5b4  OpcodeTranslateTable                  
2000a0d9  PRCMCC3200MCUInit                     
2000e101  PRCMHIBRegRead                        
2000e117  PRCMHIBRegWrite                       
2000dc5d  PRCMPeripheralClkDisable              
2000da25  PRCMPeripheralClkEnable               
2000bfdd  PRCMPeripheralClockGet                
2000d0c5  PRCMPeripheralReset                   
2000db11  PRCMPeripheralStatusGet               
2000dbd9  PRCMSysResetCauseGet                  
20004d8b  ParseJSONData                         
2000c2a9  PinConfigSet                          
2000d869  PinModeSet                            
2000df39  PinMuxConfig                          
2000df8d  PinTypeUART                           
20008f7d  Report                                
2000e1e9  ResetISR                              
20017fa4  RxIrqCnt                              
UNDEFED   SHT$$INIT_ARRAY$$Base                 
UNDEFED   SHT$$INIT_ARRAY$$Limit                
2000e029  SPICSDisable                          
2000e041  SPICSEnable                           
2000bd6d  SPIConfigSetExpClk                    
2000e059  SPIDisable                            
2000dfa7  SPIDmaDisable                         
2000dfc1  SPIDmaEnable                          
2000e071  SPIEnable                             
2000dfdb  SPIFIFODisable                        
2000dff5  SPIFIFOEnable                         
2000db45  SPIFIFOLevelSet                       
2000d529  SPIIntClear                           
2000d315  SPIIntEnable                          
2000e00f  SPIIntUnregister                      
2000ddfd  SPIReset                              
2000de1f  SPIWordCountSet                       
200045c9  SimpleLinkGeneralEventHandler         
200045a1  SimpleLinkHttpServerCallback          
20004509  SimpleLinkNetAppEventHandler          
200045df  SimpleLinkSockEventHandler            
20004401  SimpleLinkWlanEventHandler            
20008ae9  Ssock_construct                       
20008b29  Ssock_create                          
20008b43  Ssock_delete                          
20008b6b  Ssock_destruct                        
20008bbd  Ssock_getSocket                       
20008bcb  Ssock_recv                            
20008c25  Ssock_recvall                         
20008c69  Ssock_send                            
20008d83  Ssock_startSecure                     
20008ee5  TrimSpace                             
2000df1d  UARTCharGetNonBlocking                
2000dee1  UARTCharPut                           
2000e089  UARTCharsAvail                        
2000caa5  UARTConfigSetExpClk                   
2000db79  UARTDisable                           
2000dd91  UARTEnable                            
2000e223  UtilsDelay                            
2000e62c  _SlActionLookupTable                  
2000bcc9  _SlDriverHandleError                  
2000d571  _SlDrvBasicCmd                        
2000ba05  _SlDrvCmdOp                           
2000cc71  _SlDrvCmdSend                         
2000968d  _SlDrvDataReadOp                      
2000a52d  _SlDrvDataWriteOp                     
2000bea9  _SlDrvDeviceEventHandler              
2000e1bd  _SlDrvDispatchHttpServerEvents        
2000ab51  _SlDrvDriverCBDeinit                  
20009bf9  _SlDrvDriverCBInit                    
2000dc85  _SlDrvGlobalObjUnLock                 
2000d68d  _SlDrvHandleHttpServerEvents          
2000d8a9  _SlDrvHandleNetAppEvents              
2000d8e9  _SlDrvHandleWlanEvents                
2000e12d  _SlDrvMemZero                         
2000b609  _SlDrvMsgReadSpawnCtx                 
2000aea1  _SlDrvNetAppEventHandler              
2000ddb5  _SlDrvObjLockWaitForever              
2000de81  _SlDrvObjUnLock                       
2000d3ad  _SlDrvProtectAsyncRespSetting         
2000dc31  _SlDrvProtectionObjLockWaitForever    
2000dcad  _SlDrvProtectionObjUnLock             
20009871  _SlDrvReleasePoolObj                  
2000e1cd  _SlDrvResetCmdExt                     
2000d1c9  _SlDrvRxIrqHandler                    
2000dea1  _SlDrvSyncObjSignal                   
2000dcd5  _SlDrvSyncObjWaitForever              
2000d6d1  _SlDrvSyncObjWaitTimeout              
20009f49  _SlDrvWaitForPoolObj                  
2000e718  _SlNetAppSendTokenValueCmdCtrl        
2000cb1d  _SlNonOsMainLoopTask                  
2000c93d  _SlNonOsSemGet                        
2000e0a1  _SlNonOsSemSet                        
2000ce21  _SlNonOsSpawn                         
20030000  __STACK_END                           
00000800  __STACK_SIZE                          
00000800  __SYSMEM_SIZE                         
2000e934  __TI_CINIT_Base                       
2000e944  __TI_CINIT_Limit                      
2000e92c  __TI_Handler_Table_Base               
2000e934  __TI_Handler_Table_Limit              
2000cb91  __TI_auto_init                        
2001804c  __TI_cleanup_ptr                      
2000e1db  __TI_decompress_none                  
2000e229  __TI_decompress_rle24                 
20018050  __TI_dtors_ptr                        
20018054  __TI_enable_exit_profile_output       
ffffffff  __TI_pprof_out_hndl                   
200068ab  __TI_printfi                          
ffffffff  __TI_prof_data_size                   
ffffffff  __TI_prof_data_start                  
2000e8f0  __TI_static_base__                    
2000c441  __aeabi_cdcmpeq                       
2000c441  __aeabi_cdcmple                       
2000c4c7  __aeabi_cdrcmple                      
2000d5b9  __aeabi_d2iz                          
20009a4b  __aeabi_dadd                          
2000a7c5  __aeabi_ddiv                          
2000afa5  __aeabi_dmul                          
20009a41  __aeabi_dsub                          
2000dba9  __aeabi_i2d                           
2000c8c1  __aeabi_memclr                        
2000c8c1  __aeabi_memclr4                       
2000c8c1  __aeabi_memclr8                       
2000be0d  __aeabi_memcpy                        
2000be0d  __aeabi_memcpy4                       
2000be0d  __aeabi_memcpy8                       
2000c8c3  __aeabi_memset                        
2000c8c3  __aeabi_memset4                       
2000c8c3  __aeabi_memset8                       
20009499  __aeabi_uldivmod                      
ffffffff  __binit__                             
ffffffff  __c_args__                            
20009bf7  __mpu_init                            
2002f800  __stack                               
2000e0d1  _args_main                            
2000d969  _c_int00                              
2000e234  _ctypes_                              
2001807c  _lock                                 
2000e18f  _nop                                  
2000e187  _register_lock                        
2000e181  _register_unlock                      
2000ce85  _sl_HandleAsync_Accept                
2000c54d  _sl_HandleAsync_Connect               
2000c071  _sl_HandleAsync_DnsGetHostByName      
2000b7ad  _sl_HandleAsync_DnsGetHostByService   
2000c5cd  _sl_HandleAsync_InitComplete          
2000c101  _sl_HandleAsync_PingResponse          
2000d21d  _sl_HandleAsync_Select                
2000d2c5  _sl_HandleAsync_Stop                  
2000ccdd  _sl_NetAppSendTokenValue              
20017000  _sys_memory                           
2000a8fb  _system_post_cinit                    
2000e22f  _system_pre_init                      
20018080  _unlock                               
2000d275  abort                                 
2000d445  atoi                                  
ffffffff  binit                                 
20006bf7  bufferedRecv                          
2001806c  bytesReceived                         
20008a9d  calloc                                
2000d491  copy_in                               
2000e21b  copysign                              
2000e21b  copysignl                             
20018084  errno                                 
2000d27d  exit                                  
200087eb  free                                  
2000d011  frexp                                 
2000d011  frexpl                                
20018070  g_SpiFd                               
20017ff0  g__SlNonOsCB                          
20017fa5  g_bDeviceRestartIsRequired            
20017800  g_buff                                
20017fa6  g_cDummy                              
20018040  g_pCB                                 
20018074  g_pHostIntHdl                         
20004000  g_pfnVectors                          
20017f94  g_ucConnectionBSSID                   
20017f70  g_ucConnectionSSID                    
20018078  g_ucDMAEnabled                        
20017f20  g_ucDinDout                           
20017fa0  g_ulDestinationIP                     
20018068  g_ulGatewayIP                         
20018064  g_ulStatus                            
20008147  jsmn_init                             
20007e35  jsmn_parse                            
2000b6dd  ldexp                                 
2000b6dd  ldexpl                                
2000d11d  ltoa                                  
200057d5  main                                  
20018088  main_func_sp                          
20008783  malloc                                
200089b9  memalign                              
2000df55  memccpy                               
2000be0d  memcpy                                
2000ddd9  memmove                               
2000c8c9  memset                                
200086f5  minit                                 
20018044  pPingCallBackFunc                     
200088ad  realloc                               
2000b6dd  scalbn                                
2000b6dd  scalbnl                               
2000d759  sl_Close                              
2000a3c1  sl_Connect                            
2000bac5  sl_DevGet                             
2000d825  sl_Htonl                              
2000da61  sl_Htons                              
2000a8fd  sl_NetAppDnsGetHostByName             
2000b879  sl_NetAppMDNSRegisterUnregisterService
2000d601  sl_NetAppMDNSUnRegisterService        
2000c74d  sl_NetCfgSet                          
2000dcfd  sl_Provisioning_HttpServerEventHdl    
2000dd0b  sl_Provisioning_NetAppEventHdl        
2000dd17  sl_Provisioning_WlanEventHdl          
2000c3b9  sl_Recv                               
2000ac75  sl_Send                               
2000c7c9  sl_SetSockOpt                         
2000cc01  sl_Socket                             
2000b44d  sl_Start                              
2000b369  sl_Stop                               
2000903d  sl_WlanConnect                        
2000dec1  sl_WlanDisconnect                     
2000c9b5  sl_WlanPolicySet                      
2000d79d  sl_WlanProfileDel                     
2000cd49  sl_WlanRxFilterSet                    
2000c845  sl_WlanSet                            
2000d7e1  sl_WlanSetMode                        
2000ca2d  spi_Close                             
2000a67d  spi_Open                              
2000b0a1  spi_Read                              
2000bf45  spi_Write                             
2000cfb1  sprintf                               
2000e143  strchr                                
2000e0e9  strcmp                                
2000e195  strcpy                                
2000e1a9  strlen                                
2000dd23  strncmp                               
2000ad8d  strtoul                               
2000d4dd  uDMAChannelAssign                     
2000cee9  uDMAChannelAttributeDisable           
2000cf4d  uDMAChannelAttributeEnable            
2000da9d  uDMAChannelControlSet                 
2000df71  uDMAChannelEnable                     
2000b191  uDMAChannelTransferSet                
2000c331  vsnprintf                             


GLOBAL SYMBOLS: SORTED BY Symbol Address 

address   name                                  
-------   ----                                  
00000800  __STACK_SIZE                          
00000800  __SYSMEM_SIZE                         
20004000  g_pfnVectors                          
20004401  SimpleLinkWlanEventHandler            
20004509  SimpleLinkNetAppEventHandler          
200045a1  SimpleLinkHttpServerCallback          
200045c9  SimpleLinkGeneralEventHandler         
200045df  SimpleLinkSockEventHandler            
20004d8b  ParseJSONData                         
200057d5  main                                  
200068ab  __TI_printfi                          
20006bf7  bufferedRecv                          
200073cd  HTTPCli_initSockAddr                  
200074db  HTTPCli_connect                       
200075fd  HTTPCli_construct                     
20007645  HTTPCli_create                        
2000765d  HTTPCli_delete                        
20007693  HTTPCli_destruct                      
200076db  HTTPCli_disconnect                    
20007711  HTTPCli_setRequestFields              
20007737  HTTPCli_setResponseFields             
2000775d  HTTPCli_setSecureParams               
2000777d  HTTPCli_sendRequest                   
2000784b  HTTPCli_sendField                     
200078a3  HTTPCli_sendRequestBody               
200078db  HTTPCli_getResponseStatus             
20007911  HTTPCli_getResponseField              
20007a95  HTTPCli_readResponseBody              
20007b21  HTTPCli_readRawResponseBody           
20007b61  HTTPCli_setProxy                      
20007e35  jsmn_parse                            
20008147  jsmn_init                             
200086f5  minit                                 
20008783  malloc                                
200087eb  free                                  
200088ad  realloc                               
200089b9  memalign                              
20008a9d  calloc                                
20008ae9  Ssock_construct                       
20008b29  Ssock_create                          
20008b43  Ssock_delete                          
20008b6b  Ssock_destruct                        
20008bbd  Ssock_getSocket                       
20008bcb  Ssock_recv                            
20008c25  Ssock_recvall                         
20008c69  Ssock_send                            
20008d83  Ssock_startSecure                     
20008dbd  InitTerm                              
20008ddb  Message                               
20008dfd  ClearTerm                             
20008e07  Error                                 
20008e3f  GetCmd                                
20008ee5  TrimSpace                             
20008f7d  Report                                
2000903d  sl_WlanConnect                        
20009499  __aeabi_uldivmod                      
2000968d  _SlDrvDataReadOp                      
20009871  _SlDrvReleasePoolObj                  
20009a41  __aeabi_dsub                          
20009a4b  __aeabi_dadd                          
20009bf7  __mpu_init                            
20009bf9  _SlDrvDriverCBInit                    
20009f49  _SlDrvWaitForPoolObj                  
2000a0d9  PRCMCC3200MCUInit                     
2000a3c1  sl_Connect                            
2000a52d  _SlDrvDataWriteOp                     
2000a67d  spi_Open                              
2000a7c5  __aeabi_ddiv                          
2000a8fb  _system_post_cinit                    
2000a8fd  sl_NetAppDnsGetHostByName             
2000ab51  _SlDrvDriverCBDeinit                  
2000ac75  sl_Send                               
2000ad8d  strtoul                               
2000aea1  _SlDrvNetAppEventHandler              
2000afa5  __aeabi_dmul                          
2000b0a1  spi_Read                              
2000b191  uDMAChannelTransferSet                
2000b369  sl_Stop                               
2000b44d  sl_Start                              
2000b609  _SlDrvMsgReadSpawnCtx                 
2000b6dd  ldexp                                 
2000b6dd  ldexpl                                
2000b6dd  scalbn                                
2000b6dd  scalbnl                               
2000b7ad  _sl_HandleAsync_DnsGetHostByService   
2000b879  sl_NetAppMDNSRegisterUnregisterService
2000ba05  _SlDrvCmdOp                           
2000bac5  sl_DevGet                             
2000bb79  IntDisable                            
2000bc21  IntEnable                             
2000bcc9  _SlDriverHandleError                  
2000bd6d  SPIConfigSetExpClk                    
2000be0d  __aeabi_memcpy                        
2000be0d  __aeabi_memcpy4                       
2000be0d  __aeabi_memcpy8                       
2000be0d  memcpy                                
2000bea9  _SlDrvDeviceEventHandler              
2000bf45  spi_Write                             
2000bfdd  PRCMPeripheralClockGet                
2000c071  _sl_HandleAsync_DnsGetHostByName      
2000c101  _sl_HandleAsync_PingResponse          
2000c2a9  PinConfigSet                          
2000c331  vsnprintf                             
2000c3b9  sl_Recv                               
2000c441  __aeabi_cdcmpeq                       
2000c441  __aeabi_cdcmple                       
2000c4c7  __aeabi_cdrcmple                      
2000c54d  _sl_HandleAsync_Connect               
2000c5cd  _sl_HandleAsync_InitComplete          
2000c74d  sl_NetCfgSet                          
2000c7c9  sl_SetSockOpt                         
2000c845  sl_WlanSet                            
2000c8c1  __aeabi_memclr                        
2000c8c1  __aeabi_memclr4                       
2000c8c1  __aeabi_memclr8                       
2000c8c3  __aeabi_memset                        
2000c8c3  __aeabi_memset4                       
2000c8c3  __aeabi_memset8                       
2000c8c9  memset                                
2000c93d  _SlNonOsSemGet                        
2000c9b5  sl_WlanPolicySet                      
2000ca2d  spi_Close                             
2000caa5  UARTConfigSetExpClk                   
2000cb1d  _SlNonOsMainLoopTask                  
2000cb91  __TI_auto_init                        
2000cc01  sl_Socket                             
2000cc71  _SlDrvCmdSend                         
2000ccdd  _sl_NetAppSendTokenValue              
2000cd49  sl_WlanRxFilterSet                    
2000ce21  _SlNonOsSpawn                         
2000ce85  _sl_HandleAsync_Accept                
2000cee9  uDMAChannelAttributeDisable           
2000cf4d  uDMAChannelAttributeEnable            
2000cfb1  sprintf                               
2000d011  frexp                                 
2000d011  frexpl                                
2000d06d  IntPendClear                          
2000d0c5  PRCMPeripheralReset                   
2000d11d  ltoa                                  
2000d175  IntPrioritySet                        
2000d1c9  _SlDrvRxIrqHandler                    
2000d21d  _sl_HandleAsync_Select                
2000d271  C$$EXIT                               
2000d275  abort                                 
2000d27d  exit                                  
2000d2c5  _sl_HandleAsync_Stop                  
2000d315  SPIIntEnable                          
2000d3ad  _SlDrvProtectAsyncRespSetting         
2000d445  atoi                                  
2000d491  copy_in                               
2000d4dd  uDMAChannelAssign                     
2000d529  SPIIntClear                           
2000d571  _SlDrvBasicCmd                        
2000d5b9  __aeabi_d2iz                          
2000d601  sl_NetAppMDNSUnRegisterService        
2000d68d  _SlDrvHandleHttpServerEvents          
2000d6d1  _SlDrvSyncObjWaitTimeout              
2000d759  sl_Close                              
2000d79d  sl_WlanProfileDel                     
2000d7e1  sl_WlanSetMode                        
2000d825  sl_Htonl                              
2000d869  PinModeSet                            
2000d8a9  _SlDrvHandleNetAppEvents              
2000d8e9  _SlDrvHandleWlanEvents                
2000d969  _c_int00                              
2000d9a9  NwpRegisterInterruptHandler           
2000da25  PRCMPeripheralClkEnable               
2000da61  sl_Htons                              
2000da9d  uDMAChannelControlSet                 
2000dad9  NwpPowerOff                           
2000db11  PRCMPeripheralStatusGet               
2000db45  SPIFIFOLevelSet                       
2000db79  UARTDisable                           
2000dba9  __aeabi_i2d                           
2000dbd9  PRCMSysResetCauseGet                  
2000dc31  _SlDrvProtectionObjLockWaitForever    
2000dc5d  PRCMPeripheralClkDisable              
2000dc85  _SlDrvGlobalObjUnLock                 
2000dcad  _SlDrvProtectionObjUnLock             
2000dcd5  _SlDrvSyncObjWaitForever              
2000dcfd  sl_Provisioning_HttpServerEventHdl    
2000dd0b  sl_Provisioning_NetAppEventHdl        
2000dd17  sl_Provisioning_WlanEventHdl          
2000dd23  strncmp                               
2000dd49  DmaSpiSwIntHandler                    
2000dd6d  IntUnregister                         
2000dd91  UARTEnable                            
2000ddb5  _SlDrvObjLockWaitForever              
2000ddd9  memmove                               
2000ddfd  SPIReset                              
2000de1f  SPIWordCountSet                       
2000de41  IntRegister                           
2000de61  NwpPowerOn                            
2000de81  _SlDrvObjUnLock                       
2000dea1  _SlDrvSyncObjSignal                   
2000dec1  sl_WlanDisconnect                     
2000dee1  UARTCharPut                           
2000df1d  UARTCharGetNonBlocking                
2000df39  PinMuxConfig                          
2000df55  memccpy                               
2000df71  uDMAChannelEnable                     
2000df8d  PinTypeUART                           
2000dfa7  SPIDmaDisable                         
2000dfc1  SPIDmaEnable                          
2000dfdb  SPIFIFODisable                        
2000dff5  SPIFIFOEnable                         
2000e00f  SPIIntUnregister                      
2000e029  SPICSDisable                          
2000e041  SPICSEnable                           
2000e059  SPIDisable                            
2000e071  SPIEnable                             
2000e089  UARTCharsAvail                        
2000e0a1  _SlNonOsSemSet                        
2000e0d1  _args_main                            
2000e0e9  strcmp                                
2000e101  PRCMHIBRegRead                        
2000e117  PRCMHIBRegWrite                       
2000e12d  _SlDrvMemZero                         
2000e143  strchr                                
2000e159  CPUcpsie                              
2000e16d  IntVTableBaseSet                      
2000e181  _register_unlock                      
2000e187  _register_lock                        
2000e18f  _nop                                  
2000e195  strcpy                                
2000e1a9  strlen                                
2000e1bd  _SlDrvDispatchHttpServerEvents        
2000e1cd  _SlDrvResetCmdExt                     
2000e1db  __TI_decompress_none                  
2000e1e9  ResetISR                              
2000e1f9  NwpMaskInterrupt                      
2000e205  NwpUnMaskInterrupt                    
2000e211  IntMasterEnable                       
2000e21b  copysign                              
2000e21b  copysignl                             
2000e223  UtilsDelay                            
2000e229  __TI_decompress_rle24                 
2000e22f  _system_pre_init                      
2000e234  _ctypes_                              
2000e5b4  OpcodeTranslateTable                  
2000e62c  _SlActionLookupTable                  
2000e718  _SlNetAppSendTokenValueCmdCtrl        
2000e8f0  __TI_static_base__                    
2000e92c  __TI_Handler_Table_Base               
2000e934  __TI_CINIT_Base                       
2000e934  __TI_Handler_Table_Limit              
2000e944  __TI_CINIT_Limit                      
20017000  _sys_memory                           
20017800  g_buff                                
20017f20  g_ucDinDout                           
20017f70  g_ucConnectionSSID                    
20017f94  g_ucConnectionBSSID                   
20017fa0  g_ulDestinationIP                     
20017fa4  RxIrqCnt                              
20017fa5  g_bDeviceRestartIsRequired            
20017fa6  g_cDummy                              
20017ff0  g__SlNonOsCB                          
20018040  g_pCB                                 
20018044  pPingCallBackFunc                     
2001804c  __TI_cleanup_ptr                      
20018050  __TI_dtors_ptr                        
20018054  __TI_enable_exit_profile_output       
20018064  g_ulStatus                            
20018068  g_ulGatewayIP                         
2001806c  bytesReceived                         
20018070  g_SpiFd                               
20018074  g_pHostIntHdl                         
20018078  g_ucDMAEnabled                        
2001807c  _lock                                 
20018080  _unlock                               
20018084  errno                                 
20018088  main_func_sp                          
2002f800  __stack                               
20030000  __STACK_END                           
ffffffff  __TI_pprof_out_hndl                   
ffffffff  __TI_prof_data_size                   
ffffffff  __TI_prof_data_start                  
ffffffff  __binit__                             
ffffffff  __c_args__                            
ffffffff  binit                                 
UNDEFED   SHT$$INIT_ARRAY$$Base                 
UNDEFED   SHT$$INIT_ARRAY$$Limit                

[282 symbols]
